Archive member included to satisfy reference by file (symbol)

c:/program files/microchip/xc32/v4.35/bin/bin/../../lib/gcc/pic32c/8.3.1/../../../../pic32c/lib/thumb/v6-m/nofp\libpic32c.a(data_init.o)
                              build/default/production/_ext/1171490990/startup_xc32.o (__pic32c_data_initialization)
c:/program files/microchip/xc32/v4.35/bin/bin/../../lib/gcc/pic32c/8.3.1/../../../../pic32c/lib/thumb/v6-m/nofp\libm-fast-emfloat.a(__aeabi_fadd.o)
                              build/default/production/_ext/559172130/phy_helper.o (__aeabi_fadd)
c:/program files/microchip/xc32/v4.35/bin/bin/../../lib/gcc/pic32c/8.3.1/../../../../pic32c/lib/thumb/v6-m/nofp\libm-fast-emfloat.a(__aeabi_dadd.o)
                              build/default/production/_ext/559172130/phy_helper.o (__aeabi_dadd)
c:/program files/microchip/xc32/v4.35/bin/bin/../../lib/gcc/pic32c/8.3.1/../../../../pic32c/lib/thumb/v6-m/nofp\libm-fast-emfloat.a(__aeabi_fsub.o)
                              build/default/production/_ext/559172130/phy_helper.o (__aeabi_fsub)
c:/program files/microchip/xc32/v4.35/bin/bin/../../lib/gcc/pic32c/8.3.1/../../../../pic32c/lib/thumb/v6-m/nofp\libm-fast-emfloat.a(__aeabi_dsub.o)
                              build/default/production/_ext/297566330/app_p2p_phy.o (__aeabi_dsub)
c:/program files/microchip/xc32/v4.35/bin/bin/../../lib/gcc/pic32c/8.3.1/../../../../pic32c/lib/thumb/v6-m/nofp\libm-fast-emfloat.a(__aeabi_dmul_aux.o)
                              build/default/production/_ext/297566330/app_p2p_phy.o (__aeabi_dmul)
c:/program files/microchip/xc32/v4.35/bin/bin/../../lib/gcc/pic32c/8.3.1/../../../../pic32c/lib/thumb/v6-m/nofp\libm-fast-emfloat.a(__aeabi_ddiv.o)
                              build/default/production/_ext/297566330/app_p2p_phy.o (__aeabi_ddiv)
c:/program files/microchip/xc32/v4.35/bin/bin/../../lib/gcc/pic32c/8.3.1/../../../../pic32c/lib/thumb/v6-m/nofp\libm-fast-emfloat.a(__aeabi_fcmpgt.o)
                              build/default/production/_ext/559172130/phy_helper.o (__aeabi_fcmpgt)
c:/program files/microchip/xc32/v4.35/bin/bin/../../lib/gcc/pic32c/8.3.1/../../../../pic32c/lib/thumb/v6-m/nofp\libm-fast-emfloat.a(__aeabi_fcmplt.o)
                              build/default/production/_ext/559172130/phy_helper.o (__aeabi_fcmplt)
c:/program files/microchip/xc32/v4.35/bin/bin/../../lib/gcc/pic32c/8.3.1/../../../../pic32c/lib/thumb/v6-m/nofp\libm-fast-emfloat.a(__aeabi_f2iz.o)
                              build/default/production/_ext/559172130/phy_helper.o (__aeabi_f2iz)
c:/program files/microchip/xc32/v4.35/bin/bin/../../lib/gcc/pic32c/8.3.1/../../../../pic32c/lib/thumb/v6-m/nofp\libm-fast-emfloat.a(__aeabi_f2uiz.o)
                              build/default/production/_ext/559172130/phy_helper.o (__aeabi_f2uiz)
c:/program files/microchip/xc32/v4.35/bin/bin/../../lib/gcc/pic32c/8.3.1/../../../../pic32c/lib/thumb/v6-m/nofp\libm-fast-emfloat.a(__aeabi_ui2f.o)
                              build/default/production/_ext/559172130/phy_helper.o (__aeabi_ui2f)
c:/program files/microchip/xc32/v4.35/bin/bin/../../lib/gcc/pic32c/8.3.1/../../../../pic32c/lib/thumb/v6-m/nofp\libm-fast-emfloat.a(__aeabi_ul2d.o)
                              build/default/production/_ext/297566330/app_p2p_phy.o (__aeabi_ul2d)
c:/program files/microchip/xc32/v4.35/bin/bin/../../lib/gcc/pic32c/8.3.1/../../../../pic32c/lib/thumb/v6-m/nofp\libm-fast-emfloat.a(__aeabi_f2d.o)
                              build/default/production/_ext/559172130/phy_helper.o (__aeabi_f2d)
c:/program files/microchip/xc32/v4.35/bin/bin/../../lib/gcc/pic32c/8.3.1/../../../../pic32c/lib/thumb/v6-m/nofp\libm-fast-emfloat.a(__aeabi_d2f.o)
                              build/default/production/_ext/559172130/phy_helper.o (__aeabi_d2f)
c:/program files/microchip/xc32/v4.35/bin/bin/../../lib/gcc/pic32c/8.3.1/../../../../pic32c/lib/thumb/v6-m/nofp\libm-fast-emfloat.a(__aeabi_l2d.o)
                              c:/program files/microchip/xc32/v4.35/bin/bin/../../lib/gcc/pic32c/8.3.1/../../../../pic32c/lib/thumb/v6-m/nofp\libm-fast-emfloat.a(__aeabi_ul2d.o) (.L__aeabi_l2d_common)
c:/program files/microchip/xc32/v4.35/bin/bin/../../lib/gcc/pic32c/8.3.1/../../../../pic32c/lib/thumb/v6-m/nofp\libc-musl.a(__libc_start_main.o)
                              build/default/production/_ext/1171490990/startup_xc32.o (__libc_init_array)
c:/program files/microchip/xc32/v4.35/bin/bin/../../lib/gcc/pic32c/8.3.1/../../../../pic32c/lib/thumb/v6-m/nofp\libc-musl.a(__errno_location.o)
                              build/default/production/_ext/767817240/app_phy_cmd_processor.o (__errno_val)
c:/program files/microchip/xc32/v4.35/bin/bin/../../lib/gcc/pic32c/8.3.1/../../../../pic32c/lib/thumb/v6-m/nofp\libc-musl.a(libc.o)
                              c:/program files/microchip/xc32/v4.35/bin/bin/../../lib/gcc/pic32c/8.3.1/../../../../pic32c/lib/thumb/v6-m/nofp\libc-musl.a(__libc_start_main.o) (__progname_full)
[...]
Memory Configuration

Name             Origin             Length             Attributes
rom              0x00000000         0x00040000         xrl
ram              0x20000000         0x00008000         xw !r
lpram            0x30000000         0x00002000         xw !r
config_00804000  0x00804000         0x00000004
config_00804004  0x00804004         0x00000004
*default*        0x00000000         0xffffffff

Linker script and memory map

LOAD c:/program files/microchip/xc32/v4.35/bin/bin/../../lib/gcc/pic32c/8.3.1/thumb/v6-m/nofp/crti.o
LOAD c:/program files/microchip/xc32/v4.35/bin/bin/../../lib/gcc/pic32c/8.3.1/thumb/v6-m/nofp/crtbegin.o
LOAD build/default/production/_ext/297566330/app_p2p_phy.o
LOAD build/default/production/_ext/767817240/app_phy_cmd_processor.o
LOAD build/default/production/_ext/745501718/pal.o
LOAD build/default/production/_ext/559172130/phy_init.o
LOAD build/default/production/_ext/559172130/phy_pwr_mgmt.o
LOAD build/default/production/_ext/559172130/phy_irq_handler.o
LOAD build/default/production/_ext/559172130/phy_ed.o
LOAD build/default/production/_ext/559172130/tfa.o
LOAD build/default/production/_ext/559172130/phy_pib.o
LOAD build/default/production/_ext/559172130/phy_rx.o
LOAD build/default/production/_ext/559172130/phy_tx.o
LOAD build/default/production/_ext/559172130/phy_trx_reg_access.o
LOAD build/default/production/_ext/559172130/phy_helper.o
LOAD build/default/production/_ext/559172130/phy_rx_enable.o
LOAD build/default/production/_ext/559172130/phy.o
LOAD build/default/production/_ext/957911548/phy_rx_frame_cb.o
LOAD build/default/production/_ext/957911548/phy_tx_frame_done_cb.o
LOAD build/default/production/_ext/957911548/phy_ed_end_cb.o
LOAD build/default/production/_ext/957911548/phy_task.o
LOAD build/default/production/_ext/1374435801/bmm.o
LOAD build/default/production/_ext/874725666/qmm.o
LOAD build/default/production/_ext/1529399856/osal_freertos.o
LOAD build/default/production/_ext/1529399856/osal_freertos_extend.o
LOAD build/default/production/_ext/1984496892/plib_clock.o
LOAD build/default/production/_ext/60167341/plib_eic.o
LOAD build/default/production/_ext/1986646378/plib_evsys.o
LOAD build/default/production/_ext/1865468468/plib_nvic.o
LOAD build/default/production/_ext/1593096446/plib_nvmctrl.o
LOAD build/default/production/_ext/829342769/plib_pm.o
LOAD build/default/production/_ext/1865521619/plib_port.o
LOAD build/default/production/_ext/17022449/plib_sercom5_spi_master.o
LOAD build/default/production/_ext/504274921/plib_sercom3_usart.o
LOAD build/default/production/_ext/829342655/plib_tc0.o
LOAD build/default/production/_ext/1865643529/plib_trng.o
LOAD build/default/production/_ext/163028504/xc32_monitor.o
LOAD build/default/production/_ext/1376093119/sys_command.o
LOAD build/default/production/_ext/1832805299/sys_console.o
LOAD build/default/production/_ext/1832805299/sys_console_uart.o
LOAD build/default/production/_ext/1881668453/sys_int.o
LOAD build/default/production/_ext/1000052432/sys_reset.o
LOAD build/default/production/_ext/101884895/sys_time.o
LOAD build/default/production/_ext/1171490990/libc_syscalls.o
LOAD build/default/production/_ext/1171490990/startup_xc32.o
LOAD build/default/production/_ext/1171490990/freertos_hooks.o
LOAD build/default/production/_ext/1171490990/interrupts.o
LOAD build/default/production/_ext/1171490990/initialization.o
LOAD build/default/production/_ext/1171490990/exceptions.o
LOAD build/default/production/_ext/1171490990/tasks.o
LOAD build/default/production/_ext/1624415188/port.o
LOAD build/default/production/_ext/1665200909/heap_4.o
LOAD build/default/production/_ext/404212886/croutine.o
LOAD build/default/production/_ext/404212886/timers.o
LOAD build/default/production/_ext/404212886/FreeRTOS_tasks.o
LOAD build/default/production/_ext/404212886/stream_buffer.o
LOAD build/default/production/_ext/404212886/list.o
LOAD build/default/production/_ext/404212886/queue.o
LOAD build/default/production/_ext/404212886/event_groups.o
LOAD build/default/production/_ext/1360937237/main.o
LOAD build/default/production/_ext/1360937237/app_idle_task.o
LOAD build/default/production/_ext/1360937237/app.o
                0x00000001                __MPLAB_BUILD = 0x1
                0x00040000                __rom_end = (ORIGIN (rom) + LENGTH (rom))
                0x20008000                __ram_end = (ORIGIN (ram) + LENGTH (ram))

.config_00804000
 *(.config_00804000)

.config_00804004
 *(.config_00804004)

.vectors        0x00000000       0xb0
                0x00000000                . = ALIGN (0x4)
                0x00000000                _sfixed = .
 *(.vectors .vectors.* .vectors_default .vectors_default.*)
 .vectors.exception_table
                0x00000000       0xb0 build/default/production/_ext/1171490990/interrupts.o
                0x00000000                exception_table
 *(.isr_vector)
 *(.reset*)
 *(.after_vectors)

.text           0x000000b0       0x20
                0x000000b0                . = ALIGN (0x4)
 *(.glue_7t)
 .glue_7t       0x000000b0        0x0 linker stubs
 *(.glue_7)
 .glue_7        0x000000b0        0x0 linker stubs
 *(.gnu.linkonce.r.*)
 *(.ARM.extab* .gnu.linkonce.armextab.*)
                0x000000b0                . = ALIGN (0x4)
 *(.init)
 .init          0x000000b0        0x4 c:/program files/microchip/xc32/v4.35/bin/bin/../../lib/gcc/pic32c/8.3.1/thumb/v6-m/nofp/crti.o
                0x000000b0                _init
 .init          0x000000b4        0x8 c:/program files/microchip/xc32/v4.35/bin/bin/../../lib/gcc/pic32c/8.3.1/thumb/v6-m/nofp/crtn.o
                0x000000bc                . = ALIGN (0x4)
                0x000000bc                __preinit_array_start = .
 *(.preinit_array)
                0x000000bc                __preinit_array_end = .
                0x000000bc                . = ALIGN (0x4)
                0x000000bc                __init_array_start = .
 *(SORT_BY_NAME(.init_array.*))
 *(.init_array)
 .init_array    0x000000bc        0x4 c:/program files/microchip/xc32/v4.35/bin/bin/../../lib/gcc/pic32c/8.3.1/thumb/v6-m/nofp/crtbegin.o
                0x000000c0                __init_array_end = .
                0x000000c0                . = ALIGN (0x4)
 *crtbegin.o(.ctors)
 *(EXCLUDE_FILE(*crtend.o) .ctors)
 *(SORT_BY_NAME(.ctors.*))
 *crtend.o(.ctors)
                0x000000c0                . = ALIGN (0x4)
 *(.fini)
 .fini          0x000000c0        0x4 c:/program files/microchip/xc32/v4.35/bin/bin/../../lib/gcc/pic32c/8.3.1/thumb/v6-m/nofp/crti.o
                0x000000c0                _fini
 .fini          0x000000c4        0x8 c:/program files/microchip/xc32/v4.35/bin/bin/../../lib/gcc/pic32c/8.3.1/thumb/v6-m/nofp/crtn.o
                0x000000cc                . = ALIGN (0x4)
                0x000000cc                __fini_array_start = .
 *(.fini_array)
 .fini_array    0x000000cc        0x4 c:/program files/microchip/xc32/v4.35/bin/bin/../../lib/gcc/pic32c/8.3.1/thumb/v6-m/nofp/crtbegin.o
 *(SORT_BY_NAME(.fini_array.*))
                0x000000d0                __fini_array_end = .
 *crtbegin.o(.dtors)
 *(EXCLUDE_FILE(*crtend.o) .dtors)
 *(SORT_BY_NAME(.dtors.*))
 *crtend.o(.dtors)
                0x000000d0                . = ALIGN (0x4)
                0x000000d0                _efixed = .
                [!provide]                PROVIDE (__exidx_start = .)

.ARM.exidx      0x000000d0        0x8
 *(.ARM.exidx* .gnu.linkonce.armexidx.*)
 .ARM.exidx     0x000000d0        0x8 c:/program files/microchip/xc32/v4.35/bin/bin/../../lib/gcc/pic32c/8.3.1/thumb/v6-m/nofp\libgcc.a(_udivmoddi4.o)
                [!provide]                PROVIDE (__exidx_end = .)
                0x000000d8                . = ALIGN (0x4)
                0x000000d8                _etext = .

.bss            0x20000000        0x0
                0x20000000                . = ALIGN (0x4)
                0x20000000                __bss_start__ = .
                0x20000000                _sbss = .
                0x20000000                _szero = .
 *(COMMON)
                0x20000000                . = ALIGN (0x4)
                0x20000000                __bss_end__ = .
                0x20000000                _ebss = .
                0x20000000                _ezero = .
                0x20000000                . = ALIGN (0x4)
                0x20000000                _end = .
                0x20007fff                _ram_end_ = ((ORIGIN (ram) + LENGTH (ram)) - 0x1)

.lpram_output   0x30000000        0x0
                0x30000000                . = ALIGN (0x4)
 *(.lpram .lpram.*)
                0x30000000                . = ALIGN (0x4)
                0x30000000                . = ALIGN (0x4)
                0x30001fff                _lpram_end_ = ((ORIGIN (lpram) + LENGTH (lpram)) - 0x1)
                0x00000400                _min_heap_size = 0x400
START GROUP
LOAD c:/program files/microchip/xc32/v4.35/bin/bin/../../lib/gcc/pic32c/8.3.1/../../../../pic32c/lib/thumb/v6-m/nofp\libpic32c.a
LOAD c:/program files/microchip/xc32/v4.35/bin/bin/../../lib/gcc/pic32c/8.3.1/../../../../pic32c/lib/thumb/v6-m/nofp\libm-fast-emfloat.a
LOAD c:/program files/microchip/xc32/v4.35/bin/bin/../../lib/gcc/pic32c/8.3.1/../../../../pic32c/lib/thumb/v6-m/nofp\libc-musl.a
LOAD c:/program files/microchip/xc32/v4.35/bin/bin/../../lib/gcc/pic32c/8.3.1/../../../../pic32c/lib/thumb/v6-m/nofp\libm-fast-emfloat.a
LOAD c:/program files/microchip/xc32/v4.35/bin/bin/../../lib/gcc/pic32c/8.3.1/thumb/v6-m/nofp\libgcc.a
END GROUP
LOAD c:/program files/microchip/xc32/v4.35/bin/bin/../../lib/gcc/pic32c/8.3.1/thumb/v6-m/nofp/crtend.o
LOAD c:/program files/microchip/xc32/v4.35/bin/bin/../../lib/gcc/pic32c/8.3.1/thumb/v6-m/nofp/crtn.o
OUTPUT(dist/default/production/Project_p2p_Phy_app.X.production.elf elf32-littlearm)
LOAD data_init
LOAD stack

.ARM.attributes
                0x00000000       0x2a
 .ARM.attributes
                0x00000000       0x1e c:/program files/microchip/xc32/v4.35/bin/bin/../../lib/gcc/pic32c/8.3.1/thumb/v6-m/nofp/crti.o
 .ARM.attributes
                0x0000001e       0x2c c:/program files/microchip/xc32/v4.35/bin/bin/../../lib/gcc/pic32c/8.3.1/thumb/v6-m/nofp/crtbegin.o
 .ARM.attributes
                0x0000004a       0x2c build/default/production/_ext/297566330/app_p2p_phy.o
 .ARM.attributes
                0x00000076       0x2c build/default/production/_ext/767817240/app_phy_cmd_processor.o
 .ARM.attributes
                0x000000a2       0x2c build/default/production/_ext/745501718/pal.o
 .ARM.attributes
                0x000000ce       0x2c build/default/production/_ext/559172130/phy_init.o
 .ARM.attributes
                0x000000fa       0x2c build/default/production/_ext/559172130/phy_pwr_mgmt.o
 .ARM.attributes
                0x00000126       0x2c build/default/production/_ext/559172130/phy_irq_handler.o
 .ARM.attributes
                0x00000152       0x2c build/default/production/_ext/559172130/phy_ed.o
 .ARM.attributes
                0x0000017e       0x2c build/default/production/_ext/559172130/tfa.o
 .ARM.attributes
                0x000001aa       0x2c build/default/production/_ext/559172130/phy_pib.o
 .ARM.attributes
                0x000001d6       0x2c build/default/production/_ext/559172130/phy_rx.o
 .ARM.attributes
                0x00000202       0x2c build/default/production/_ext/559172130/phy_tx.o
 .ARM.attributes
                0x0000022e       0x2c build/default/production/_ext/559172130/phy_trx_reg_access.o
 .ARM.attributes
                0x0000025a       0x2c build/default/production/_ext/559172130/phy_helper.o
 .ARM.attributes
                0x00000286       0x2c build/default/production/_ext/559172130/phy_rx_enable.o
 .ARM.attributes
                0x000002b2       0x2c build/default/production/_ext/559172130/phy.o
 .ARM.attributes
                0x000002de       0x2c build/default/production/_ext/957911548/phy_ed_end_cb.o
 .ARM.attributes
                0x0000030a       0x2c build/default/production/_ext/957911548/phy_task.o
 .ARM.attributes
                0x00000336       0x2c build/default/production/_ext/1374435801/bmm.o
 .ARM.attributes
                0x00000362       0x2c build/default/production/_ext/874725666/qmm.o
 .ARM.attributes
                0x0000038e       0x2c build/default/production/_ext/1529399856/osal_freertos.o
 .ARM.attributes
                0x000003ba       0x2c build/default/production/_ext/1529399856/osal_freertos_extend.o
 .ARM.attributes
                0x000003e6       0x2c build/default/production/_ext/1984496892/plib_clock.o
 .ARM.attributes
                0x00000412       0x2c build/default/production/_ext/60167341/plib_eic.o
 .ARM.attributes
                0x0000043e       0x2c build/default/production/_ext/1986646378/plib_evsys.o
 .ARM.attributes
                0x0000046a       0x2c build/default/production/_ext/1865468468/plib_nvic.o
 .ARM.attributes
                0x00000496       0x2c build/default/production/_ext/1593096446/plib_nvmctrl.o
 .ARM.attributes
                0x000004c2       0x2c build/default/production/_ext/829342769/plib_pm.o
 .ARM.attributes
                0x000004ee       0x2c build/default/production/_ext/1865521619/plib_port.o
 .ARM.attributes
                0x0000051a       0x2c build/default/production/_ext/17022449/plib_sercom5_spi_master.o
 .ARM.attributes
                0x00000546       0x2c build/default/production/_ext/504274921/plib_sercom3_usart.o
 .ARM.attributes
                0x00000572       0x2c build/default/production/_ext/829342655/plib_tc0.o
 .ARM.attributes
                0x0000059e       0x2c build/default/production/_ext/1865643529/plib_trng.o
 .ARM.attributes
                0x000005ca       0x2c build/default/production/_ext/1376093119/sys_command.o
 .ARM.attributes
                0x000005f6       0x2c build/default/production/_ext/1832805299/sys_console.o
 .ARM.attributes
                0x00000622       0x2c build/default/production/_ext/1832805299/sys_console_uart.o
 .ARM.attributes
                0x0000064e       0x2c build/default/production/_ext/1881668453/sys_int.o
 .ARM.attributes
                0x0000067a       0x2c build/default/production/_ext/1000052432/sys_reset.o
 .ARM.attributes
                0x000006a6       0x2c build/default/production/_ext/101884895/sys_time.o
 .ARM.attributes
                0x000006d2       0x2c build/default/production/_ext/1171490990/startup_xc32.o
 .ARM.attributes
                0x000006fe       0x2c build/default/production/_ext/1171490990/freertos_hooks.o
 .ARM.attributes
                0x0000072a       0x2c build/default/production/_ext/1171490990/interrupts.o
 .ARM.attributes
                0x00000756       0x2c build/default/production/_ext/1171490990/initialization.o
 .ARM.attributes
                0x00000782       0x2c build/default/production/_ext/1171490990/exceptions.o
 .ARM.attributes
                0x000007ae       0x2c build/default/production/_ext/1171490990/tasks.o
 .ARM.attributes
                0x000007da       0x2c build/default/production/_ext/1624415188/port.o
 .ARM.attributes
                0x00000806       0x2c build/default/production/_ext/1665200909/heap_4.o
 .ARM.attributes
                0x00000832       0x2c build/default/production/_ext/404212886/FreeRTOS_tasks.o
 .ARM.attributes
                0x0000085e       0x2c build/default/production/_ext/404212886/list.o
 .ARM.attributes
                0x0000088a       0x2c build/default/production/_ext/404212886/queue.o
 .ARM.attributes
                0x000008b6       0x2c build/default/production/_ext/1360937237/main.o
 .ARM.attributes
                0x000008e2       0x2c build/default/production/_ext/1360937237/app.o
 .ARM.attributes
                0x0000090e       0x2c c:/program files/microchip/xc32/v4.35/bin/bin/../../lib/gcc/pic32c/8.3.1/../../../../pic32c/lib/thumb/v6-m/nofp\libpic32c.a(data_init.o)
 .ARM.attributes
                0x0000093a       0x1c c:/program files/microchip/xc32/v4.35/bin/bin/../../lib/gcc/pic32c/8.3.1/../../../../pic32c/lib/thumb/v6-m/nofp\libm-fast-emfloat.a(__aeabi_dadd.o)
 .ARM.attributes
                0x00000956       0x1c c:/program files/microchip/xc32/v4.35/bin/bin/../../lib/gcc/pic32c/8.3.1/../../../../pic32c/lib/thumb/v6-m/nofp\libm-fast-emfloat.a(__aeabi_dsub.o)
 .ARM.attributes
                0x00000972       0x1c c:/program files/microchip/xc32/v4.35/bin/bin/../../lib/gcc/pic32c/8.3.1/../../../../pic32c/lib/thumb/v6-m/nofp\libm-fast-emfloat.a(__aeabi_dmul_aux.o)
 .ARM.attributes
                0x0000098e       0x1c c:/program files/microchip/xc32/v4.35/bin/bin/../../lib/gcc/pic32c/8.3.1/../../../../pic32c/lib/thumb/v6-m/nofp\libm-fast-emfloat.a(__aeabi_ddiv.o)
 .ARM.attributes
                0x000009aa       0x1c c:/program files/microchip/xc32/v4.35/bin/bin/../../lib/gcc/pic32c/8.3.1/../../../../pic32c/lib/thumb/v6-m/nofp\libm-fast-emfloat.a(__aeabi_ul2d.o)
 .ARM.attributes
                0x000009c6       0x1c c:/program files/microchip/xc32/v4.35/bin/bin/../../lib/gcc/pic32c/8.3.1/../../../../pic32c/lib/thumb/v6-m/nofp\libm-fast-emfloat.a(__aeabi_l2d.o)
 .ARM.attributes
                0x000009e2       0x2e c:/program files/microchip/xc32/v4.35/bin/bin/../../lib/gcc/pic32c/8.3.1/../../../../pic32c/lib/thumb/v6-m/nofp\libc-musl.a(__libc_start_main.o)
 .ARM.attributes
                0x00000a10       0x2e c:/program files/microchip/xc32/v4.35/bin/bin/../../lib/gcc/pic32c/8.3.1/../../../../pic32c/lib/thumb/v6-m/nofp\libc-musl.a(__errno_location.o)
 .ARM.attributes
                0x00000a3e       0x2e c:/program files/microchip/xc32/v4.35/bin/bin/../../lib/gcc/pic32c/8.3.1/../../../../pic32c/lib/thumb/v6-m/nofp\libc-musl.a(libc.o)
 .ARM.attributes
                0x00000a6c       0x2e c:/program files/microchip/xc32/v4.35/bin/bin/../../lib/gcc/pic32c/8.3.1/../../../../pic32c/lib/thumb/v6-m/nofp\libc-musl.a(malloc.o)
 .ARM.attributes
                0x00000a9a       0x2e c:/program files/microchip/xc32/v4.35/bin/bin/../../lib/gcc/pic32c/8.3.1/../../../../pic32c/lib/thumb/v6-m/nofp\libc-musl.a(rand.o)
 .ARM.attributes
                0x00000ac8       0x2e c:/program files/microchip/xc32/v4.35/bin/bin/../../lib/gcc/pic32c/8.3.1/../../../../pic32c/lib/thumb/v6-m/nofp\libc-musl.a(vsnprintf.o)
 .ARM.attributes
                0x00000af6       0x2e c:/program files/microchip/xc32/v4.35/bin/bin/../../lib/gcc/pic32c/8.3.1/../../../../pic32c/lib/thumb/v6-m/nofp\libc-musl.a(sprintf.o)
 .ARM.attributes
                0x00000b24       0x2e c:/program files/microchip/xc32/v4.35/bin/bin/../../lib/gcc/pic32c/8.3.1/../../../../pic32c/lib/thumb/v6-m/nofp\libc-musl.a(vsprintf.o)
 .ARM.attributes
                0x00000b52       0x2e c:/program files/microchip/xc32/v4.35/bin/bin/../../lib/gcc/pic32c/8.3.1/../../../../pic32c/lib/thumb/v6-m/nofp\libc-musl.a(strtol.o)
 .ARM.attributes
                0x00000b80       0x2e c:/program files/microchip/xc32/v4.35/bin/bin/../../lib/gcc/pic32c/8.3.1/../../../../pic32c/lib/thumb/v6-m/nofp\libc-musl.a(memcpy.o)
 .ARM.attributes
                0x00000bae       0x2e c:/program files/microchip/xc32/v4.35/bin/bin/../../lib/gcc/pic32c/8.3.1/../../../../pic32c/lib/thumb/v6-m/nofp\libc-musl.a(memset.o)
 .ARM.attributes
                0x00000bdc       0x2e c:/program files/microchip/xc32/v4.35/bin/bin/../../lib/gcc/pic32c/8.3.1/../../../../pic32c/lib/thumb/v6-m/nofp\libc-musl.a(strlen.o)
 .ARM.attributes
                0x00000c0a       0x2e c:/program files/microchip/xc32/v4.35/bin/bin/../../lib/gcc/pic32c/8.3.1/../../../../pic32c/lib/thumb/v6-m/nofp\libc-musl.a(strchr.o)
 .ARM.attributes
                0x00000c38       0x2e c:/program files/microchip/xc32/v4.35/bin/bin/../../lib/gcc/pic32c/8.3.1/../../../../pic32c/lib/thumb/v6-m/nofp\libc-musl.a(strchrnul.o)
 .ARM.attributes
                0x00000c66       0x2e c:/program files/microchip/xc32/v4.35/bin/bin/../../lib/gcc/pic32c/8.3.1/../../../../pic32c/lib/thumb/v6-m/nofp\libc-musl.a(strcmp.o)
 .ARM.attributes
                0x00000c94       0x2e c:/program files/microchip/xc32/v4.35/bin/bin/../../lib/gcc/pic32c/8.3.1/../../../../pic32c/lib/thumb/v6-m/nofp\libc-musl.a(strcpy.o)
 .ARM.attributes
                0x00000cc2       0x2e c:/program files/microchip/xc32/v4.35/bin/bin/../../lib/gcc/pic32c/8.3.1/../../../../pic32c/lib/thumb/v6-m/nofp\libc-musl.a(strncmp.o)
 .ARM.attributes
                0x00000cf0       0x2e c:/program files/microchip/xc32/v4.35/bin/bin/../../lib/gcc/pic32c/8.3.1/../../../../pic32c/lib/thumb/v6-m/nofp\libc-musl.a(strncpy.o)
 .ARM.attributes
                0x00000d1e       0x2e c:/program files/microchip/xc32/v4.35/bin/bin/../../lib/gcc/pic32c/8.3.1/../../../../pic32c/lib/thumb/v6-m/nofp\libc-musl.a(strtok.o)
 .ARM.attributes
                0x00000d4c       0x2e c:/program files/microchip/xc32/v4.35/bin/bin/../../lib/gcc/pic32c/8.3.1/../../../../pic32c/lib/thumb/v6-m/nofp\libc-musl.a(__environ.o)
 .ARM.attributes
                0x00000d7a       0x2e c:/program files/microchip/xc32/v4.35/bin/bin/../../lib/gcc/pic32c/8.3.1/../../../../pic32c/lib/thumb/v6-m/nofp\libc-musl.a(intscan.o)
 .ARM.attributes
                0x00000da8       0x2e c:/program files/microchip/xc32/v4.35/bin/bin/../../lib/gcc/pic32c/8.3.1/../../../../pic32c/lib/thumb/v6-m/nofp\libc-musl.a(shgetc.o)
 .ARM.attributes
                0x00000dd6       0x2e c:/program files/microchip/xc32/v4.35/bin/bin/../../lib/gcc/pic32c/8.3.1/../../../../pic32c/lib/thumb/v6-m/nofp\libc-musl.a(__uflow.o)
 .ARM.attributes
                0x00000e04       0x2e c:/program files/microchip/xc32/v4.35/bin/bin/../../lib/gcc/pic32c/8.3.1/../../../../pic32c/lib/thumb/v6-m/nofp\libc-musl.a(vfprintf.o)
 .ARM.attributes
                0x00000e32       0x2e c:/program files/microchip/xc32/v4.35/bin/bin/../../lib/gcc/pic32c/8.3.1/../../../../pic32c/lib/thumb/v6-m/nofp\libc-musl.a(stpcpy.o)
 .ARM.attributes
                0x00000e60       0x2e c:/program files/microchip/xc32/v4.35/bin/bin/../../lib/gcc/pic32c/8.3.1/../../../../pic32c/lib/thumb/v6-m/nofp\libc-musl.a(stpncpy.o)
 .ARM.attributes
                0x00000e8e       0x2e c:/program files/microchip/xc32/v4.35/bin/bin/../../lib/gcc/pic32c/8.3.1/../../../../pic32c/lib/thumb/v6-m/nofp\libc-musl.a(strcspn.o)
 .ARM.attributes
                0x00000ebc       0x2e c:/program files/microchip/xc32/v4.35/bin/bin/../../lib/gcc/pic32c/8.3.1/../../../../pic32c/lib/thumb/v6-m/nofp\libc-musl.a(strspn.o)
 .ARM.attributes
                0x00000eea       0x2e c:/program files/microchip/xc32/v4.35/bin/bin/../../lib/gcc/pic32c/8.3.1/../../../../pic32c/lib/thumb/v6-m/nofp\libc-musl.a(__toread.o)
 .ARM.attributes
                0x00000f18       0x2e c:/program files/microchip/xc32/v4.35/bin/bin/../../lib/gcc/pic32c/8.3.1/../../../../pic32c/lib/thumb/v6-m/nofp\libc-musl.a(__pop_float.o)
 .ARM.attributes
                0x00000f46       0x2e c:/program files/microchip/xc32/v4.35/bin/bin/../../lib/gcc/pic32c/8.3.1/../../../../pic32c/lib/thumb/v6-m/nofp\libc-musl.a(__pop_int.o)
 .ARM.attributes
                0x00000f74       0x2e c:/program files/microchip/xc32/v4.35/bin/bin/../../lib/gcc/pic32c/8.3.1/../../../../pic32c/lib/thumb/v6-m/nofp\libc-musl.a(__pop_ptr.o)
 .ARM.attributes
                0x00000fa2       0x2e c:/program files/microchip/xc32/v4.35/bin/bin/../../lib/gcc/pic32c/8.3.1/../../../../pic32c/lib/thumb/v6-m/nofp\libc-musl.a(__printf_core.o)
 .ARM.attributes
                0x00000fd0       0x2e c:/program files/microchip/xc32/v4.35/bin/bin/../../lib/gcc/pic32c/8.3.1/../../../../pic32c/lib/thumb/v6-m/nofp\libc-musl.a(atoi.o)
 .ARM.attributes
                0x00000ffe       0x2e c:/program files/microchip/xc32/v4.35/bin/bin/../../lib/gcc/pic32c/8.3.1/../../../../pic32c/lib/thumb/v6-m/nofp\libc-musl.a(tolower.o)
 .ARM.attributes
                0x0000102c       0x2e c:/program files/microchip/xc32/v4.35/bin/bin/../../lib/gcc/pic32c/8.3.1/../../../../pic32c/lib/thumb/v6-m/nofp\libc-musl.a(__fmt_a.o)
 .ARM.attributes
                0x0000105a       0x2e c:/program files/microchip/xc32/v4.35/bin/bin/../../lib/gcc/pic32c/8.3.1/../../../../pic32c/lib/thumb/v6-m/nofp\libc-musl.a(__fmt_d.o)
 .ARM.attributes
                0x00001088       0x2e c:/program files/microchip/xc32/v4.35/bin/bin/../../lib/gcc/pic32c/8.3.1/../../../../pic32c/lib/thumb/v6-m/nofp\libc-musl.a(__fmt_fp.o)
 .ARM.attributes
                0x000010b6       0x2e c:/program files/microchip/xc32/v4.35/bin/bin/../../lib/gcc/pic32c/8.3.1/../../../../pic32c/lib/thumb/v6-m/nofp\libc-musl.a(__fmt_o.o)
 .ARM.attributes
                0x000010e4       0x2e c:/program files/microchip/xc32/v4.35/bin/bin/../../lib/gcc/pic32c/8.3.1/../../../../pic32c/lib/thumb/v6-m/nofp\libc-musl.a(__fmt_s.o)
 .ARM.attributes
                0x00001112       0x2e c:/program files/microchip/xc32/v4.35/bin/bin/../../lib/gcc/pic32c/8.3.1/../../../../pic32c/lib/thumb/v6-m/nofp\libc-musl.a(__fmt_u.o)
 .ARM.attributes
                0x00001140       0x2e c:/program files/microchip/xc32/v4.35/bin/bin/../../lib/gcc/pic32c/8.3.1/../../../../pic32c/lib/thumb/v6-m/nofp\libc-musl.a(__fmt_x.o)
 .ARM.attributes
                0x0000116e       0x2e c:/program files/microchip/xc32/v4.35/bin/bin/../../lib/gcc/pic32c/8.3.1/../../../../pic32c/lib/thumb/v6-m/nofp\libc-musl.a(toupper.o)
 .ARM.attributes
                0x0000119c       0x2e c:/program files/microchip/xc32/v4.35/bin/bin/../../lib/gcc/pic32c/8.3.1/../../../../pic32c/lib/thumb/v6-m/nofp\libc-musl.a(__cvt_u.o)
 .ARM.attributes
                0x000011ca       0x2c c:/program files/microchip/xc32/v4.35/bin/bin/../../lib/gcc/pic32c/8.3.1/../../../../pic32c/lib/thumb/v6-m/nofp\libm-fast-emfloat.a(fma.o)
 .ARM.attributes
                0x000011f6       0x2c c:/program files/microchip/xc32/v4.35/bin/bin/../../lib/gcc/pic32c/8.3.1/../../../../pic32c/lib/thumb/v6-m/nofp\libm-fast-emfloat.a(floor.o)
 .ARM.attributes
                0x00001222       0x1c c:/program files/microchip/xc32/v4.35/bin/bin/../../lib/gcc/pic32c/8.3.1/../../../../pic32c/lib/thumb/v6-m/nofp\libm-fast-emfloat.a(__aeabi_dcmple.o)
 .ARM.attributes
                0x0000123e       0x1c c:/program files/microchip/xc32/v4.35/bin/bin/../../lib/gcc/pic32c/8.3.1/../../../../pic32c/lib/thumb/v6-m/nofp\libm-fast-emfloat.a(__aeabi_dcmpeq.o)
 .ARM.attributes
                0x0000125a       0x1c c:/program files/microchip/xc32/v4.35/bin/bin/../../lib/gcc/pic32c/8.3.1/../../../../pic32c/lib/thumb/v6-m/nofp\libm-fast-emfloat.a(__aeabi_dcmpgt.o)
 .ARM.attributes
                0x00001276       0x1c c:/program files/microchip/xc32/v4.35/bin/bin/../../lib/gcc/pic32c/8.3.1/../../../../pic32c/lib/thumb/v6-m/nofp\libm-fast-emfloat.a(__aeabi_dcmplt.o)
 .ARM.attributes
                0x00001292       0x1c c:/program files/microchip/xc32/v4.35/bin/bin/../../lib/gcc/pic32c/8.3.1/../../../../pic32c/lib/thumb/v6-m/nofp\libm-fast-emfloat.a(__aeabi_d2iz.o)
 .ARM.attributes
                0x000012ae       0x1c c:/program files/microchip/xc32/v4.35/bin/bin/../../lib/gcc/pic32c/8.3.1/../../../../pic32c/lib/thumb/v6-m/nofp\libm-fast-emfloat.a(__aeabi_d2uiz.o)
 .ARM.attributes
                0x000012ca       0x1e c:/program files/microchip/xc32/v4.35/bin/bin/../../lib/gcc/pic32c/8.3.1/thumb/v6-m/nofp\libgcc.a(_udivsi3.o)
 .ARM.attributes
                0x000012e8       0x1e c:/program files/microchip/xc32/v4.35/bin/bin/../../lib/gcc/pic32c/8.3.1/thumb/v6-m/nofp\libgcc.a(_divsi3.o)
 .ARM.attributes
                0x00001306       0x1e c:/program files/microchip/xc32/v4.35/bin/bin/../../lib/gcc/pic32c/8.3.1/thumb/v6-m/nofp\libgcc.a(_dvmd_tls.o)
 .ARM.attributes
                0x00001324       0x1e c:/program files/microchip/xc32/v4.35/bin/bin/../../lib/gcc/pic32c/8.3.1/thumb/v6-m/nofp\libgcc.a(_lshrdi3.o)
 .ARM.attributes
                0x00001342       0x1e c:/program files/microchip/xc32/v4.35/bin/bin/../../lib/gcc/pic32c/8.3.1/thumb/v6-m/nofp\libgcc.a(_ashldi3.o)
 .ARM.attributes
                0x00001360       0x1e c:/program files/microchip/xc32/v4.35/bin/bin/../../lib/gcc/pic32c/8.3.1/thumb/v6-m/nofp\libgcc.a(_aeabi_uldivmod.o)
 .ARM.attributes
                0x0000137e       0x2c c:/program files/microchip/xc32/v4.35/bin/bin/../../lib/gcc/pic32c/8.3.1/thumb/v6-m/nofp\libgcc.a(_muldi3.o)
 .ARM.attributes
                0x000013aa       0x2c c:/program files/microchip/xc32/v4.35/bin/bin/../../lib/gcc/pic32c/8.3.1/thumb/v6-m/nofp\libgcc.a(_udivmoddi4.o)
 .ARM.attributes
                0x000013d6       0x1e c:/program files/microchip/xc32/v4.35/bin/bin/../../lib/gcc/pic32c/8.3.1/thumb/v6-m/nofp\libgcc.a(_clzdi2.o)
 .ARM.attributes
                0x000013f4       0x1e c:/program files/microchip/xc32/v4.35/bin/bin/../../lib/gcc/pic32c/8.3.1/thumb/v6-m/nofp\libgcc.a(_clzsi2.o)
 .ARM.attributes
                0x00001412       0x1e c:/program files/microchip/xc32/v4.35/bin/bin/../../lib/gcc/pic32c/8.3.1/thumb/v6-m/nofp/crtn.o
 .ARM.attributes
                0x00001430       0x2c c:/program files/microchip/xc32/v4.35/bin/bin/../../lib/gcc/pic32c/8.3.1/../../../../pic32c/lib/thumb/v6-m/nofp\libpic32c.a(pic32_data_init_clear.o)
 .ARM.attributes
                0x0000145c       0x2c c:/program files/microchip/xc32/v4.35/bin/bin/../../lib/gcc/pic32c/8.3.1/../../../../pic32c/lib/thumb/v6-m/nofp\libpic32c.a(pic32_data_init_copy.o)

.comment        0x00000000       0x2b
 .comment       0x00000000       0x2b c:/program files/microchip/xc32/v4.35/bin/bin/../../lib/gcc/pic32c/8.3.1/thumb/v6-m/nofp/crtbegin.o
                                 0x2c (size before relaxing)
 .comment       0x0000002b       0x2c build/default/production/_ext/297566330/app_p2p_phy.o
 .comment       0x0000002b       0x2c build/default/production/_ext/767817240/app_phy_cmd_processor.o
 .comment       0x0000002b       0x2c build/default/production/_ext/745501718/pal.o
 .comment       0x0000002b       0x2c build/default/production/_ext/559172130/phy_init.o
 .comment       0x0000002b       0x2c build/default/production/_ext/559172130/phy_pwr_mgmt.o
 .comment       0x0000002b       0x2c build/default/production/_ext/559172130/phy_irq_handler.o
 .comment       0x0000002b       0x2c build/default/production/_ext/559172130/phy_ed.o
 .comment       0x0000002b       0x2c build/default/production/_ext/559172130/tfa.o
 .comment       0x0000002b       0x2c build/default/production/_ext/559172130/phy_pib.o
 .comment       0x0000002b       0x2c build/default/production/_ext/559172130/phy_rx.o
 .comment       0x0000002b       0x2c build/default/production/_ext/559172130/phy_tx.o
 .comment       0x0000002b       0x2c build/default/production/_ext/559172130/phy_trx_reg_access.o
 .comment       0x0000002b       0x2c build/default/production/_ext/559172130/phy_helper.o
 .comment       0x0000002b       0x2c build/default/production/_ext/559172130/phy_rx_enable.o
 .comment       0x0000002b       0x2c build/default/production/_ext/559172130/phy.o
 .comment       0x0000002b       0x2c build/default/production/_ext/957911548/phy_ed_end_cb.o
 .comment       0x0000002b       0x2c build/default/production/_ext/957911548/phy_task.o
 .comment       0x0000002b       0x2c build/default/production/_ext/1374435801/bmm.o
 .comment       0x0000002b       0x2c build/default/production/_ext/874725666/qmm.o
 .comment       0x0000002b       0x2c build/default/production/_ext/1529399856/osal_freertos.o
 .comment       0x0000002b       0x2c build/default/production/_ext/1529399856/osal_freertos_extend.o
 .comment       0x0000002b       0x2c build/default/production/_ext/1984496892/plib_clock.o
 .comment       0x0000002b       0x2c build/default/production/_ext/60167341/plib_eic.o
 .comment       0x0000002b       0x2c build/default/production/_ext/1986646378/plib_evsys.o
 .comment       0x0000002b       0x2c build/default/production/_ext/1865468468/plib_nvic.o
 .comment       0x0000002b       0x2c build/default/production/_ext/1593096446/plib_nvmctrl.o
 .comment       0x0000002b       0x2c build/default/production/_ext/829342769/plib_pm.o
 .comment       0x0000002b       0x2c build/default/production/_ext/1865521619/plib_port.o
 .comment       0x0000002b       0x2c build/default/production/_ext/17022449/plib_sercom5_spi_master.o
 .comment       0x0000002b       0x2c build/default/production/_ext/504274921/plib_sercom3_usart.o
 .comment       0x0000002b       0x2c build/default/production/_ext/829342655/plib_tc0.o
 .comment       0x0000002b       0x2c build/default/production/_ext/1865643529/plib_trng.o
 .comment       0x0000002b       0x2c build/default/production/_ext/1376093119/sys_command.o
 .comment       0x0000002b       0x2c build/default/production/_ext/1832805299/sys_console.o
 .comment       0x0000002b       0x2c build/default/production/_ext/1832805299/sys_console_uart.o
 .comment       0x0000002b       0x2c build/default/production/_ext/1881668453/sys_int.o
 .comment       0x0000002b       0x2c build/default/production/_ext/1000052432/sys_reset.o
 .comment       0x0000002b       0x2c build/default/production/_ext/101884895/sys_time.o
 .comment       0x0000002b       0x2c build/default/production/_ext/1171490990/startup_xc32.o
 .comment       0x0000002b       0x2c build/default/production/_ext/1171490990/freertos_hooks.o
 .comment       0x0000002b       0x2c build/default/production/_ext/1171490990/interrupts.o
 .comment       0x0000002b       0x2c build/default/production/_ext/1171490990/initialization.o
 .comment       0x0000002b       0x2c build/default/production/_ext/1171490990/exceptions.o
 .comment       0x0000002b       0x2c build/default/production/_ext/1171490990/tasks.o
 .comment       0x0000002b       0x2c build/default/production/_ext/1624415188/port.o
 .comment       0x0000002b       0x2c build/default/production/_ext/1665200909/heap_4.o
 .comment       0x0000002b       0x2c build/default/production/_ext/404212886/FreeRTOS_tasks.o
 .comment       0x0000002b       0x2c build/default/production/_ext/404212886/list.o
 .comment       0x0000002b       0x2c build/default/production/_ext/404212886/queue.o
 .comment       0x0000002b       0x2c build/default/production/_ext/1360937237/main.o
 .comment       0x0000002b       0x2c build/default/production/_ext/1360937237/app.o
 .comment       0x0000002b       0x2c c:/program files/microchip/xc32/v4.35/bin/bin/../../lib/gcc/pic32c/8.3.1/../../../../pic32c/lib/thumb/v6-m/nofp\libpic32c.a(data_init.o)
 .comment       0x0000002b       0x2c c:/program files/microchip/xc32/v4.35/bin/bin/../../lib/gcc/pic32c/8.3.1/../../../../pic32c/lib/thumb/v6-m/nofp\libc-musl.a(__libc_start_main.o)
 .comment       0x0000002b       0x2c c:/program files/microchip/xc32/v4.35/bin/bin/../../lib/gcc/pic32c/8.3.1/../../../../pic32c/lib/thumb/v6-m/nofp\libc-musl.a(__errno_location.o)
 .comment       0x0000002b       0x2c c:/program files/microchip/xc32/v4.35/bin/bin/../../lib/gcc/pic32c/8.3.1/../../../../pic32c/lib/thumb/v6-m/nofp\libc-musl.a(libc.o)
 .comment       0x0000002b       0x2c c:/program files/microchip/xc32/v4.35/bin/bin/../../lib/gcc/pic32c/8.3.1/../../../../pic32c/lib/thumb/v6-m/nofp\libc-musl.a(malloc.o)
 .comment       0x0000002b       0x2c c:/program files/microchip/xc32/v4.35/bin/bin/../../lib/gcc/pic32c/8.3.1/../../../../pic32c/lib/thumb/v6-m/nofp\libc-musl.a(rand.o)
 .comment       0x0000002b       0x2c c:/program files/microchip/xc32/v4.35/bin/bin/../../lib/gcc/pic32c/8.3.1/../../../../pic32c/lib/thumb/v6-m/nofp\libc-musl.a(vsnprintf.o)
 .comment       0x0000002b       0x2c c:/program files/microchip/xc32/v4.35/bin/bin/../../lib/gcc/pic32c/8.3.1/../../../../pic32c/lib/thumb/v6-m/nofp\libc-musl.a(sprintf.o)
 .comment       0x0000002b       0x2c c:/program files/microchip/xc32/v4.35/bin/bin/../../lib/gcc/pic32c/8.3.1/../../../../pic32c/lib/thumb/v6-m/nofp\libc-musl.a(vsprintf.o)
 .comment       0x0000002b       0x2c c:/program files/microchip/xc32/v4.35/bin/bin/../../lib/gcc/pic32c/8.3.1/../../../../pic32c/lib/thumb/v6-m/nofp\libc-musl.a(strtol.o)
 .comment       0x0000002b       0x2c c:/program files/microchip/xc32/v4.35/bin/bin/../../lib/gcc/pic32c/8.3.1/../../../../pic32c/lib/thumb/v6-m/nofp\libc-musl.a(memcpy.o)
 .comment       0x0000002b       0x2c c:/program files/microchip/xc32/v4.35/bin/bin/../../lib/gcc/pic32c/8.3.1/../../../../pic32c/lib/thumb/v6-m/nofp\libc-musl.a(memset.o)
 .comment       0x0000002b       0x2c c:/program files/microchip/xc32/v4.35/bin/bin/../../lib/gcc/pic32c/8.3.1/../../../../pic32c/lib/thumb/v6-m/nofp\libc-musl.a(strlen.o)
 .comment       0x0000002b       0x2c c:/program files/microchip/xc32/v4.35/bin/bin/../../lib/gcc/pic32c/8.3.1/../../../../pic32c/lib/thumb/v6-m/nofp\libc-musl.a(strchr.o)
 .comment       0x0000002b       0x2c c:/program files/microchip/xc32/v4.35/bin/bin/../../lib/gcc/pic32c/8.3.1/../../../../pic32c/lib/thumb/v6-m/nofp\libc-musl.a(strchrnul.o)
 .comment       0x0000002b       0x2c c:/program files/microchip/xc32/v4.35/bin/bin/../../lib/gcc/pic32c/8.3.1/../../../../pic32c/lib/thumb/v6-m/nofp\libc-musl.a(strcmp.o)
 .comment       0x0000002b       0x2c c:/program files/microchip/xc32/v4.35/bin/bin/../../lib/gcc/pic32c/8.3.1/../../../../pic32c/lib/thumb/v6-m/nofp\libc-musl.a(strcpy.o)
 .comment       0x0000002b       0x2c c:/program files/microchip/xc32/v4.35/bin/bin/../../lib/gcc/pic32c/8.3.1/../../../../pic32c/lib/thumb/v6-m/nofp\libc-musl.a(strncmp.o)
 .comment       0x0000002b       0x2c c:/program files/microchip/xc32/v4.35/bin/bin/../../lib/gcc/pic32c/8.3.1/../../../../pic32c/lib/thumb/v6-m/nofp\libc-musl.a(strncpy.o)
 .comment       0x0000002b       0x2c c:/program files/microchip/xc32/v4.35/bin/bin/../../lib/gcc/pic32c/8.3.1/../../../../pic32c/lib/thumb/v6-m/nofp\libc-musl.a(strtok.o)
 .comment       0x0000002b       0x2c c:/program files/microchip/xc32/v4.35/bin/bin/../../lib/gcc/pic32c/8.3.1/../../../../pic32c/lib/thumb/v6-m/nofp\libc-musl.a(__environ.o)
 .comment       0x0000002b       0x2c c:/program files/microchip/xc32/v4.35/bin/bin/../../lib/gcc/pic32c/8.3.1/../../../../pic32c/lib/thumb/v6-m/nofp\libc-musl.a(intscan.o)
 .comment       0x0000002b       0x2c c:/program files/microchip/xc32/v4.35/bin/bin/../../lib/gcc/pic32c/8.3.1/../../../../pic32c/lib/thumb/v6-m/nofp\libc-musl.a(shgetc.o)
 .comment       0x0000002b       0x2c c:/program files/microchip/xc32/v4.35/bin/bin/../../lib/gcc/pic32c/8.3.1/../../../../pic32c/lib/thumb/v6-m/nofp\libc-musl.a(__uflow.o)
 .comment       0x0000002b       0x2c c:/program files/microchip/xc32/v4.35/bin/bin/../../lib/gcc/pic32c/8.3.1/../../../../pic32c/lib/thumb/v6-m/nofp\libc-musl.a(vfprintf.o)
 .comment       0x0000002b       0x2c c:/program files/microchip/xc32/v4.35/bin/bin/../../lib/gcc/pic32c/8.3.1/../../../../pic32c/lib/thumb/v6-m/nofp\libc-musl.a(stpcpy.o)
 .comment       0x0000002b       0x2c c:/program files/microchip/xc32/v4.35/bin/bin/../../lib/gcc/pic32c/8.3.1/../../../../pic32c/lib/thumb/v6-m/nofp\libc-musl.a(stpncpy.o)
 .comment       0x0000002b       0x2c c:/program files/microchip/xc32/v4.35/bin/bin/../../lib/gcc/pic32c/8.3.1/../../../../pic32c/lib/thumb/v6-m/nofp\libc-musl.a(strcspn.o)
 .comment       0x0000002b       0x2c c:/program files/microchip/xc32/v4.35/bin/bin/../../lib/gcc/pic32c/8.3.1/../../../../pic32c/lib/thumb/v6-m/nofp\libc-musl.a(strspn.o)
 .comment       0x0000002b       0x2c c:/program files/microchip/xc32/v4.35/bin/bin/../../lib/gcc/pic32c/8.3.1/../../../../pic32c/lib/thumb/v6-m/nofp\libc-musl.a(__toread.o)
 .comment       0x0000002b       0x2c c:/program files/microchip/xc32/v4.35/bin/bin/../../lib/gcc/pic32c/8.3.1/../../../../pic32c/lib/thumb/v6-m/nofp\libc-musl.a(__pop_float.o)
 .comment       0x0000002b       0x2c c:/program files/microchip/xc32/v4.35/bin/bin/../../lib/gcc/pic32c/8.3.1/../../../../pic32c/lib/thumb/v6-m/nofp\libc-musl.a(__pop_int.o)
 .comment       0x0000002b       0x2c c:/program files/microchip/xc32/v4.35/bin/bin/../../lib/gcc/pic32c/8.3.1/../../../../pic32c/lib/thumb/v6-m/nofp\libc-musl.a(__pop_ptr.o)
 .comment       0x0000002b       0x2c c:/program files/microchip/xc32/v4.35/bin/bin/../../lib/gcc/pic32c/8.3.1/../../../../pic32c/lib/thumb/v6-m/nofp\libc-musl.a(__printf_core.o)
 .comment       0x0000002b       0x2c c:/program files/microchip/xc32/v4.35/bin/bin/../../lib/gcc/pic32c/8.3.1/../../../../pic32c/lib/thumb/v6-m/nofp\libc-musl.a(atoi.o)
 .comment       0x0000002b       0x2c c:/program files/microchip/xc32/v4.35/bin/bin/../../lib/gcc/pic32c/8.3.1/../../../../pic32c/lib/thumb/v6-m/nofp\libc-musl.a(tolower.o)
 .comment       0x0000002b       0x2c c:/program files/microchip/xc32/v4.35/bin/bin/../../lib/gcc/pic32c/8.3.1/../../../../pic32c/lib/thumb/v6-m/nofp\libc-musl.a(__fmt_a.o)
 .comment       0x0000002b       0x2c c:/program files/microchip/xc32/v4.35/bin/bin/../../lib/gcc/pic32c/8.3.1/../../../../pic32c/lib/thumb/v6-m/nofp\libc-musl.a(__fmt_d.o)
 .comment       0x0000002b       0x2c c:/program files/microchip/xc32/v4.35/bin/bin/../../lib/gcc/pic32c/8.3.1/../../../../pic32c/lib/thumb/v6-m/nofp\libc-musl.a(__fmt_fp.o)
 .comment       0x0000002b       0x2c c:/program files/microchip/xc32/v4.35/bin/bin/../../lib/gcc/pic32c/8.3.1/../../../../pic32c/lib/thumb/v6-m/nofp\libc-musl.a(__fmt_o.o)
 .comment       0x0000002b       0x2c c:/program files/microchip/xc32/v4.35/bin/bin/../../lib/gcc/pic32c/8.3.1/../../../../pic32c/lib/thumb/v6-m/nofp\libc-musl.a(__fmt_s.o)
 .comment       0x0000002b       0x2c c:/program files/microchip/xc32/v4.35/bin/bin/../../lib/gcc/pic32c/8.3.1/../../../../pic32c/lib/thumb/v6-m/nofp\libc-musl.a(__fmt_u.o)
 .comment       0x0000002b       0x2c c:/program files/microchip/xc32/v4.35/bin/bin/../../lib/gcc/pic32c/8.3.1/../../../../pic32c/lib/thumb/v6-m/nofp\libc-musl.a(__fmt_x.o)
 .comment       0x0000002b       0x2c c:/program files/microchip/xc32/v4.35/bin/bin/../../lib/gcc/pic32c/8.3.1/../../../../pic32c/lib/thumb/v6-m/nofp\libc-musl.a(toupper.o)
 .comment       0x0000002b       0x2c c:/program files/microchip/xc32/v4.35/bin/bin/../../lib/gcc/pic32c/8.3.1/../../../../pic32c/lib/thumb/v6-m/nofp\libc-musl.a(__cvt_u.o)
 .comment       0x0000002b       0x2c c:/program files/microchip/xc32/v4.35/bin/bin/../../lib/gcc/pic32c/8.3.1/../../../../pic32c/lib/thumb/v6-m/nofp\libm-fast-emfloat.a(fma.o)
 .comment       0x0000002b       0x2c c:/program files/microchip/xc32/v4.35/bin/bin/../../lib/gcc/pic32c/8.3.1/../../../../pic32c/lib/thumb/v6-m/nofp\libm-fast-emfloat.a(floor.o)
 .comment       0x0000002b       0x2c c:/program files/microchip/xc32/v4.35/bin/bin/../../lib/gcc/pic32c/8.3.1/thumb/v6-m/nofp\libgcc.a(_muldi3.o)
 .comment       0x0000002b       0x2c c:/program files/microchip/xc32/v4.35/bin/bin/../../lib/gcc/pic32c/8.3.1/thumb/v6-m/nofp\libgcc.a(_udivmoddi4.o)
 .comment       0x0000002b       0x2c c:/program files/microchip/xc32/v4.35/bin/bin/../../lib/gcc/pic32c/8.3.1/../../../../pic32c/lib/thumb/v6-m/nofp\libpic32c.a(pic32_data_init_clear.o)
 .comment       0x0000002b       0x2c c:/program files/microchip/xc32/v4.35/bin/bin/../../lib/gcc/pic32c/8.3.1/../../../../pic32c/lib/thumb/v6-m/nofp\libpic32c.a(pic32_data_init_copy.o)

.debug_info     0x00000000    0x45b5b
 .debug_info    0x00000000     0x3925 build/default/production/_ext/297566330/app_p2p_phy.o
 .debug_info    0x00003925     0x69b1 build/default/production/_ext/767817240/app_phy_cmd_processor.o
 .debug_info    0x0000a2d6      0xef5 build/default/production/_ext/745501718/pal.o
 .debug_info    0x0000b1cb     0x1adb build/default/production/_ext/559172130/phy_init.o
 .debug_info    0x0000cca6      0xce7 build/default/production/_ext/559172130/phy_pwr_mgmt.o
 .debug_info    0x0000d98d      0x9dd build/default/production/_ext/559172130/phy_irq_handler.o
 .debug_info    0x0000e36a      0xd47 build/default/production/_ext/559172130/phy_ed.o
 .debug_info    0x0000f0b1     0x148a build/default/production/_ext/559172130/tfa.o
 .debug_info    0x0001053b     0x1336 build/default/production/_ext/559172130/phy_pib.o
 .debug_info    0x00011871      0xcae build/default/production/_ext/559172130/phy_rx.o
 .debug_info    0x0001251f     0x15a4 build/default/production/_ext/559172130/phy_tx.o
 .debug_info    0x00013ac3      0xc03 build/default/production/_ext/559172130/phy_trx_reg_access.o
 .debug_info    0x000146c6     0x1bc9 build/default/production/_ext/559172130/phy_helper.o
 .debug_info    0x0001628f      0xa3f build/default/production/_ext/559172130/phy_rx_enable.o
 .debug_info    0x00016cce     0x198e build/default/production/_ext/559172130/phy.o
 .debug_info    0x0001865c      0x353 build/default/production/_ext/957911548/phy_ed_end_cb.o
 .debug_info    0x000189af      0x616 build/default/production/_ext/957911548/phy_task.o
 .debug_info    0x00018fc5      0x702 build/default/production/_ext/1374435801/bmm.o
 .debug_info    0x000196c7      0x848 build/default/production/_ext/874725666/qmm.o
 .debug_info    0x00019f0f      0xbd6 build/default/production/_ext/1529399856/osal_freertos.o
 .debug_info    0x0001aae5      0x90f build/default/production/_ext/1529399856/osal_freertos_extend.o
 .debug_info    0x0001b3f4      0xaba build/default/production/_ext/1984496892/plib_clock.o
 .debug_info    0x0001beae      0x6bf build/default/production/_ext/60167341/plib_eic.o
 .debug_info    0x0001c56d      0x322 build/default/production/_ext/1986646378/plib_evsys.o
 .debug_info    0x0001c88f      0xb64 build/default/production/_ext/1865468468/plib_nvic.o
 .debug_info    0x0001d3f3      0xb58 build/default/production/_ext/1593096446/plib_nvmctrl.o
 .debug_info    0x0001df4b      0x61f build/default/production/_ext/829342769/plib_pm.o
 .debug_info    0x0001e56a      0xd58 build/default/production/_ext/1865521619/plib_port.o
 .debug_info    0x0001f2c2     0x14c4 build/default/production/_ext/17022449/plib_sercom5_spi_master.o
 .debug_info    0x00020786     0x216b build/default/production/_ext/504274921/plib_sercom3_usart.o
 .debug_info    0x000228f1      0xca3 build/default/production/_ext/829342655/plib_tc0.o
 .debug_info    0x00023594      0x4a0 build/default/production/_ext/1865643529/plib_trng.o
 .debug_info    0x00023a34     0x2af7 build/default/production/_ext/1376093119/sys_command.o
 .debug_info    0x0002652b     0x1448 build/default/production/_ext/1832805299/sys_console.o
 .debug_info    0x00027973     0x140a build/default/production/_ext/1832805299/sys_console_uart.o
 .debug_info    0x00028d7d      0x9f1 build/default/production/_ext/1881668453/sys_int.o
 .debug_info    0x0002976e      0x471 build/default/production/_ext/1000052432/sys_reset.o
 .debug_info    0x00029bdf     0x2787 build/default/production/_ext/101884895/sys_time.o
 .debug_info    0x0002c366      0x4a7 build/default/production/_ext/1171490990/startup_xc32.o
 .debug_info    0x0002c80d      0x4a0 build/default/production/_ext/1171490990/freertos_hooks.o
 .debug_info    0x0002ccad      0x889 build/default/production/_ext/1171490990/interrupts.o
 .debug_info    0x0002d536     0x1d28 build/default/production/_ext/1171490990/initialization.o
 .debug_info    0x0002f25e      0x346 build/default/production/_ext/1171490990/exceptions.o
 .debug_info    0x0002f5a4      0x683 build/default/production/_ext/1171490990/tasks.o
 .debug_info    0x0002fc27      0x6f9 build/default/production/_ext/1624415188/port.o
 .debug_info    0x00030320      0xa4e build/default/production/_ext/1665200909/heap_4.o
 .debug_info    0x00030d6e     0x2cd3 build/default/production/_ext/404212886/FreeRTOS_tasks.o
 .debug_info    0x00033a41      0x63c build/default/production/_ext/404212886/list.o
 .debug_info    0x0003407d     0x2498 build/default/production/_ext/404212886/queue.o
 .debug_info    0x00036515      0x33b build/default/production/_ext/1360937237/main.o
 .debug_info    0x00036850      0x5a8 build/default/production/_ext/1360937237/app.o
 .debug_info    0x00036df8      0x2b9 c:/program files/microchip/xc32/v4.35/bin/bin/../../lib/gcc/pic32c/8.3.1/../../../../pic32c/lib/thumb/v6-m/nofp\libpic32c.a(data_init.o)
 .debug_info    0x000370b1      0x616 c:/program files/microchip/xc32/v4.35/bin/bin/../../lib/gcc/pic32c/8.3.1/../../../../pic32c/lib/thumb/v6-m/nofp\libc-musl.a(__libc_start_main.o)
 .debug_info    0x000376c7      0x266 c:/program files/microchip/xc32/v4.35/bin/bin/../../lib/gcc/pic32c/8.3.1/../../../../pic32c/lib/thumb/v6-m/nofp\libc-musl.a(__errno_location.o)
 .debug_info    0x0003792d      0x528 c:/program files/microchip/xc32/v4.35/bin/bin/../../lib/gcc/pic32c/8.3.1/../../../../pic32c/lib/thumb/v6-m/nofp\libc-musl.a(libc.o)
 .debug_info    0x00037e55     0x1394 c:/program files/microchip/xc32/v4.35/bin/bin/../../lib/gcc/pic32c/8.3.1/../../../../pic32c/lib/thumb/v6-m/nofp\libc-musl.a(malloc.o)
 .debug_info    0x000391e9      0x31f c:/program files/microchip/xc32/v4.35/bin/bin/../../lib/gcc/pic32c/8.3.1/../../../../pic32c/lib/thumb/v6-m/nofp\libc-musl.a(rand.o)
 .debug_info    0x00039508      0x6f4 c:/program files/microchip/xc32/v4.35/bin/bin/../../lib/gcc/pic32c/8.3.1/../../../../pic32c/lib/thumb/v6-m/nofp\libc-musl.a(vsnprintf.o)
 .debug_info    0x00039bfc      0x310 c:/program files/microchip/xc32/v4.35/bin/bin/../../lib/gcc/pic32c/8.3.1/../../../../pic32c/lib/thumb/v6-m/nofp\libc-musl.a(sprintf.o)
 .debug_info    0x00039f0c      0x30a c:/program files/microchip/xc32/v4.35/bin/bin/../../lib/gcc/pic32c/8.3.1/../../../../pic32c/lib/thumb/v6-m/nofp\libc-musl.a(vsprintf.o)
 .debug_info    0x0003a216      0x9e6 c:/program files/microchip/xc32/v4.35/bin/bin/../../lib/gcc/pic32c/8.3.1/../../../../pic32c/lib/thumb/v6-m/nofp\libc-musl.a(strtol.o)
 .debug_info    0x0003abfc      0x2e8 c:/program files/microchip/xc32/v4.35/bin/bin/../../lib/gcc/pic32c/8.3.1/../../../../pic32c/lib/thumb/v6-m/nofp\libc-musl.a(memcpy.o)
 .debug_info    0x0003aee4      0x2b2 c:/program files/microchip/xc32/v4.35/bin/bin/../../lib/gcc/pic32c/8.3.1/../../../../pic32c/lib/thumb/v6-m/nofp\libc-musl.a(memset.o)
 .debug_info    0x0003b196      0x29d c:/program files/microchip/xc32/v4.35/bin/bin/../../lib/gcc/pic32c/8.3.1/../../../../pic32c/lib/thumb/v6-m/nofp\libc-musl.a(strlen.o)
 .debug_info    0x0003b433      0x2bb c:/program files/microchip/xc32/v4.35/bin/bin/../../lib/gcc/pic32c/8.3.1/../../../../pic32c/lib/thumb/v6-m/nofp\libc-musl.a(strchr.o)
 .debug_info    0x0003b6ee      0x38a c:/program files/microchip/xc32/v4.35/bin/bin/../../lib/gcc/pic32c/8.3.1/../../../../pic32c/lib/thumb/v6-m/nofp\libc-musl.a(strchrnul.o)
 .debug_info    0x0003ba78      0x27e c:/program files/microchip/xc32/v4.35/bin/bin/../../lib/gcc/pic32c/8.3.1/../../../../pic32c/lib/thumb/v6-m/nofp\libc-musl.a(strcmp.o)
 .debug_info    0x0003bcf6      0x2a7 c:/program files/microchip/xc32/v4.35/bin/bin/../../lib/gcc/pic32c/8.3.1/../../../../pic32c/lib/thumb/v6-m/nofp\libc-musl.a(strcpy.o)
 .debug_info    0x0003bf9d      0x2dd c:/program files/microchip/xc32/v4.35/bin/bin/../../lib/gcc/pic32c/8.3.1/../../../../pic32c/lib/thumb/v6-m/nofp\libc-musl.a(strncmp.o)
 .debug_info    0x0003c27a      0x2cc c:/program files/microchip/xc32/v4.35/bin/bin/../../lib/gcc/pic32c/8.3.1/../../../../pic32c/lib/thumb/v6-m/nofp\libc-musl.a(strncpy.o)
 .debug_info    0x0003c546      0x2e9 c:/program files/microchip/xc32/v4.35/bin/bin/../../lib/gcc/pic32c/8.3.1/../../../../pic32c/lib/thumb/v6-m/nofp\libc-musl.a(strtok.o)
 .debug_info    0x0003c82f      0x2a2 c:/program files/microchip/xc32/v4.35/bin/bin/../../lib/gcc/pic32c/8.3.1/../../../../pic32c/lib/thumb/v6-m/nofp\libc-musl.a(__environ.o)
 .debug_info    0x0003cad1      0x841 c:/program files/microchip/xc32/v4.35/bin/bin/../../lib/gcc/pic32c/8.3.1/../../../../pic32c/lib/thumb/v6-m/nofp\libc-musl.a(intscan.o)
 .debug_info    0x0003d312      0x637 c:/program files/microchip/xc32/v4.35/bin/bin/../../lib/gcc/pic32c/8.3.1/../../../../pic32c/lib/thumb/v6-m/nofp\libc-musl.a(shgetc.o)
 .debug_info    0x0003d949      0x608 c:/program files/microchip/xc32/v4.35/bin/bin/../../lib/gcc/pic32c/8.3.1/../../../../pic32c/lib/thumb/v6-m/nofp\libc-musl.a(__uflow.o)
 .debug_info    0x0003df51      0x6bd c:/program files/microchip/xc32/v4.35/bin/bin/../../lib/gcc/pic32c/8.3.1/../../../../pic32c/lib/thumb/v6-m/nofp\libc-musl.a(vfprintf.o)
 .debug_info    0x0003e60e      0x2af c:/program files/microchip/xc32/v4.35/bin/bin/../../lib/gcc/pic32c/8.3.1/../../../../pic32c/lib/thumb/v6-m/nofp\libc-musl.a(stpcpy.o)
 .debug_info    0x0003e8bd      0x2eb c:/program files/microchip/xc32/v4.35/bin/bin/../../lib/gcc/pic32c/8.3.1/../../../../pic32c/lib/thumb/v6-m/nofp\libc-musl.a(stpncpy.o)
 .debug_info    0x0003eba8      0x30e c:/program files/microchip/xc32/v4.35/bin/bin/../../lib/gcc/pic32c/8.3.1/../../../../pic32c/lib/thumb/v6-m/nofp\libc-musl.a(strcspn.o)
 .debug_info    0x0003eeb6      0x2f3 c:/program files/microchip/xc32/v4.35/bin/bin/../../lib/gcc/pic32c/8.3.1/../../../../pic32c/lib/thumb/v6-m/nofp\libc-musl.a(strspn.o)
 .debug_info    0x0003f1a9      0x622 c:/program files/microchip/xc32/v4.35/bin/bin/../../lib/gcc/pic32c/8.3.1/../../../../pic32c/lib/thumb/v6-m/nofp\libc-musl.a(__toread.o)
 .debug_info    0x0003f7cb      0x3d0 c:/program files/microchip/xc32/v4.35/bin/bin/../../lib/gcc/pic32c/8.3.1/../../../../pic32c/lib/thumb/v6-m/nofp\libc-musl.a(__pop_float.o)
 .debug_info    0x0003fb9b      0x3f4 c:/program files/microchip/xc32/v4.35/bin/bin/../../lib/gcc/pic32c/8.3.1/../../../../pic32c/lib/thumb/v6-m/nofp\libc-musl.a(__pop_int.o)
 .debug_info    0x0003ff8f      0x400 c:/program files/microchip/xc32/v4.35/bin/bin/../../lib/gcc/pic32c/8.3.1/../../../../pic32c/lib/thumb/v6-m/nofp\libc-musl.a(__pop_ptr.o)
 .debug_info    0x0004038f      0xd73 c:/program files/microchip/xc32/v4.35/bin/bin/../../lib/gcc/pic32c/8.3.1/../../../../pic32c/lib/thumb/v6-m/nofp\libc-musl.a(__printf_core.o)
 .debug_info    0x00041102      0x2ee c:/program files/microchip/xc32/v4.35/bin/bin/../../lib/gcc/pic32c/8.3.1/../../../../pic32c/lib/thumb/v6-m/nofp\libc-musl.a(atoi.o)
 .debug_info    0x000413f0      0x34c c:/program files/microchip/xc32/v4.35/bin/bin/../../lib/gcc/pic32c/8.3.1/../../../../pic32c/lib/thumb/v6-m/nofp\libc-musl.a(tolower.o)
 .debug_info    0x0004173c      0x8b8 c:/program files/microchip/xc32/v4.35/bin/bin/../../lib/gcc/pic32c/8.3.1/../../../../pic32c/lib/thumb/v6-m/nofp\libc-musl.a(__fmt_a.o)
 .debug_info    0x00041ff4      0x5b5 c:/program files/microchip/xc32/v4.35/bin/bin/../../lib/gcc/pic32c/8.3.1/../../../../pic32c/lib/thumb/v6-m/nofp\libc-musl.a(__fmt_d.o)
 .debug_info    0x000425a9      0x93f c:/program files/microchip/xc32/v4.35/bin/bin/../../lib/gcc/pic32c/8.3.1/../../../../pic32c/lib/thumb/v6-m/nofp\libc-musl.a(__fmt_fp.o)
 .debug_info    0x00042ee8      0x586 c:/program files/microchip/xc32/v4.35/bin/bin/../../lib/gcc/pic32c/8.3.1/../../../../pic32c/lib/thumb/v6-m/nofp\libc-musl.a(__fmt_o.o)
 .debug_info    0x0004346e      0x571 c:/program files/microchip/xc32/v4.35/bin/bin/../../lib/gcc/pic32c/8.3.1/../../../../pic32c/lib/thumb/v6-m/nofp\libc-musl.a(__fmt_s.o)
 .debug_info    0x000439df      0x586 c:/program files/microchip/xc32/v4.35/bin/bin/../../lib/gcc/pic32c/8.3.1/../../../../pic32c/lib/thumb/v6-m/nofp\libc-musl.a(__fmt_u.o)
 .debug_info    0x00043f65      0x5ba c:/program files/microchip/xc32/v4.35/bin/bin/../../lib/gcc/pic32c/8.3.1/../../../../pic32c/lib/thumb/v6-m/nofp\libc-musl.a(__fmt_x.o)
 .debug_info    0x0004451f      0x34c c:/program files/microchip/xc32/v4.35/bin/bin/../../lib/gcc/pic32c/8.3.1/../../../../pic32c/lib/thumb/v6-m/nofp\libc-musl.a(toupper.o)
 .debug_info    0x0004486b      0x42c c:/program files/microchip/xc32/v4.35/bin/bin/../../lib/gcc/pic32c/8.3.1/../../../../pic32c/lib/thumb/v6-m/nofp\libc-musl.a(__cvt_u.o)
 .debug_info    0x00044c97       0x26 c:/program files/microchip/xc32/v4.35/bin/bin/../../lib/gcc/pic32c/8.3.1/thumb/v6-m/nofp\libgcc.a(_udivsi3.o)
 .debug_info    0x00044cbd       0x26 c:/program files/microchip/xc32/v4.35/bin/bin/../../lib/gcc/pic32c/8.3.1/thumb/v6-m/nofp\libgcc.a(_divsi3.o)
 .debug_info    0x00044ce3       0x26 c:/program files/microchip/xc32/v4.35/bin/bin/../../lib/gcc/pic32c/8.3.1/thumb/v6-m/nofp\libgcc.a(_dvmd_tls.o)
 .debug_info    0x00044d09       0x26 c:/program files/microchip/xc32/v4.35/bin/bin/../../lib/gcc/pic32c/8.3.1/thumb/v6-m/nofp\libgcc.a(_lshrdi3.o)
 .debug_info    0x00044d2f       0x26 c:/program files/microchip/xc32/v4.35/bin/bin/../../lib/gcc/pic32c/8.3.1/thumb/v6-m/nofp\libgcc.a(_ashldi3.o)
 .debug_info    0x00044d55       0x26 c:/program files/microchip/xc32/v4.35/bin/bin/../../lib/gcc/pic32c/8.3.1/thumb/v6-m/nofp\libgcc.a(_aeabi_uldivmod.o)
 .debug_info    0x00044d7b      0x492 c:/program files/microchip/xc32/v4.35/bin/bin/../../lib/gcc/pic32c/8.3.1/thumb/v6-m/nofp\libgcc.a(_muldi3.o)
 .debug_info    0x0004520d      0x3df c:/program files/microchip/xc32/v4.35/bin/bin/../../lib/gcc/pic32c/8.3.1/thumb/v6-m/nofp\libgcc.a(_udivmoddi4.o)
 .debug_info    0x000455ec       0x26 c:/program files/microchip/xc32/v4.35/bin/bin/../../lib/gcc/pic32c/8.3.1/thumb/v6-m/nofp\libgcc.a(_clzdi2.o)
 .debug_info    0x00045612       0x26 c:/program files/microchip/xc32/v4.35/bin/bin/../../lib/gcc/pic32c/8.3.1/thumb/v6-m/nofp\libgcc.a(_clzsi2.o)
 .debug_info    0x00045638      0x292 c:/program files/microchip/xc32/v4.35/bin/bin/../../lib/gcc/pic32c/8.3.1/../../../../pic32c/lib/thumb/v6-m/nofp\libpic32c.a(pic32_data_init_clear.o)
 .debug_info    0x000458ca      0x291 c:/program files/microchip/xc32/v4.35/bin/bin/../../lib/gcc/pic32c/8.3.1/../../../../pic32c/lib/thumb/v6-m/nofp\libpic32c.a(pic32_data_init_copy.o)

.debug_abbrev   0x00000000     0x9e14
 .debug_abbrev  0x00000000      0x44d build/default/production/_ext/297566330/app_p2p_phy.o
 .debug_abbrev  0x0000044d      0x417 build/default/production/_ext/767817240/app_phy_cmd_processor.o
 .debug_abbrev  0x00000864      0x3a5 build/default/production/_ext/745501718/pal.o
 .debug_abbrev  0x00000c09      0x37a build/default/production/_ext/559172130/phy_init.o
 .debug_abbrev  0x00000f83      0x1c0 build/default/production/_ext/559172130/phy_pwr_mgmt.o
 .debug_abbrev  0x00001143      0x16b build/default/production/_ext/559172130/phy_irq_handler.o
 .debug_abbrev  0x000012ae      0x1b6 build/default/production/_ext/559172130/phy_ed.o
 .debug_abbrev  0x00001464      0x33e build/default/production/_ext/559172130/tfa.o
 .debug_abbrev  0x000017a2      0x34f build/default/production/_ext/559172130/phy_pib.o
 .debug_abbrev  0x00001af1      0x231 build/default/production/_ext/559172130/phy_rx.o
 .debug_abbrev  0x00001d22      0x2a4 build/default/production/_ext/559172130/phy_tx.o
 .debug_abbrev  0x00001fc6      0x175 build/default/production/_ext/559172130/phy_trx_reg_access.o
 .debug_abbrev  0x0000213b      0x347 build/default/production/_ext/559172130/phy_helper.o
 .debug_abbrev  0x00002482      0x162 build/default/production/_ext/559172130/phy_rx_enable.o
 .debug_abbrev  0x000025e4      0x35e build/default/production/_ext/559172130/phy.o
 .debug_abbrev  0x00002942       0x5e build/default/production/_ext/957911548/phy_ed_end_cb.o
 .debug_abbrev  0x000029a0      0x12a build/default/production/_ext/957911548/phy_task.o
 .debug_abbrev  0x00002aca      0x190 build/default/production/_ext/1374435801/bmm.o
 .debug_abbrev  0x00002c5a      0x2b4 build/default/production/_ext/874725666/qmm.o
 .debug_abbrev  0x00002f0e      0x1f9 build/default/production/_ext/1529399856/osal_freertos.o
 .debug_abbrev  0x00003107      0x189 build/default/production/_ext/1529399856/osal_freertos_extend.o
 .debug_abbrev  0x00003290      0x162 build/default/production/_ext/1984496892/plib_clock.o
 .debug_abbrev  0x000033f2      0x1af build/default/production/_ext/60167341/plib_eic.o
 .debug_abbrev  0x000035a1       0x3b build/default/production/_ext/1986646378/plib_evsys.o
 .debug_abbrev  0x000035dc      0x1fd build/default/production/_ext/1865468468/plib_nvic.o
 .debug_abbrev  0x000037d9      0x1b8 build/default/production/_ext/1593096446/plib_nvmctrl.o
 .debug_abbrev  0x00003991       0xfb build/default/production/_ext/829342769/plib_pm.o
 .debug_abbrev  0x00003a8c      0x1d6 build/default/production/_ext/1865521619/plib_port.o
 .debug_abbrev  0x00003c62      0x2b2 build/default/production/_ext/17022449/plib_sercom5_spi_master.o
 .debug_abbrev  0x00003f14      0x471 build/default/production/_ext/504274921/plib_sercom3_usart.o
 .debug_abbrev  0x00004385      0x1e9 build/default/production/_ext/829342655/plib_tc0.o
 .debug_abbrev  0x0000456e       0xb5 build/default/production/_ext/1865643529/plib_trng.o
 .debug_abbrev  0x00004623      0x4a1 build/default/production/_ext/1376093119/sys_command.o
 .debug_abbrev  0x00004ac4      0x38b build/default/production/_ext/1832805299/sys_console.o
 .debug_abbrev  0x00004e4f      0x338 build/default/production/_ext/1832805299/sys_console_uart.o
 .debug_abbrev  0x00005187      0x246 build/default/production/_ext/1881668453/sys_int.o
 .debug_abbrev  0x000053cd       0xe0 build/default/production/_ext/1000052432/sys_reset.o
 .debug_abbrev  0x000054ad      0x516 build/default/production/_ext/101884895/sys_time.o
 .debug_abbrev  0x000059c3      0x110 build/default/production/_ext/1171490990/startup_xc32.o
 .debug_abbrev  0x00005ad3       0xf7 build/default/production/_ext/1171490990/freertos_hooks.o
 .debug_abbrev  0x00005bca       0xb5 build/default/production/_ext/1171490990/interrupts.o
 .debug_abbrev  0x00005c7f      0x296 build/default/production/_ext/1171490990/initialization.o
 .debug_abbrev  0x00005f15       0x3e build/default/production/_ext/1171490990/exceptions.o
 .debug_abbrev  0x00005f53      0x13e build/default/production/_ext/1171490990/tasks.o
 .debug_abbrev  0x00006091      0x1cf build/default/production/_ext/1624415188/port.o
 .debug_abbrev  0x00006260      0x261 build/default/production/_ext/1665200909/heap_4.o
 .debug_abbrev  0x000064c1      0x405 build/default/production/_ext/404212886/FreeRTOS_tasks.o
 .debug_abbrev  0x000068c6      0x15e build/default/production/_ext/404212886/list.o
 .debug_abbrev  0x00006a24      0x336 build/default/production/_ext/404212886/queue.o
 .debug_abbrev  0x00006d5a       0x77 build/default/production/_ext/1360937237/main.o
 .debug_abbrev  0x00006dd1      0x184 build/default/production/_ext/1360937237/app.o
 .debug_abbrev  0x00006f55       0x44 c:/program files/microchip/xc32/v4.35/bin/bin/../../lib/gcc/pic32c/8.3.1/../../../../pic32c/lib/thumb/v6-m/nofp\libpic32c.a(data_init.o)
 .debug_abbrev  0x00006f99      0x117 c:/program files/microchip/xc32/v4.35/bin/bin/../../lib/gcc/pic32c/8.3.1/../../../../pic32c/lib/thumb/v6-m/nofp\libc-musl.a(__libc_start_main.o)
 .debug_abbrev  0x000070b0       0x2e c:/program files/microchip/xc32/v4.35/bin/bin/../../lib/gcc/pic32c/8.3.1/../../../../pic32c/lib/thumb/v6-m/nofp\libc-musl.a(__errno_location.o)
 .debug_abbrev  0x000070de       0xb8 c:/program files/microchip/xc32/v4.35/bin/bin/../../lib/gcc/pic32c/8.3.1/../../../../pic32c/lib/thumb/v6-m/nofp\libc-musl.a(libc.o)
 .debug_abbrev  0x00007196      0x3fa c:/program files/microchip/xc32/v4.35/bin/bin/../../lib/gcc/pic32c/8.3.1/../../../../pic32c/lib/thumb/v6-m/nofp\libc-musl.a(malloc.o)
 .debug_abbrev  0x00007590       0x8b c:/program files/microchip/xc32/v4.35/bin/bin/../../lib/gcc/pic32c/8.3.1/../../../../pic32c/lib/thumb/v6-m/nofp\libc-musl.a(rand.o)
 .debug_abbrev  0x0000761b      0x168 c:/program files/microchip/xc32/v4.35/bin/bin/../../lib/gcc/pic32c/8.3.1/../../../../pic32c/lib/thumb/v6-m/nofp\libc-musl.a(vsnprintf.o)
 .debug_abbrev  0x00007783       0xfb c:/program files/microchip/xc32/v4.35/bin/bin/../../lib/gcc/pic32c/8.3.1/../../../../pic32c/lib/thumb/v6-m/nofp\libc-musl.a(sprintf.o)
 .debug_abbrev  0x0000787e       0xc0 c:/program files/microchip/xc32/v4.35/bin/bin/../../lib/gcc/pic32c/8.3.1/../../../../pic32c/lib/thumb/v6-m/nofp\libc-musl.a(vsprintf.o)
 .debug_abbrev  0x0000793e      0x19b c:/program files/microchip/xc32/v4.35/bin/bin/../../lib/gcc/pic32c/8.3.1/../../../../pic32c/lib/thumb/v6-m/nofp\libc-musl.a(strtol.o)
 .debug_abbrev  0x00007ad9       0x9c c:/program files/microchip/xc32/v4.35/bin/bin/../../lib/gcc/pic32c/8.3.1/../../../../pic32c/lib/thumb/v6-m/nofp\libc-musl.a(memcpy.o)
 .debug_abbrev  0x00007b75       0x97 c:/program files/microchip/xc32/v4.35/bin/bin/../../lib/gcc/pic32c/8.3.1/../../../../pic32c/lib/thumb/v6-m/nofp\libc-musl.a(memset.o)
 .debug_abbrev  0x00007c0c       0x86 c:/program files/microchip/xc32/v4.35/bin/bin/../../lib/gcc/pic32c/8.3.1/../../../../pic32c/lib/thumb/v6-m/nofp\libc-musl.a(strlen.o)
 .debug_abbrev  0x00007c92       0xa2 c:/program files/microchip/xc32/v4.35/bin/bin/../../lib/gcc/pic32c/8.3.1/../../../../pic32c/lib/thumb/v6-m/nofp\libc-musl.a(strchr.o)
 .debug_abbrev  0x00007d34       0xb1 c:/program files/microchip/xc32/v4.35/bin/bin/../../lib/gcc/pic32c/8.3.1/../../../../pic32c/lib/thumb/v6-m/nofp\libc-musl.a(strchrnul.o)
 .debug_abbrev  0x00007de5       0x63 c:/program files/microchip/xc32/v4.35/bin/bin/../../lib/gcc/pic32c/8.3.1/../../../../pic32c/lib/thumb/v6-m/nofp\libc-musl.a(strcmp.o)
 .debug_abbrev  0x00007e48       0x8e c:/program files/microchip/xc32/v4.35/bin/bin/../../lib/gcc/pic32c/8.3.1/../../../../pic32c/lib/thumb/v6-m/nofp\libc-musl.a(strcpy.o)
 .debug_abbrev  0x00007ed6       0x97 c:/program files/microchip/xc32/v4.35/bin/bin/../../lib/gcc/pic32c/8.3.1/../../../../pic32c/lib/thumb/v6-m/nofp\libc-musl.a(strncmp.o)
 .debug_abbrev  0x00007f6d       0x9d c:/program files/microchip/xc32/v4.35/bin/bin/../../lib/gcc/pic32c/8.3.1/../../../../pic32c/lib/thumb/v6-m/nofp\libc-musl.a(strncpy.o)
 .debug_abbrev  0x0000800a       0xac c:/program files/microchip/xc32/v4.35/bin/bin/../../lib/gcc/pic32c/8.3.1/../../../../pic32c/lib/thumb/v6-m/nofp\libc-musl.a(strtok.o)
 .debug_abbrev  0x000080b6       0x57 c:/program files/microchip/xc32/v4.35/bin/bin/../../lib/gcc/pic32c/8.3.1/../../../../pic32c/lib/thumb/v6-m/nofp\libc-musl.a(__environ.o)
 .debug_abbrev  0x0000810d      0x1de c:/program files/microchip/xc32/v4.35/bin/bin/../../lib/gcc/pic32c/8.3.1/../../../../pic32c/lib/thumb/v6-m/nofp\libc-musl.a(intscan.o)
 .debug_abbrev  0x000082eb      0x14a c:/program files/microchip/xc32/v4.35/bin/bin/../../lib/gcc/pic32c/8.3.1/../../../../pic32c/lib/thumb/v6-m/nofp\libc-musl.a(shgetc.o)
 .debug_abbrev  0x00008435      0x125 c:/program files/microchip/xc32/v4.35/bin/bin/../../lib/gcc/pic32c/8.3.1/../../../../pic32c/lib/thumb/v6-m/nofp\libc-musl.a(__uflow.o)
 .debug_abbrev  0x0000855a      0x16f c:/program files/microchip/xc32/v4.35/bin/bin/../../lib/gcc/pic32c/8.3.1/../../../../pic32c/lib/thumb/v6-m/nofp\libc-musl.a(vfprintf.o)
 .debug_abbrev  0x000086c9       0x63 c:/program files/microchip/xc32/v4.35/bin/bin/../../lib/gcc/pic32c/8.3.1/../../../../pic32c/lib/thumb/v6-m/nofp\libc-musl.a(stpcpy.o)
 .debug_abbrev  0x0000872c       0x86 c:/program files/microchip/xc32/v4.35/bin/bin/../../lib/gcc/pic32c/8.3.1/../../../../pic32c/lib/thumb/v6-m/nofp\libc-musl.a(stpncpy.o)
 .debug_abbrev  0x000087b2       0xf5 c:/program files/microchip/xc32/v4.35/bin/bin/../../lib/gcc/pic32c/8.3.1/../../../../pic32c/lib/thumb/v6-m/nofp\libc-musl.a(strcspn.o)
 .debug_abbrev  0x000088a7       0xd2 c:/program files/microchip/xc32/v4.35/bin/bin/../../lib/gcc/pic32c/8.3.1/../../../../pic32c/lib/thumb/v6-m/nofp\libc-musl.a(strspn.o)
 .debug_abbrev  0x00008979      0x12c c:/program files/microchip/xc32/v4.35/bin/bin/../../lib/gcc/pic32c/8.3.1/../../../../pic32c/lib/thumb/v6-m/nofp\libc-musl.a(__toread.o)
 .debug_abbrev  0x00008aa5       0xbd c:/program files/microchip/xc32/v4.35/bin/bin/../../lib/gcc/pic32c/8.3.1/../../../../pic32c/lib/thumb/v6-m/nofp\libc-musl.a(__pop_float.o)
 .debug_abbrev  0x00008b62       0xbd c:/program files/microchip/xc32/v4.35/bin/bin/../../lib/gcc/pic32c/8.3.1/../../../../pic32c/lib/thumb/v6-m/nofp\libc-musl.a(__pop_int.o)
 .debug_abbrev  0x00008c1f       0xbd c:/program files/microchip/xc32/v4.35/bin/bin/../../lib/gcc/pic32c/8.3.1/../../../../pic32c/lib/thumb/v6-m/nofp\libc-musl.a(__pop_ptr.o)
 .debug_abbrev  0x00008cdc      0x2be c:/program files/microchip/xc32/v4.35/bin/bin/../../lib/gcc/pic32c/8.3.1/../../../../pic32c/lib/thumb/v6-m/nofp\libc-musl.a(__printf_core.o)
 .debug_abbrev  0x00008f9a       0xbb c:/program files/microchip/xc32/v4.35/bin/bin/../../lib/gcc/pic32c/8.3.1/../../../../pic32c/lib/thumb/v6-m/nofp\libc-musl.a(atoi.o)
 .debug_abbrev  0x00009055       0xe9 c:/program files/microchip/xc32/v4.35/bin/bin/../../lib/gcc/pic32c/8.3.1/../../../../pic32c/lib/thumb/v6-m/nofp\libc-musl.a(tolower.o)
 .debug_abbrev  0x0000913e      0x194 c:/program files/microchip/xc32/v4.35/bin/bin/../../lib/gcc/pic32c/8.3.1/../../../../pic32c/lib/thumb/v6-m/nofp\libc-musl.a(__fmt_a.o)
 .debug_abbrev  0x000092d2      0x120 c:/program files/microchip/xc32/v4.35/bin/bin/../../lib/gcc/pic32c/8.3.1/../../../../pic32c/lib/thumb/v6-m/nofp\libc-musl.a(__fmt_d.o)
 .debug_abbrev  0x000093f2      0x1a2 c:/program files/microchip/xc32/v4.35/bin/bin/../../lib/gcc/pic32c/8.3.1/../../../../pic32c/lib/thumb/v6-m/nofp\libc-musl.a(__fmt_fp.o)
 .debug_abbrev  0x00009594      0x120 c:/program files/microchip/xc32/v4.35/bin/bin/../../lib/gcc/pic32c/8.3.1/../../../../pic32c/lib/thumb/v6-m/nofp\libc-musl.a(__fmt_o.o)
 .debug_abbrev  0x000096b4      0x11d c:/program files/microchip/xc32/v4.35/bin/bin/../../lib/gcc/pic32c/8.3.1/../../../../pic32c/lib/thumb/v6-m/nofp\libc-musl.a(__fmt_s.o)
 .debug_abbrev  0x000097d1      0x120 c:/program files/microchip/xc32/v4.35/bin/bin/../../lib/gcc/pic32c/8.3.1/../../../../pic32c/lib/thumb/v6-m/nofp\libc-musl.a(__fmt_u.o)
 .debug_abbrev  0x000098f1      0x10f c:/program files/microchip/xc32/v4.35/bin/bin/../../lib/gcc/pic32c/8.3.1/../../../../pic32c/lib/thumb/v6-m/nofp\libc-musl.a(__fmt_x.o)
 .debug_abbrev  0x00009a00       0xe9 c:/program files/microchip/xc32/v4.35/bin/bin/../../lib/gcc/pic32c/8.3.1/../../../../pic32c/lib/thumb/v6-m/nofp\libc-musl.a(toupper.o)
 .debug_abbrev  0x00009ae9       0xb2 c:/program files/microchip/xc32/v4.35/bin/bin/../../lib/gcc/pic32c/8.3.1/../../../../pic32c/lib/thumb/v6-m/nofp\libc-musl.a(__cvt_u.o)
 .debug_abbrev  0x00009b9b       0x14 c:/program files/microchip/xc32/v4.35/bin/bin/../../lib/gcc/pic32c/8.3.1/thumb/v6-m/nofp\libgcc.a(_udivsi3.o)
 .debug_abbrev  0x00009baf       0x14 c:/program files/microchip/xc32/v4.35/bin/bin/../../lib/gcc/pic32c/8.3.1/thumb/v6-m/nofp\libgcc.a(_divsi3.o)
 .debug_abbrev  0x00009bc3       0x14 c:/program files/microchip/xc32/v4.35/bin/bin/../../lib/gcc/pic32c/8.3.1/thumb/v6-m/nofp\libgcc.a(_dvmd_tls.o)
 .debug_abbrev  0x00009bd7       0x14 c:/program files/microchip/xc32/v4.35/bin/bin/../../lib/gcc/pic32c/8.3.1/thumb/v6-m/nofp\libgcc.a(_lshrdi3.o)
 .debug_abbrev  0x00009beb       0x14 c:/program files/microchip/xc32/v4.35/bin/bin/../../lib/gcc/pic32c/8.3.1/thumb/v6-m/nofp\libgcc.a(_ashldi3.o)
 .debug_abbrev  0x00009bff       0x14 c:/program files/microchip/xc32/v4.35/bin/bin/../../lib/gcc/pic32c/8.3.1/thumb/v6-m/nofp\libgcc.a(_aeabi_uldivmod.o)
 .debug_abbrev  0x00009c13       0xef c:/program files/microchip/xc32/v4.35/bin/bin/../../lib/gcc/pic32c/8.3.1/thumb/v6-m/nofp\libgcc.a(_muldi3.o)
 .debug_abbrev  0x00009d02       0x8e c:/program files/microchip/xc32/v4.35/bin/bin/../../lib/gcc/pic32c/8.3.1/thumb/v6-m/nofp\libgcc.a(_udivmoddi4.o)
 .debug_abbrev  0x00009d90       0x14 c:/program files/microchip/xc32/v4.35/bin/bin/../../lib/gcc/pic32c/8.3.1/thumb/v6-m/nofp\libgcc.a(_clzdi2.o)
 .debug_abbrev  0x00009da4       0x14 c:/program files/microchip/xc32/v4.35/bin/bin/../../lib/gcc/pic32c/8.3.1/thumb/v6-m/nofp\libgcc.a(_clzsi2.o)
 .debug_abbrev  0x00009db8       0x2e c:/program files/microchip/xc32/v4.35/bin/bin/../../lib/gcc/pic32c/8.3.1/../../../../pic32c/lib/thumb/v6-m/nofp\libpic32c.a(pic32_data_init_clear.o)
 .debug_abbrev  0x00009de6       0x2e c:/program files/microchip/xc32/v4.35/bin/bin/../../lib/gcc/pic32c/8.3.1/../../../../pic32c/lib/thumb/v6-m/nofp\libpic32c.a(pic32_data_init_copy.o)

.debug_loc      0x00000000    0x1ca18
 .debug_loc     0x00000000     0x1a6e build/default/production/_ext/297566330/app_p2p_phy.o
 .debug_loc     0x00001a6e     0x3e60 build/default/production/_ext/767817240/app_phy_cmd_processor.o
 .debug_loc     0x000058ce      0x7d2 build/default/production/_ext/745501718/pal.o
 .debug_loc     0x000060a0      0x360 build/default/production/_ext/559172130/phy_init.o
 .debug_loc     0x00006400       0xc9 build/default/production/_ext/559172130/phy_pwr_mgmt.o
 .debug_loc     0x000064c9       0xdb build/default/production/_ext/559172130/phy_irq_handler.o
 .debug_loc     0x000065a4       0xc4 build/default/production/_ext/559172130/phy_ed.o
 .debug_loc     0x00006668      0x375 build/default/production/_ext/559172130/tfa.o
 .debug_loc     0x000069dd      0x954 build/default/production/_ext/559172130/phy_pib.o
 .debug_loc     0x00007331      0x276 build/default/production/_ext/559172130/phy_rx.o
 .debug_loc     0x000075a7      0x2ea build/default/production/_ext/559172130/phy_tx.o
 .debug_loc     0x00007891      0x4ad build/default/production/_ext/559172130/phy_trx_reg_access.o
 .debug_loc     0x00007d3e      0xf4b build/default/production/_ext/559172130/phy_helper.o
 .debug_loc     0x00008c89       0x9c build/default/production/_ext/559172130/phy_rx_enable.o
 .debug_loc     0x00008d25      0x424 build/default/production/_ext/559172130/phy.o
 .debug_loc     0x00009149       0x25 build/default/production/_ext/957911548/phy_ed_end_cb.o
 .debug_loc     0x0000916e      0x1ce build/default/production/_ext/957911548/phy_task.o
 .debug_loc     0x0000933c      0x1b5 build/default/production/_ext/1374435801/bmm.o
 .debug_loc     0x000094f1      0x541 build/default/production/_ext/874725666/qmm.o
 .debug_loc     0x00009a32      0x70a build/default/production/_ext/1529399856/osal_freertos.o
 .debug_loc     0x0000a13c      0x4dc build/default/production/_ext/1529399856/osal_freertos_extend.o
 .debug_loc     0x0000a618       0x55 build/default/production/_ext/1984496892/plib_clock.o
 .debug_loc     0x0000a66d      0x110 build/default/production/_ext/60167341/plib_eic.o
 .debug_loc     0x0000a77d      0x140 build/default/production/_ext/1865468468/plib_nvic.o
 .debug_loc     0x0000a8bd      0x665 build/default/production/_ext/1593096446/plib_nvmctrl.o
 .debug_loc     0x0000af22       0x63 build/default/production/_ext/829342769/plib_pm.o
 .debug_loc     0x0000af85      0x246 build/default/production/_ext/1865521619/plib_port.o
 .debug_loc     0x0000b1cb      0x68a build/default/production/_ext/17022449/plib_sercom5_spi_master.o
 .debug_loc     0x0000b855      0xdd8 build/default/production/_ext/504274921/plib_sercom3_usart.o
 .debug_loc     0x0000c62d       0x74 build/default/production/_ext/829342655/plib_tc0.o
 .debug_loc     0x0000c6a1     0x214c build/default/production/_ext/1376093119/sys_command.o
 .debug_loc     0x0000e7ed      0xb69 build/default/production/_ext/1832805299/sys_console.o
 .debug_loc     0x0000f356      0x83c build/default/production/_ext/1832805299/sys_console_uart.o
 .debug_loc     0x0000fb92      0x17d build/default/production/_ext/1881668453/sys_int.o
 .debug_loc     0x0000fd0f     0x2371 build/default/production/_ext/101884895/sys_time.o
 .debug_loc     0x00012080       0x20 build/default/production/_ext/1171490990/startup_xc32.o
 .debug_loc     0x000120a0       0x76 build/default/production/_ext/1171490990/freertos_hooks.o
 .debug_loc     0x00012116       0x45 build/default/production/_ext/1171490990/initialization.o
 .debug_loc     0x0001215b      0x140 build/default/production/_ext/1171490990/tasks.o
 .debug_loc     0x0001229b      0x14d build/default/production/_ext/1624415188/port.o
 .debug_loc     0x000123e8      0x588 build/default/production/_ext/1665200909/heap_4.o
 .debug_loc     0x00012970     0x1fef build/default/production/_ext/404212886/FreeRTOS_tasks.o
 .debug_loc     0x0001495f       0xa6 build/default/production/_ext/404212886/list.o
 .debug_loc     0x00014a05     0x1d29 build/default/production/_ext/404212886/queue.o
 .debug_loc     0x0001672e       0x20 build/default/production/_ext/1360937237/main.o
 .debug_loc     0x0001674e       0xb5 build/default/production/_ext/1360937237/app.o
 .debug_loc     0x00016803       0x14 c:/program files/microchip/xc32/v4.35/bin/bin/../../lib/gcc/pic32c/8.3.1/../../../../pic32c/lib/thumb/v6-m/nofp\libpic32c.a(data_init.o)
 .debug_loc     0x00016817       0x5e c:/program files/microchip/xc32/v4.35/bin/bin/../../lib/gcc/pic32c/8.3.1/../../../../pic32c/lib/thumb/v6-m/nofp\libc-musl.a(__libc_start_main.o)
 .debug_loc     0x00016875      0xd29 c:/program files/microchip/xc32/v4.35/bin/bin/../../lib/gcc/pic32c/8.3.1/../../../../pic32c/lib/thumb/v6-m/nofp\libc-musl.a(malloc.o)
 .debug_loc     0x0001759e       0x24 c:/program files/microchip/xc32/v4.35/bin/bin/../../lib/gcc/pic32c/8.3.1/../../../../pic32c/lib/thumb/v6-m/nofp\libc-musl.a(rand.o)
 .debug_loc     0x000175c2      0x10c c:/program files/microchip/xc32/v4.35/bin/bin/../../lib/gcc/pic32c/8.3.1/../../../../pic32c/lib/thumb/v6-m/nofp\libc-musl.a(vsnprintf.o)
 .debug_loc     0x000176ce       0x66 c:/program files/microchip/xc32/v4.35/bin/bin/../../lib/gcc/pic32c/8.3.1/../../../../pic32c/lib/thumb/v6-m/nofp\libc-musl.a(sprintf.o)
 .debug_loc     0x00017734       0x8c c:/program files/microchip/xc32/v4.35/bin/bin/../../lib/gcc/pic32c/8.3.1/../../../../pic32c/lib/thumb/v6-m/nofp\libc-musl.a(vsprintf.o)
 .debug_loc     0x000177c0      0x48b c:/program files/microchip/xc32/v4.35/bin/bin/../../lib/gcc/pic32c/8.3.1/../../../../pic32c/lib/thumb/v6-m/nofp\libc-musl.a(strtol.o)
 .debug_loc     0x00017c4b      0x12d c:/program files/microchip/xc32/v4.35/bin/bin/../../lib/gcc/pic32c/8.3.1/../../../../pic32c/lib/thumb/v6-m/nofp\libc-musl.a(memcpy.o)
 .debug_loc     0x00017d78       0xcd c:/program files/microchip/xc32/v4.35/bin/bin/../../lib/gcc/pic32c/8.3.1/../../../../pic32c/lib/thumb/v6-m/nofp\libc-musl.a(memset.o)
 .debug_loc     0x00017e45       0x81 c:/program files/microchip/xc32/v4.35/bin/bin/../../lib/gcc/pic32c/8.3.1/../../../../pic32c/lib/thumb/v6-m/nofp\libc-musl.a(strlen.o)
 .debug_loc     0x00017ec6       0x8c c:/program files/microchip/xc32/v4.35/bin/bin/../../lib/gcc/pic32c/8.3.1/../../../../pic32c/lib/thumb/v6-m/nofp\libc-musl.a(strchr.o)
 .debug_loc     0x00017f52       0xd5 c:/program files/microchip/xc32/v4.35/bin/bin/../../lib/gcc/pic32c/8.3.1/../../../../pic32c/lib/thumb/v6-m/nofp\libc-musl.a(strchrnul.o)
 .debug_loc     0x00018027       0x96 c:/program files/microchip/xc32/v4.35/bin/bin/../../lib/gcc/pic32c/8.3.1/../../../../pic32c/lib/thumb/v6-m/nofp\libc-musl.a(strcmp.o)
 .debug_loc     0x000180bd       0x74 c:/program files/microchip/xc32/v4.35/bin/bin/../../lib/gcc/pic32c/8.3.1/../../../../pic32c/lib/thumb/v6-m/nofp\libc-musl.a(strcpy.o)
 .debug_loc     0x00018131       0xec c:/program files/microchip/xc32/v4.35/bin/bin/../../lib/gcc/pic32c/8.3.1/../../../../pic32c/lib/thumb/v6-m/nofp\libc-musl.a(strncmp.o)
 .debug_loc     0x0001821d       0x99 c:/program files/microchip/xc32/v4.35/bin/bin/../../lib/gcc/pic32c/8.3.1/../../../../pic32c/lib/thumb/v6-m/nofp\libc-musl.a(strncpy.o)
 .debug_loc     0x000182b6       0x8e c:/program files/microchip/xc32/v4.35/bin/bin/../../lib/gcc/pic32c/8.3.1/../../../../pic32c/lib/thumb/v6-m/nofp\libc-musl.a(strtok.o)
 .debug_loc     0x00018344      0x737 c:/program files/microchip/xc32/v4.35/bin/bin/../../lib/gcc/pic32c/8.3.1/../../../../pic32c/lib/thumb/v6-m/nofp\libc-musl.a(intscan.o)
 .debug_loc     0x00018a7b       0xa1 c:/program files/microchip/xc32/v4.35/bin/bin/../../lib/gcc/pic32c/8.3.1/../../../../pic32c/lib/thumb/v6-m/nofp\libc-musl.a(shgetc.o)
 .debug_loc     0x00018b1c       0x5f c:/program files/microchip/xc32/v4.35/bin/bin/../../lib/gcc/pic32c/8.3.1/../../../../pic32c/lib/thumb/v6-m/nofp\libc-musl.a(__uflow.o)
 .debug_loc     0x00018b7b       0xd0 c:/program files/microchip/xc32/v4.35/bin/bin/../../lib/gcc/pic32c/8.3.1/../../../../pic32c/lib/thumb/v6-m/nofp\libc-musl.a(vfprintf.o)
 .debug_loc     0x00018c4b       0x90 c:/program files/microchip/xc32/v4.35/bin/bin/../../lib/gcc/pic32c/8.3.1/../../../../pic32c/lib/thumb/v6-m/nofp\libc-musl.a(stpcpy.o)
 .debug_loc     0x00018cdb      0x17d c:/program files/microchip/xc32/v4.35/bin/bin/../../lib/gcc/pic32c/8.3.1/../../../../pic32c/lib/thumb/v6-m/nofp\libc-musl.a(stpncpy.o)
 .debug_loc     0x00018e58      0x126 c:/program files/microchip/xc32/v4.35/bin/bin/../../lib/gcc/pic32c/8.3.1/../../../../pic32c/lib/thumb/v6-m/nofp\libc-musl.a(strcspn.o)
 .debug_loc     0x00018f7e      0x119 c:/program files/microchip/xc32/v4.35/bin/bin/../../lib/gcc/pic32c/8.3.1/../../../../pic32c/lib/thumb/v6-m/nofp\libc-musl.a(strspn.o)
 .debug_loc     0x00019097       0x7f c:/program files/microchip/xc32/v4.35/bin/bin/../../lib/gcc/pic32c/8.3.1/../../../../pic32c/lib/thumb/v6-m/nofp\libc-musl.a(__toread.o)
 .debug_loc     0x00019116       0x6f c:/program files/microchip/xc32/v4.35/bin/bin/../../lib/gcc/pic32c/8.3.1/../../../../pic32c/lib/thumb/v6-m/nofp\libc-musl.a(__pop_float.o)
 .debug_loc     0x00019185      0x34c c:/program files/microchip/xc32/v4.35/bin/bin/../../lib/gcc/pic32c/8.3.1/../../../../pic32c/lib/thumb/v6-m/nofp\libc-musl.a(__pop_int.o)
 .debug_loc     0x000194d1      0x1fe c:/program files/microchip/xc32/v4.35/bin/bin/../../lib/gcc/pic32c/8.3.1/../../../../pic32c/lib/thumb/v6-m/nofp\libc-musl.a(__pop_ptr.o)
 .debug_loc     0x000196cf      0x6d9 c:/program files/microchip/xc32/v4.35/bin/bin/../../lib/gcc/pic32c/8.3.1/../../../../pic32c/lib/thumb/v6-m/nofp\libc-musl.a(__printf_core.o)
 .debug_loc     0x00019da8       0xdc c:/program files/microchip/xc32/v4.35/bin/bin/../../lib/gcc/pic32c/8.3.1/../../../../pic32c/lib/thumb/v6-m/nofp\libc-musl.a(atoi.o)
 .debug_loc     0x00019e84       0x8f c:/program files/microchip/xc32/v4.35/bin/bin/../../lib/gcc/pic32c/8.3.1/../../../../pic32c/lib/thumb/v6-m/nofp\libc-musl.a(tolower.o)
 .debug_loc     0x00019f13      0xd9a c:/program files/microchip/xc32/v4.35/bin/bin/../../lib/gcc/pic32c/8.3.1/../../../../pic32c/lib/thumb/v6-m/nofp\libc-musl.a(__fmt_a.o)
 .debug_loc     0x0001acad      0x2a6 c:/program files/microchip/xc32/v4.35/bin/bin/../../lib/gcc/pic32c/8.3.1/../../../../pic32c/lib/thumb/v6-m/nofp\libc-musl.a(__fmt_d.o)
 .debug_loc     0x0001af53      0xc94 c:/program files/microchip/xc32/v4.35/bin/bin/../../lib/gcc/pic32c/8.3.1/../../../../pic32c/lib/thumb/v6-m/nofp\libc-musl.a(__fmt_fp.o)
 .debug_loc     0x0001bbe7      0x12d c:/program files/microchip/xc32/v4.35/bin/bin/../../lib/gcc/pic32c/8.3.1/../../../../pic32c/lib/thumb/v6-m/nofp\libc-musl.a(__fmt_o.o)
 .debug_loc     0x0001bd14      0x144 c:/program files/microchip/xc32/v4.35/bin/bin/../../lib/gcc/pic32c/8.3.1/../../../../pic32c/lib/thumb/v6-m/nofp\libc-musl.a(__fmt_s.o)
 .debug_loc     0x0001be58      0x12d c:/program files/microchip/xc32/v4.35/bin/bin/../../lib/gcc/pic32c/8.3.1/../../../../pic32c/lib/thumb/v6-m/nofp\libc-musl.a(__fmt_u.o)
 .debug_loc     0x0001bf85      0x3be c:/program files/microchip/xc32/v4.35/bin/bin/../../lib/gcc/pic32c/8.3.1/../../../../pic32c/lib/thumb/v6-m/nofp\libc-musl.a(__fmt_x.o)
 .debug_loc     0x0001c343       0x8f c:/program files/microchip/xc32/v4.35/bin/bin/../../lib/gcc/pic32c/8.3.1/../../../../pic32c/lib/thumb/v6-m/nofp\libc-musl.a(toupper.o)
 .debug_loc     0x0001c3d2      0x1d4 c:/program files/microchip/xc32/v4.35/bin/bin/../../lib/gcc/pic32c/8.3.1/../../../../pic32c/lib/thumb/v6-m/nofp\libc-musl.a(__cvt_u.o)
 .debug_loc     0x0001c5a6      0x177 c:/program files/microchip/xc32/v4.35/bin/bin/../../lib/gcc/pic32c/8.3.1/thumb/v6-m/nofp\libgcc.a(_muldi3.o)
 .debug_loc     0x0001c71d      0x2e7 c:/program files/microchip/xc32/v4.35/bin/bin/../../lib/gcc/pic32c/8.3.1/thumb/v6-m/nofp\libgcc.a(_udivmoddi4.o)
 .debug_loc     0x0001ca04       0x14 c:/program files/microchip/xc32/v4.35/bin/bin/../../lib/gcc/pic32c/8.3.1/../../../../pic32c/lib/thumb/v6-m/nofp\libpic32c.a(pic32_data_init_copy.o)

.debug_aranges  0x00000000     0x1d08
 .debug_aranges
                0x00000000       0xe0 build/default/production/_ext/297566330/app_p2p_phy.o
 .debug_aranges
                0x000000e0      0x258 build/default/production/_ext/767817240/app_phy_cmd_processor.o
 .debug_aranges
                0x00000338       0x70 build/default/production/_ext/745501718/pal.o
 .debug_aranges
                0x000003a8       0x48 build/default/production/_ext/559172130/phy_init.o
 .debug_aranges
                0x000003f0       0x30 build/default/production/_ext/559172130/phy_pwr_mgmt.o
 .debug_aranges
                0x00000420       0x30 build/default/production/_ext/559172130/phy_irq_handler.o
 .debug_aranges
                0x00000450       0x30 build/default/production/_ext/559172130/phy_ed.o
 .debug_aranges
                0x00000480       0x58 build/default/production/_ext/559172130/tfa.o
 .debug_aranges
                0x000004d8       0x40 build/default/production/_ext/559172130/phy_pib.o
 .debug_aranges
                0x00000518       0x28 build/default/production/_ext/559172130/phy_rx.o
 .debug_aranges
                0x00000540       0x48 build/default/production/_ext/559172130/phy_tx.o
 .debug_aranges
                0x00000588       0x58 build/default/production/_ext/559172130/phy_trx_reg_access.o
 .debug_aranges
                0x000005e0       0x90 build/default/production/_ext/559172130/phy_helper.o
 .debug_aranges
                0x00000670       0x20 build/default/production/_ext/559172130/phy_rx_enable.o
 .debug_aranges
                0x00000690       0x70 build/default/production/_ext/559172130/phy.o
 .debug_aranges
                0x00000700       0x20 build/default/production/_ext/957911548/phy_ed_end_cb.o
 .debug_aranges
                0x00000720       0x38 build/default/production/_ext/957911548/phy_task.o
 .debug_aranges
                0x00000758       0x38 build/default/production/_ext/1374435801/bmm.o
 .debug_aranges
                0x00000790       0x40 build/default/production/_ext/874725666/qmm.o
 .debug_aranges
                0x000007d0       0x90 build/default/production/_ext/1529399856/osal_freertos.o
 .debug_aranges
                0x00000860       0x58 build/default/production/_ext/1529399856/osal_freertos_extend.o
 .debug_aranges
                0x000008b8       0x20 build/default/production/_ext/1984496892/plib_clock.o
 .debug_aranges
                0x000008d8       0x40 build/default/production/_ext/60167341/plib_eic.o
 .debug_aranges
                0x00000918       0x20 build/default/production/_ext/1986646378/plib_evsys.o
 .debug_aranges
                0x00000938       0x38 build/default/production/_ext/1865468468/plib_nvic.o
 .debug_aranges
                0x00000970       0xa0 build/default/production/_ext/1593096446/plib_nvmctrl.o
 .debug_aranges
                0x00000a10       0x58 build/default/production/_ext/829342769/plib_pm.o
 .debug_aranges
                0x00000a68       0x70 build/default/production/_ext/1865521619/plib_port.o
 .debug_aranges
                0x00000ad8       0x60 build/default/production/_ext/17022449/plib_sercom5_spi_master.o
 .debug_aranges
                0x00000b38       0xe8 build/default/production/_ext/504274921/plib_sercom3_usart.o
 .debug_aranges
                0x00000c20       0x78 build/default/production/_ext/829342655/plib_tc0.o
 .debug_aranges
                0x00000c98       0x28 build/default/production/_ext/1865643529/plib_trng.o
 .debug_aranges
                0x00000cc0       0xf0 build/default/production/_ext/1376093119/sys_command.o
 .debug_aranges
                0x00000db0       0x88 build/default/production/_ext/1832805299/sys_console.o
 .debug_aranges
                0x00000e38       0x70 build/default/production/_ext/1832805299/sys_console_uart.o
 .debug_aranges
                0x00000ea8       0x40 build/default/production/_ext/1881668453/sys_int.o
 .debug_aranges
                0x00000ee8       0x20 build/default/production/_ext/1000052432/sys_reset.o
 .debug_aranges
                0x00000f08      0x128 build/default/production/_ext/101884895/sys_time.o
 .debug_aranges
                0x00001030       0x28 build/default/production/_ext/1171490990/startup_xc32.o
 .debug_aranges
                0x00001058       0x40 build/default/production/_ext/1171490990/freertos_hooks.o
 .debug_aranges
                0x00001098       0x20 build/default/production/_ext/1171490990/interrupts.o
 .debug_aranges
                0x000010b8       0x20 build/default/production/_ext/1171490990/initialization.o
 .debug_aranges
                0x000010d8       0x28 build/default/production/_ext/1171490990/exceptions.o
 .debug_aranges
                0x00001100       0x40 build/default/production/_ext/1171490990/tasks.o
 .debug_aranges
                0x00001140       0x88 build/default/production/_ext/1624415188/port.o
 .debug_aranges
                0x000011c8       0x50 build/default/production/_ext/1665200909/heap_4.o
 .debug_aranges
                0x00001218      0x178 build/default/production/_ext/404212886/FreeRTOS_tasks.o
 .debug_aranges
                0x00001390       0x40 build/default/production/_ext/404212886/list.o
 .debug_aranges
                0x000013d0       0xf8 build/default/production/_ext/404212886/queue.o
 .debug_aranges
                0x000014c8       0x20 build/default/production/_ext/1360937237/main.o
 .debug_aranges
                0x000014e8       0x28 build/default/production/_ext/1360937237/app.o
 .debug_aranges
                0x00001510       0x28 c:/program files/microchip/xc32/v4.35/bin/bin/../../lib/gcc/pic32c/8.3.1/../../../../pic32c/lib/thumb/v6-m/nofp\libpic32c.a(data_init.o)
 .debug_aranges
                0x00001538       0x28 c:/program files/microchip/xc32/v4.35/bin/bin/../../lib/gcc/pic32c/8.3.1/../../../../pic32c/lib/thumb/v6-m/nofp\libc-musl.a(__libc_start_main.o)
 .debug_aranges
                0x00001560       0x18 c:/program files/microchip/xc32/v4.35/bin/bin/../../lib/gcc/pic32c/8.3.1/../../../../pic32c/lib/thumb/v6-m/nofp\libc-musl.a(__errno_location.o)
 .debug_aranges
                0x00001578       0x18 c:/program files/microchip/xc32/v4.35/bin/bin/../../lib/gcc/pic32c/8.3.1/../../../../pic32c/lib/thumb/v6-m/nofp\libc-musl.a(libc.o)
 .debug_aranges
                0x00001590       0x70 c:/program files/microchip/xc32/v4.35/bin/bin/../../lib/gcc/pic32c/8.3.1/../../../../pic32c/lib/thumb/v6-m/nofp\libc-musl.a(malloc.o)
 .debug_aranges
                0x00001600       0x28 c:/program files/microchip/xc32/v4.35/bin/bin/../../lib/gcc/pic32c/8.3.1/../../../../pic32c/lib/thumb/v6-m/nofp\libc-musl.a(rand.o)
 .debug_aranges
                0x00001628       0x20 c:/program files/microchip/xc32/v4.35/bin/bin/../../lib/gcc/pic32c/8.3.1/../../../../pic32c/lib/thumb/v6-m/nofp\libc-musl.a(vsnprintf.o)
 .debug_aranges
                0x00001648       0x20 c:/program files/microchip/xc32/v4.35/bin/bin/../../lib/gcc/pic32c/8.3.1/../../../../pic32c/lib/thumb/v6-m/nofp\libc-musl.a(sprintf.o)
 .debug_aranges
                0x00001668       0x20 c:/program files/microchip/xc32/v4.35/bin/bin/../../lib/gcc/pic32c/8.3.1/../../../../pic32c/lib/thumb/v6-m/nofp\libc-musl.a(vsprintf.o)
 .debug_aranges
                0x00001688       0x50 c:/program files/microchip/xc32/v4.35/bin/bin/../../lib/gcc/pic32c/8.3.1/../../../../pic32c/lib/thumb/v6-m/nofp\libc-musl.a(strtol.o)
 .debug_aranges
                0x000016d8       0x20 c:/program files/microchip/xc32/v4.35/bin/bin/../../lib/gcc/pic32c/8.3.1/../../../../pic32c/lib/thumb/v6-m/nofp\libc-musl.a(memcpy.o)
 .debug_aranges
                0x000016f8       0x20 c:/program files/microchip/xc32/v4.35/bin/bin/../../lib/gcc/pic32c/8.3.1/../../../../pic32c/lib/thumb/v6-m/nofp\libc-musl.a(memset.o)
 .debug_aranges
                0x00001718       0x20 c:/program files/microchip/xc32/v4.35/bin/bin/../../lib/gcc/pic32c/8.3.1/../../../../pic32c/lib/thumb/v6-m/nofp\libc-musl.a(strlen.o)
 .debug_aranges
                0x00001738       0x20 c:/program files/microchip/xc32/v4.35/bin/bin/../../lib/gcc/pic32c/8.3.1/../../../../pic32c/lib/thumb/v6-m/nofp\libc-musl.a(strchr.o)
 .debug_aranges
                0x00001758       0x20 c:/program files/microchip/xc32/v4.35/bin/bin/../../lib/gcc/pic32c/8.3.1/../../../../pic32c/lib/thumb/v6-m/nofp\libc-musl.a(strchrnul.o)
 .debug_aranges
                0x00001778       0x20 c:/program files/microchip/xc32/v4.35/bin/bin/../../lib/gcc/pic32c/8.3.1/../../../../pic32c/lib/thumb/v6-m/nofp\libc-musl.a(strcmp.o)
 .debug_aranges
                0x00001798       0x20 c:/program files/microchip/xc32/v4.35/bin/bin/../../lib/gcc/pic32c/8.3.1/../../../../pic32c/lib/thumb/v6-m/nofp\libc-musl.a(strcpy.o)
 .debug_aranges
                0x000017b8       0x20 c:/program files/microchip/xc32/v4.35/bin/bin/../../lib/gcc/pic32c/8.3.1/../../../../pic32c/lib/thumb/v6-m/nofp\libc-musl.a(strncmp.o)
 .debug_aranges
                0x000017d8       0x20 c:/program files/microchip/xc32/v4.35/bin/bin/../../lib/gcc/pic32c/8.3.1/../../../../pic32c/lib/thumb/v6-m/nofp\libc-musl.a(strncpy.o)
 .debug_aranges
                0x000017f8       0x20 c:/program files/microchip/xc32/v4.35/bin/bin/../../lib/gcc/pic32c/8.3.1/../../../../pic32c/lib/thumb/v6-m/nofp\libc-musl.a(strtok.o)
 .debug_aranges
                0x00001818       0x18 c:/program files/microchip/xc32/v4.35/bin/bin/../../lib/gcc/pic32c/8.3.1/../../../../pic32c/lib/thumb/v6-m/nofp\libc-musl.a(__environ.o)
 .debug_aranges
                0x00001830       0x20 c:/program files/microchip/xc32/v4.35/bin/bin/../../lib/gcc/pic32c/8.3.1/../../../../pic32c/lib/thumb/v6-m/nofp\libc-musl.a(intscan.o)
 .debug_aranges
                0x00001850       0x28 c:/program files/microchip/xc32/v4.35/bin/bin/../../lib/gcc/pic32c/8.3.1/../../../../pic32c/lib/thumb/v6-m/nofp\libc-musl.a(shgetc.o)
 .debug_aranges
                0x00001878       0x20 c:/program files/microchip/xc32/v4.35/bin/bin/../../lib/gcc/pic32c/8.3.1/../../../../pic32c/lib/thumb/v6-m/nofp\libc-musl.a(__uflow.o)
 .debug_aranges
                0x00001898       0x28 c:/program files/microchip/xc32/v4.35/bin/bin/../../lib/gcc/pic32c/8.3.1/../../../../pic32c/lib/thumb/v6-m/nofp\libc-musl.a(vfprintf.o)
 .debug_aranges
                0x000018c0       0x20 c:/program files/microchip/xc32/v4.35/bin/bin/../../lib/gcc/pic32c/8.3.1/../../../../pic32c/lib/thumb/v6-m/nofp\libc-musl.a(stpcpy.o)
 .debug_aranges
                0x000018e0       0x20 c:/program files/microchip/xc32/v4.35/bin/bin/../../lib/gcc/pic32c/8.3.1/../../../../pic32c/lib/thumb/v6-m/nofp\libc-musl.a(stpncpy.o)
 .debug_aranges
                0x00001900       0x20 c:/program files/microchip/xc32/v4.35/bin/bin/../../lib/gcc/pic32c/8.3.1/../../../../pic32c/lib/thumb/v6-m/nofp\libc-musl.a(strcspn.o)
 .debug_aranges
                0x00001920       0x20 c:/program files/microchip/xc32/v4.35/bin/bin/../../lib/gcc/pic32c/8.3.1/../../../../pic32c/lib/thumb/v6-m/nofp\libc-musl.a(strspn.o)
 .debug_aranges
                0x00001940       0x28 c:/program files/microchip/xc32/v4.35/bin/bin/../../lib/gcc/pic32c/8.3.1/../../../../pic32c/lib/thumb/v6-m/nofp\libc-musl.a(__toread.o)
 .debug_aranges