Archive member included to satisfy reference by file (symbol)

c:/program files/microchip/xc32/v4.35/bin/bin/../../lib/gcc/pic32c/8.3.1/../../../../pic32c/lib/thumb/v6-m/nofp\libpic32c.a(data_init.o)
                              build/default/production/_ext/1171490990/startup_xc32.o (__pic32c_data_initialization)
c:/program files/microchip/xc32/v4.35/bin/bin/../../lib/gcc/pic32c/8.3.1/../../../../pic32c/lib/thumb/v6-m/nofp\libm-fast-emfloat.a(__aeabi_fadd.o)
                              build/default/production/_ext/559172130/phy_helper.o (__aeabi_fadd)
c:/program files/microchip/xc32/v4.35/bin/bin/../../lib/gcc/pic32c/8.3.1/../../../../pic32c/lib/thumb/v6-m/nofp\libm-fast-emfloat.a(__aeabi_dadd.o)
                              build/default/production/_ext/559172130/phy_helper.o (__aeabi_dadd)
c:/program files/microchip/xc32/v4.35/bin/bin/../../lib/gcc/pic32c/8.3.1/../../../../pic32c/lib/thumb/v6-m/nofp\libm-fast-emfloat.a(__aeabi_fsub.o)
                              build/default/production/_ext/559172130/phy_helper.o (__aeabi_fsub)
c:/program files/microchip/xc32/v4.35/bin/bin/../../lib/gcc/pic32c/8.3.1/../../../../pic32c/lib/thumb/v6-m/nofp\libm-fast-emfloat.a(__aeabi_dmul_aux.o)
                              build/default/production/_ext/559172130/phy_helper.o (__aeabi_dmul)
c:/program files/microchip/xc32/v4.35/bin/bin/../../lib/gcc/pic32c/8.3.1/../../../../pic32c/lib/thumb/v6-m/nofp\libm-fast-emfloat.a(__aeabi_fcmpgt.o)
                              build/default/production/_ext/559172130/phy_helper.o (__aeabi_fcmpgt)
c:/program files/microchip/xc32/v4.35/bin/bin/../../lib/gcc/pic32c/8.3.1/../../../../pic32c/lib/thumb/v6-m/nofp\libm-fast-emfloat.a(__aeabi_fcmplt.o)
                              build/default/production/_ext/559172130/phy_helper.o (__aeabi_fcmplt)
c:/program files/microchip/xc32/v4.35/bin/bin/../../lib/gcc/pic32c/8.3.1/../../../../pic32c/lib/thumb/v6-m/nofp\libm-fast-emfloat.a(__aeabi_f2iz.o)
                              build/default/production/_ext/559172130/phy_helper.o (__aeabi_f2iz)
c:/program files/microchip/xc32/v4.35/bin/bin/../../lib/gcc/pic32c/8.3.1/../../../../pic32c/lib/thumb/v6-m/nofp\libm-fast-emfloat.a(__aeabi_f2uiz.o)
                              build/default/production/_ext/559172130/phy_helper.o (__aeabi_f2uiz)
c:/program files/microchip/xc32/v4.35/bin/bin/../../lib/gcc/pic32c/8.3.1/../../../../pic32c/lib/thumb/v6-m/nofp\libm-fast-emfloat.a(__aeabi_ui2f.o)
                              build/default/production/_ext/559172130/phy_helper.o (__aeabi_ui2f)
c:/program files/microchip/xc32/v4.35/bin/bin/../../lib/gcc/pic32c/8.3.1/../../../../pic32c/lib/thumb/v6-m/nofp\libm-fast-emfloat.a(__aeabi_f2d.o)
                              build/default/production/_ext/559172130/phy_helper.o (__aeabi_f2d)
c:/program files/microchip/xc32/v4.35/bin/bin/../../lib/gcc/pic32c/8.3.1/../../../../pic32c/lib/thumb/v6-m/nofp\libm-fast-emfloat.a(__aeabi_d2f.o)
                              build/default/production/_ext/559172130/phy_helper.o (__aeabi_d2f)
c:/program files/microchip/xc32/v4.35/bin/bin/../../lib/gcc/pic32c/8.3.1/../../../../pic32c/lib/thumb/v6-m/nofp\libc-musl.a(__libc_start_main.o)
                              build/default/production/_ext/1171490990/startup_xc32.o (__libc_init_array)
c:/program files/microchip/xc32/v4.35/bin/bin/../../lib/gcc/pic32c/8.3.1/../../../../pic32c/lib/thumb/v6-m/nofp\libc-musl.a(libc.o)
                              c:/program files/microchip/xc32/v4.35/bin/bin/../../lib/gcc/pic32c/8.3.1/../../../../pic32c/lib/thumb/v6-m/nofp\libc-musl.a(__libc_start_main.o) (__progname_full)
c:/program files/microchip/xc32/v4.35/bin/bin/../../lib/gcc/pic32c/8.3.1/../../../../pic32c/lib/thumb/v6-m/nofp\libc-musl.a(rand.o)
                              build/default/production/_ext/559172130/phy_init.o (srand)
c:/program files/microchip/xc32/v4.35/bin/bin/../../lib/gcc/pic32c/8.3.1/../../../../pic32c/lib/thumb/v6-m/nofp\libc-musl.a(vsnprintf.o)
                              build/default/production/_ext/1832805299/sys_console.o (vsnprintf)
c:/program files/microchip/xc32/v4.35/bin/bin/../../lib/gcc/pic32c/8.3.1/../../../../pic32c/lib/thumb/v6-m/nofp\libc-musl.a(memcpy.o)
                              build/default/production/_ext/1655452824/mac_process_beacon_frame.o (memcpy)
c:/program files/microchip/xc32/v4.35/bin/bin/../../lib/gcc/pic32c/8.3.1/../../../../pic32c/lib/thumb/v6-m/nofp\libc-musl.a(memset.o)
                              build/default/production/_ext/404212886/FreeRTOS_tasks.o (memset)
c:/program files/microchip/xc32/v4.35/bin/bin/../../lib/gcc/pic32c/8.3.1/../../../../pic32c/lib/thumb/v6-m/nofp\libc-musl.a(strlen.o)
                              build/default/production/_ext/1832805299/sys_console.o (strlen)
c:/program files/microchip/xc32/v4.35/bin/bin/../../lib/gcc/pic32c/8.3.1/../../../../pic32c/lib/thumb/v6-m/nofp\libc-musl.a(__environ.o)
[...]
Memory Configuration

Name             Origin             Length             Attributes
rom              0x00000000         0x00040000         xrl
ram              0x20000000         0x00008000         xw !r
config_01004000  0x01004000         0x00000004
config_01004004  0x01004004         0x00000004
*default*        0x00000000         0xffffffff

Linker script and memory map

LOAD c:/program files/microchip/xc32/v4.35/bin/bin/../../lib/gcc/pic32c/8.3.1/thumb/v6-m/nofp/crti.o
LOAD c:/program files/microchip/xc32/v4.35/bin/bin/../../lib/gcc/pic32c/8.3.1/thumb/v6-m/nofp/crtbegin.o
LOAD build/default/production/_ext/1171490990/exceptions.o
LOAD build/default/production/_ext/1655452824/mac_task.o
LOAD build/default/production/_ext/1655452824/mac_process_beacon_frame.o
LOAD build/default/production/_ext/1171490990/freertos_hooks.o
LOAD build/default/production/_ext/1655452824/usr_mcps_purge_conf.o
LOAD build/default/production/_ext/1865468468/plib_nvic.o
LOAD build/default/production/_ext/1655452824/mac_sync.o
LOAD build/default/production/_ext/559172130/phy_init.o
LOAD build/default/production/_ext/60167341/plib_eic.o
LOAD build/default/production/_ext/1655452824/mac_data_req.o
LOAD build/default/production/_ext/404212886/FreeRTOS_tasks.o
LOAD build/default/production/_ext/1171490990/interrupts.o
LOAD build/default/production/_ext/1655452824/usr_mlme_get_conf.o
LOAD build/default/production/_ext/1655452824/usr_mlme_set_conf.o
LOAD build/default/production/_ext/1655452824/mac_dispatcher.o
LOAD build/default/production/_ext/829342655/plib_tc3.o
LOAD build/default/production/_ext/1655452824/mac_security.o
LOAD build/default/production/_ext/1655452824/mac_data_extract_mhr.o
LOAD build/default/production/_ext/1881668453/sys_int.o
LOAD build/default/production/_ext/559172130/phy_rx_enable.o
LOAD build/default/production/_ext/1655452824/usr_mlme_beacon_notify_ind.o
LOAD build/default/production/_ext/1655452824/usr_mlme_sync_loss_ind.o
LOAD build/default/production/_ext/163028504/xc32_monitor.o
LOAD build/default/production/_ext/1529399856/osal_freertos_extend.o
LOAD build/default/production/_ext/101884895/sys_time.o
LOAD build/default/production/_ext/1655452824/usr_mlme_comm_status_ind.o
LOAD build/default/production/_ext/1171490990/libc_syscalls.o
LOAD build/default/production/_ext/957911548/phy_tx_frame_done_cb.o
LOAD build/default/production/_ext/1865521619/plib_port.o
LOAD build/default/production/_ext/559172130/phy_pwr_mgmt.o
LOAD build/default/production/_ext/1655452824/mac_tx_coord_realignment_command.o
LOAD build/default/production/_ext/559172130/phy_tx.o
LOAD build/default/production/_ext/17022449/plib_sercom4_spi_master.o
LOAD build/default/production/_ext/1655452824/mac_associate.o
LOAD build/default/production/_ext/1655452824/mac_pib.o
LOAD build/default/production/_ext/1171490990/startup_xc32.o
LOAD build/default/production/_ext/1655452824/usr_mlme_rx_enable_conf.o
LOAD build/default/production/_ext/1655452824/mac_beacon.o
LOAD build/default/production/_ext/1832805299/sys_console.o
LOAD build/default/production/_ext/1360937237/app.o
LOAD build/default/production/_ext/559172130/tfa.o
LOAD build/default/production/_ext/1655452824/mac_rx_enable.o
LOAD build/default/production/_ext/1655452824/mac.o
LOAD build/default/production/_ext/1360937237/main.o
LOAD build/default/production/_ext/1984496892/plib_clock.o
LOAD build/default/production/_ext/957911548/phy_task.o
LOAD build/default/production/_ext/1529399856/osal_freertos.o
LOAD build/default/production/_ext/559172130/phy_pib.o
LOAD build/default/production/_ext/1655452824/mac_disassociate.o
LOAD build/default/production/_ext/1655452824/mac_orphan.o
LOAD build/default/production/_ext/1832805299/sys_console_uart.o
LOAD build/default/production/_ext/1593096446/plib_nvmctrl.o
LOAD build/default/production/_ext/1655452824/usr_mlme_start_conf.o
LOAD build/default/production/_ext/1655452824/usr_mlme_disassociate_ind.o
LOAD build/default/production/_ext/559172130/phy.o
LOAD build/default/production/_ext/1655452824/mac_process_phy_tx_frame_status.o
LOAD build/default/production/_ext/1171490990/initialization.o
LOAD build/default/production/_ext/1171490990/tasks.o
LOAD build/default/production/_ext/1374435801/bmm.o
LOAD build/default/production/_ext/1986646378/plib_evsys.o
LOAD build/default/production/_ext/1655452824/mac_callback_wrapper.o
LOAD build/default/production/_ext/957911548/phy_rx_frame_cb.o
LOAD build/default/production/_ext/1655452824/mac_api.o
LOAD build/default/production/_ext/1655452824/mac_misc.o
LOAD build/default/production/_ext/1655452824/usr_mlme_disassociate_conf.o
LOAD build/default/production/_ext/1655452824/usr_mcps_data_conf.o
LOAD build/default/production/_ext/1655452824/usr_mlme_associate_ind.o
LOAD build/default/production/_ext/559172130/phy_helper.o
LOAD build/default/production/_ext/504274921/plib_sercom0_usart.o
LOAD build/default/production/_ext/559172130/phy_irq_handler.o
LOAD build/default/production/_ext/1360937237/app_idle_task.o
LOAD build/default/production/_ext/1655452824/mac_mcps_data.o
LOAD build/default/production/_ext/1655452824/usr_mlme_poll_conf.o
LOAD build/default/production/_ext/404212886/timers.o
LOAD build/default/production/_ext/404212886/queue.o
LOAD build/default/production/_ext/1655452824/mac_data_ind.o
LOAD build/default/production/_ext/404212886/event_groups.o
LOAD build/default/production/_ext/1655452824/usr_mlme_reset_conf.o
LOAD build/default/production/_ext/1655452824/mac_scan.o
LOAD build/default/production/_ext/559172130/phy_trx_reg_access.o
LOAD build/default/production/_ext/1655452824/usr_mlme_associate_conf.o
LOAD build/default/production/_ext/1624415188/port.o
LOAD build/default/production/_ext/1655452824/mac_poll.o
LOAD build/default/production/_ext/559172130/phy_ed.o
LOAD build/default/production/_ext/404212886/croutine.o
LOAD build/default/production/_ext/1655452824/usr_mcps_data_ind.o
LOAD build/default/production/_ext/404212886/list.o
LOAD build/default/production/_ext/745501718/pal.o
LOAD build/default/production/_ext/404212886/stream_buffer.o
LOAD build/default/production/_ext/1655452824/mac_start.o
LOAD build/default/production/_ext/1655452824/usr_mlme_scan_conf.o
LOAD build/default/production/_ext/1655452824/usr_mlme_orphan_ind.o
LOAD build/default/production/_ext/874725666/qmm.o
LOAD build/default/production/_ext/559172130/phy_rx.o
LOAD build/default/production/_ext/957911548/phy_ed_end_cb.o
LOAD build/default/production/_ext/1665200909/heap_4.o
LOAD build/default/production/_ext/85628700/demo_app_ffd.o
LOAD build/default/production/_ext/85628700/demo_app_security.o
LOAD build/default/production/_ext/85628700/usr_mac_callbacks.o
                0x00000001                __MPLAB_BUILD = 0x1
                0x00040000                __rom_end = (ORIGIN (rom) + LENGTH (rom))
                0x20008000                __ram_end = (ORIGIN (ram) + LENGTH (ram))

.config_01004000
 *(.config_01004000)

.config_01004004
 *(.config_01004004)

.vectors        0x00000000       0xac
                0x00000000                . = ALIGN (0x4)
                0x00000000                _sfixed = .
 *(.vectors .vectors.* .vectors_default .vectors_default.*)
 .vectors.exception_table
                0x00000000       0xac build/default/production/_ext/1171490990/interrupts.o
                0x00000000                exception_table
 *(.isr_vector)
 *(.reset*)
 *(.after_vectors)

.text           0x000000ac       0x20
                0x000000ac                . = ALIGN (0x4)
 *(.glue_7t)
 .glue_7t       0x000000ac        0x0 linker stubs
 *(.glue_7)
 .glue_7        0x000000ac        0x0 linker stubs
 *(.gnu.linkonce.r.*)
 *(.ARM.extab* .gnu.linkonce.armextab.*)
                0x000000ac                . = ALIGN (0x4)
 *(.init)
 .init          0x000000ac        0x4 c:/program files/microchip/xc32/v4.35/bin/bin/../../lib/gcc/pic32c/8.3.1/thumb/v6-m/nofp/crti.o
                0x000000ac                _init
 .init          0x000000b0        0x8 c:/program files/microchip/xc32/v4.35/bin/bin/../../lib/gcc/pic32c/8.3.1/thumb/v6-m/nofp/crtn.o
                0x000000b8                . = ALIGN (0x4)
                0x000000b8                __preinit_array_start = .
 *(.preinit_array)
                0x000000b8                __preinit_array_end = .
                0x000000b8                . = ALIGN (0x4)
                0x000000b8                __init_array_start = .
 *(SORT_BY_NAME(.init_array.*))
 *(.init_array)
 .init_array    0x000000b8        0x4 c:/program files/microchip/xc32/v4.35/bin/bin/../../lib/gcc/pic32c/8.3.1/thumb/v6-m/nofp/crtbegin.o
                0x000000bc                __init_array_end = .
                0x000000bc                . = ALIGN (0x4)
 *crtbegin.o(.ctors)
 *(EXCLUDE_FILE(*crtend.o) .ctors)
 *(SORT_BY_NAME(.ctors.*))
 *crtend.o(.ctors)
                0x000000bc                . = ALIGN (0x4)
 *(.fini)
 .fini          0x000000bc        0x4 c:/program files/microchip/xc32/v4.35/bin/bin/../../lib/gcc/pic32c/8.3.1/thumb/v6-m/nofp/crti.o
                0x000000bc                _fini
 .fini          0x000000c0        0x8 c:/program files/microchip/xc32/v4.35/bin/bin/../../lib/gcc/pic32c/8.3.1/thumb/v6-m/nofp/crtn.o
                0x000000c8                . = ALIGN (0x4)
                0x000000c8                __fini_array_start = .
 *(.fini_array)
 .fini_array    0x000000c8        0x4 c:/program files/microchip/xc32/v4.35/bin/bin/../../lib/gcc/pic32c/8.3.1/thumb/v6-m/nofp/crtbegin.o
 *(SORT_BY_NAME(.fini_array.*))
                0x000000cc                __fini_array_end = .
 *crtbegin.o(.dtors)
 *(EXCLUDE_FILE(*crtend.o) .dtors)
 *(SORT_BY_NAME(.dtors.*))
 *crtend.o(.dtors)
                0x000000cc                . = ALIGN (0x4)
                0x000000cc                _efixed = .
                [!provide]                PROVIDE (__exidx_start = .)

.ARM.exidx      0x000000cc        0x8
 *(.ARM.exidx* .gnu.linkonce.armexidx.*)
 .ARM.exidx     0x000000cc        0x8 c:/program files/microchip/xc32/v4.35/bin/bin/../../lib/gcc/pic32c/8.3.1/thumb/v6-m/nofp\libgcc.a(_udivmoddi4.o)
                [!provide]                PROVIDE (__exidx_end = .)
                0x000000d4                . = ALIGN (0x4)
                0x000000d4                _etext = .

.bss            0x20000000        0x0
                0x20000000                . = ALIGN (0x4)
                0x20000000                __bss_start__ = .
                0x20000000                _sbss = .
                0x20000000                _szero = .
 *(COMMON)
                0x20000000                . = ALIGN (0x4)
                0x20000000                __bss_end__ = .
                0x20000000                _ebss = .
                0x20000000                _ezero = .
                0x20000000                . = ALIGN (0x4)
                0x20000000                _end = .
                0x20007fff                _ram_end_ = ((ORIGIN (ram) + LENGTH (ram)) - 0x1)
                0x00000200                _min_heap_size = 0x200
START GROUP
LOAD c:/program files/microchip/xc32/v4.35/bin/bin/../../lib/gcc/pic32c/8.3.1/../../../../pic32c/lib/thumb/v6-m/nofp\libpic32c.a
LOAD c:/program files/microchip/xc32/v4.35/bin/bin/../../lib/gcc/pic32c/8.3.1/../../../../pic32c/lib/thumb/v6-m/nofp\libm-fast-emfloat.a
LOAD c:/program files/microchip/xc32/v4.35/bin/bin/../../lib/gcc/pic32c/8.3.1/../../../../pic32c/lib/thumb/v6-m/nofp\libc-musl.a
LOAD c:/program files/microchip/xc32/v4.35/bin/bin/../../lib/gcc/pic32c/8.3.1/../../../../pic32c/lib/thumb/v6-m/nofp\libm-fast-emfloat.a
LOAD c:/program files/microchip/xc32/v4.35/bin/bin/../../lib/gcc/pic32c/8.3.1/thumb/v6-m/nofp\libgcc.a
END GROUP
LOAD c:/program files/microchip/xc32/v4.35/bin/bin/../../lib/gcc/pic32c/8.3.1/thumb/v6-m/nofp/crtend.o
LOAD c:/program files/microchip/xc32/v4.35/bin/bin/../../lib/gcc/pic32c/8.3.1/thumb/v6-m/nofp/crtn.o
OUTPUT(dist/default/production/Project.X.production.elf elf32-littlearm)
LOAD data_init
LOAD stack

.ARM.attributes
                0x00000000       0x2a
 .ARM.attributes
                0x00000000       0x1e c:/program files/microchip/xc32/v4.35/bin/bin/../../lib/gcc/pic32c/8.3.1/thumb/v6-m/nofp/crti.o
 .ARM.attributes
                0x0000001e       0x2c c:/program files/microchip/xc32/v4.35/bin/bin/../../lib/gcc/pic32c/8.3.1/thumb/v6-m/nofp/crtbegin.o
 .ARM.attributes
                0x0000004a       0x2c build/default/production/_ext/1171490990/exceptions.o
 .ARM.attributes
                0x00000076       0x2c build/default/production/_ext/1655452824/mac_task.o
 .ARM.attributes
                0x000000a2       0x2c build/default/production/_ext/1655452824/mac_process_beacon_frame.o
 .ARM.attributes
                0x000000ce       0x2c build/default/production/_ext/1171490990/freertos_hooks.o
 .ARM.attributes
                0x000000fa       0x2c build/default/production/_ext/1865468468/plib_nvic.o
 .ARM.attributes
                0x00000126       0x2c build/default/production/_ext/1655452824/mac_sync.o
 .ARM.attributes
                0x00000152       0x2c build/default/production/_ext/559172130/phy_init.o
 .ARM.attributes
                0x0000017e       0x2c build/default/production/_ext/60167341/plib_eic.o
 .ARM.attributes
                0x000001aa       0x2c build/default/production/_ext/1655452824/mac_data_req.o
 .ARM.attributes
                0x000001d6       0x2c build/default/production/_ext/404212886/FreeRTOS_tasks.o
 .ARM.attributes
                0x00000202       0x2c build/default/production/_ext/1171490990/interrupts.o
 .ARM.attributes
                0x0000022e       0x2c build/default/production/_ext/1655452824/mac_dispatcher.o
 .ARM.attributes
                0x0000025a       0x2c build/default/production/_ext/829342655/plib_tc3.o
 .ARM.attributes
                0x00000286       0x2c build/default/production/_ext/1655452824/mac_data_extract_mhr.o
 .ARM.attributes
                0x000002b2       0x2c build/default/production/_ext/1881668453/sys_int.o
 .ARM.attributes
                0x000002de       0x2c build/default/production/_ext/559172130/phy_rx_enable.o
 .ARM.attributes
                0x0000030a       0x2c build/default/production/_ext/1655452824/usr_mlme_sync_loss_ind.o
 .ARM.attributes
                0x00000336       0x2c build/default/production/_ext/1529399856/osal_freertos_extend.o
 .ARM.attributes
                0x00000362       0x2c build/default/production/_ext/101884895/sys_time.o
 .ARM.attributes
                0x0000038e       0x2c build/default/production/_ext/1865521619/plib_port.o
 .ARM.attributes
                0x000003ba       0x2c build/default/production/_ext/559172130/phy_pwr_mgmt.o
 .ARM.attributes
                0x000003e6       0x2c build/default/production/_ext/1655452824/mac_tx_coord_realignment_command.o
 .ARM.attributes
                0x00000412       0x2c build/default/production/_ext/559172130/phy_tx.o
 .ARM.attributes
                0x0000043e       0x2c build/default/production/_ext/17022449/plib_sercom4_spi_master.o
 .ARM.attributes
                0x0000046a       0x2c build/default/production/_ext/1655452824/mac_associate.o
 .ARM.attributes
                0x00000496       0x2c build/default/production/_ext/1655452824/mac_pib.o
 .ARM.attributes
                0x000004c2       0x2c build/default/production/_ext/1171490990/startup_xc32.o
 .ARM.attributes
                0x000004ee       0x2c build/default/production/_ext/1655452824/mac_beacon.o
 .ARM.attributes
                0x0000051a       0x2c build/default/production/_ext/1832805299/sys_console.o
 .ARM.attributes
                0x00000546       0x2c build/default/production/_ext/1360937237/app.o
 .ARM.attributes
                0x00000572       0x2c build/default/production/_ext/1655452824/mac_rx_enable.o
 .ARM.attributes
                0x0000059e       0x2c build/default/production/_ext/1655452824/mac.o
 .ARM.attributes
                0x000005ca       0x2c build/default/production/_ext/1360937237/main.o
 .ARM.attributes
                0x000005f6       0x2c build/default/production/_ext/1984496892/plib_clock.o
 .ARM.attributes
                0x00000622       0x2c build/default/production/_ext/957911548/phy_task.o
 .ARM.attributes
                0x0000064e       0x2c build/default/production/_ext/1529399856/osal_freertos.o
 .ARM.attributes
                0x0000067a       0x2c build/default/production/_ext/559172130/phy_pib.o
 .ARM.attributes
                0x000006a6       0x2c build/default/production/_ext/1655452824/mac_disassociate.o
 .ARM.attributes
                0x000006d2       0x2c build/default/production/_ext/1655452824/mac_orphan.o
 .ARM.attributes
                0x000006fe       0x2c build/default/production/_ext/1832805299/sys_console_uart.o
 .ARM.attributes
                0x0000072a       0x2c build/default/production/_ext/1593096446/plib_nvmctrl.o
 .ARM.attributes
                0x00000756       0x2c build/default/production/_ext/559172130/phy.o
 .ARM.attributes
                0x00000782       0x2c build/default/production/_ext/1655452824/mac_process_phy_tx_frame_status.o
 .ARM.attributes
                0x000007ae       0x2c build/default/production/_ext/1171490990/initialization.o
 .ARM.attributes
                0x000007da       0x2c build/default/production/_ext/1171490990/tasks.o
 .ARM.attributes
                0x00000806       0x2c build/default/production/_ext/1374435801/bmm.o
 .ARM.attributes
                0x00000832       0x2c build/default/production/_ext/1655452824/mac_callback_wrapper.o
 .ARM.attributes
                0x0000085e       0x2c build/default/production/_ext/1655452824/mac_api.o
 .ARM.attributes
                0x0000088a       0x2c build/default/production/_ext/1655452824/mac_misc.o
 .ARM.attributes
                0x000008b6       0x2c build/default/production/_ext/559172130/phy_helper.o
 .ARM.attributes
                0x000008e2       0x2c build/default/production/_ext/504274921/plib_sercom0_usart.o
 .ARM.attributes
                0x0000090e       0x2c build/default/production/_ext/559172130/phy_irq_handler.o
 .ARM.attributes
                0x0000093a       0x2c build/default/production/_ext/1655452824/mac_mcps_data.o
 .ARM.attributes
                0x00000966       0x2c build/default/production/_ext/404212886/timers.o
 .ARM.attributes
                0x00000992       0x2c build/default/production/_ext/404212886/queue.o
 .ARM.attributes
                0x000009be       0x2c build/default/production/_ext/1655452824/mac_data_ind.o
 .ARM.attributes
                0x000009ea       0x2c build/default/production/_ext/1655452824/mac_scan.o
 .ARM.attributes
                0x00000a16       0x2c build/default/production/_ext/559172130/phy_trx_reg_access.o
 .ARM.attributes
                0x00000a42       0x2c build/default/production/_ext/1624415188/port.o
 .ARM.attributes
                0x00000a6e       0x2c build/default/production/_ext/1655452824/mac_poll.o
 .ARM.attributes
                0x00000a9a       0x2c build/default/production/_ext/559172130/phy_ed.o
 .ARM.attributes
                0x00000ac6       0x2c build/default/production/_ext/404212886/list.o
 .ARM.attributes
                0x00000af2       0x2c build/default/production/_ext/745501718/pal.o
 .ARM.attributes
                0x00000b1e       0x2c build/default/production/_ext/1655452824/mac_start.o
 .ARM.attributes
                0x00000b4a       0x2c build/default/production/_ext/874725666/qmm.o
 .ARM.attributes
                0x00000b76       0x2c build/default/production/_ext/559172130/phy_rx.o
 .ARM.attributes
                0x00000ba2       0x2c build/default/production/_ext/1665200909/heap_4.o
 .ARM.attributes
                0x00000bce       0x2c build/default/production/_ext/85628700/demo_app_ffd.o
 .ARM.attributes
                0x00000bfa       0x2c build/default/production/_ext/85628700/usr_mac_callbacks.o
 .ARM.attributes
                0x00000c26       0x2c c:/program files/microchip/xc32/v4.35/bin/bin/../../lib/gcc/pic32c/8.3.1/../../../../pic32c/lib/thumb/v6-m/nofp\libpic32c.a(data_init.o)
 .ARM.attributes
                0x00000c52       0x1c c:/program files/microchip/xc32/v4.35/bin/bin/../../lib/gcc/pic32c/8.3.1/../../../../pic32c/lib/thumb/v6-m/nofp\libm-fast-emfloat.a(__aeabi_dadd.o)
 .ARM.attributes
                0x00000c6e       0x1c c:/program files/microchip/xc32/v4.35/bin/bin/../../lib/gcc/pic32c/8.3.1/../../../../pic32c/lib/thumb/v6-m/nofp\libm-fast-emfloat.a(__aeabi_dmul_aux.o)
 .ARM.attributes
                0x00000c8a       0x2e c:/program files/microchip/xc32/v4.35/bin/bin/../../lib/gcc/pic32c/8.3.1/../../../../pic32c/lib/thumb/v6-m/nofp\libc-musl.a(__libc_start_main.o)
 .ARM.attributes
                0x00000cb8       0x2e c:/program files/microchip/xc32/v4.35/bin/bin/../../lib/gcc/pic32c/8.3.1/../../../../pic32c/lib/thumb/v6-m/nofp\libc-musl.a(libc.o)
 .ARM.attributes
                0x00000ce6       0x2e c:/program files/microchip/xc32/v4.35/bin/bin/../../lib/gcc/pic32c/8.3.1/../../../../pic32c/lib/thumb/v6-m/nofp\libc-musl.a(rand.o)
 .ARM.attributes
                0x00000d14       0x2e c:/program files/microchip/xc32/v4.35/bin/bin/../../lib/gcc/pic32c/8.3.1/../../../../pic32c/lib/thumb/v6-m/nofp\libc-musl.a(vsnprintf.o)
 .ARM.attributes
                0x00000d42       0x2e c:/program files/microchip/xc32/v4.35/bin/bin/../../lib/gcc/pic32c/8.3.1/../../../../pic32c/lib/thumb/v6-m/nofp\libc-musl.a(memcpy.o)
 .ARM.attributes
                0x00000d70       0x2e c:/program files/microchip/xc32/v4.35/bin/bin/../../lib/gcc/pic32c/8.3.1/../../../../pic32c/lib/thumb/v6-m/nofp\libc-musl.a(memset.o)
 .ARM.attributes
                0x00000d9e       0x2e c:/program files/microchip/xc32/v4.35/bin/bin/../../lib/gcc/pic32c/8.3.1/../../../../pic32c/lib/thumb/v6-m/nofp\libc-musl.a(strlen.o)
 .ARM.attributes
                0x00000dcc       0x2e c:/program files/microchip/xc32/v4.35/bin/bin/../../lib/gcc/pic32c/8.3.1/../../../../pic32c/lib/thumb/v6-m/nofp\libc-musl.a(__environ.o)
 .ARM.attributes
                0x00000dfa       0x2e c:/program files/microchip/xc32/v4.35/bin/bin/../../lib/gcc/pic32c/8.3.1/../../../../pic32c/lib/thumb/v6-m/nofp\libc-musl.a(__errno_location.o)
 .ARM.attributes
                0x00000e28       0x2e c:/program files/microchip/xc32/v4.35/bin/bin/../../lib/gcc/pic32c/8.3.1/../../../../pic32c/lib/thumb/v6-m/nofp\libc-musl.a(vfprintf.o)
 .ARM.attributes
                0x00000e56       0x2e c:/program files/microchip/xc32/v4.35/bin/bin/../../lib/gcc/pic32c/8.3.1/../../../../pic32c/lib/thumb/v6-m/nofp\libc-musl.a(__pop_float.o)
 .ARM.attributes
                0x00000e84       0x2e c:/program files/microchip/xc32/v4.35/bin/bin/../../lib/gcc/pic32c/8.3.1/../../../../pic32c/lib/thumb/v6-m/nofp\libc-musl.a(__pop_int.o)
 .ARM.attributes
                0x00000eb2       0x2e c:/program files/microchip/xc32/v4.35/bin/bin/../../lib/gcc/pic32c/8.3.1/../../../../pic32c/lib/thumb/v6-m/nofp\libc-musl.a(__pop_ptr.o)
 .ARM.attributes
                0x00000ee0       0x2e c:/program files/microchip/xc32/v4.35/bin/bin/../../lib/gcc/pic32c/8.3.1/../../../../pic32c/lib/thumb/v6-m/nofp\libc-musl.a(__printf_core.o)
 .ARM.attributes
                0x00000f0e       0x2e c:/program files/microchip/xc32/v4.35/bin/bin/../../lib/gcc/pic32c/8.3.1/../../../../pic32c/lib/thumb/v6-m/nofp\libc-musl.a(atoi.o)
 .ARM.attributes
                0x00000f3c       0x2e c:/program files/microchip/xc32/v4.35/bin/bin/../../lib/gcc/pic32c/8.3.1/../../../../pic32c/lib/thumb/v6-m/nofp\libc-musl.a(tolower.o)
 .ARM.attributes
                0x00000f6a       0x2e c:/program files/microchip/xc32/v4.35/bin/bin/../../lib/gcc/pic32c/8.3.1/../../../../pic32c/lib/thumb/v6-m/nofp\libc-musl.a(__fmt_a.o)
 .ARM.attributes
                0x00000f98       0x2e c:/program files/microchip/xc32/v4.35/bin/bin/../../lib/gcc/pic32c/8.3.1/../../../../pic32c/lib/thumb/v6-m/nofp\libc-musl.a(__fmt_d.o)
 .ARM.attributes
                0x00000fc6       0x2e c:/program files/microchip/xc32/v4.35/bin/bin/../../lib/gcc/pic32c/8.3.1/../../../../pic32c/lib/thumb/v6-m/nofp\libc-musl.a(__fmt_fp.o)
 .ARM.attributes
                0x00000ff4       0x2e c:/program files/microchip/xc32/v4.35/bin/bin/../../lib/gcc/pic32c/8.3.1/../../../../pic32c/lib/thumb/v6-m/nofp\libc-musl.a(__fmt_o.o)
 .ARM.attributes
                0x00001022       0x2e c:/program files/microchip/xc32/v4.35/bin/bin/../../lib/gcc/pic32c/8.3.1/../../../../pic32c/lib/thumb/v6-m/nofp\libc-musl.a(__fmt_s.o)
 .ARM.attributes
                0x00001050       0x2e c:/program files/microchip/xc32/v4.35/bin/bin/../../lib/gcc/pic32c/8.3.1/../../../../pic32c/lib/thumb/v6-m/nofp\libc-musl.a(__fmt_u.o)
 .ARM.attributes
                0x0000107e       0x2e c:/program files/microchip/xc32/v4.35/bin/bin/../../lib/gcc/pic32c/8.3.1/../../../../pic32c/lib/thumb/v6-m/nofp\libc-musl.a(__fmt_x.o)
 .ARM.attributes
                0x000010ac       0x2e c:/program files/microchip/xc32/v4.35/bin/bin/../../lib/gcc/pic32c/8.3.1/../../../../pic32c/lib/thumb/v6-m/nofp\libc-musl.a(strcpy.o)
 .ARM.attributes
                0x000010da       0x2e c:/program files/microchip/xc32/v4.35/bin/bin/../../lib/gcc/pic32c/8.3.1/../../../../pic32c/lib/thumb/v6-m/nofp\libc-musl.a(toupper.o)
 .ARM.attributes
                0x00001108       0x2e c:/program files/microchip/xc32/v4.35/bin/bin/../../lib/gcc/pic32c/8.3.1/../../../../pic32c/lib/thumb/v6-m/nofp\libc-musl.a(__cvt_u.o)
 .ARM.attributes
                0x00001136       0x2e c:/program files/microchip/xc32/v4.35/bin/bin/../../lib/gcc/pic32c/8.3.1/../../../../pic32c/lib/thumb/v6-m/nofp\libc-musl.a(stpcpy.o)
 .ARM.attributes
                0x00001164       0x2c c:/program files/microchip/xc32/v4.35/bin/bin/../../lib/gcc/pic32c/8.3.1/../../../../pic32c/lib/thumb/v6-m/nofp\libm-fast-emfloat.a(fma.o)
 .ARM.attributes
                0x00001190       0x2c c:/program files/microchip/xc32/v4.35/bin/bin/../../lib/gcc/pic32c/8.3.1/../../../../pic32c/lib/thumb/v6-m/nofp\libm-fast-emfloat.a(floor.o)
 .ARM.attributes
                0x000011bc       0x1c c:/program files/microchip/xc32/v4.35/bin/bin/../../lib/gcc/pic32c/8.3.1/../../../../pic32c/lib/thumb/v6-m/nofp\libm-fast-emfloat.a(__aeabi_dsub.o)
 .ARM.attributes
                0x000011d8       0x1c c:/program files/microchip/xc32/v4.35/bin/bin/../../lib/gcc/pic32c/8.3.1/../../../../pic32c/lib/thumb/v6-m/nofp\libm-fast-emfloat.a(__aeabi_ddiv.o)
 .ARM.attributes
                0x000011f4       0x1c c:/program files/microchip/xc32/v4.35/bin/bin/../../lib/gcc/pic32c/8.3.1/../../../../pic32c/lib/thumb/v6-m/nofp\libm-fast-emfloat.a(__aeabi_dcmple.o)
 .ARM.attributes
                0x00001210       0x1c c:/program files/microchip/xc32/v4.35/bin/bin/../../lib/gcc/pic32c/8.3.1/../../../../pic32c/lib/thumb/v6-m/nofp\libm-fast-emfloat.a(__aeabi_dcmpeq.o)
 .ARM.attributes
                0x0000122c       0x1c c:/program files/microchip/xc32/v4.35/bin/bin/../../lib/gcc/pic32c/8.3.1/../../../../pic32c/lib/thumb/v6-m/nofp\libm-fast-emfloat.a(__aeabi_dcmpgt.o)
 .ARM.attributes
                0x00001248       0x1c c:/program files/microchip/xc32/v4.35/bin/bin/../../lib/gcc/pic32c/8.3.1/../../../../pic32c/lib/thumb/v6-m/nofp\libm-fast-emfloat.a(__aeabi_dcmplt.o)
 .ARM.attributes
                0x00001264       0x1c c:/program files/microchip/xc32/v4.35/bin/bin/../../lib/gcc/pic32c/8.3.1/../../../../pic32c/lib/thumb/v6-m/nofp\libm-fast-emfloat.a(__aeabi_d2iz.o)
 .ARM.attributes
                0x00001280       0x1c c:/program files/microchip/xc32/v4.35/bin/bin/../../lib/gcc/pic32c/8.3.1/../../../../pic32c/lib/thumb/v6-m/nofp\libm-fast-emfloat.a(__aeabi_d2uiz.o)
 .ARM.attributes
                0x0000129c       0x1e c:/program files/microchip/xc32/v4.35/bin/bin/../../lib/gcc/pic32c/8.3.1/thumb/v6-m/nofp\libgcc.a(_udivsi3.o)
 .ARM.attributes
                0x000012ba       0x1e c:/program files/microchip/xc32/v4.35/bin/bin/../../lib/gcc/pic32c/8.3.1/thumb/v6-m/nofp\libgcc.a(_divsi3.o)
 .ARM.attributes
                0x000012d8       0x1e c:/program files/microchip/xc32/v4.35/bin/bin/../../lib/gcc/pic32c/8.3.1/thumb/v6-m/nofp\libgcc.a(_dvmd_tls.o)
 .ARM.attributes
                0x000012f6       0x1e c:/program files/microchip/xc32/v4.35/bin/bin/../../lib/gcc/pic32c/8.3.1/thumb/v6-m/nofp\libgcc.a(_aeabi_uldivmod.o)
 .ARM.attributes
                0x00001314       0x2c c:/program files/microchip/xc32/v4.35/bin/bin/../../lib/gcc/pic32c/8.3.1/thumb/v6-m/nofp\libgcc.a(_muldi3.o)
 .ARM.attributes
                0x00001340       0x2c c:/program files/microchip/xc32/v4.35/bin/bin/../../lib/gcc/pic32c/8.3.1/thumb/v6-m/nofp\libgcc.a(_udivmoddi4.o)
 .ARM.attributes
                0x0000136c       0x1e c:/program files/microchip/xc32/v4.35/bin/bin/../../lib/gcc/pic32c/8.3.1/thumb/v6-m/nofp\libgcc.a(_lshrdi3.o)
 .ARM.attributes
                0x0000138a       0x1e c:/program files/microchip/xc32/v4.35/bin/bin/../../lib/gcc/pic32c/8.3.1/thumb/v6-m/nofp\libgcc.a(_ashldi3.o)
 .ARM.attributes
                0x000013a8       0x1e c:/program files/microchip/xc32/v4.35/bin/bin/../../lib/gcc/pic32c/8.3.1/thumb/v6-m/nofp\libgcc.a(_clzdi2.o)
 .ARM.attributes
                0x000013c6       0x1e c:/program files/microchip/xc32/v4.35/bin/bin/../../lib/gcc/pic32c/8.3.1/thumb/v6-m/nofp\libgcc.a(_clzsi2.o)
 .ARM.attributes
                0x000013e4       0x1e c:/program files/microchip/xc32/v4.35/bin/bin/../../lib/gcc/pic32c/8.3.1/thumb/v6-m/nofp/crtn.o
 .ARM.attributes
                0x00001402       0x2c c:/program files/microchip/xc32/v4.35/bin/bin/../../lib/gcc/pic32c/8.3.1/../../../../pic32c/lib/thumb/v6-m/nofp\libpic32c.a(pic32_data_init_clear.o)
 .ARM.attributes
                0x0000142e       0x2c c:/program files/microchip/xc32/v4.35/bin/bin/../../lib/gcc/pic32c/8.3.1/../../../../pic32c/lib/thumb/v6-m/nofp\libpic32c.a(pic32_data_init_copy.o)

.comment        0x00000000       0x2b
 .comment       0x00000000       0x2b c:/program files/microchip/xc32/v4.35/bin/bin/../../lib/gcc/pic32c/8.3.1/thumb/v6-m/nofp/crtbegin.o
                                 0x2c (size before relaxing)
 .comment       0x0000002b       0x2c build/default/production/_ext/1171490990/exceptions.o
 .comment       0x0000002b       0x2c build/default/production/_ext/1655452824/mac_task.o
 .comment       0x0000002b       0x2c build/default/production/_ext/1655452824/mac_process_beacon_frame.o
 .comment       0x0000002b       0x2c build/default/production/_ext/1171490990/freertos_hooks.o
 .comment       0x0000002b       0x2c build/default/production/_ext/1865468468/plib_nvic.o
 .comment       0x0000002b       0x2c build/default/production/_ext/1655452824/mac_sync.o
 .comment       0x0000002b       0x2c build/default/production/_ext/559172130/phy_init.o
 .comment       0x0000002b       0x2c build/default/production/_ext/60167341/plib_eic.o
 .comment       0x0000002b       0x2c build/default/production/_ext/1655452824/mac_data_req.o
 .comment       0x0000002b       0x2c build/default/production/_ext/404212886/FreeRTOS_tasks.o
 .comment       0x0000002b       0x2c build/default/production/_ext/1171490990/interrupts.o
 .comment       0x0000002b       0x2c build/default/production/_ext/1655452824/mac_dispatcher.o
 .comment       0x0000002b       0x2c build/default/production/_ext/829342655/plib_tc3.o
 .comment       0x0000002b       0x2c build/default/production/_ext/1655452824/mac_data_extract_mhr.o
 .comment       0x0000002b       0x2c build/default/production/_ext/1881668453/sys_int.o
 .comment       0x0000002b       0x2c build/default/production/_ext/559172130/phy_rx_enable.o
 .comment       0x0000002b       0x2c build/default/production/_ext/1655452824/usr_mlme_sync_loss_ind.o
 .comment       0x0000002b       0x2c build/default/production/_ext/1529399856/osal_freertos_extend.o
 .comment       0x0000002b       0x2c build/default/production/_ext/101884895/sys_time.o
 .comment       0x0000002b       0x2c build/default/production/_ext/1865521619/plib_port.o
 .comment       0x0000002b       0x2c build/default/production/_ext/559172130/phy_pwr_mgmt.o
 .comment       0x0000002b       0x2c build/default/production/_ext/1655452824/mac_tx_coord_realignment_command.o
 .comment       0x0000002b       0x2c build/default/production/_ext/559172130/phy_tx.o
 .comment       0x0000002b       0x2c build/default/production/_ext/17022449/plib_sercom4_spi_master.o
 .comment       0x0000002b       0x2c build/default/production/_ext/1655452824/mac_associate.o
 .comment       0x0000002b       0x2c build/default/production/_ext/1655452824/mac_pib.o
 .comment       0x0000002b       0x2c build/default/production/_ext/1171490990/startup_xc32.o
 .comment       0x0000002b       0x2c build/default/production/_ext/1655452824/mac_beacon.o
 .comment       0x0000002b       0x2c build/default/production/_ext/1832805299/sys_console.o
 .comment       0x0000002b       0x2c build/default/production/_ext/1360937237/app.o
 .comment       0x0000002b       0x2c build/default/production/_ext/1655452824/mac_rx_enable.o
 .comment       0x0000002b       0x2c build/default/production/_ext/1655452824/mac.o
 .comment       0x0000002b       0x2c build/default/production/_ext/1360937237/main.o
 .comment       0x0000002b       0x2c build/default/production/_ext/1984496892/plib_clock.o
 .comment       0x0000002b       0x2c build/default/production/_ext/957911548/phy_task.o
 .comment       0x0000002b       0x2c build/default/production/_ext/1529399856/osal_freertos.o
 .comment       0x0000002b       0x2c build/default/production/_ext/559172130/phy_pib.o
 .comment       0x0000002b       0x2c build/default/production/_ext/1655452824/mac_disassociate.o
 .comment       0x0000002b       0x2c build/default/production/_ext/1655452824/mac_orphan.o
 .comment       0x0000002b       0x2c build/default/production/_ext/1832805299/sys_console_uart.o
 .comment       0x0000002b       0x2c build/default/production/_ext/1593096446/plib_nvmctrl.o
 .comment       0x0000002b       0x2c build/default/production/_ext/559172130/phy.o
 .comment       0x0000002b       0x2c build/default/production/_ext/1655452824/mac_process_phy_tx_frame_status.o
 .comment       0x0000002b       0x2c build/default/production/_ext/1171490990/initialization.o
 .comment       0x0000002b       0x2c build/default/production/_ext/1171490990/tasks.o
 .comment       0x0000002b       0x2c build/default/production/_ext/1374435801/bmm.o
 .comment       0x0000002b       0x2c build/default/production/_ext/1655452824/mac_callback_wrapper.o
 .comment       0x0000002b       0x2c build/default/production/_ext/1655452824/mac_api.o
 .comment       0x0000002b       0x2c build/default/production/_ext/1655452824/mac_misc.o
 .comment       0x0000002b       0x2c build/default/production/_ext/559172130/phy_helper.o
 .comment       0x0000002b       0x2c build/default/production/_ext/504274921/plib_sercom0_usart.o
 .comment       0x0000002b       0x2c build/default/production/_ext/559172130/phy_irq_handler.o
 .comment       0x0000002b       0x2c build/default/production/_ext/1655452824/mac_mcps_data.o
 .comment       0x0000002b       0x2c build/default/production/_ext/404212886/timers.o
 .comment       0x0000002b       0x2c build/default/production/_ext/404212886/queue.o
 .comment       0x0000002b       0x2c build/default/production/_ext/1655452824/mac_data_ind.o
 .comment       0x0000002b       0x2c build/default/production/_ext/1655452824/mac_scan.o
 .comment       0x0000002b       0x2c build/default/production/_ext/559172130/phy_trx_reg_access.o
 .comment       0x0000002b       0x2c build/default/production/_ext/1624415188/port.o
 .comment       0x0000002b       0x2c build/default/production/_ext/1655452824/mac_poll.o
 .comment       0x0000002b       0x2c build/default/production/_ext/559172130/phy_ed.o
 .comment       0x0000002b       0x2c build/default/production/_ext/404212886/list.o
 .comment       0x0000002b       0x2c build/default/production/_ext/745501718/pal.o
 .comment       0x0000002b       0x2c build/default/production/_ext/1655452824/mac_start.o
 .comment       0x0000002b       0x2c build/default/production/_ext/874725666/qmm.o
 .comment       0x0000002b       0x2c build/default/production/_ext/559172130/phy_rx.o
 .comment       0x0000002b       0x2c build/default/production/_ext/1665200909/heap_4.o
 .comment       0x0000002b       0x2c build/default/production/_ext/85628700/demo_app_ffd.o
 .comment       0x0000002b       0x2c build/default/production/_ext/85628700/usr_mac_callbacks.o
 .comment       0x0000002b       0x2c c:/program files/microchip/xc32/v4.35/bin/bin/../../lib/gcc/pic32c/8.3.1/../../../../pic32c/lib/thumb/v6-m/nofp\libpic32c.a(data_init.o)
 .comment       0x0000002b       0x2c c:/program files/microchip/xc32/v4.35/bin/bin/../../lib/gcc/pic32c/8.3.1/../../../../pic32c/lib/thumb/v6-m/nofp\libc-musl.a(__libc_start_main.o)
 .comment       0x0000002b       0x2c c:/program files/microchip/xc32/v4.35/bin/bin/../../lib/gcc/pic32c/8.3.1/../../../../pic32c/lib/thumb/v6-m/nofp\libc-musl.a(libc.o)
 .comment       0x0000002b       0x2c c:/program files/microchip/xc32/v4.35/bin/bin/../../lib/gcc/pic32c/8.3.1/../../../../pic32c/lib/thumb/v6-m/nofp\libc-musl.a(rand.o)
 .comment       0x0000002b       0x2c c:/program files/microchip/xc32/v4.35/bin/bin/../../lib/gcc/pic32c/8.3.1/../../../../pic32c/lib/thumb/v6-m/nofp\libc-musl.a(vsnprintf.o)
 .comment       0x0000002b       0x2c c:/program files/microchip/xc32/v4.35/bin/bin/../../lib/gcc/pic32c/8.3.1/../../../../pic32c/lib/thumb/v6-m/nofp\libc-musl.a(memcpy.o)
 .comment       0x0000002b       0x2c c:/program files/microchip/xc32/v4.35/bin/bin/../../lib/gcc/pic32c/8.3.1/../../../../pic32c/lib/thumb/v6-m/nofp\libc-musl.a(memset.o)
 .comment       0x0000002b       0x2c c:/program files/microchip/xc32/v4.35/bin/bin/../../lib/gcc/pic32c/8.3.1/../../../../pic32c/lib/thumb/v6-m/nofp\libc-musl.a(strlen.o)
 .comment       0x0000002b       0x2c c:/program files/microchip/xc32/v4.35/bin/bin/../../lib/gcc/pic32c/8.3.1/../../../../pic32c/lib/thumb/v6-m/nofp\libc-musl.a(__environ.o)
 .comment       0x0000002b       0x2c c:/program files/microchip/xc32/v4.35/bin/bin/../../lib/gcc/pic32c/8.3.1/../../../../pic32c/lib/thumb/v6-m/nofp\libc-musl.a(__errno_location.o)
 .comment       0x0000002b       0x2c c:/program files/microchip/xc32/v4.35/bin/bin/../../lib/gcc/pic32c/8.3.1/../../../../pic32c/lib/thumb/v6-m/nofp\libc-musl.a(vfprintf.o)
 .comment       0x0000002b       0x2c c:/program files/microchip/xc32/v4.35/bin/bin/../../lib/gcc/pic32c/8.3.1/../../../../pic32c/lib/thumb/v6-m/nofp\libc-musl.a(__pop_float.o)
 .comment       0x0000002b       0x2c c:/program files/microchip/xc32/v4.35/bin/bin/../../lib/gcc/pic32c/8.3.1/../../../../pic32c/lib/thumb/v6-m/nofp\libc-musl.a(__pop_int.o)
 .comment       0x0000002b       0x2c c:/program files/microchip/xc32/v4.35/bin/bin/../../lib/gcc/pic32c/8.3.1/../../../../pic32c/lib/thumb/v6-m/nofp\libc-musl.a(__pop_ptr.o)
 .comment       0x0000002b       0x2c c:/program files/microchip/xc32/v4.35/bin/bin/../../lib/gcc/pic32c/8.3.1/../../../../pic32c/lib/thumb/v6-m/nofp\libc-musl.a(__printf_core.o)
 .comment       0x0000002b       0x2c c:/program files/microchip/xc32/v4.35/bin/bin/../../lib/gcc/pic32c/8.3.1/../../../../pic32c/lib/thumb/v6-m/nofp\libc-musl.a(atoi.o)
 .comment       0x0000002b       0x2c c:/program files/microchip/xc32/v4.35/bin/bin/../../lib/gcc/pic32c/8.3.1/../../../../pic32c/lib/thumb/v6-m/nofp\libc-musl.a(tolower.o)
 .comment       0x0000002b       0x2c c:/program files/microchip/xc32/v4.35/bin/bin/../../lib/gcc/pic32c/8.3.1/../../../../pic32c/lib/thumb/v6-m/nofp\libc-musl.a(__fmt_a.o)
 .comment       0x0000002b       0x2c c:/program files/microchip/xc32/v4.35/bin/bin/../../lib/gcc/pic32c/8.3.1/../../../../pic32c/lib/thumb/v6-m/nofp\libc-musl.a(__fmt_d.o)
 .comment       0x0000002b       0x2c c:/program files/microchip/xc32/v4.35/bin/bin/../../lib/gcc/pic32c/8.3.1/../../../../pic32c/lib/thumb/v6-m/nofp\libc-musl.a(__fmt_fp.o)
 .comment       0x0000002b       0x2c c:/program files/microchip/xc32/v4.35/bin/bin/../../lib/gcc/pic32c/8.3.1/../../../../pic32c/lib/thumb/v6-m/nofp\libc-musl.a(__fmt_o.o)
 .comment       0x0000002b       0x2c c:/program files/microchip/xc32/v4.35/bin/bin/../../lib/gcc/pic32c/8.3.1/../../../../pic32c/lib/thumb/v6-m/nofp\libc-musl.a(__fmt_s.o)
 .comment       0x0000002b       0x2c c:/program files/microchip/xc32/v4.35/bin/bin/../../lib/gcc/pic32c/8.3.1/../../../../pic32c/lib/thumb/v6-m/nofp\libc-musl.a(__fmt_u.o)
 .comment       0x0000002b       0x2c c:/program files/microchip/xc32/v4.35/bin/bin/../../lib/gcc/pic32c/8.3.1/../../../../pic32c/lib/thumb/v6-m/nofp\libc-musl.a(__fmt_x.o)
 .comment       0x0000002b       0x2c c:/program files/microchip/xc32/v4.35/bin/bin/../../lib/gcc/pic32c/8.3.1/../../../../pic32c/lib/thumb/v6-m/nofp\libc-musl.a(strcpy.o)
 .comment       0x0000002b       0x2c c:/program files/microchip/xc32/v4.35/bin/bin/../../lib/gcc/pic32c/8.3.1/../../../../pic32c/lib/thumb/v6-m/nofp\libc-musl.a(toupper.o)
 .comment       0x0000002b       0x2c c:/program files/microchip/xc32/v4.35/bin/bin/../../lib/gcc/pic32c/8.3.1/../../../../pic32c/lib/thumb/v6-m/nofp\libc-musl.a(__cvt_u.o)
 .comment       0x0000002b       0x2c c:/program files/microchip/xc32/v4.35/bin/bin/../../lib/gcc/pic32c/8.3.1/../../../../pic32c/lib/thumb/v6-m/nofp\libc-musl.a(stpcpy.o)
 .comment       0x0000002b       0x2c c:/program files/microchip/xc32/v4.35/bin/bin/../../lib/gcc/pic32c/8.3.1/../../../../pic32c/lib/thumb/v6-m/nofp\libm-fast-emfloat.a(fma.o)
 .comment       0x0000002b       0x2c c:/program files/microchip/xc32/v4.35/bin/bin/../../lib/gcc/pic32c/8.3.1/../../../../pic32c/lib/thumb/v6-m/nofp\libm-fast-emfloat.a(floor.o)
 .comment       0x0000002b       0x2c c:/program files/microchip/xc32/v4.35/bin/bin/../../lib/gcc/pic32c/8.3.1/thumb/v6-m/nofp\libgcc.a(_muldi3.o)
 .comment       0x0000002b       0x2c c:/program files/microchip/xc32/v4.35/bin/bin/../../lib/gcc/pic32c/8.3.1/thumb/v6-m/nofp\libgcc.a(_udivmoddi4.o)
 .comment       0x0000002b       0x2c c:/program files/microchip/xc32/v4.35/bin/bin/../../lib/gcc/pic32c/8.3.1/../../../../pic32c/lib/thumb/v6-m/nofp\libpic32c.a(pic32_data_init_clear.o)
 .comment       0x0000002b       0x2c c:/program files/microchip/xc32/v4.35/bin/bin/../../lib/gcc/pic32c/8.3.1/../../../../pic32c/lib/thumb/v6-m/nofp\libpic32c.a(pic32_data_init_copy.o)

.debug_info     0x00000000    0x5bbce
 .debug_info    0x00000000      0x328 build/default/production/_ext/1171490990/exceptions.o
 .debug_info    0x00000328      0x6e4 build/default/production/_ext/1655452824/mac_task.o
 .debug_info    0x00000a0c     0x177c build/default/production/_ext/1655452824/mac_process_beacon_frame.o
 .debug_info    0x00002188      0x482 build/default/production/_ext/1171490990/freertos_hooks.o
 .debug_info    0x0000260a      0xad9 build/default/production/_ext/1865468468/plib_nvic.o
 .debug_info    0x000030e3     0x19f4 build/default/production/_ext/1655452824/mac_sync.o
 .debug_info    0x00004ad7     0x1af4 build/default/production/_ext/559172130/phy_init.o
 .debug_info    0x000065cb      0x6af build/default/production/_ext/60167341/plib_eic.o
 .debug_info    0x00006c7a     0x1e28 build/default/production/_ext/1655452824/mac_data_req.o
 .debug_info    0x00008aa2     0x3068 build/default/production/_ext/404212886/FreeRTOS_tasks.o
 .debug_info    0x0000bb0a      0x83c build/default/production/_ext/1171490990/interrupts.o
 .debug_info    0x0000c346      0x7cd build/default/production/_ext/1655452824/mac_dispatcher.o
 .debug_info    0x0000cb13      0xbc0 build/default/production/_ext/829342655/plib_tc3.o
 .debug_info    0x0000d6d3      0xb2e build/default/production/_ext/1655452824/mac_data_extract_mhr.o
 .debug_info    0x0000e201      0x966 build/default/production/_ext/1881668453/sys_int.o
 .debug_info    0x0000eb67      0xa21 build/default/production/_ext/559172130/phy_rx_enable.o
 .debug_info    0x0000f588      0x3a3 build/default/production/_ext/1655452824/usr_mlme_sync_loss_ind.o
 .debug_info    0x0000f92b      0x8f1 build/default/production/_ext/1529399856/osal_freertos_extend.o
 .debug_info    0x0001021c     0x26fc build/default/production/_ext/101884895/sys_time.o
 .debug_info    0x00012918      0xcba build/default/production/_ext/1865521619/plib_port.o
 .debug_info    0x000135d2      0xce1 build/default/production/_ext/559172130/phy_pwr_mgmt.o
 .debug_info    0x000142b3     0x12d1 build/default/production/_ext/1655452824/mac_tx_coord_realignment_command.o
 .debug_info    0x00015584     0x159e build/default/production/_ext/559172130/phy_tx.o
 .debug_info    0x00016b22     0x14a6 build/default/production/_ext/17022449/plib_sercom4_spi_master.o
 .debug_info    0x00017fc8     0x2925 build/default/production/_ext/1655452824/mac_associate.o
 .debug_info    0x0001a8ed     0x1bdc build/default/production/_ext/1655452824/mac_pib.o
 .debug_info    0x0001c4c9      0x489 build/default/production/_ext/1171490990/startup_xc32.o
 .debug_info    0x0001c952     0x12a0 build/default/production/_ext/1655452824/mac_beacon.o
 .debug_info    0x0001dbf2     0x1428 build/default/production/_ext/1832805299/sys_console.o
 .debug_info    0x0001f01a      0x55d build/default/production/_ext/1360937237/app.o
 .debug_info    0x0001f577     0x1606 build/default/production/_ext/1655452824/mac_rx_enable.o
 .debug_info    0x00020b7d     0x17d9 build/default/production/_ext/1655452824/mac.o
 .debug_info    0x00022356      0x31d build/default/production/_ext/1360937237/main.o
 .debug_info    0x00022673      0xa00 build/default/production/_ext/1984496892/plib_clock.o
 .debug_info    0x00023073      0x5f8 build/default/production/_ext/957911548/phy_task.o
 .debug_info    0x0002366b      0xbb8 build/default/production/_ext/1529399856/osal_freertos.o
 .debug_info    0x00024223     0x1318 build/default/production/_ext/559172130/phy_pib.o
 .debug_info    0x0002553b     0x2514 build/default/production/_ext/1655452824/mac_disassociate.o
 .debug_info    0x00027a4f     0x1587 build/default/production/_ext/1655452824/mac_orphan.o
 .debug_info    0x00028fd6     0x13ec build/default/production/_ext/1832805299/sys_console_uart.o
 .debug_info    0x0002a3c2      0x9c1 build/default/production/_ext/1593096446/plib_nvmctrl.o
 .debug_info    0x0002ad83     0x19ac build/default/production/_ext/559172130/phy.o
 .debug_info    0x0002c72f     0x1b15 build/default/production/_ext/1655452824/mac_process_phy_tx_frame_status.o
 .debug_info    0x0002e244     0x1b62 build/default/production/_ext/1171490990/initialization.o
 .debug_info    0x0002fda6      0x590 build/default/production/_ext/1171490990/tasks.o
 .debug_info    0x00030336      0x71b build/default/production/_ext/1374435801/bmm.o
 .debug_info    0x00030a51     0x1d1a build/default/production/_ext/1655452824/mac_callback_wrapper.o
 .debug_info    0x0003276b     0x2139 build/default/production/_ext/1655452824/mac_api.o
 .debug_info    0x000348a4     0x219a build/default/production/_ext/1655452824/mac_misc.o
 .debug_info    0x00036a3e     0x1bab build/default/production/_ext/559172130/phy_helper.o
 .debug_info    0x000385e9     0x214d build/default/production/_ext/504274921/plib_sercom0_usart.o
 .debug_info    0x0003a736      0x9bf build/default/production/_ext/559172130/phy_irq_handler.o
 .debug_info    0x0003b0f5     0x2c68 build/default/production/_ext/1655452824/mac_mcps_data.o
 .debug_info    0x0003dd5d     0x17c5 build/default/production/_ext/404212886/timers.o
 .debug_info    0x0003f522     0x2565 build/default/production/_ext/404212886/queue.o
 .debug_info    0x00041a87     0x27f8 build/default/production/_ext/1655452824/mac_data_ind.o
 .debug_info    0x0004427f     0x2a17 build/default/production/_ext/1655452824/mac_scan.o
 .debug_info    0x00046c96      0xc25 build/default/production/_ext/559172130/phy_trx_reg_access.o
 .debug_info    0x000478bb      0x6db build/default/production/_ext/1624415188/port.o
 .debug_info    0x00047f96     0x1693 build/default/production/_ext/1655452824/mac_poll.o
 .debug_info    0x00049629      0xd51 build/default/production/_ext/559172130/phy_ed.o
 .debug_info    0x0004a37a      0x61e build/default/production/_ext/404212886/list.o
 .debug_info    0x0004a998      0xed9 build/default/production/_ext/745501718/pal.o
 .debug_info    0x0004b871     0x1619 build/default/production/_ext/1655452824/mac_start.o
 .debug_info    0x0004ce8a      0x82a build/default/production/_ext/874725666/qmm.o
 .debug_info    0x0004d6b4      0xc90 build/default/production/_ext/559172130/phy_rx.o
 .debug_info    0x0004e344      0xa30 build/default/production/_ext/1665200909/heap_4.o
 .debug_info    0x0004ed74     0x2237 build/default/production/_ext/85628700/demo_app_ffd.o
 .debug_info    0x00050fab     0x1737 build/default/production/_ext/85628700/usr_mac_callbacks.o
 .debug_info    0x000526e2      0x2b9 c:/program files/microchip/xc32/v4.35/bin/bin/../../lib/gcc/pic32c/8.3.1/../../../../pic32c/lib/thumb/v6-m/nofp\libpic32c.a(data_init.o)
 .debug_info    0x0005299b      0x616 c:/program files/microchip/xc32/v4.35/bin/bin/../../lib/gcc/pic32c/8.3.1/../../../../pic32c/lib/thumb/v6-m/nofp\libc-musl.a(__libc_start_main.o)
 .debug_info    0x00052fb1      0x528 c:/program files/microchip/xc32/v4.35/bin/bin/../../lib/gcc/pic32c/8.3.1/../../../../pic32c/lib/thumb/v6-m/nofp\libc-musl.a(libc.o)
 .debug_info    0x000534d9      0x31f c:/program files/microchip/xc32/v4.35/bin/bin/../../lib/gcc/pic32c/8.3.1/../../../../pic32c/lib/thumb/v6-m/nofp\libc-musl.a(rand.o)
 .debug_info    0x000537f8      0x6f4 c:/program files/microchip/xc32/v4.35/bin/bin/../../lib/gcc/pic32c/8.3.1/../../../../pic32c/lib/thumb/v6-m/nofp\libc-musl.a(vsnprintf.o)
 .debug_info    0x00053eec      0x2e8 c:/program files/microchip/xc32/v4.35/bin/bin/../../lib/gcc/pic32c/8.3.1/../../../../pic32c/lib/thumb/v6-m/nofp\libc-musl.a(memcpy.o)
 .debug_info    0x000541d4      0x2b2 c:/program files/microchip/xc32/v4.35/bin/bin/../../lib/gcc/pic32c/8.3.1/../../../../pic32c/lib/thumb/v6-m/nofp\libc-musl.a(memset.o)
 .debug_info    0x00054486      0x29d c:/program files/microchip/xc32/v4.35/bin/bin/../../lib/gcc/pic32c/8.3.1/../../../../pic32c/lib/thumb/v6-m/nofp\libc-musl.a(strlen.o)
 .debug_info    0x00054723      0x2a2 c:/program files/microchip/xc32/v4.35/bin/bin/../../lib/gcc/pic32c/8.3.1/../../../../pic32c/lib/thumb/v6-m/nofp\libc-musl.a(__environ.o)
 .debug_info    0x000549c5      0x266 c:/program files/microchip/xc32/v4.35/bin/bin/../../lib/gcc/pic32c/8.3.1/../../../../pic32c/lib/thumb/v6-m/nofp\libc-musl.a(__errno_location.o)
 .debug_info    0x00054c2b      0x6bd c:/program files/microchip/xc32/v4.35/bin/bin/../../lib/gcc/pic32c/8.3.1/../../../../pic32c/lib/thumb/v6-m/nofp\libc-musl.a(vfprintf.o)
 .debug_info    0x000552e8      0x3d0 c:/program files/microchip/xc32/v4.35/bin/bin/../../lib/gcc/pic32c/8.3.1/../../../../pic32c/lib/thumb/v6-m/nofp\libc-musl.a(__pop_float.o)
 .debug_info    0x000556b8      0x3f4 c:/program files/microchip/xc32/v4.35/bin/bin/../../lib/gcc/pic32c/8.3.1/../../../../pic32c/lib/thumb/v6-m/nofp\libc-musl.a(__pop_int.o)
 .debug_info    0x00055aac      0x400 c:/program files/microchip/xc32/v4.35/bin/bin/../../lib/gcc/pic32c/8.3.1/../../../../pic32c/lib/thumb/v6-m/nofp\libc-musl.a(__pop_ptr.o)
 .debug_info    0x00055eac      0xd73 c:/program files/microchip/xc32/v4.35/bin/bin/../../lib/gcc/pic32c/8.3.1/../../../../pic32c/lib/thumb/v6-m/nofp\libc-musl.a(__printf_core.o)
 .debug_info    0x00056c1f      0x2ee c:/program files/microchip/xc32/v4.35/bin/bin/../../lib/gcc/pic32c/8.3.1/../../../../pic32c/lib/thumb/v6-m/nofp\libc-musl.a(atoi.o)
 .debug_info    0x00056f0d      0x34c c:/program files/microchip/xc32/v4.35/bin/bin/../../lib/gcc/pic32c/8.3.1/../../../../pic32c/lib/thumb/v6-m/nofp\libc-musl.a(tolower.o)
 .debug_info    0x00057259      0x8b8 c:/program files/microchip/xc32/v4.35/bin/bin/../../lib/gcc/pic32c/8.3.1/../../../../pic32c/lib/thumb/v6-m/nofp\libc-musl.a(__fmt_a.o)
 .debug_info    0x00057b11      0x5b5 c:/program files/microchip/xc32/v4.35/bin/bin/../../lib/gcc/pic32c/8.3.1/../../../../pic32c/lib/thumb/v6-m/nofp\libc-musl.a(__fmt_d.o)
 .debug_info    0x000580c6      0x93f c:/program files/microchip/xc32/v4.35/bin/bin/../../lib/gcc/pic32c/8.3.1/../../../../pic32c/lib/thumb/v6-m/nofp\libc-musl.a(__fmt_fp.o)
 .debug_info    0x00058a05      0x586 c:/program files/microchip/xc32/v4.35/bin/bin/../../lib/gcc/pic32c/8.3.1/../../../../pic32c/lib/thumb/v6-m/nofp\libc-musl.a(__fmt_o.o)
 .debug_info    0x00058f8b      0x571 c:/program files/microchip/xc32/v4.35/bin/bin/../../lib/gcc/pic32c/8.3.1/../../../../pic32c/lib/thumb/v6-m/nofp\libc-musl.a(__fmt_s.o)
 .debug_info    0x000594fc      0x586 c:/program files/microchip/xc32/v4.35/bin/bin/../../lib/gcc/pic32c/8.3.1/../../../../pic32c/lib/thumb/v6-m/nofp\libc-musl.a(__fmt_u.o)
 .debug_info    0x00059a82      0x5ba c:/program files/microchip/xc32/v4.35/bin/bin/../../lib/gcc/pic32c/8.3.1/../../../../pic32c/lib/thumb/v6-m/nofp\libc-musl.a(__fmt_x.o)
 .debug_info    0x0005a03c      0x2a7 c:/program files/microchip/xc32/v4.35/bin/bin/../../lib/gcc/pic32c/8.3.1/../../../../pic32c/lib/thumb/v6-m/nofp\libc-musl.a(strcpy.o)
 .debug_info    0x0005a2e3      0x34c c:/program files/microchip/xc32/v4.35/bin/bin/../../lib/gcc/pic32c/8.3.1/../../../../pic32c/lib/thumb/v6-m/nofp\libc-musl.a(toupper.o)
 .debug_info    0x0005a62f      0x42c c:/program files/microchip/xc32/v4.35/bin/bin/../../lib/gcc/pic32c/8.3.1/../../../../pic32c/lib/thumb/v6-m/nofp\libc-musl.a(__cvt_u.o)
 .debug_info    0x0005aa5b      0x2af c:/program files/microchip/xc32/v4.35/bin/bin/../../lib/gcc/pic32c/8.3.1/../../../../pic32c/lib/thumb/v6-m/nofp\libc-musl.a(stpcpy.o)
 .debug_info    0x0005ad0a       0x26 c:/program files/microchip/xc32/v4.35/bin/bin/../../lib/gcc/pic32c/8.3.1/thumb/v6-m/nofp\libgcc.a(_udivsi3.o)
 .debug_info    0x0005ad30       0x26 c:/program files/microchip/xc32/v4.35/bin/bin/../../lib/gcc/pic32c/8.3.1/thumb/v6-m/nofp\libgcc.a(_divsi3.o)
 .debug_info    0x0005ad56       0x26 c:/program files/microchip/xc32/v4.35/bin/bin/../../lib/gcc/pic32c/8.3.1/thumb/v6-m/nofp\libgcc.a(_dvmd_tls.o)
 .debug_info    0x0005ad7c       0x26 c:/program files/microchip/xc32/v4.35/bin/bin/../../lib/gcc/pic32c/8.3.1/thumb/v6-m/nofp\libgcc.a(_aeabi_uldivmod.o)
 .debug_info    0x0005ada2      0x492 c:/program files/microchip/xc32/v4.35/bin/bin/../../lib/gcc/pic32c/8.3.1/thumb/v6-m/nofp\libgcc.a(_muldi3.o)
 .debug_info    0x0005b234      0x3df c:/program files/microchip/xc32/v4.35/bin/bin/../../lib/gcc/pic32c/8.3.1/thumb/v6-m/nofp\libgcc.a(_udivmoddi4.o)
 .debug_info    0x0005b613       0x26 c:/program files/microchip/xc32/v4.35/bin/bin/../../lib/gcc/pic32c/8.3.1/thumb/v6-m/nofp\libgcc.a(_lshrdi3.o)
 .debug_info    0x0005b639       0x26 c:/program files/microchip/xc32/v4.35/bin/bin/../../lib/gcc/pic32c/8.3.1/thumb/v6-m/nofp\libgcc.a(_ashldi3.o)
 .debug_info    0x0005b65f       0x26 c:/program files/microchip/xc32/v4.35/bin/bin/../../lib/gcc/pic32c/8.3.1/thumb/v6-m/nofp\libgcc.a(_clzdi2.o)
 .debug_info    0x0005b685       0x26 c:/program files/microchip/xc32/v4.35/bin/bin/../../lib/gcc/pic32c/8.3.1/thumb/v6-m/nofp\libgcc.a(_clzsi2.o)
 .debug_info    0x0005b6ab      0x292 c:/program files/microchip/xc32/v4.35/bin/bin/../../lib/gcc/pic32c/8.3.1/../../../../pic32c/lib/thumb/v6-m/nofp\libpic32c.a(pic32_data_init_clear.o)
 .debug_info    0x0005b93d      0x291 c:/program files/microchip/xc32/v4.35/bin/bin/../../lib/gcc/pic32c/8.3.1/../../../../pic32c/lib/thumb/v6-m/nofp\libpic32c.a(pic32_data_init_copy.o)

.debug_abbrev   0x00000000     0xbfaf
 .debug_abbrev  0x00000000       0x3e build/default/production/_ext/1171490990/exceptions.o
 .debug_abbrev  0x0000003e      0x13c build/default/production/_ext/1655452824/mac_task.o
 .debug_abbrev  0x0000017a      0x21b build/default/production/_ext/1655452824/mac_process_beacon_frame.o
 .debug_abbrev  0x00000395       0xf7 build/default/production/_ext/1171490990/freertos_hooks.o
 .debug_abbrev  0x0000048c      0x1fd build/default/production/_ext/1865468468/plib_nvic.o
 .debug_abbrev  0x00000689      0x1bf build/default/production/_ext/1655452824/mac_sync.o
 .debug_abbrev  0x00000848      0x38d build/default/production/_ext/559172130/phy_init.o
 .debug_abbrev  0x00000bd5      0x1cb build/default/production/_ext/60167341/plib_eic.o
 .debug_abbrev  0x00000da0      0x3ff build/default/production/_ext/1655452824/mac_data_req.o
 .debug_abbrev  0x0000119f      0x418 build/default/production/_ext/404212886/FreeRTOS_tasks.o
 .debug_abbrev  0x000015b7       0xb5 build/default/production/_ext/1171490990/interrupts.o
 .debug_abbrev  0x0000166c      0x14a build/default/production/_ext/1655452824/mac_dispatcher.o
 .debug_abbrev  0x000017b6      0x1e9 build/default/production/_ext/829342655/plib_tc3.o
 .debug_abbrev  0x0000199f      0x1e2 build/default/production/_ext/1655452824/mac_data_extract_mhr.o
 .debug_abbrev  0x00001b81      0x246 build/default/production/_ext/1881668453/sys_int.o
 .debug_abbrev  0x00001dc7      0x162 build/default/production/_ext/559172130/phy_rx_enable.o
 .debug_abbrev  0x00001f29       0x6d build/default/production/_ext/1655452824/usr_mlme_sync_loss_ind.o
 .debug_abbrev  0x00001f96      0x189 build/default/production/_ext/1529399856/osal_freertos_extend.o
 .debug_abbrev  0x0000211f      0x516 build/default/production/_ext/101884895/sys_time.o
 .debug_abbrev  0x00002635      0x1d6 build/default/production/_ext/1865521619/plib_port.o
 .debug_abbrev  0x0000280b      0x1c0 build/default/production/_ext/559172130/phy_pwr_mgmt.o
 .debug_abbrev  0x000029cb      0x20a build/default/production/_ext/1655452824/mac_tx_coord_realignment_command.o
 .debug_abbrev  0x00002bd5      0x2a4 build/default/production/_ext/559172130/phy_tx.o
 .debug_abbrev  0x00002e79      0x2b2 build/default/production/_ext/17022449/plib_sercom4_spi_master.o
 .debug_abbrev  0x0000312b      0x35a build/default/production/_ext/1655452824/mac_associate.o
 .debug_abbrev  0x00003485      0x346 build/default/production/_ext/1655452824/mac_pib.o
 .debug_abbrev  0x000037cb      0x110 build/default/production/_ext/1171490990/startup_xc32.o
 .debug_abbrev  0x000038db      0x308 build/default/production/_ext/1655452824/mac_beacon.o
 .debug_abbrev  0x00003be3      0x382 build/default/production/_ext/1832805299/sys_console.o
 .debug_abbrev  0x00003f65      0x184 build/default/production/_ext/1360937237/app.o
 .debug_abbrev  0x000040e9      0x2a6 build/default/production/_ext/1655452824/mac_rx_enable.o
 .debug_abbrev  0x0000438f      0x20e build/default/production/_ext/1655452824/mac.o
 .debug_abbrev  0x0000459d       0x77 build/default/production/_ext/1360937237/main.o
 .debug_abbrev  0x00004614      0x13e build/default/production/_ext/1984496892/plib_clock.o
 .debug_abbrev  0x00004752      0x12a build/default/production/_ext/957911548/phy_task.o
 .debug_abbrev  0x0000487c      0x1f9 build/default/production/_ext/1529399856/osal_freertos.o
 .debug_abbrev  0x00004a75      0x34f build/default/production/_ext/559172130/phy_pib.o
 .debug_abbrev  0x00004dc4      0x3f9 build/default/production/_ext/1655452824/mac_disassociate.o
 .debug_abbrev  0x000051bd      0x1c1 build/default/production/_ext/1655452824/mac_orphan.o
 .debug_abbrev  0x0000537e      0x338 build/default/production/_ext/1832805299/sys_console_uart.o
 .debug_abbrev  0x000056b6      0x1af build/default/production/_ext/1593096446/plib_nvmctrl.o
 .debug_abbrev  0x00005865      0x371 build/default/production/_ext/559172130/phy.o
 .debug_abbrev  0x00005bd6      0x2d3 build/default/production/_ext/1655452824/mac_process_phy_tx_frame_status.o
 .debug_abbrev  0x00005ea9      0x283 build/default/production/_ext/1171490990/initialization.o
 .debug_abbrev  0x0000612c      0x133 build/default/production/_ext/1171490990/tasks.o
 .debug_abbrev  0x0000625f      0x190 build/default/production/_ext/1374435801/bmm.o
 .debug_abbrev  0x000063ef      0x204 build/default/production/_ext/1655452824/mac_callback_wrapper.o
 .debug_abbrev  0x000065f3      0x258 build/default/production/_ext/1655452824/mac_api.o
 .debug_abbrev  0x0000684b      0x39b build/default/production/_ext/1655452824/mac_misc.o
 .debug_abbrev  0x00006be6      0x347 build/default/production/_ext/559172130/phy_helper.o
 .debug_abbrev  0x00006f2d      0x471 build/default/production/_ext/504274921/plib_sercom0_usart.o
 .debug_abbrev  0x0000739e      0x16b build/default/production/_ext/559172130/phy_irq_handler.o
 .debug_abbrev  0x00007509      0x3fa build/default/production/_ext/1655452824/mac_mcps_data.o
 .debug_abbrev  0x00007903      0x3a7 build/default/production/_ext/404212886/timers.o
 .debug_abbrev  0x00007caa      0x336 build/default/production/_ext/404212886/queue.o
 .debug_abbrev  0x00007fe0      0x38e build/default/production/_ext/1655452824/mac_data_ind.o
 .debug_abbrev  0x0000836e      0x368 build/default/production/_ext/1655452824/mac_scan.o
 .debug_abbrev  0x000086d6      0x191 build/default/production/_ext/559172130/phy_trx_reg_access.o
 .debug_abbrev  0x00008867      0x1cf build/default/production/_ext/1624415188/port.o
 .debug_abbrev  0x00008a36      0x22a build/default/production/_ext/1655452824/mac_poll.o
 .debug_abbrev  0x00008c60      0x1c9 build/default/production/_ext/559172130/phy_ed.o
 .debug_abbrev  0x00008e29      0x15e build/default/production/_ext/404212886/list.o
 .debug_abbrev  0x00008f87      0x3a5 build/default/production/_ext/745501718/pal.o
 .debug_abbrev  0x0000932c      0x2b6 build/default/production/_ext/1655452824/mac_start.o
 .debug_abbrev  0x000095e2      0x2b4 build/default/production/_ext/874725666/qmm.o
 .debug_abbrev  0x00009896      0x231 build/default/production/_ext/559172130/phy_rx.o
 .debug_abbrev  0x00009ac7      0x261 build/default/production/_ext/1665200909/heap_4.o
 .debug_abbrev  0x00009d28      0x377 build/default/production/_ext/85628700/demo_app_ffd.o
 .debug_abbrev  0x0000a09f      0x2fd build/default/production/_ext/85628700/usr_mac_callbacks.o
 .debug_abbrev  0x0000a39c       0x44 c:/program files/microchip/xc32/v4.35/bin/bin/../../lib/gcc/pic32c/8.3.1/../../../../pic32c/lib/thumb/v6-m/nofp\libpic32c.a(data_init.o)
 .debug_abbrev  0x0000a3e0      0x117 c:/program files/microchip/xc32/v4.35/bin/bin/../../lib/gcc/pic32c/8.3.1/../../../../pic32c/lib/thumb/v6-m/nofp\libc-musl.a(__libc_start_main.o)
 .debug_abbrev  0x0000a4f7       0xb8 c:/program files/microchip/xc32/v4.35/bin/bin/../../lib/gcc/pic32c/8.3.1/../../../../pic32c/lib/thumb/v6-m/nofp\libc-musl.a(libc.o)
 .debug_abbrev  0x0000a5af       0x8b c:/program files/microchip/xc32/v4.35/bin/bin/../../lib/gcc/pic32c/8.3.1/../../../../pic32c/lib/thumb/v6-m/nofp\libc-musl.a(rand.o)
 .debug_abbrev  0x0000a63a      0x168 c:/program files/microchip/xc32/v4.35/bin/bin/../../lib/gcc/pic32c/8.3.1/../../../../pic32c/lib/thumb/v6-m/nofp\libc-musl.a(vsnprintf.o)
 .debug_abbrev  0x0000a7a2       0x9c c:/program files/microchip/xc32/v4.35/bin/bin/../../lib/gcc/pic32c/8.3.1/../../../../pic32c/lib/thumb/v6-m/nofp\libc-musl.a(memcpy.o)
 .debug_abbrev  0x0000a83e       0x97 c:/program files/microchip/xc32/v4.35/bin/bin/../../lib/gcc/pic32c/8.3.1/../../../../pic32c/lib/thumb/v6-m/nofp\libc-musl.a(memset.o)
 .debug_abbrev  0x0000a8d5       0x86 c:/program files/microchip/xc32/v4.35/bin/bin/../../lib/gcc/pic32c/8.3.1/../../../../pic32c/lib/thumb/v6-m/nofp\libc-musl.a(strlen.o)
 .debug_abbrev  0x0000a95b       0x57 c:/program files/microchip/xc32/v4.35/bin/bin/../../lib/gcc/pic32c/8.3.1/../../../../pic32c/lib/thumb/v6-m/nofp\libc-musl.a(__environ.o)
 .debug_abbrev  0x0000a9b2       0x2e c:/program files/microchip/xc32/v4.35/bin/bin/../../lib/gcc/pic32c/8.3.1/../../../../pic32c/lib/thumb/v6-m/nofp\libc-musl.a(__errno_location.o)
 .debug_abbrev  0x0000a9e0      0x16f c:/program files/microchip/xc32/v4.35/bin/bin/../../lib/gcc/pic32c/8.3.1/../../../../pic32c/lib/thumb/v6-m/nofp\libc-musl.a(vfprintf.o)
 .debug_abbrev  0x0000ab4f       0xbd c:/program files/microchip/xc32/v4.35/bin/bin/../../lib/gcc/pic32c/8.3.1/../../../../pic32c/lib/thumb/v6-m/nofp\libc-musl.a(__pop_float.o)
 .debug_abbrev  0x0000ac0c       0xbd c:/program files/microchip/xc32/v4.35/bin/bin/../../lib/gcc/pic32c/8.3.1/../../../../pic32c/lib/thumb/v6-m/nofp\libc-musl.a(__pop_int.o)
 .debug_abbrev  0x0000acc9       0xbd c:/program files/microchip/xc32/v4.35/bin/bin/../../lib/gcc/pic32c/8.3.1/../../../../pic32c/lib/thumb/v6-m/nofp\libc-musl.a(__pop_ptr.o)
 .debug_abbrev  0x0000ad86      0x2be c:/program files/microchip/xc32/v4.35/bin/bin/../../lib/gcc/pic32c/8.3.1/../../../../pic32c/lib/thumb/v6-m/nofp\libc-musl.a(__printf_core.o)
 .debug_abbrev  0x0000b044       0xbb c:/program files/microchip/xc32/v4.35/bin/bin/../../lib/gcc/pic32c/8.3.1/../../../../pic32c/lib/thumb/v6-m/nofp\libc-musl.a(atoi.o)
 .debug_abbrev  0x0000b0ff       0xe9 c:/program files/microchip/xc32/v4.35/bin/bin/../../lib/gcc/pic32c/8.3.1/../../../../pic32c/lib/thumb/v6-m/nofp\libc-musl.a(tolower.o)
 .debug_abbrev  0x0000b1e8      0x194 c:/program files/microchip/xc32/v4.35/bin/bin/../../lib/gcc/pic32c/8.3.1/../../../../pic32c/lib/thumb/v6-m/nofp\libc-musl.a(__fmt_a.o)
 .debug_abbrev  0x0000b37c      0x120 c:/program files/microchip/xc32/v4.35/bin/bin/../../lib/gcc/pic32c/8.3.1/../../../../pic32c/lib/thumb/v6-m/nofp\libc-musl.a(__fmt_d.o)
 .debug_abbrev  0x0000b49c      0x1a2 c:/program files/microchip/xc32/v4.35/bin/bin/../../lib/gcc/pic32c/8.3.1/../../../../pic32c/lib/thumb/v6-m/nofp\libc-musl.a(__fmt_fp.o)
 .debug_abbrev  0x0000b63e      0x120 c:/program files/microchip/xc32/v4.35/bin/bin/../../lib/gcc/pic32c/8.3.1/../../../../pic32c/lib/thumb/v6-m/nofp\libc-musl.a(__fmt_o.o)
 .debug_abbrev  0x0000b75e      0x11d c:/program files/microchip/xc32/v4.35/bin/bin/../../lib/gcc/pic32c/8.3.1/../../../../pic32c/lib/thumb/v6-m/nofp\libc-musl.a(__fmt_s.o)
 .debug_abbrev  0x0000b87b      0x120 c:/program files/microchip/xc32/v4.35/bin/bin/../../lib/gcc/pic32c/8.3.1/../../../../pic32c/lib/thumb/v6-m/nofp\libc-musl.a(__fmt_u.o)
 .debug_abbrev  0x0000b99b      0x10f c:/program files/microchip/xc32/v4.35/bin/bin/../../lib/gcc/pic32c/8.3.1/../../../../pic32c/lib/thumb/v6-m/nofp\libc-musl.a(__fmt_x.o)
 .debug_abbrev  0x0000baaa       0x8e c:/program files/microchip/xc32/v4.35/bin/bin/../../lib/gcc/pic32c/8.3.1/../../../../pic32c/lib/thumb/v6-m/nofp\libc-musl.a(strcpy.o)
 .debug_abbrev  0x0000bb38       0xe9 c:/program files/microchip/xc32/v4.35/bin/bin/../../lib/gcc/pic32c/8.3.1/../../../../pic32c/lib/thumb/v6-m/nofp\libc-musl.a(toupper.o)
 .debug_abbrev  0x0000bc21       0xb2 c:/program files/microchip/xc32/v4.35/bin/bin/../../lib/gcc/pic32c/8.3.1/../../../../pic32c/lib/thumb/v6-m/nofp\libc-musl.a(__cvt_u.o)
 .debug_abbrev  0x0000bcd3       0x63 c:/program files/microchip/xc32/v4.35/bin/bin/../../lib/gcc/pic32c/8.3.1/../../../../pic32c/lib/thumb/v6-m/nofp\libc-musl.a(stpcpy.o)
 .debug_abbrev  0x0000bd36       0x14 c:/program files/microchip/xc32/v4.35/bin/bin/../../lib/gcc/pic32c/8.3.1/thumb/v6-m/nofp\libgcc.a(_udivsi3.o)
 .debug_abbrev  0x0000bd4a       0x14 c:/program files/microchip/xc32/v4.35/bin/bin/../../lib/gcc/pic32c/8.3.1/thumb/v6-m/nofp\libgcc.a(_divsi3.o)
 .debug_abbrev  0x0000bd5e       0x14 c:/program files/microchip/xc32/v4.35/bin/bin/../../lib/gcc/pic32c/8.3.1/thumb/v6-m/nofp\libgcc.a(_dvmd_tls.o)
 .debug_abbrev  0x0000bd72       0x14 c:/program files/microchip/xc32/v4.35/bin/bin/../../lib/gcc/pic32c/8.3.1/thumb/v6-m/nofp\libgcc.a(_aeabi_uldivmod.o)
 .debug_abbrev  0x0000bd86       0xef c:/program files/microchip/xc32/v4.35/bin/bin/../../lib/gcc/pic32c/8.3.1/thumb/v6-m/nofp\libgcc.a(_muldi3.o)
 .debug_abbrev  0x0000be75       0x8e c:/program files/microchip/xc32/v4.35/bin/bin/../../lib/gcc/pic32c/8.3.1/thumb/v6-m/nofp\libgcc.a(_udivmoddi4.o)
 .debug_abbrev  0x0000bf03       0x14 c:/program files/microchip/xc32/v4.35/bin/bin/../../lib/gcc/pic32c/8.3.1/thumb/v6-m/nofp\libgcc.a(_lshrdi3.o)
 .debug_abbrev  0x0000bf17       0x14 c:/program files/microchip/xc32/v4.35/bin/bin/../../lib/gcc/pic32c/8.3.1/thumb/v6-m/nofp\libgcc.a(_ashldi3.o)
 .debug_abbrev  0x0000bf2b       0x14 c:/program files/microchip/xc32/v4.35/bin/bin/../../lib/gcc/pic32c/8.3.1/thumb/v6-m/nofp\libgcc.a(_clzdi2.o)
 .debug_abbrev  0x0000bf3f       0x14 c:/program files/microchip/xc32/v4.35/bin/bin/../../lib/gcc/pic32c/8.3.1/thumb/v6-m/nofp\libgcc.a(_clzsi2.o)
 .debug_abbrev  0x0000bf53       0x2e c:/program files/microchip/xc32/v4.35/bin/bin/../../lib/gcc/pic32c/8.3.1/../../../../pic32c/lib/thumb/v6-m/nofp\libpic32c.a(pic32_data_init_clear.o)
 .debug_abbrev  0x0000bf81       0x2e c:/program files/microchip/xc32/v4.35/bin/bin/../../lib/gcc/pic32c/8.3.1/../../../../pic32c/lib/thumb/v6-m/nofp\libpic32c.a(pic32_data_init_copy.o)

.debug_aranges  0x00000000     0x1cd0
 .debug_aranges
                0x00000000       0x28 build/default/production/_ext/1171490990/exceptions.o
 .debug_aranges
                0x00000028       0x28 build/default/production/_ext/1655452824/mac_task.o
 .debug_aranges
                0x00000050       0x20 build/default/production/_ext/1655452824/mac_process_beacon_frame.o
 .debug_aranges
                0x00000070       0x40 build/default/production/_ext/1171490990/freertos_hooks.o
 .debug_aranges
                0x000000b0       0x38 build/default/production/_ext/1865468468/plib_nvic.o
 .debug_aranges
                0x000000e8       0x28 build/default/production/_ext/1655452824/mac_sync.o
 .debug_aranges
                0x00000110       0x48 build/default/production/_ext/559172130/phy_init.o
 .debug_aranges
                0x00000158       0x40 build/default/production/_ext/60167341/plib_eic.o
 .debug_aranges
                0x00000198       0x40 build/default/production/_ext/1655452824/mac_data_req.o
 .debug_aranges
                0x000001d8      0x198 build/default/production/_ext/404212886/FreeRTOS_tasks.o
 .debug_aranges
                0x00000370       0x20 build/default/production/_ext/1171490990/interrupts.o
 .debug_aranges
                0x00000390       0x20 build/default/production/_ext/1655452824/mac_dispatcher.o
 .debug_aranges
                0x000003b0       0x78 build/default/production/_ext/829342655/plib_tc3.o
 .debug_aranges
                0x00000428       0x20 build/default/production/_ext/1655452824/mac_data_extract_mhr.o
 .debug_aranges
                0x00000448       0x40 build/default/production/_ext/1881668453/sys_int.o
 .debug_aranges
                0x00000488       0x20 build/default/production/_ext/559172130/phy_rx_enable.o
 .debug_aranges
                0x000004a8       0x20 build/default/production/_ext/1655452824/usr_mlme_sync_loss_ind.o
 .debug_aranges
                0x000004c8       0x58 build/default/production/_ext/1529399856/osal_freertos_extend.o
 .debug_aranges
                0x00000520      0x128 build/default/production/_ext/101884895/sys_time.o
 .debug_aranges
                0x00000648       0x70 build/default/production/_ext/1865521619/plib_port.o
 .debug_aranges
                0x000006b8       0x30 build/default/production/_ext/559172130/phy_pwr_mgmt.o
 .debug_aranges
                0x000006e8       0x20 build/default/production/_ext/1655452824/mac_tx_coord_realignment_command.o
 .debug_aranges
                0x00000708       0x48 build/default/production/_ext/559172130/phy_tx.o
 .debug_aranges
                0x00000750       0x60 build/default/production/_ext/17022449/plib_sercom4_spi_master.o
 .debug_aranges
                0x000007b0       0x50 build/default/production/_ext/1655452824/mac_associate.o
 .debug_aranges
                0x00000800       0x48 build/default/production/_ext/1655452824/mac_pib.o
 .debug_aranges
                0x00000848       0x28 build/default/production/_ext/1171490990/startup_xc32.o
 .debug_aranges
                0x00000870       0x38 build/default/production/_ext/1655452824/mac_beacon.o
 .debug_aranges
                0x000008a8       0x88 build/default/production/_ext/1832805299/sys_console.o
 .debug_aranges
                0x00000930       0x28 build/default/production/_ext/1360937237/app.o
 .debug_aranges
                0x00000958       0x30 build/default/production/_ext/1655452824/mac_rx_enable.o
 .debug_aranges
                0x00000988       0x30 build/default/production/_ext/1655452824/mac.o
 .debug_aranges
                0x000009b8       0x20 build/default/production/_ext/1360937237/main.o
 .debug_aranges
                0x000009d8       0x20 build/default/production/_ext/1984496892/plib_clock.o
 .debug_aranges
                0x000009f8       0x38 build/default/production/_ext/957911548/phy_task.o
 .debug_aranges
                0x00000a30       0x90 build/default/production/_ext/1529399856/osal_freertos.o
 .debug_aranges
                0x00000ac0       0x40 build/default/production/_ext/559172130/phy_pib.o
 .debug_aranges
                0x00000b00       0x38 build/default/production/_ext/1655452824/mac_disassociate.o
 .debug_aranges
                0x00000b38       0x28 build/default/production/_ext/1655452824/mac_orphan.o
 .debug_aranges
                0x00000b60       0x70 build/default/production/_ext/1832805299/sys_console_uart.o
 .debug_aranges
                0x00000bd0       0x88 build/default/production/_ext/1593096446/plib_nvmctrl.o
 .debug_aranges
                0x00000c58       0x70 build/default/production/_ext/559172130/phy.o
 .debug_aranges
                0x00000cc8       0x30 build/default/production/_ext/1655452824/mac_process_phy_tx_frame_status.o
 .debug_aranges
                0x00000cf8       0x20 build/default/production/_ext/1171490990/initialization.o
 .debug_aranges
                0x00000d18       0x38 build/default/production/_ext/1171490990/tasks.o
 .debug_aranges
                0x00000d50       0x38 build/default/production/_ext/1374435801/bmm.o
 .debug_aranges
                0x00000d88       0xa8 build/default/production/_ext/1655452824/mac_callback_wrapper.o
 .debug_aranges
                0x00000e30       0x90 build/default/production/_ext/1655452824/mac_api.o
 .debug_aranges
                0x00000ec0       0x68 build/default/production/_ext/1655452824/mac_misc.o
 .debug_aranges
                0x00000f28       0x90 build/default/production/_ext/559172130/phy_helper.o
 .debug_aranges
                0x00000fb8       0xe8 build/default/production/_ext/504274921/plib_sercom0_usart.o
 .debug_aranges
                0x000010a0       0x30 build/default/production/_ext/559172130/phy_irq_handler.o
 .debug_aranges
                0x000010d0       0x60 build/default/production/_ext/1655452824/mac_mcps_data.o
 .debug_aranges
                0x00001130       0x98 build/default/production/_ext/404212886/timers.o
 .debug_aranges
                0x000011c8      0x100 build/default/production/_ext/404212886/queue.o
 .debug_aranges
                0x000012c8       0x38 build/default/production/_ext/1655452824/mac_data_ind.o
 .debug_aranges
                0x00001300       0x60 build/default/production/_ext/1655452824/mac_scan.o
 .debug_aranges
                0x00001360       0x58 build/default/production/_ext/559172130/phy_trx_reg_access.o
 .debug_aranges
                0x000013b8       0x88 build/default/production/_ext/1624415188/port.o
 .debug_aranges
                0x00001440       0x38 build/default/production/_ext/1655452824/mac_poll.o
 .debug_aranges
                0x00001478       0x30 build/default/production/_ext/559172130/phy_ed.o
 .debug_aranges
                0x000014a8       0x40 build/default/production/_ext/404212886/list.o
 .debug_aranges
                0x000014e8       0x70 build/default/production/_ext/745501718/pal.o
 .debug_aranges
                0x00001558       0x30 build/default/production/_ext/1655452824/mac_start.o
 .debug_aranges
                0x00001588       0x40 build/default/production/_ext/874725666/qmm.o
 .debug_aranges
                0x000015c8       0x28 build/default/production/_ext/559172130/phy_rx.o
 .debug_aranges
                0x000015f0       0x50 build/default/production/_ext/1665200909/heap_4.o
 .debug_aranges
                0x00001640       0xa8 build/default/production/_ext/85628700/demo_app_ffd.o
 .debug_aranges
                0x000016e8       0xa0 build/default/production/_ext/85628700/usr_mac_callbacks.o
 .debug_aranges
                0x00001788       0x28 c:/program files/microchip/xc32/v4.35/bin/bin/../../lib/gcc/pic32c/8.3.1/../../../../pic32c/lib/thumb/v6-m/nofp\libpic32c.a(data_init.o)
 .debug_aranges
                0x000017b0       0x28 c:/program files/microchip/xc32/v4.35/bin/bin/../../lib/gcc/pic32c/8.3.1/../../../../pic32c/lib/thumb/v6-m/nofp\libc-musl.a(__libc_start_main.o)
 .debug_aranges
                0x000017d8       0x18 c:/program files/microchip/xc32/v4.35/bin/bin/../../lib/gcc/pic32c/8.3.1/../../../../pic32c/lib/thumb/v6-m/nofp\libc-musl.a(libc.o)
 .debug_aranges
                0x000017f0       0x28 c:/program files/microchip/xc32/v4.35/bin/bin/../../lib/gcc/pic32c/8.3.1/../../../../pic32c/lib/thumb/v6-m/nofp\libc-musl.a(rand.o)
 .debug_aranges
                0x00001818       0x20 c:/program files/microchip/xc32/v4.35/bin/bin/../../lib/gcc/pic32c/8.3.1/../../../../pic32c/lib/thumb/v6-m/nofp\libc-musl.a(vsnprintf.o)
 .debug_aranges
                0x00001838       0x20 c:/program files/microchip/xc32/v4.35/bin/bin/../../lib/gcc/pic32c/8.3.1/../../../../pic32c/lib/thumb/v6-m/nofp\libc-musl.a(memcpy.o)
 .debug_aranges
                0x00001858       0x20 c:/program files/microchip/xc32/v4.35/bin/bin/../../lib/gcc/pic32c/8.3.1/../../../../pic32c/lib/thumb/v6-m/nofp\libc-musl.a(memset.o)
 .debug_aranges
                0x00001878       0x20 c:/program files/microchip/xc32/v4.35/bin/bin/../../lib/gcc/pic32c/8.3.1/../../../../pic32c/lib/thumb/v6-m/nofp\libc-musl.a(strlen.o)
 .debug_aranges
                0x00001898       0x18 c:/program files/microchip/xc32/v4.35/bin/bin/../../lib/gcc/pic32c/8.3.1/../../../../pic32c/lib/thumb/v6-m/nofp\libc-musl.a(__environ.o)
 .debug_aranges
                0x000018b0       0x18 c:/program files/microchip/xc32/v4.35/bin/bin/../../lib/gcc/pic32c/8.3.1/../../../../pic32c/lib/thumb/v6-m/nofp\libc-musl.a(__errno_location.o)
 .debug_aranges
                0x000018c8       0x28 c:/program files/microchip/xc32/v4.35/bin/bin/../../lib/gcc/pic32c/8.3.1/../../../../pic32c/lib/thumb/v6-m/nofp\libc-musl.a(vfprintf.o)
 .debug_aranges
                0x000018f0       0x20 c:/program files/microchip/xc32/v4.35/bin/bin/../../lib/gcc/pic32c/8.3.1/../../../../pic32c/lib/thumb/v6-m/nofp\libc-musl.a(__pop_float.o)
 .debug_aranges
                0x00001910       0x20 c:/program files/microchip/xc32/v4.35/bin/bin/../../lib/gcc/pic32c/8.3.1/../../../../pic32c/lib/thumb/v6-m/nofp\libc-musl.a(__pop_int.o)
 .debug_aranges
                0x00001930       0x20 c:/program files/microchip/xc32/v4.35/bin/bin/../../lib/gcc/pic32c/8.3.1/../../../../pic32c/lib/thumb/v6-m/nofp\libc-musl.a(__pop_ptr.o)
 .debug_aranges
                0x00001950       0x50 c:/program files/microchip/xc32/v4.35/bin/bin/../../lib/gcc/pic32c/8.3.1/../../../../pic32c/lib/thumb/v6-m/nofp\libc-musl.a(__printf_core.o)
 .debug_aranges
                0x000019a0       0x20 c:/program files/microchip/xc32/v4.35/bin/bin/../../lib/gcc/pic32c/8.3.1/../../../../pic32c/lib/thumb/v6-m/nofp\libc-musl.a(atoi.o)
 .debug_aranges
                0x000019c0       0x28 c:/program files/microchip/xc32/v4.35/bin/bin/../../lib/gcc/pic32c/8.3.1/../../../../pic32c/lib/thumb/v6-m/nofp\libc-musl.a(tolower.o)
 .debug_aranges
                0x000019e8       0x20 c:/program files/microchip/xc32/v4.35/bin/bin/../../lib/gcc/pic32c/8.3.1/../../../../pic32c/lib/thumb/v6-m/nofp\libc-musl.a(__fmt_a.o)
 .debug_aranges
                0x00001a08       0x20 c:/program files/microchip/xc32/v4.35/bin/bin/../../lib/gcc/pic32c/8.3.1/../../../../pic32c/lib/thumb/v6-m/nofp\libc-musl.a(__fmt_d.o)
 .debug_aranges
                0x00001a28       0x20 c:/program files/microchip/xc32/v4.35/bin/bin/../../lib/gcc/pic32c/8.3.1/../../../../pic32c/lib/thumb/v6-m/nofp\libc-musl.a(__fmt_fp.o)
 .debug_aranges
                0x00001a48       0x20 c:/program files/microchip/xc32/v4.35/bin/bin/../../lib/gcc/pic32c/8.3.1/../../../../pic32c/lib/thumb/v6-m/nofp\libc-musl.a(__fmt_o.o)
 .debug_aranges
                0x00001a68       0x20 c:/program files/microchip/xc32/v4.35/bin/bin/../../lib/gcc/pic32c/8.3.1/../../../../pic32c/lib/thumb/v6-m/nofp\libc-musl.a(__fmt_s.o)
 .debug_aranges
                0x00001a88       0x20 c:/program files/microchip/xc32/v4.35/bin/bin/../../lib/gcc/pic32c/8.3.1/../../../../pic32c/lib/thumb/v6-m/nofp\libc-musl.a(__fmt_u.o)
 .debug_aranges
                0x00001aa8       0x20 c:/program files/microchip/xc32/v4.35/bin/bin/../../lib/gcc/pic32c/8.3.1/../../../../pic32c/lib/thumb/v6-m/nofp\libc-musl.a(__fmt_x.o)
 .debug_aranges
                0x00001ac8       0x20 c:/program files/microchip/xc32/v4.35/bin/bin/../../lib/gcc/pic32c/8.3.1/../../../../pic32c/lib/thumb/v6-m/nofp\libc-musl.a(strcpy.o)
 .debug_aranges
                0x00001ae8       0x28 c:/program files/microchip/xc32/v4.35/bin/bin/../../lib/gcc/pic32c/8.3.1/../../../../pic32c/lib/thumb/v6-m/nofp\libc-musl.a(toupper.o)
 .debug_aranges
                0x00001b10       0x20 c:/program files/microchip/xc32/v4.35/bin/bin/../../lib/gcc/pic32c/8.3.1/../../../../pic32c/lib/thumb/v6-m/nofp\libc-musl.a(__cvt_u.o)
 .debug_aranges
                0x00001b30       0x20 c:/program files/microchip/xc32/v4.35/bin/bin/../../lib/gcc/pic32c/8.3.1/../../../../pic32c/lib/thumb/v6-m/nofp\libc-musl.a(stpcpy.o)
 .debug_aranges
                0x00001b50       0x20 c:/program files/microchip/xc32/v4.35/bin/bin/../../lib/gcc/pic32c/8.3.1/thumb/v6-m/nofp\libgcc.a(_udivsi3.o)
 .debug_aranges
                0x00001b70       0x20 c:/program files/microchip/xc32/v4.35/bin/bin/../../lib/gcc/pic32c/8.3.1/thumb/v6-m/nofp\libgcc.a(_divsi3.o)
 .debug_aranges
                0x00001b90       0x20 c:/program files/microchip/xc32/v4.35/bin/bin/../../lib/gcc/pic32c/8.3.1/thumb/v6-m/nofp\libgcc.a(_dvmd_tls.o)
 .debug_aranges
                0x00001bb0       0x20 c:/program files/microchip/xc32/v4.35/bin/bin/../../lib/gcc/pic32c/8.3.1/thumb/v6-m/nofp\libgcc.a(_aeabi_uldivmod.o)
 .debug_aranges
                0x00001bd0       0x20 c:/program files/microchip/xc32/v4.35/bin/bin/../../lib/gcc/pic32c/8.3.1/thumb/v6-m/nofp\libgcc.a(_muldi3.o)
 .debug_aranges
                0x00001bf0       0x20 c:/program files/microchip/xc32/v4.35/bin/bin/../../lib/gcc/pic32c/8.3.1/thumb/v6-m/nofp\libgcc.a(_udivmoddi4.o)
 .debug_aranges
                0x00001c10       0x20 c:/program files/microchip/xc32/v4.35/bin/bin/../../lib/gcc/pic32c/8.3.1/thumb/v6-m/nofp\libgcc.a(_lshrdi3.o)
 .debug_aranges
                0x00001c30       0x20 c:/program files/microchip/xc32/v4.35/bin/bin/../../lib/gcc/pic32c/8.3.1/thumb/v6-m/nofp\libgcc.a(_ashldi3.o)
 .debug_aranges
                0x00001c50       0x20 c:/program files/microchip/xc32/v4.35/bin/bin/../../lib/gcc/pic32c/8.3.1/thumb/v6-m/nofp\libgcc.a(_clzdi2.o)
 .debug_aranges
                0x00001c70       0x20 c:/program files/microchip/xc32/v4.35/bin/bin/../../lib/gcc/pic32c/8.3.1/thumb/v6-m/nofp\libgcc.a(_clzsi2.o)
 .debug_aranges
                0x00001c90       0x20 c:/program files/microchip/xc32/v4.35/bin/bin/../../lib/gcc/pic32c/8.3.1/../../../../pic32c/lib/thumb/v6-m/nofp\libpic32c.a(pic32_data_init_clear.o)
 .debug_aranges
                0x00001cb0       0x20 c:/program files/microchip/xc32/v4.35/bin/bin/../../lib/gcc/pic32c/8.3.1/../../../../pic32c/lib/thumb/v6-m/nofp\libpic32c.a(pic32_data_init_copy.o)

.debug_ranges   0x00000000     0x1dd8
 .debug_ranges  0x00000000       0x18 build/default/production/_ext/1171490990/exceptions.o
 .debug_ranges  0x00000018       0x18 build/default/production/_ext/1655452824/mac_task.o
 .debug_ranges  0x00000030       0x40 build/default/production/_ext/1655452824/mac_process_beacon_frame.o
 .debug_ranges  0x00000070       0x30 build/default/production/_ext/1171490990/freertos_hooks.o
 .debug_ranges  0x000000a0       0x28 build/default/production/_ext/1865468468/plib_nvic.o
 .debug_ranges  0x000000c8       0x18 build/default/production/_ext/1655452824/mac_sync.o
 .debug_ranges  0x000000e0       0x98 build/default/production/_ext/559172130/phy_init.o
 .debug_ranges  0x00000178       0x30 build/default/production/_ext/60167341/plib_eic.o
 .debug_ranges  0x000001a8       0x90 build/default/production/_ext/1655452824/mac_data_req.o
 .debug_ranges  0x00000238      0x2b0 build/default/production/_ext/404212886/FreeRTOS_tasks.o
 .debug_ranges  0x000004e8       0x10 build/default/production/_ext/1171490990/interrupts.o
 .debug_ranges  0x000004f8       0x28 build/default/production/_ext/1655452824/mac_dispatcher.o
 .debug_ranges  0x00000520       0x68 build/default/production/_ext/829342655/plib_tc3.o
 .debug_ranges  0x00000588       0x10 build/default/production/_ext/1655452824/mac_data_extract_mhr.o
 .debug_ranges  0x00000598       0x48 build/default/production/_ext/1881668453/sys_int.o
 .debug_ranges  0x000005e0       0x10 build/default/production/_ext/559172130/phy_rx_enable.o
 .debug_ranges  0x000005f0       0x10 build/default/production/_ext/1655452824/usr_mlme_sync_loss_ind.o
 .debug_ranges  0x00000600       0x48 build/default/production/_ext/1529399856/osal_freertos_extend.o
 .debug_ranges  0x00000648      0x180 build/default/production/_ext/101884895/sys_time.o
 .debug_ranges  0x000007c8       0x60 build/default/production/_ext/1865521619/plib_port.o
 .debug_ranges  0x00000828       0x20 build/default/production/_ext/559172130/phy_pwr_mgmt.o
 .debug_ranges  0x00000848       0x10 build/default/production/_ext/1655452824/mac_tx_coord_realignment_command.o
 .debug_ranges  0x00000858       0x38 build/default/production/_ext/559172130/phy_tx.o
 .debug_ranges  0x00000890       0x68 build/default/production/_ext/17022449/plib_sercom4_spi_master.o
 .debug_ranges  0x000008f8       0x58 build/default/production/_ext/1655452824/mac_associate.o
 .debug_ranges  0x00000950       0x38 build/default/production/_ext/1655452824/mac_pib.o
 .debug_ranges  0x00000988       0x18 build/default/production/_ext/1171490990/startup_xc32.o
 .debug_ranges  0x000009a0       0x28 build/default/production/_ext/1655452824/mac_beacon.o
 .debug_ranges  0x000009c8       0x78 build/default/production/_ext/1832805299/sys_console.o
 .debug_ranges  0x00000a40       0x18 build/default/production/_ext/1360937237/app.o
 .debug_ranges  0x00000a58       0x20 build/default/production/_ext/1655452824/mac_rx_enable.o
 .debug_ranges  0x00000a78       0x20 build/default/production/_ext/1655452824/mac.o
 .debug_ranges  0x00000a98       0x10 build/default/production/_ext/1360937237/main.o
 .debug_ranges  0x00000aa8       0x28 build/default/production/_ext/1984496892/plib_clock.o
 .debug_ranges  0x00000ad0       0x28 build/default/production/_ext/957911548/phy_task.o
 .debug_ranges  0x00000af8       0x80 build/default/production/_ext/1529399856/osal_freertos.o
 .debug_ranges  0x00000b78       0xc0 build/default/production/_ext/559172130/phy_pib.o
 .debug_ranges  0x00000c38       0x88 build/default/production/_ext/1655452824/mac_disassociate.o
 .debug_ranges  0x00000cc0       0x18 build/default/production/_ext/1655452824/mac_orphan.o
 .debug_ranges  0x00000cd8       0x60 build/default/production/_ext/1832805299/sys_console_uart.o
 .debug_ranges  0x00000d38       0x78 build/default/production/_ext/1593096446/plib_nvmctrl.o
 .debug_ranges  0x00000db0       0x78 build/default/production/_ext/559172130/phy.o
 .debug_ranges  0x00000e28       0x38 build/default/production/_ext/1655452824/mac_process_phy_tx_frame_status.o
 .debug_ranges  0x00000e60       0x10 build/default/production/_ext/1171490990/initialization.o
 .debug_ranges  0x00000e70       0x28 build/default/production/_ext/1171490990/tasks.o
 .debug_ranges  0x00000e98       0x28 build/default/production/_ext/1374435801/bmm.o
 .debug_ranges  0x00000ec0       0x98 build/default/production/_ext/1655452824/mac_callback_wrapper.o
 .debug_ranges  0x00000f58       0x80 build/default/production/_ext/1655452824/mac_api.o
 .debug_ranges  0x00000fd8       0x58 build/default/production/_ext/1655452824/mac_misc.o
 .debug_ranges  0x00001030       0x80 build/default/production/_ext/559172130/phy_helper.o
 .debug_ranges  0x000010b0      0x1e8 build/default/production/_ext/504274921/plib_sercom0_usart.o
 .debug_ranges  0x00001298       0x20 build/default/production/_ext/559172130/phy_irq_handler.o
 .debug_ranges  0x000012b8       0xd8 build/default/production/_ext/1655452824/mac_mcps_data.o
 .debug_ranges  0x00001390      0x108 build/default/production/_ext/404212886/timers.o
 .debug_ranges  0x00001498      0x1e8 build/default/production/_ext/404212886/queue.o
 .debug_ranges  0x00001680       0x48 build/default/production/_ext/1655452824/mac_data_ind.o
 .debug_ranges  0x000016c8       0x68 build/default/production/_ext/1655452824/mac_scan.o
 .debug_ranges  0x00001730       0x48 build/default/production/_ext/559172130/phy_trx_reg_access.o
 .debug_ranges  0x00001778       0x78 build/default/production/_ext/1624415188/port.o
 .debug_ranges  0x000017f0       0x40 build/default/production/_ext/1655452824/mac_poll.o
 .debug_ranges  0x00001830       0x20 build/default/production/_ext/559172130/phy_ed.o
 .debug_ranges  0x00001850       0x30 build/default/production/_ext/404212886/list.o
 .debug_ranges  0x00001880       0x60 build/default/production/_ext/745501718/pal.o
 .debug_ranges  0x000018e0       0x40 build/default/production/_ext/1655452824/mac_start.o
 .debug_ranges  0x00001920       0x68 build/default/production/_ext/874725666/qmm.o
 .debug_ranges  0x00001988       0x30 build/default/production/_ext/559172130/phy_rx.o
 .debug_ranges  0x000019b8       0x40 build/default/production/_ext/1665200909/heap_4.o
 .debug_ranges  0x000019f8       0xe8 build/default/production/_ext/85628700/demo_app_ffd.o
 .debug_ranges  0x00001ae0       0x90 build/default/production/_ext/85628700/usr_mac_callbacks.o
 .debug_ranges  0x00001b70       0x18 c:/program files/microchip/xc32/v4.35/bin/bin/../../lib/gcc/pic32c/8.3.1/../../../../pic32c/lib/thumb/v6-m/nofp\libpic32c.a(data_init.o)
 .debug_ranges  0x00001b88       0x30 c:/program files/microchip/xc32/v4.35/bin/bin/../../lib/gcc/pic32c/8.3.1/../../../../pic32c/lib/thumb/v6-m/nofp\libc-musl.a(__libc_start_main.o)
 .debug_ranges  0x00001bb8       0x18 c:/program files/microchip/xc32/v4.35/bin/bin/../../lib/gcc/pic32c/8.3.1/../../../../pic32c/lib/thumb/v6-m/nofp\libc-musl.a(rand.o)
 .debug_ranges  0x00001bd0       0x10 c:/program files/microchip/xc32/v4.35/bin/bin/../../lib/gcc/pic32c/8.3.1/../../../../pic32c/lib/thumb/v6-m/nofp\libc-musl.a(vsnprintf.o)
 .debug_ranges  0x00001be0       0x10 c:/program files/microchip/xc32/v4.35/bin/bin/../../lib/gcc/pic32c/8.3.1/../../../../pic32c/lib/thumb/v6-m/nofp\libc-musl.a(memcpy.o)
 .debug_ranges  0x00001bf0       0x10 c:/program files/microchip/xc32/v4.35/bin/bin/../../lib/gcc/pic32c/8.3.1/../../../../pic32c/lib/thumb/v6-m/nofp\libc-musl.a(memset.o)
 .debug_ranges  0x00001c00       0x10 c:/program files/microchip/xc32/v4.35/bin/bin/../../lib/gcc/pic32c/8.3.1/../../../../pic32c/lib/thumb/v6-m/nofp\libc-musl.a(strlen.o)
 .debug_ranges  0x00001c10       0x18 c:/program files/microchip/xc32/v4.35/bin/bin/../../lib/gcc/pic32c/8.3.1/../../../../pic32c/lib/thumb/v6-m/nofp\libc-musl.a(vfprintf.o)
 .debug_ranges  0x00001c28       0x10 c:/program files/microchip/xc32/v4.35/bin/bin/../../lib/gcc/pic32c/8.3.1/../../../../pic32c/lib/thumb/v6-m/nofp\libc-musl.a(__pop_float.o)
 .debug_ranges  0x00001c38       0x10 c:/program files/microchip/xc32/v4.35/bin/bin/../../lib/gcc/pic32c/8.3.1/../../../../pic32c/lib/thumb/v6-m/nofp\libc-musl.a(__pop_int.o)
 .debug_ranges  0x00001c48       0x10 c:/program files/microchip/xc32/v4.35/bin/bin/../../lib/gcc/pic32c/8.3.1/../../../../pic32c/lib/thumb/v6-m/nofp\libc-musl.a(__pop_ptr.o)
 .debug_ranges  0x00001c58       0x58 c:/program files/microchip/xc32/v4.35/bin/bin/../../lib/gcc/pic32c/8.3.1/../../../../pic32c/lib/thumb/v6-m/nofp\libc-musl.a(__printf_core.o)
 .debug_ranges  0x00001cb0       0x10 c:/program files/microchip/xc32/v4.35/bin/bin/../../lib/gcc/pic32c/8.3.1/../../../../pic32c/lib/thumb/v6-m/nofp\libc-musl.a(atoi.o)
 .debug_ranges  0x00001cc0       0x18 c:/program files/microchip/xc32/v4.35/bin/bin/../../lib/gcc/pic32c/8.3.1/../../../../pic32c/lib/thumb/v6-m/nofp\libc-musl.a(tolower.o)
 .debug_ranges  0x00001cd8       0x10 c:/program files/microchip/xc32/v4.35/bin/bin/../../lib/gcc/pic32c/8.3.1/../../../../pic32c/lib/thumb/v6-m/nofp\libc-musl.a(__fmt_a.o)
 .debug_ranges  0x00001ce8       0x10 c:/program files/microchip/xc32/v4.35/bin/bin/../../lib/gcc/pic32c/8.3.1/../../../../pic32c/lib/thumb/v6-m/nofp\libc-musl.a(__fmt_d.o)
 .debug_ranges  0x00001cf8       0x10 c:/program files/microchip/xc32/v4.35/bin/bin/../../lib/gcc/pic32c/8.3.1/../../../../pic32c/lib/thumb/v6-m/nofp\libc-musl.a(__fmt_fp.o)
 .debug_ranges  0x00001d08       0x10 c:/program files/microchip/xc32/v4.35/bin/bin/../../lib/gcc/pic32c/8.3.1/../../../../pic32c/lib/thumb/v6-m/nofp\libc-musl.a(__fmt_o.o)
 .debug_ranges  0x00001d18       0x10 c:/program files/microchip/xc32/v4.35/bin/bin/../../lib/gcc/pic32c/8.3.1/../../../../pic32c/lib/thumb/v6-m/nofp\libc-musl.a(__fmt_s.o)
 .debug_ranges  0x00001d28       0x10 c:/program files/microchip/xc32/v4.35/bin/bin/../../lib/gcc/pic32c/8.3.1/../../../../pic32c/lib/thumb/v6-m/nofp\libc-musl.a(__fmt_u.o)
 .debug_ranges  0x00001d38       0x10 c:/program files/microchip/xc32/v4.35/bin/bin/../../lib/gcc/pic32c/8.3.1/../../../../pic32c/lib/thumb/v6-m/nofp\libc-musl.a(__fmt_x.o)
 .debug_ranges  0x00001d48       0x10 c:/program files/microchip/xc32/v4.35/bin/bin/../../lib/gcc/pic32c/8.3.1/../../../../pic32c/lib/thumb/v6-m/nofp\libc-musl.a(strcpy.o)
 .debug_ranges  0x00001d58       0x18 c:/program files/microchip/xc32/v4.35/bin/bin/../../lib/gcc/pic32c/8.3.1/../../../../pic32c/lib/thumb/v6-m/nofp\libc-musl.a(toupper.o)
 .debug_ranges  0x00001d70       0x10 c:/program files/microchip/xc32/v4.35/bin/bin/../../lib/gcc/pic32c/8.3.1/../../../../pic32c/lib/thumb/v6-m/nofp\libc-musl.a(__cvt_u.o)
 .debug_ranges  0x00001d80       0x10 c:/program files/microchip/xc32/v4.35/bin/bin/../../lib/gcc/pic32c/8.3.1/../../../../pic32c/lib/thumb/v6-m/nofp\libc-musl.a(stpcpy.o)
 .debug_ranges  0x00001d90       0x28 c:/program files/microchip/xc32/v4.35/bin/bin/../../lib/gcc/pic32c/8.3.1/thumb/v6-m/nofp\libgcc.a(_muldi3.o)
 .debug_ranges  0x00001db8       0x10 c:/program files/microchip/xc32/v4.35/bin/bin/../../lib/gcc/pic32c/8.3.1/../../../../pic32c/lib/thumb/v6-m/nofp\libpic32c.a(pic32_data_init_clear.o)
 .debug_ranges  0x00001dc8       0x10 c:/program files/microchip/xc32/v4.35/bin/bin/../../lib/gcc/pic32c/8.3.1/../../../../pic32c/lib/thumb/v6-m/nofp\libpic32c.a(pic32_data_init_copy.o)

.debug_line     0x00000000    0x1b2db