Archive member included to satisfy reference by file (symbol)

c:/program files/microchip/xc32/v4.35/bin/bin/../../lib/gcc/pic32c/8.3.1/../../../../pic32c/lib/thumb/v6-m/nofp\libpic32c.a(data_init.o)
                              build/default/production/_ext/1171490990/startup_xc32.o (__pic32c_data_initialization)
c:/program files/microchip/xc32/v4.35/bin/bin/../../lib/gcc/pic32c/8.3.1/../../../../pic32c/lib/thumb/v6-m/nofp\libm-fast-emfloat.a(__aeabi_fadd.o)
                              build/default/production/_ext/559172130/phy_helper.o (__aeabi_fadd)
c:/program files/microchip/xc32/v4.35/bin/bin/../../lib/gcc/pic32c/8.3.1/../../../../pic32c/lib/thumb/v6-m/nofp\libm-fast-emfloat.a(__aeabi_dadd.o)
                              build/default/production/_ext/559172130/phy_helper.o (__aeabi_dadd)
c:/program files/microchip/xc32/v4.35/bin/bin/../../lib/gcc/pic32c/8.3.1/../../../../pic32c/lib/thumb/v6-m/nofp\libm-fast-emfloat.a(__aeabi_fsub.o)
                              build/default/production/_ext/559172130/phy_helper.o (__aeabi_fsub)
c:/program files/microchip/xc32/v4.35/bin/bin/../../lib/gcc/pic32c/8.3.1/../../../../pic32c/lib/thumb/v6-m/nofp\libm-fast-emfloat.a(__aeabi_dmul_aux.o)
                              build/default/production/_ext/559172130/phy_helper.o (__aeabi_dmul)
c:/program files/microchip/xc32/v4.35/bin/bin/../../lib/gcc/pic32c/8.3.1/../../../../pic32c/lib/thumb/v6-m/nofp\libm-fast-emfloat.a(__aeabi_fcmpgt.o)
                              build/default/production/_ext/559172130/phy_helper.o (__aeabi_fcmpgt)
c:/program files/microchip/xc32/v4.35/bin/bin/../../lib/gcc/pic32c/8.3.1/../../../../pic32c/lib/thumb/v6-m/nofp\libm-fast-emfloat.a(__aeabi_fcmplt.o)
                              build/default/production/_ext/559172130/phy_helper.o (__aeabi_fcmplt)
c:/program files/microchip/xc32/v4.35/bin/bin/../../lib/gcc/pic32c/8.3.1/../../../../pic32c/lib/thumb/v6-m/nofp\libm-fast-emfloat.a(__aeabi_f2iz.o)
                              build/default/production/_ext/559172130/phy_helper.o (__aeabi_f2iz)
c:/program files/microchip/xc32/v4.35/bin/bin/../../lib/gcc/pic32c/8.3.1/../../../../pic32c/lib/thumb/v6-m/nofp\libm-fast-emfloat.a(__aeabi_f2uiz.o)
                              build/default/production/_ext/559172130/phy_helper.o (__aeabi_f2uiz)
c:/program files/microchip/xc32/v4.35/bin/bin/../../lib/gcc/pic32c/8.3.1/../../../../pic32c/lib/thumb/v6-m/nofp\libm-fast-emfloat.a(__aeabi_ui2f.o)
                              build/default/production/_ext/559172130/phy_helper.o (__aeabi_ui2f)
c:/program files/microchip/xc32/v4.35/bin/bin/../../lib/gcc/pic32c/8.3.1/../../../../pic32c/lib/thumb/v6-m/nofp\libm-fast-emfloat.a(__aeabi_f2d.o)
                              build/default/production/_ext/559172130/phy_helper.o (__aeabi_f2d)
c:/program files/microchip/xc32/v4.35/bin/bin/../../lib/gcc/pic32c/8.3.1/../../../../pic32c/lib/thumb/v6-m/nofp\libm-fast-emfloat.a(__aeabi_d2f.o)
                              build/default/production/_ext/559172130/phy_helper.o (__aeabi_d2f)
c:/program files/microchip/xc32/v4.35/bin/bin/../../lib/gcc/pic32c/8.3.1/../../../../pic32c/lib/thumb/v6-m/nofp\libc-musl.a(__libc_start_main.o)
                              build/default/production/_ext/1171490990/startup_xc32.o (__libc_init_array)
c:/program files/microchip/xc32/v4.35/bin/bin/../../lib/gcc/pic32c/8.3.1/../../../../pic32c/lib/thumb/v6-m/nofp\libc-musl.a(libc.o)
                              c:/program files/microchip/xc32/v4.35/bin/bin/../../lib/gcc/pic32c/8.3.1/../../../../pic32c/lib/thumb/v6-m/nofp\libc-musl.a(__libc_start_main.o) (__progname_full)
c:/program files/microchip/xc32/v4.35/bin/bin/../../lib/gcc/pic32c/8.3.1/../../../../pic32c/lib/thumb/v6-m/nofp\libc-musl.a(rand.o)
                              build/default/production/_ext/559172130/phy_init.o (srand)
c:/program files/microchip/xc32/v4.35/bin/bin/../../lib/gcc/pic32c/8.3.1/../../../../pic32c/lib/thumb/v6-m/nofp\libc-musl.a(__sio_printf_cdnpsxX.o)
                              (_printf_cdnpsxX)
c:/program files/microchip/xc32/v4.35/bin/bin/../../lib/gcc/pic32c/8.3.1/../../../../pic32c/lib/thumb/v6-m/nofp\libc-musl.a(__fmt_d.o)
                              c:/program files/microchip/xc32/v4.35/bin/bin/../../lib/gcc/pic32c/8.3.1/../../../../pic32c/lib/thumb/v6-m/nofp\libc-musl.a(__sio_printf_cdnpsxX.o) (__fmt_d_needed)
c:/program files/microchip/xc32/v4.35/bin/bin/../../lib/gcc/pic32c/8.3.1/../../../../pic32c/lib/thumb/v6-m/nofp\libc-musl.a(__fmt_s.o)
                              c:/program files/microchip/xc32/v4.35/bin/bin/../../lib/gcc/pic32c/8.3.1/../../../../pic32c/lib/thumb/v6-m/nofp\libc-musl.a(__sio_printf_cdnpsxX.o) (__fmt_s_needed)
c:/program files/microchip/xc32/v4.35/bin/bin/../../lib/gcc/pic32c/8.3.1/../../../../pic32c/lib/thumb/v6-m/nofp\libc-musl.a(__fmt_x.o)
[...]
Memory Configuration

Name             Origin             Length             Attributes
rom              0x00000000         0x00040000         xrl
ram              0x20000000         0x00008000         xw !r
config_01004000  0x01004000         0x00000004
config_01004004  0x01004004         0x00000004
*default*        0x00000000         0xffffffff

Linker script and memory map

LOAD c:/program files/microchip/xc32/v4.35/bin/bin/../../lib/gcc/pic32c/8.3.1/thumb/v6-m/nofp/crti.o
LOAD c:/program files/microchip/xc32/v4.35/bin/bin/../../lib/gcc/pic32c/8.3.1/thumb/v6-m/nofp/crtbegin.o
LOAD build/default/production/_ext/745501718/pal.o
LOAD build/default/production/_ext/559172130/phy.o
LOAD build/default/production/_ext/559172130/phy_trx_reg_access.o
LOAD build/default/production/_ext/559172130/phy_init.o
LOAD build/default/production/_ext/559172130/phy_ed.o
LOAD build/default/production/_ext/559172130/phy_rx.o
LOAD build/default/production/_ext/559172130/phy_rx_enable.o
LOAD build/default/production/_ext/559172130/phy_irq_handler.o
LOAD build/default/production/_ext/559172130/phy_helper.o
LOAD build/default/production/_ext/559172130/phy_pib.o
LOAD build/default/production/_ext/559172130/phy_pwr_mgmt.o
LOAD build/default/production/_ext/559172130/tfa.o
LOAD build/default/production/_ext/559172130/phy_tx.o
LOAD build/default/production/_ext/957911548/phy_ed_end_cb.o
LOAD build/default/production/_ext/957911548/phy_tx_frame_done_cb.o
LOAD build/default/production/_ext/957911548/phy_rx_frame_cb.o
LOAD build/default/production/_ext/957911548/phy_task.o
LOAD build/default/production/_ext/1374435801/bmm.o
LOAD build/default/production/_ext/874725666/qmm.o
LOAD build/default/production/_ext/1123637605/led.o
LOAD build/default/production/_ext/1123637605/wlPdsTypesConverter.o
LOAD build/default/production/_ext/1622227218/mimac_task.o
LOAD build/default/production/_ext/1622227218/miwi_p2p_star.o
LOAD build/default/production/_ext/1622227218/miwi_app.o
LOAD build/default/production/_ext/1622227218/demo_output.o
LOAD build/default/production/_ext/1622227218/miwi_p2p_pds.o
LOAD build/default/production/_ext/1622227218/miwi_init.o
LOAD build/default/production/_ext/1622227218/mimac.o
LOAD build/default/production/_ext/1622227218/p2p_demo.o
LOAD build/default/production/_ext/1529399856/osal_freertos.o
LOAD build/default/production/_ext/1529399856/osal_freertos_extend.o
LOAD build/default/production/_ext/1984496892/plib_clock.o
LOAD build/default/production/_ext/60167341/plib_eic.o
LOAD build/default/production/_ext/1986646378/plib_evsys.o
LOAD build/default/production/_ext/1865468468/plib_nvic.o
LOAD build/default/production/_ext/1593096446/plib_nvmctrl.o
LOAD build/default/production/_ext/1865521619/plib_port.o
LOAD build/default/production/_ext/17022449/plib_sercom4_spi_master.o
LOAD build/default/production/_ext/829342655/plib_tc3.o
LOAD build/default/production/_ext/163028504/xc32_monitor.o
LOAD build/default/production/_ext/1881668453/sys_int.o
LOAD build/default/production/_ext/101884895/sys_time.o
LOAD build/default/production/_ext/1171490990/libc_syscalls.o
LOAD build/default/production/_ext/1171490990/initialization.o
LOAD build/default/production/_ext/1171490990/interrupts.o
LOAD build/default/production/_ext/1171490990/exceptions.o
LOAD build/default/production/_ext/1171490990/freertos_hooks.o
LOAD build/default/production/_ext/1171490990/startup_xc32.o
LOAD build/default/production/_ext/1171490990/tasks.o
LOAD build/default/production/_ext/1624415188/port.o
LOAD build/default/production/_ext/1665200909/heap_4.o
LOAD build/default/production/_ext/404212886/queue.o
LOAD build/default/production/_ext/404212886/timers.o
LOAD build/default/production/_ext/404212886/croutine.o
LOAD build/default/production/_ext/404212886/list.o
LOAD build/default/production/_ext/404212886/event_groups.o
LOAD build/default/production/_ext/404212886/FreeRTOS_tasks.o
LOAD build/default/production/_ext/404212886/stream_buffer.o
LOAD build/default/production/_ext/1360937237/main.o
LOAD build/default/production/_ext/1360937237/app_idle_task.o
LOAD build/default/production/_ext/1360937237/app.o
                0x00000001                __MPLAB_BUILD = 0x1
                0x00040000                __rom_end = (ORIGIN (rom) + LENGTH (rom))
                0x20008000                __ram_end = (ORIGIN (ram) + LENGTH (ram))

.config_01004000
 *(.config_01004000)

.config_01004004
 *(.config_01004004)

.vectors        0x00000000       0xac
                0x00000000                . = ALIGN (0x4)
                0x00000000                _sfixed = .
 *(.vectors .vectors.* .vectors_default .vectors_default.*)
 .vectors.exception_table
                0x00000000       0xac build/default/production/_ext/1171490990/interrupts.o
                0x00000000                exception_table
 *(.isr_vector)
 *(.reset*)
 *(.after_vectors)

.text           0x000000ac       0x20
                0x000000ac                . = ALIGN (0x4)
 *(.glue_7t)
 .glue_7t       0x000000ac        0x0 linker stubs
 *(.glue_7)
 .glue_7        0x000000ac        0x0 linker stubs
 *(.gnu.linkonce.r.*)
 *(.ARM.extab* .gnu.linkonce.armextab.*)
                0x000000ac                . = ALIGN (0x4)
 *(.init)
 .init          0x000000ac        0x4 c:/program files/microchip/xc32/v4.35/bin/bin/../../lib/gcc/pic32c/8.3.1/thumb/v6-m/nofp/crti.o
                0x000000ac                _init
 .init          0x000000b0        0x8 c:/program files/microchip/xc32/v4.35/bin/bin/../../lib/gcc/pic32c/8.3.1/thumb/v6-m/nofp/crtn.o
                0x000000b8                . = ALIGN (0x4)
                0x000000b8                __preinit_array_start = .
 *(.preinit_array)
                0x000000b8                __preinit_array_end = .
                0x000000b8                . = ALIGN (0x4)
                0x000000b8                __init_array_start = .
 *(SORT_BY_NAME(.init_array.*))
 *(.init_array)
 .init_array    0x000000b8        0x4 c:/program files/microchip/xc32/v4.35/bin/bin/../../lib/gcc/pic32c/8.3.1/thumb/v6-m/nofp/crtbegin.o
                0x000000bc                __init_array_end = .
                0x000000bc                . = ALIGN (0x4)
 *crtbegin.o(.ctors)
 *(EXCLUDE_FILE(*crtend.o) .ctors)
 *(SORT_BY_NAME(.ctors.*))
 *crtend.o(.ctors)
                0x000000bc                . = ALIGN (0x4)
 *(.fini)
 .fini          0x000000bc        0x4 c:/program files/microchip/xc32/v4.35/bin/bin/../../lib/gcc/pic32c/8.3.1/thumb/v6-m/nofp/crti.o
                0x000000bc                _fini
 .fini          0x000000c0        0x8 c:/program files/microchip/xc32/v4.35/bin/bin/../../lib/gcc/pic32c/8.3.1/thumb/v6-m/nofp/crtn.o
                0x000000c8                . = ALIGN (0x4)
                0x000000c8                __fini_array_start = .
 *(.fini_array)
 .fini_array    0x000000c8        0x4 c:/program files/microchip/xc32/v4.35/bin/bin/../../lib/gcc/pic32c/8.3.1/thumb/v6-m/nofp/crtbegin.o
 *(SORT_BY_NAME(.fini_array.*))
                0x000000cc                __fini_array_end = .
 *crtbegin.o(.dtors)
 *(EXCLUDE_FILE(*crtend.o) .dtors)
 *(SORT_BY_NAME(.dtors.*))
 *crtend.o(.dtors)
                0x000000cc                . = ALIGN (0x4)
                0x000000cc                _efixed = .
                [!provide]                PROVIDE (__exidx_start = .)

.ARM.exidx      0x000000cc        0x8
 *(.ARM.exidx* .gnu.linkonce.armexidx.*)
 .ARM.exidx     0x000000cc        0x8 c:/program files/microchip/xc32/v4.35/bin/bin/../../lib/gcc/pic32c/8.3.1/thumb/v6-m/nofp\libgcc.a(_udivmoddi4.o)
                [!provide]                PROVIDE (__exidx_end = .)
                0x000000d4                . = ALIGN (0x4)
                0x000000d4                _etext = .

.bss            0x20000000        0x0
                0x20000000                . = ALIGN (0x4)
                0x20000000                __bss_start__ = .
                0x20000000                _sbss = .
                0x20000000                _szero = .
 *(COMMON)
                0x20000000                . = ALIGN (0x4)
                0x20000000                __bss_end__ = .
                0x20000000                _ebss = .
                0x20000000                _ezero = .
                0x20000000                . = ALIGN (0x4)
                0x20000000                _end = .
                0x20007fff                _ram_end_ = ((ORIGIN (ram) + LENGTH (ram)) - 0x1)
                0x00000200                _min_heap_size = 0x200
START GROUP
LOAD c:/program files/microchip/xc32/v4.35/bin/bin/../../lib/gcc/pic32c/8.3.1/../../../../pic32c/lib/thumb/v6-m/nofp\libpic32c.a
LOAD c:/program files/microchip/xc32/v4.35/bin/bin/../../lib/gcc/pic32c/8.3.1/../../../../pic32c/lib/thumb/v6-m/nofp\libm-fast-emfloat.a
LOAD c:/program files/microchip/xc32/v4.35/bin/bin/../../lib/gcc/pic32c/8.3.1/../../../../pic32c/lib/thumb/v6-m/nofp\libc-musl.a
LOAD c:/program files/microchip/xc32/v4.35/bin/bin/../../lib/gcc/pic32c/8.3.1/../../../../pic32c/lib/thumb/v6-m/nofp\libm-fast-emfloat.a
LOAD c:/program files/microchip/xc32/v4.35/bin/bin/../../lib/gcc/pic32c/8.3.1/thumb/v6-m/nofp\libgcc.a
END GROUP
LOAD c:/program files/microchip/xc32/v4.35/bin/bin/../../lib/gcc/pic32c/8.3.1/thumb/v6-m/nofp/crtend.o
LOAD c:/program files/microchip/xc32/v4.35/bin/bin/../../lib/gcc/pic32c/8.3.1/thumb/v6-m/nofp/crtn.o
OUTPUT(dist/default/production/Project.X.production.elf elf32-littlearm)
LOAD data_init
LOAD stack

.ARM.attributes
                0x00000000       0x2a
 .ARM.attributes
                0x00000000       0x1e c:/program files/microchip/xc32/v4.35/bin/bin/../../lib/gcc/pic32c/8.3.1/thumb/v6-m/nofp/crti.o
 .ARM.attributes
                0x0000001e       0x2c c:/program files/microchip/xc32/v4.35/bin/bin/../../lib/gcc/pic32c/8.3.1/thumb/v6-m/nofp/crtbegin.o
 .ARM.attributes
                0x0000004a       0x2c build/default/production/_ext/745501718/pal.o
 .ARM.attributes
                0x00000076       0x2c build/default/production/_ext/559172130/phy.o
 .ARM.attributes
                0x000000a2       0x2c build/default/production/_ext/559172130/phy_trx_reg_access.o
 .ARM.attributes
                0x000000ce       0x2c build/default/production/_ext/559172130/phy_init.o
 .ARM.attributes
                0x000000fa       0x2c build/default/production/_ext/559172130/phy_ed.o
 .ARM.attributes
                0x00000126       0x2c build/default/production/_ext/559172130/phy_rx.o
 .ARM.attributes
                0x00000152       0x2c build/default/production/_ext/559172130/phy_rx_enable.o
 .ARM.attributes
                0x0000017e       0x2c build/default/production/_ext/559172130/phy_irq_handler.o
 .ARM.attributes
                0x000001aa       0x2c build/default/production/_ext/559172130/phy_helper.o
 .ARM.attributes
                0x000001d6       0x2c build/default/production/_ext/559172130/phy_pib.o
 .ARM.attributes
                0x00000202       0x2c build/default/production/_ext/559172130/phy_pwr_mgmt.o
 .ARM.attributes
                0x0000022e       0x2c build/default/production/_ext/559172130/phy_tx.o
 .ARM.attributes
                0x0000025a       0x2c build/default/production/_ext/957911548/phy_task.o
 .ARM.attributes
                0x00000286       0x2c build/default/production/_ext/1374435801/bmm.o
 .ARM.attributes
                0x000002b2       0x2c build/default/production/_ext/874725666/qmm.o
 .ARM.attributes
                0x000002de       0x2c build/default/production/_ext/1622227218/mimac_task.o
 .ARM.attributes
                0x0000030a       0x2c build/default/production/_ext/1622227218/miwi_p2p_star.o
 .ARM.attributes
                0x00000336       0x2c build/default/production/_ext/1622227218/miwi_app.o
 .ARM.attributes
                0x00000362       0x2c build/default/production/_ext/1622227218/demo_output.o
 .ARM.attributes
                0x0000038e       0x2c build/default/production/_ext/1622227218/miwi_init.o
 .ARM.attributes
                0x000003ba       0x2c build/default/production/_ext/1622227218/mimac.o
 .ARM.attributes
                0x000003e6       0x2c build/default/production/_ext/1622227218/p2p_demo.o
 .ARM.attributes
                0x00000412       0x2c build/default/production/_ext/1529399856/osal_freertos.o
 .ARM.attributes
                0x0000043e       0x2c build/default/production/_ext/1529399856/osal_freertos_extend.o
 .ARM.attributes
                0x0000046a       0x2c build/default/production/_ext/1984496892/plib_clock.o
 .ARM.attributes
                0x00000496       0x2c build/default/production/_ext/60167341/plib_eic.o
 .ARM.attributes
                0x000004c2       0x2c build/default/production/_ext/1865468468/plib_nvic.o
 .ARM.attributes
                0x000004ee       0x2c build/default/production/_ext/1593096446/plib_nvmctrl.o
 .ARM.attributes
                0x0000051a       0x2c build/default/production/_ext/1865521619/plib_port.o
 .ARM.attributes
                0x00000546       0x2c build/default/production/_ext/17022449/plib_sercom4_spi_master.o
 .ARM.attributes
                0x00000572       0x2c build/default/production/_ext/829342655/plib_tc3.o
 .ARM.attributes
                0x0000059e       0x2c build/default/production/_ext/163028504/xc32_monitor.o
 .ARM.attributes
                0x000005ca       0x2c build/default/production/_ext/1881668453/sys_int.o
 .ARM.attributes
                0x000005f6       0x2c build/default/production/_ext/101884895/sys_time.o
 .ARM.attributes
                0x00000622       0x2c build/default/production/_ext/1171490990/initialization.o
 .ARM.attributes
                0x0000064e       0x2c build/default/production/_ext/1171490990/interrupts.o
 .ARM.attributes
                0x0000067a       0x2c build/default/production/_ext/1171490990/exceptions.o
 .ARM.attributes
                0x000006a6       0x2c build/default/production/_ext/1171490990/freertos_hooks.o
 .ARM.attributes
                0x000006d2       0x2c build/default/production/_ext/1171490990/startup_xc32.o
 .ARM.attributes
                0x000006fe       0x2c build/default/production/_ext/1171490990/tasks.o
 .ARM.attributes
                0x0000072a       0x2c build/default/production/_ext/1624415188/port.o
 .ARM.attributes
                0x00000756       0x2c build/default/production/_ext/1665200909/heap_4.o
 .ARM.attributes
                0x00000782       0x2c build/default/production/_ext/404212886/queue.o
 .ARM.attributes
                0x000007ae       0x2c build/default/production/_ext/404212886/list.o
 .ARM.attributes
                0x000007da       0x2c build/default/production/_ext/404212886/FreeRTOS_tasks.o
 .ARM.attributes
                0x00000806       0x2c build/default/production/_ext/1360937237/main.o
 .ARM.attributes
                0x00000832       0x2c build/default/production/_ext/1360937237/app.o
 .ARM.attributes
                0x0000085e       0x2c c:/program files/microchip/xc32/v4.35/bin/bin/../../lib/gcc/pic32c/8.3.1/../../../../pic32c/lib/thumb/v6-m/nofp\libpic32c.a(data_init.o)
 .ARM.attributes
                0x0000088a       0x2e c:/program files/microchip/xc32/v4.35/bin/bin/../../lib/gcc/pic32c/8.3.1/../../../../pic32c/lib/thumb/v6-m/nofp\libc-musl.a(__libc_start_main.o)
 .ARM.attributes
                0x000008b8       0x2e c:/program files/microchip/xc32/v4.35/bin/bin/../../lib/gcc/pic32c/8.3.1/../../../../pic32c/lib/thumb/v6-m/nofp\libc-musl.a(libc.o)
 .ARM.attributes
                0x000008e6       0x2e c:/program files/microchip/xc32/v4.35/bin/bin/../../lib/gcc/pic32c/8.3.1/../../../../pic32c/lib/thumb/v6-m/nofp\libc-musl.a(rand.o)
 .ARM.attributes
                0x00000914       0x2e c:/program files/microchip/xc32/v4.35/bin/bin/../../lib/gcc/pic32c/8.3.1/../../../../pic32c/lib/thumb/v6-m/nofp\libc-musl.a(__sio_printf_cdnpsxX.o)
 .ARM.attributes
                0x00000942       0x2e c:/program files/microchip/xc32/v4.35/bin/bin/../../lib/gcc/pic32c/8.3.1/../../../../pic32c/lib/thumb/v6-m/nofp\libc-musl.a(__fmt_d.o)
 .ARM.attributes
                0x00000970       0x2e c:/program files/microchip/xc32/v4.35/bin/bin/../../lib/gcc/pic32c/8.3.1/../../../../pic32c/lib/thumb/v6-m/nofp\libc-musl.a(__fmt_s.o)
 .ARM.attributes
                0x0000099e       0x2e c:/program files/microchip/xc32/v4.35/bin/bin/../../lib/gcc/pic32c/8.3.1/../../../../pic32c/lib/thumb/v6-m/nofp\libc-musl.a(__fmt_x.o)
 .ARM.attributes
                0x000009cc       0x2e c:/program files/microchip/xc32/v4.35/bin/bin/../../lib/gcc/pic32c/8.3.1/../../../../pic32c/lib/thumb/v6-m/nofp\libc-musl.a(__pop_int.o)
 .ARM.attributes
                0x000009fa       0x2e c:/program files/microchip/xc32/v4.35/bin/bin/../../lib/gcc/pic32c/8.3.1/../../../../pic32c/lib/thumb/v6-m/nofp\libc-musl.a(__pop_ptr.o)
 .ARM.attributes
                0x00000a28       0x2e c:/program files/microchip/xc32/v4.35/bin/bin/../../lib/gcc/pic32c/8.3.1/../../../../pic32c/lib/thumb/v6-m/nofp\libc-musl.a(__printf_core.o)
 .ARM.attributes
                0x00000a56       0x2e c:/program files/microchip/xc32/v4.35/bin/bin/../../lib/gcc/pic32c/8.3.1/../../../../pic32c/lib/thumb/v6-m/nofp\libc-musl.a(stdout.o)
 .ARM.attributes
                0x00000a84       0x2e c:/program files/microchip/xc32/v4.35/bin/bin/../../lib/gcc/pic32c/8.3.1/../../../../pic32c/lib/thumb/v6-m/nofp\libc-musl.a(atoi.o)
 .ARM.attributes
                0x00000ab2       0x2e c:/program files/microchip/xc32/v4.35/bin/bin/../../lib/gcc/pic32c/8.3.1/../../../../pic32c/lib/thumb/v6-m/nofp\libc-musl.a(memcmp.o)
 .ARM.attributes
                0x00000ae0       0x2e c:/program files/microchip/xc32/v4.35/bin/bin/../../lib/gcc/pic32c/8.3.1/../../../../pic32c/lib/thumb/v6-m/nofp\libc-musl.a(memcpy.o)
 .ARM.attributes
                0x00000b0e       0x2e c:/program files/microchip/xc32/v4.35/bin/bin/../../lib/gcc/pic32c/8.3.1/../../../../pic32c/lib/thumb/v6-m/nofp\libc-musl.a(memset.o)
 .ARM.attributes
                0x00000b3c       0x2e c:/program files/microchip/xc32/v4.35/bin/bin/../../lib/gcc/pic32c/8.3.1/../../../../pic32c/lib/thumb/v6-m/nofp\libc-musl.a(strlen.o)
 .ARM.attributes
                0x00000b6a       0x2e c:/program files/microchip/xc32/v4.35/bin/bin/../../lib/gcc/pic32c/8.3.1/../../../../pic32c/lib/thumb/v6-m/nofp\libc-musl.a(tolower.o)
 .ARM.attributes
                0x00000b98       0x2e c:/program files/microchip/xc32/v4.35/bin/bin/../../lib/gcc/pic32c/8.3.1/../../../../pic32c/lib/thumb/v6-m/nofp\libc-musl.a(toupper.o)
 .ARM.attributes
                0x00000bc6       0x2e c:/program files/microchip/xc32/v4.35/bin/bin/../../lib/gcc/pic32c/8.3.1/../../../../pic32c/lib/thumb/v6-m/nofp\libc-musl.a(__environ.o)
 .ARM.attributes
                0x00000bf4       0x2e c:/program files/microchip/xc32/v4.35/bin/bin/../../lib/gcc/pic32c/8.3.1/../../../../pic32c/lib/thumb/v6-m/nofp\libc-musl.a(__errno_location.o)
 .ARM.attributes
                0x00000c22       0x2e c:/program files/microchip/xc32/v4.35/bin/bin/../../lib/gcc/pic32c/8.3.1/../../../../pic32c/lib/thumb/v6-m/nofp\libc-musl.a(__int_vfprintf.o)
 .ARM.attributes
                0x00000c50       0x2e c:/program files/microchip/xc32/v4.35/bin/bin/../../lib/gcc/pic32c/8.3.1/../../../../pic32c/lib/thumb/v6-m/nofp\libc-musl.a(__cvt_u.o)
 .ARM.attributes
                0x00000c7e       0x2e c:/program files/microchip/xc32/v4.35/bin/bin/../../lib/gcc/pic32c/8.3.1/../../../../pic32c/lib/thumb/v6-m/nofp\libc-musl.a(__pop_float.o)
 .ARM.attributes
                0x00000cac       0x2e c:/program files/microchip/xc32/v4.35/bin/bin/../../lib/gcc/pic32c/8.3.1/../../../../pic32c/lib/thumb/v6-m/nofp\libc-musl.a(__init_stdio.o)
 .ARM.attributes
                0x00000cda       0x2e c:/program files/microchip/xc32/v4.35/bin/bin/../../lib/gcc/pic32c/8.3.1/../../../../pic32c/lib/thumb/v6-m/nofp\libc-musl.a(__out.o)
 .ARM.attributes
                0x00000d08       0x1e c:/program files/microchip/xc32/v4.35/bin/bin/../../lib/gcc/pic32c/8.3.1/thumb/v6-m/nofp\libgcc.a(_udivsi3.o)
 .ARM.attributes
                0x00000d26       0x1e c:/program files/microchip/xc32/v4.35/bin/bin/../../lib/gcc/pic32c/8.3.1/thumb/v6-m/nofp\libgcc.a(_dvmd_tls.o)
 .ARM.attributes
                0x00000d44       0x1e c:/program files/microchip/xc32/v4.35/bin/bin/../../lib/gcc/pic32c/8.3.1/thumb/v6-m/nofp\libgcc.a(_aeabi_uldivmod.o)
 .ARM.attributes
                0x00000d62       0x2c c:/program files/microchip/xc32/v4.35/bin/bin/../../lib/gcc/pic32c/8.3.1/thumb/v6-m/nofp\libgcc.a(_muldi3.o)
 .ARM.attributes
                0x00000d8e       0x2c c:/program files/microchip/xc32/v4.35/bin/bin/../../lib/gcc/pic32c/8.3.1/thumb/v6-m/nofp\libgcc.a(_udivmoddi4.o)
 .ARM.attributes
                0x00000dba       0x1e c:/program files/microchip/xc32/v4.35/bin/bin/../../lib/gcc/pic32c/8.3.1/thumb/v6-m/nofp\libgcc.a(_lshrdi3.o)
 .ARM.attributes
                0x00000dd8       0x1e c:/program files/microchip/xc32/v4.35/bin/bin/../../lib/gcc/pic32c/8.3.1/thumb/v6-m/nofp\libgcc.a(_ashldi3.o)
 .ARM.attributes
                0x00000df6       0x1e c:/program files/microchip/xc32/v4.35/bin/bin/../../lib/gcc/pic32c/8.3.1/thumb/v6-m/nofp\libgcc.a(_clzdi2.o)
 .ARM.attributes
                0x00000e14       0x1e c:/program files/microchip/xc32/v4.35/bin/bin/../../lib/gcc/pic32c/8.3.1/thumb/v6-m/nofp\libgcc.a(_clzsi2.o)
 .ARM.attributes
                0x00000e32       0x1e c:/program files/microchip/xc32/v4.35/bin/bin/../../lib/gcc/pic32c/8.3.1/thumb/v6-m/nofp/crtn.o
 .ARM.attributes
                0x00000e50       0x2c c:/program files/microchip/xc32/v4.35/bin/bin/../../lib/gcc/pic32c/8.3.1/../../../../pic32c/lib/thumb/v6-m/nofp\libpic32c.a(pic32_data_init_clear.o)
 .ARM.attributes
                0x00000e7c       0x2c c:/program files/microchip/xc32/v4.35/bin/bin/../../lib/gcc/pic32c/8.3.1/../../../../pic32c/lib/thumb/v6-m/nofp\libpic32c.a(pic32_data_init_copy.o)

.comment        0x00000000       0x2b
 .comment       0x00000000       0x2b c:/program files/microchip/xc32/v4.35/bin/bin/../../lib/gcc/pic32c/8.3.1/thumb/v6-m/nofp/crtbegin.o
                                 0x2c (size before relaxing)
 .comment       0x0000002b       0x2c build/default/production/_ext/745501718/pal.o
 .comment       0x0000002b       0x2c build/default/production/_ext/559172130/phy.o
 .comment       0x0000002b       0x2c build/default/production/_ext/559172130/phy_trx_reg_access.o
 .comment       0x0000002b       0x2c build/default/production/_ext/559172130/phy_init.o
 .comment       0x0000002b       0x2c build/default/production/_ext/559172130/phy_ed.o
 .comment       0x0000002b       0x2c build/default/production/_ext/559172130/phy_rx.o
 .comment       0x0000002b       0x2c build/default/production/_ext/559172130/phy_rx_enable.o
 .comment       0x0000002b       0x2c build/default/production/_ext/559172130/phy_irq_handler.o
 .comment       0x0000002b       0x2c build/default/production/_ext/559172130/phy_helper.o
 .comment       0x0000002b       0x2c build/default/production/_ext/559172130/phy_pib.o
 .comment       0x0000002b       0x2c build/default/production/_ext/559172130/phy_pwr_mgmt.o
 .comment       0x0000002b       0x2c build/default/production/_ext/559172130/phy_tx.o
 .comment       0x0000002b       0x2c build/default/production/_ext/957911548/phy_task.o
 .comment       0x0000002b       0x2c build/default/production/_ext/1374435801/bmm.o
 .comment       0x0000002b       0x2c build/default/production/_ext/874725666/qmm.o
 .comment       0x0000002b       0x2c build/default/production/_ext/1622227218/mimac_task.o
 .comment       0x0000002b       0x2c build/default/production/_ext/1622227218/miwi_p2p_star.o
 .comment       0x0000002b       0x2c build/default/production/_ext/1622227218/miwi_app.o
 .comment       0x0000002b       0x2c build/default/production/_ext/1622227218/demo_output.o
 .comment       0x0000002b       0x2c build/default/production/_ext/1622227218/miwi_init.o
 .comment       0x0000002b       0x2c build/default/production/_ext/1622227218/mimac.o
 .comment       0x0000002b       0x2c build/default/production/_ext/1622227218/p2p_demo.o
 .comment       0x0000002b       0x2c build/default/production/_ext/1529399856/osal_freertos.o
 .comment       0x0000002b       0x2c build/default/production/_ext/1529399856/osal_freertos_extend.o
 .comment       0x0000002b       0x2c build/default/production/_ext/1984496892/plib_clock.o
 .comment       0x0000002b       0x2c build/default/production/_ext/60167341/plib_eic.o
 .comment       0x0000002b       0x2c build/default/production/_ext/1865468468/plib_nvic.o
 .comment       0x0000002b       0x2c build/default/production/_ext/1593096446/plib_nvmctrl.o
 .comment       0x0000002b       0x2c build/default/production/_ext/1865521619/plib_port.o
 .comment       0x0000002b       0x2c build/default/production/_ext/17022449/plib_sercom4_spi_master.o
 .comment       0x0000002b       0x2c build/default/production/_ext/829342655/plib_tc3.o
 .comment       0x0000002b       0x2c build/default/production/_ext/163028504/xc32_monitor.o
 .comment       0x0000002b       0x2c build/default/production/_ext/1881668453/sys_int.o
 .comment       0x0000002b       0x2c build/default/production/_ext/101884895/sys_time.o
 .comment       0x0000002b       0x2c build/default/production/_ext/1171490990/initialization.o
 .comment       0x0000002b       0x2c build/default/production/_ext/1171490990/interrupts.o
 .comment       0x0000002b       0x2c build/default/production/_ext/1171490990/exceptions.o
 .comment       0x0000002b       0x2c build/default/production/_ext/1171490990/freertos_hooks.o
 .comment       0x0000002b       0x2c build/default/production/_ext/1171490990/startup_xc32.o
 .comment       0x0000002b       0x2c build/default/production/_ext/1171490990/tasks.o
 .comment       0x0000002b       0x2c build/default/production/_ext/1624415188/port.o
 .comment       0x0000002b       0x2c build/default/production/_ext/1665200909/heap_4.o
 .comment       0x0000002b       0x2c build/default/production/_ext/404212886/queue.o
 .comment       0x0000002b       0x2c build/default/production/_ext/404212886/list.o
 .comment       0x0000002b       0x2c build/default/production/_ext/404212886/FreeRTOS_tasks.o
 .comment       0x0000002b       0x2c build/default/production/_ext/1360937237/main.o
 .comment       0x0000002b       0x2c build/default/production/_ext/1360937237/app.o
 .comment       0x0000002b       0x2c c:/program files/microchip/xc32/v4.35/bin/bin/../../lib/gcc/pic32c/8.3.1/../../../../pic32c/lib/thumb/v6-m/nofp\libpic32c.a(data_init.o)
 .comment       0x0000002b       0x2c c:/program files/microchip/xc32/v4.35/bin/bin/../../lib/gcc/pic32c/8.3.1/../../../../pic32c/lib/thumb/v6-m/nofp\libc-musl.a(__libc_start_main.o)
 .comment       0x0000002b       0x2c c:/program files/microchip/xc32/v4.35/bin/bin/../../lib/gcc/pic32c/8.3.1/../../../../pic32c/lib/thumb/v6-m/nofp\libc-musl.a(libc.o)
 .comment       0x0000002b       0x2c c:/program files/microchip/xc32/v4.35/bin/bin/../../lib/gcc/pic32c/8.3.1/../../../../pic32c/lib/thumb/v6-m/nofp\libc-musl.a(rand.o)
 .comment       0x0000002b       0x2c c:/program files/microchip/xc32/v4.35/bin/bin/../../lib/gcc/pic32c/8.3.1/../../../../pic32c/lib/thumb/v6-m/nofp\libc-musl.a(__sio_printf_cdnpsxX.o)
 .comment       0x0000002b       0x2c c:/program files/microchip/xc32/v4.35/bin/bin/../../lib/gcc/pic32c/8.3.1/../../../../pic32c/lib/thumb/v6-m/nofp\libc-musl.a(__fmt_d.o)
 .comment       0x0000002b       0x2c c:/program files/microchip/xc32/v4.35/bin/bin/../../lib/gcc/pic32c/8.3.1/../../../../pic32c/lib/thumb/v6-m/nofp\libc-musl.a(__fmt_s.o)
 .comment       0x0000002b       0x2c c:/program files/microchip/xc32/v4.35/bin/bin/../../lib/gcc/pic32c/8.3.1/../../../../pic32c/lib/thumb/v6-m/nofp\libc-musl.a(__fmt_x.o)
 .comment       0x0000002b       0x2c c:/program files/microchip/xc32/v4.35/bin/bin/../../lib/gcc/pic32c/8.3.1/../../../../pic32c/lib/thumb/v6-m/nofp\libc-musl.a(__pop_int.o)
 .comment       0x0000002b       0x2c c:/program files/microchip/xc32/v4.35/bin/bin/../../lib/gcc/pic32c/8.3.1/../../../../pic32c/lib/thumb/v6-m/nofp\libc-musl.a(__pop_ptr.o)
 .comment       0x0000002b       0x2c c:/program files/microchip/xc32/v4.35/bin/bin/../../lib/gcc/pic32c/8.3.1/../../../../pic32c/lib/thumb/v6-m/nofp\libc-musl.a(__printf_core.o)
 .comment       0x0000002b       0x2c c:/program files/microchip/xc32/v4.35/bin/bin/../../lib/gcc/pic32c/8.3.1/../../../../pic32c/lib/thumb/v6-m/nofp\libc-musl.a(stdout.o)
 .comment       0x0000002b       0x2c c:/program files/microchip/xc32/v4.35/bin/bin/../../lib/gcc/pic32c/8.3.1/../../../../pic32c/lib/thumb/v6-m/nofp\libc-musl.a(atoi.o)
 .comment       0x0000002b       0x2c c:/program files/microchip/xc32/v4.35/bin/bin/../../lib/gcc/pic32c/8.3.1/../../../../pic32c/lib/thumb/v6-m/nofp\libc-musl.a(memcmp.o)
 .comment       0x0000002b       0x2c c:/program files/microchip/xc32/v4.35/bin/bin/../../lib/gcc/pic32c/8.3.1/../../../../pic32c/lib/thumb/v6-m/nofp\libc-musl.a(memcpy.o)
 .comment       0x0000002b       0x2c c:/program files/microchip/xc32/v4.35/bin/bin/../../lib/gcc/pic32c/8.3.1/../../../../pic32c/lib/thumb/v6-m/nofp\libc-musl.a(memset.o)
 .comment       0x0000002b       0x2c c:/program files/microchip/xc32/v4.35/bin/bin/../../lib/gcc/pic32c/8.3.1/../../../../pic32c/lib/thumb/v6-m/nofp\libc-musl.a(strlen.o)
 .comment       0x0000002b       0x2c c:/program files/microchip/xc32/v4.35/bin/bin/../../lib/gcc/pic32c/8.3.1/../../../../pic32c/lib/thumb/v6-m/nofp\libc-musl.a(tolower.o)
 .comment       0x0000002b       0x2c c:/program files/microchip/xc32/v4.35/bin/bin/../../lib/gcc/pic32c/8.3.1/../../../../pic32c/lib/thumb/v6-m/nofp\libc-musl.a(toupper.o)
 .comment       0x0000002b       0x2c c:/program files/microchip/xc32/v4.35/bin/bin/../../lib/gcc/pic32c/8.3.1/../../../../pic32c/lib/thumb/v6-m/nofp\libc-musl.a(__environ.o)
 .comment       0x0000002b       0x2c c:/program files/microchip/xc32/v4.35/bin/bin/../../lib/gcc/pic32c/8.3.1/../../../../pic32c/lib/thumb/v6-m/nofp\libc-musl.a(__errno_location.o)
 .comment       0x0000002b       0x2c c:/program files/microchip/xc32/v4.35/bin/bin/../../lib/gcc/pic32c/8.3.1/../../../../pic32c/lib/thumb/v6-m/nofp\libc-musl.a(__int_vfprintf.o)
 .comment       0x0000002b       0x2c c:/program files/microchip/xc32/v4.35/bin/bin/../../lib/gcc/pic32c/8.3.1/../../../../pic32c/lib/thumb/v6-m/nofp\libc-musl.a(__cvt_u.o)
 .comment       0x0000002b       0x2c c:/program files/microchip/xc32/v4.35/bin/bin/../../lib/gcc/pic32c/8.3.1/../../../../pic32c/lib/thumb/v6-m/nofp\libc-musl.a(__pop_float.o)
 .comment       0x0000002b       0x2c c:/program files/microchip/xc32/v4.35/bin/bin/../../lib/gcc/pic32c/8.3.1/../../../../pic32c/lib/thumb/v6-m/nofp\libc-musl.a(__init_stdio.o)
 .comment       0x0000002b       0x2c c:/program files/microchip/xc32/v4.35/bin/bin/../../lib/gcc/pic32c/8.3.1/../../../../pic32c/lib/thumb/v6-m/nofp\libc-musl.a(__out.o)
 .comment       0x0000002b       0x2c c:/program files/microchip/xc32/v4.35/bin/bin/../../lib/gcc/pic32c/8.3.1/thumb/v6-m/nofp\libgcc.a(_muldi3.o)
 .comment       0x0000002b       0x2c c:/program files/microchip/xc32/v4.35/bin/bin/../../lib/gcc/pic32c/8.3.1/thumb/v6-m/nofp\libgcc.a(_udivmoddi4.o)
 .comment       0x0000002b       0x2c c:/program files/microchip/xc32/v4.35/bin/bin/../../lib/gcc/pic32c/8.3.1/../../../../pic32c/lib/thumb/v6-m/nofp\libpic32c.a(pic32_data_init_clear.o)
 .comment       0x0000002b       0x2c c:/program files/microchip/xc32/v4.35/bin/bin/../../lib/gcc/pic32c/8.3.1/../../../../pic32c/lib/thumb/v6-m/nofp\libpic32c.a(pic32_data_init_copy.o)

.debug_info     0x00000000    0x34398
 .debug_info    0x00000000      0xed6 build/default/production/_ext/745501718/pal.o
 .debug_info    0x00000ed6     0x19b5 build/default/production/_ext/559172130/phy.o
 .debug_info    0x0000288b      0xc2e build/default/production/_ext/559172130/phy_trx_reg_access.o
 .debug_info    0x000034b9     0x1afd build/default/production/_ext/559172130/phy_init.o
 .debug_info    0x00004fb6      0xd5a build/default/production/_ext/559172130/phy_ed.o
 .debug_info    0x00005d10      0xc8d build/default/production/_ext/559172130/phy_rx.o
 .debug_info    0x0000699d      0xa1e build/default/production/_ext/559172130/phy_rx_enable.o
 .debug_info    0x000073bb      0x9bc build/default/production/_ext/559172130/phy_irq_handler.o
 .debug_info    0x00007d77     0x1ba8 build/default/production/_ext/559172130/phy_helper.o
 .debug_info    0x0000991f     0x1315 build/default/production/_ext/559172130/phy_pib.o
 .debug_info    0x0000ac34      0xcde build/default/production/_ext/559172130/phy_pwr_mgmt.o
 .debug_info    0x0000b912     0x159b build/default/production/_ext/559172130/phy_tx.o
 .debug_info    0x0000cead      0x5f5 build/default/production/_ext/957911548/phy_task.o
 .debug_info    0x0000d4a2      0x6e1 build/default/production/_ext/1374435801/bmm.o
 .debug_info    0x0000db83      0x827 build/default/production/_ext/874725666/qmm.o
 .debug_info    0x0000e3aa      0xc91 build/default/production/_ext/1622227218/mimac_task.o
 .debug_info    0x0000f03b     0x3897 build/default/production/_ext/1622227218/miwi_p2p_star.o
 .debug_info    0x000128d2     0x17b1 build/default/production/_ext/1622227218/miwi_app.o
 .debug_info    0x00014083      0x9e5 build/default/production/_ext/1622227218/demo_output.o
 .debug_info    0x00014a68     0x15e9 build/default/production/_ext/1622227218/miwi_init.o
 .debug_info    0x00016051     0x1d22 build/default/production/_ext/1622227218/mimac.o
 .debug_info    0x00017d73     0x1076 build/default/production/_ext/1622227218/p2p_demo.o
 .debug_info    0x00018de9      0xbb5 build/default/production/_ext/1529399856/osal_freertos.o
 .debug_info    0x0001999e      0x8ee build/default/production/_ext/1529399856/osal_freertos_extend.o
 .debug_info    0x0001a28c      0x9fd build/default/production/_ext/1984496892/plib_clock.o
 .debug_info    0x0001ac89      0x6b9 build/default/production/_ext/60167341/plib_eic.o
 .debug_info    0x0001b342      0xa7a build/default/production/_ext/1865468468/plib_nvic.o
 .debug_info    0x0001bdbc      0x9be build/default/production/_ext/1593096446/plib_nvmctrl.o
 .debug_info    0x0001c77a      0xcb7 build/default/production/_ext/1865521619/plib_port.o
 .debug_info    0x0001d431     0x14a3 build/default/production/_ext/17022449/plib_sercom4_spi_master.o
 .debug_info    0x0001e8d4      0xbbd build/default/production/_ext/829342655/plib_tc3.o
 .debug_info    0x0001f491      0x30b build/default/production/_ext/163028504/xc32_monitor.o
 .debug_info    0x0001f79c      0x963 build/default/production/_ext/1881668453/sys_int.o
 .debug_info    0x000200ff     0x26f9 build/default/production/_ext/101884895/sys_time.o
 .debug_info    0x000227f8     0x1318 build/default/production/_ext/1171490990/initialization.o
 .debug_info    0x00023b10      0x839 build/default/production/_ext/1171490990/interrupts.o
 .debug_info    0x00024349      0x325 build/default/production/_ext/1171490990/exceptions.o
 .debug_info    0x0002466e      0x47f build/default/production/_ext/1171490990/freertos_hooks.o
 .debug_info    0x00024aed      0x486 build/default/production/_ext/1171490990/startup_xc32.o
 .debug_info    0x00024f73      0x626 build/default/production/_ext/1171490990/tasks.o
 .debug_info    0x00025599      0x6d8 build/default/production/_ext/1624415188/port.o
 .debug_info    0x00025c71      0xa2d build/default/production/_ext/1665200909/heap_4.o
 .debug_info    0x0002669e     0x2477 build/default/production/_ext/404212886/queue.o
 .debug_info    0x00028b15      0x61b build/default/production/_ext/404212886/list.o
 .debug_info    0x00029130     0x2cb2 build/default/production/_ext/404212886/FreeRTOS_tasks.o
 .debug_info    0x0002bde2      0x31a build/default/production/_ext/1360937237/main.o
 .debug_info    0x0002c0fc      0x571 build/default/production/_ext/1360937237/app.o
 .debug_info    0x0002c66d      0x2b9 c:/program files/microchip/xc32/v4.35/bin/bin/../../lib/gcc/pic32c/8.3.1/../../../../pic32c/lib/thumb/v6-m/nofp\libpic32c.a(data_init.o)
 .debug_info    0x0002c926      0x616 c:/program files/microchip/xc32/v4.35/bin/bin/../../lib/gcc/pic32c/8.3.1/../../../../pic32c/lib/thumb/v6-m/nofp\libc-musl.a(__libc_start_main.o)
 .debug_info    0x0002cf3c      0x528 c:/program files/microchip/xc32/v4.35/bin/bin/../../lib/gcc/pic32c/8.3.1/../../../../pic32c/lib/thumb/v6-m/nofp\libc-musl.a(libc.o)
 .debug_info    0x0002d464      0x31f c:/program files/microchip/xc32/v4.35/bin/bin/../../lib/gcc/pic32c/8.3.1/../../../../pic32c/lib/thumb/v6-m/nofp\libc-musl.a(rand.o)
 .debug_info    0x0002d783      0x464 c:/program files/microchip/xc32/v4.35/bin/bin/../../lib/gcc/pic32c/8.3.1/../../../../pic32c/lib/thumb/v6-m/nofp\libc-musl.a(__sio_printf_cdnpsxX.o)
 .debug_info    0x0002dbe7      0x5b5 c:/program files/microchip/xc32/v4.35/bin/bin/../../lib/gcc/pic32c/8.3.1/../../../../pic32c/lib/thumb/v6-m/nofp\libc-musl.a(__fmt_d.o)
 .debug_info    0x0002e19c      0x571 c:/program files/microchip/xc32/v4.35/bin/bin/../../lib/gcc/pic32c/8.3.1/../../../../pic32c/lib/thumb/v6-m/nofp\libc-musl.a(__fmt_s.o)
 .debug_info    0x0002e70d      0x5ba c:/program files/microchip/xc32/v4.35/bin/bin/../../lib/gcc/pic32c/8.3.1/../../../../pic32c/lib/thumb/v6-m/nofp\libc-musl.a(__fmt_x.o)
 .debug_info    0x0002ecc7      0x3f4 c:/program files/microchip/xc32/v4.35/bin/bin/../../lib/gcc/pic32c/8.3.1/../../../../pic32c/lib/thumb/v6-m/nofp\libc-musl.a(__pop_int.o)
 .debug_info    0x0002f0bb      0x400 c:/program files/microchip/xc32/v4.35/bin/bin/../../lib/gcc/pic32c/8.3.1/../../../../pic32c/lib/thumb/v6-m/nofp\libc-musl.a(__pop_ptr.o)
 .debug_info    0x0002f4bb      0xd73 c:/program files/microchip/xc32/v4.35/bin/bin/../../lib/gcc/pic32c/8.3.1/../../../../pic32c/lib/thumb/v6-m/nofp\libc-musl.a(__printf_core.o)
 .debug_info    0x0003022e      0x476 c:/program files/microchip/xc32/v4.35/bin/bin/../../lib/gcc/pic32c/8.3.1/../../../../pic32c/lib/thumb/v6-m/nofp\libc-musl.a(stdout.o)
 .debug_info    0x000306a4      0x2ee c:/program files/microchip/xc32/v4.35/bin/bin/../../lib/gcc/pic32c/8.3.1/../../../../pic32c/lib/thumb/v6-m/nofp\libc-musl.a(atoi.o)
 .debug_info    0x00030992      0x2cf c:/program files/microchip/xc32/v4.35/bin/bin/../../lib/gcc/pic32c/8.3.1/../../../../pic32c/lib/thumb/v6-m/nofp\libc-musl.a(memcmp.o)
 .debug_info    0x00030c61      0x2e8 c:/program files/microchip/xc32/v4.35/bin/bin/../../lib/gcc/pic32c/8.3.1/../../../../pic32c/lib/thumb/v6-m/nofp\libc-musl.a(memcpy.o)
 .debug_info    0x00030f49      0x2b2 c:/program files/microchip/xc32/v4.35/bin/bin/../../lib/gcc/pic32c/8.3.1/../../../../pic32c/lib/thumb/v6-m/nofp\libc-musl.a(memset.o)
 .debug_info    0x000311fb      0x29d c:/program files/microchip/xc32/v4.35/bin/bin/../../lib/gcc/pic32c/8.3.1/../../../../pic32c/lib/thumb/v6-m/nofp\libc-musl.a(strlen.o)
 .debug_info    0x00031498      0x34c c:/program files/microchip/xc32/v4.35/bin/bin/../../lib/gcc/pic32c/8.3.1/../../../../pic32c/lib/thumb/v6-m/nofp\libc-musl.a(tolower.o)
 .debug_info    0x000317e4      0x34c c:/program files/microchip/xc32/v4.35/bin/bin/../../lib/gcc/pic32c/8.3.1/../../../../pic32c/lib/thumb/v6-m/nofp\libc-musl.a(toupper.o)
 .debug_info    0x00031b30      0x2a2 c:/program files/microchip/xc32/v4.35/bin/bin/../../lib/gcc/pic32c/8.3.1/../../../../pic32c/lib/thumb/v6-m/nofp\libc-musl.a(__environ.o)
 .debug_info    0x00031dd2      0x266 c:/program files/microchip/xc32/v4.35/bin/bin/../../lib/gcc/pic32c/8.3.1/../../../../pic32c/lib/thumb/v6-m/nofp\libc-musl.a(__errno_location.o)
 .debug_info    0x00032038      0x474 c:/program files/microchip/xc32/v4.35/bin/bin/../../lib/gcc/pic32c/8.3.1/../../../../pic32c/lib/thumb/v6-m/nofp\libc-musl.a(__int_vfprintf.o)
 .debug_info    0x000324ac      0x42c c:/program files/microchip/xc32/v4.35/bin/bin/../../lib/gcc/pic32c/8.3.1/../../../../pic32c/lib/thumb/v6-m/nofp\libc-musl.a(__cvt_u.o)
 .debug_info    0x000328d8      0x3d0 c:/program files/microchip/xc32/v4.35/bin/bin/../../lib/gcc/pic32c/8.3.1/../../../../pic32c/lib/thumb/v6-m/nofp\libc-musl.a(__pop_float.o)
 .debug_info    0x00032ca8      0x31f c:/program files/microchip/xc32/v4.35/bin/bin/../../lib/gcc/pic32c/8.3.1/../../../../pic32c/lib/thumb/v6-m/nofp\libc-musl.a(__init_stdio.o)
 .debug_info    0x00032fc7      0x533 c:/program files/microchip/xc32/v4.35/bin/bin/../../lib/gcc/pic32c/8.3.1/../../../../pic32c/lib/thumb/v6-m/nofp\libc-musl.a(__out.o)
 .debug_info    0x000334fa       0x26 c:/program files/microchip/xc32/v4.35/bin/bin/../../lib/gcc/pic32c/8.3.1/thumb/v6-m/nofp\libgcc.a(_udivsi3.o)
 .debug_info    0x00033520       0x26 c:/program files/microchip/xc32/v4.35/bin/bin/../../lib/gcc/pic32c/8.3.1/thumb/v6-m/nofp\libgcc.a(_dvmd_tls.o)
 .debug_info    0x00033546       0x26 c:/program files/microchip/xc32/v4.35/bin/bin/../../lib/gcc/pic32c/8.3.1/thumb/v6-m/nofp\libgcc.a(_aeabi_uldivmod.o)
 .debug_info    0x0003356c      0x492 c:/program files/microchip/xc32/v4.35/bin/bin/../../lib/gcc/pic32c/8.3.1/thumb/v6-m/nofp\libgcc.a(_muldi3.o)
 .debug_info    0x000339fe      0x3df c:/program files/microchip/xc32/v4.35/bin/bin/../../lib/gcc/pic32c/8.3.1/thumb/v6-m/nofp\libgcc.a(_udivmoddi4.o)
 .debug_info    0x00033ddd       0x26 c:/program files/microchip/xc32/v4.35/bin/bin/../../lib/gcc/pic32c/8.3.1/thumb/v6-m/nofp\libgcc.a(_lshrdi3.o)
 .debug_info    0x00033e03       0x26 c:/program files/microchip/xc32/v4.35/bin/bin/../../lib/gcc/pic32c/8.3.1/thumb/v6-m/nofp\libgcc.a(_ashldi3.o)
 .debug_info    0x00033e29       0x26 c:/program files/microchip/xc32/v4.35/bin/bin/../../lib/gcc/pic32c/8.3.1/thumb/v6-m/nofp\libgcc.a(_clzdi2.o)
 .debug_info    0x00033e4f       0x26 c:/program files/microchip/xc32/v4.35/bin/bin/../../lib/gcc/pic32c/8.3.1/thumb/v6-m/nofp\libgcc.a(_clzsi2.o)
 .debug_info    0x00033e75      0x292 c:/program files/microchip/xc32/v4.35/bin/bin/../../lib/gcc/pic32c/8.3.1/../../../../pic32c/lib/thumb/v6-m/nofp\libpic32c.a(pic32_data_init_clear.o)
 .debug_info    0x00034107      0x291 c:/program files/microchip/xc32/v4.35/bin/bin/../../lib/gcc/pic32c/8.3.1/../../../../pic32c/lib/thumb/v6-m/nofp\libpic32c.a(pic32_data_init_copy.o)

.debug_abbrev   0x00000000     0x817a
 .debug_abbrev  0x00000000      0x3a5 build/default/production/_ext/745501718/pal.o
 .debug_abbrev  0x000003a5      0x371 build/default/production/_ext/559172130/phy.o
 .debug_abbrev  0x00000716      0x191 build/default/production/_ext/559172130/phy_trx_reg_access.o
 .debug_abbrev  0x000008a7      0x38d build/default/production/_ext/559172130/phy_init.o
 .debug_abbrev  0x00000c34      0x1c9 build/default/production/_ext/559172130/phy_ed.o
 .debug_abbrev  0x00000dfd      0x231 build/default/production/_ext/559172130/phy_rx.o
 .debug_abbrev  0x0000102e      0x162 build/default/production/_ext/559172130/phy_rx_enable.o
 .debug_abbrev  0x00001190      0x16b build/default/production/_ext/559172130/phy_irq_handler.o
 .debug_abbrev  0x000012fb      0x347 build/default/production/_ext/559172130/phy_helper.o
 .debug_abbrev  0x00001642      0x34f build/default/production/_ext/559172130/phy_pib.o
 .debug_abbrev  0x00001991      0x1c0 build/default/production/_ext/559172130/phy_pwr_mgmt.o
 .debug_abbrev  0x00001b51      0x2a4 build/default/production/_ext/559172130/phy_tx.o
 .debug_abbrev  0x00001df5      0x12a build/default/production/_ext/957911548/phy_task.o
 .debug_abbrev  0x00001f1f      0x190 build/default/production/_ext/1374435801/bmm.o
 .debug_abbrev  0x000020af      0x2b4 build/default/production/_ext/874725666/qmm.o
 .debug_abbrev  0x00002363      0x1d1 build/default/production/_ext/1622227218/mimac_task.o
 .debug_abbrev  0x00002534      0x5e1 build/default/production/_ext/1622227218/miwi_p2p_star.o
 .debug_abbrev  0x00002b15      0x43f build/default/production/_ext/1622227218/miwi_app.o
 .debug_abbrev  0x00002f54      0x23f build/default/production/_ext/1622227218/demo_output.o
 .debug_abbrev  0x00003193      0x2d0 build/default/production/_ext/1622227218/miwi_init.o
 .debug_abbrev  0x00003463      0x445 build/default/production/_ext/1622227218/mimac.o
 .debug_abbrev  0x000038a8      0x2ce build/default/production/_ext/1622227218/p2p_demo.o
 .debug_abbrev  0x00003b76      0x1f9 build/default/production/_ext/1529399856/osal_freertos.o
 .debug_abbrev  0x00003d6f      0x189 build/default/production/_ext/1529399856/osal_freertos_extend.o
 .debug_abbrev  0x00003ef8      0x13e build/default/production/_ext/1984496892/plib_clock.o
 .debug_abbrev  0x00004036      0x1cb build/default/production/_ext/60167341/plib_eic.o
 .debug_abbrev  0x00004201      0x1e1 build/default/production/_ext/1865468468/plib_nvic.o
 .debug_abbrev  0x000043e2      0x1af build/default/production/_ext/1593096446/plib_nvmctrl.o
 .debug_abbrev  0x00004591      0x1d6 build/default/production/_ext/1865521619/plib_port.o
 .debug_abbrev  0x00004767      0x2b2 build/default/production/_ext/17022449/plib_sercom4_spi_master.o
 .debug_abbrev  0x00004a19      0x1e9 build/default/production/_ext/829342655/plib_tc3.o
 .debug_abbrev  0x00004c02       0x96 build/default/production/_ext/163028504/xc32_monitor.o
 .debug_abbrev  0x00004c98      0x246 build/default/production/_ext/1881668453/sys_int.o
 .debug_abbrev  0x00004ede      0x516 build/default/production/_ext/101884895/sys_time.o
 .debug_abbrev  0x000053f4      0x229 build/default/production/_ext/1171490990/initialization.o
 .debug_abbrev  0x0000561d       0xb5 build/default/production/_ext/1171490990/interrupts.o
 .debug_abbrev  0x000056d2       0x3e build/default/production/_ext/1171490990/exceptions.o
 .debug_abbrev  0x00005710       0xf7 build/default/production/_ext/1171490990/freertos_hooks.o
 .debug_abbrev  0x00005807      0x110 build/default/production/_ext/1171490990/startup_xc32.o
 .debug_abbrev  0x00005917      0x133 build/default/production/_ext/1171490990/tasks.o
 .debug_abbrev  0x00005a4a      0x1cf build/default/production/_ext/1624415188/port.o
 .debug_abbrev  0x00005c19      0x261 build/default/production/_ext/1665200909/heap_4.o
 .debug_abbrev  0x00005e7a      0x336 build/default/production/_ext/404212886/queue.o
 .debug_abbrev  0x000061b0      0x15e build/default/production/_ext/404212886/list.o
 .debug_abbrev  0x0000630e      0x405 build/default/production/_ext/404212886/FreeRTOS_tasks.o
 .debug_abbrev  0x00006713       0x77 build/default/production/_ext/1360937237/main.o
 .debug_abbrev  0x0000678a      0x179 build/default/production/_ext/1360937237/app.o
 .debug_abbrev  0x00006903       0x44 c:/program files/microchip/xc32/v4.35/bin/bin/../../lib/gcc/pic32c/8.3.1/../../../../pic32c/lib/thumb/v6-m/nofp\libpic32c.a(data_init.o)
 .debug_abbrev  0x00006947      0x117 c:/program files/microchip/xc32/v4.35/bin/bin/../../lib/gcc/pic32c/8.3.1/../../../../pic32c/lib/thumb/v6-m/nofp\libc-musl.a(__libc_start_main.o)
 .debug_abbrev  0x00006a5e       0xb8 c:/program files/microchip/xc32/v4.35/bin/bin/../../lib/gcc/pic32c/8.3.1/../../../../pic32c/lib/thumb/v6-m/nofp\libc-musl.a(libc.o)
 .debug_abbrev  0x00006b16       0x8b c:/program files/microchip/xc32/v4.35/bin/bin/../../lib/gcc/pic32c/8.3.1/../../../../pic32c/lib/thumb/v6-m/nofp\libc-musl.a(rand.o)
 .debug_abbrev  0x00006ba1      0x137 c:/program files/microchip/xc32/v4.35/bin/bin/../../lib/gcc/pic32c/8.3.1/../../../../pic32c/lib/thumb/v6-m/nofp\libc-musl.a(__sio_printf_cdnpsxX.o)
 .debug_abbrev  0x00006cd8      0x120 c:/program files/microchip/xc32/v4.35/bin/bin/../../lib/gcc/pic32c/8.3.1/../../../../pic32c/lib/thumb/v6-m/nofp\libc-musl.a(__fmt_d.o)
 .debug_abbrev  0x00006df8      0x11d c:/program files/microchip/xc32/v4.35/bin/bin/../../lib/gcc/pic32c/8.3.1/../../../../pic32c/lib/thumb/v6-m/nofp\libc-musl.a(__fmt_s.o)
 .debug_abbrev  0x00006f15      0x10f c:/program files/microchip/xc32/v4.35/bin/bin/../../lib/gcc/pic32c/8.3.1/../../../../pic32c/lib/thumb/v6-m/nofp\libc-musl.a(__fmt_x.o)
 .debug_abbrev  0x00007024       0xbd c:/program files/microchip/xc32/v4.35/bin/bin/../../lib/gcc/pic32c/8.3.1/../../../../pic32c/lib/thumb/v6-m/nofp\libc-musl.a(__pop_int.o)
 .debug_abbrev  0x000070e1       0xbd c:/program files/microchip/xc32/v4.35/bin/bin/../../lib/gcc/pic32c/8.3.1/../../../../pic32c/lib/thumb/v6-m/nofp\libc-musl.a(__pop_ptr.o)
 .debug_abbrev  0x0000719e      0x2be c:/program files/microchip/xc32/v4.35/bin/bin/../../lib/gcc/pic32c/8.3.1/../../../../pic32c/lib/thumb/v6-m/nofp\libc-musl.a(__printf_core.o)
 .debug_abbrev  0x0000745c      0x118 c:/program files/microchip/xc32/v4.35/bin/bin/../../lib/gcc/pic32c/8.3.1/../../../../pic32c/lib/thumb/v6-m/nofp\libc-musl.a(stdout.o)
 .debug_abbrev  0x00007574       0xbb c:/program files/microchip/xc32/v4.35/bin/bin/../../lib/gcc/pic32c/8.3.1/../../../../pic32c/lib/thumb/v6-m/nofp\libc-musl.a(atoi.o)
 .debug_abbrev  0x0000762f       0x9c c:/program files/microchip/xc32/v4.35/bin/bin/../../lib/gcc/pic32c/8.3.1/../../../../pic32c/lib/thumb/v6-m/nofp\libc-musl.a(memcmp.o)
 .debug_abbrev  0x000076cb       0x9c c:/program files/microchip/xc32/v4.35/bin/bin/../../lib/gcc/pic32c/8.3.1/../../../../pic32c/lib/thumb/v6-m/nofp\libc-musl.a(memcpy.o)
 .debug_abbrev  0x00007767       0x97 c:/program files/microchip/xc32/v4.35/bin/bin/../../lib/gcc/pic32c/8.3.1/../../../../pic32c/lib/thumb/v6-m/nofp\libc-musl.a(memset.o)
 .debug_abbrev  0x000077fe       0x86 c:/program files/microchip/xc32/v4.35/bin/bin/../../lib/gcc/pic32c/8.3.1/../../../../pic32c/lib/thumb/v6-m/nofp\libc-musl.a(strlen.o)
 .debug_abbrev  0x00007884       0xe9 c:/program files/microchip/xc32/v4.35/bin/bin/../../lib/gcc/pic32c/8.3.1/../../../../pic32c/lib/thumb/v6-m/nofp\libc-musl.a(tolower.o)
 .debug_abbrev  0x0000796d       0xe9 c:/program files/microchip/xc32/v4.35/bin/bin/../../lib/gcc/pic32c/8.3.1/../../../../pic32c/lib/thumb/v6-m/nofp\libc-musl.a(toupper.o)
 .debug_abbrev  0x00007a56       0x57 c:/program files/microchip/xc32/v4.35/bin/bin/../../lib/gcc/pic32c/8.3.1/../../../../pic32c/lib/thumb/v6-m/nofp\libc-musl.a(__environ.o)
 .debug_abbrev  0x00007aad       0x2e c:/program files/microchip/xc32/v4.35/bin/bin/../../lib/gcc/pic32c/8.3.1/../../../../pic32c/lib/thumb/v6-m/nofp\libc-musl.a(__errno_location.o)
 .debug_abbrev  0x00007adb      0x116 c:/program files/microchip/xc32/v4.35/bin/bin/../../lib/gcc/pic32c/8.3.1/../../../../pic32c/lib/thumb/v6-m/nofp\libc-musl.a(__int_vfprintf.o)
 .debug_abbrev  0x00007bf1       0xb2 c:/program files/microchip/xc32/v4.35/bin/bin/../../lib/gcc/pic32c/8.3.1/../../../../pic32c/lib/thumb/v6-m/nofp\libc-musl.a(__cvt_u.o)
 .debug_abbrev  0x00007ca3       0xbd c:/program files/microchip/xc32/v4.35/bin/bin/../../lib/gcc/pic32c/8.3.1/../../../../pic32c/lib/thumb/v6-m/nofp\libc-musl.a(__pop_float.o)
 .debug_abbrev  0x00007d60       0x5a c:/program files/microchip/xc32/v4.35/bin/bin/../../lib/gcc/pic32c/8.3.1/../../../../pic32c/lib/thumb/v6-m/nofp\libc-musl.a(__init_stdio.o)
 .debug_abbrev  0x00007dba      0x15b c:/program files/microchip/xc32/v4.35/bin/bin/../../lib/gcc/pic32c/8.3.1/../../../../pic32c/lib/thumb/v6-m/nofp\libc-musl.a(__out.o)
 .debug_abbrev  0x00007f15       0x14 c:/program files/microchip/xc32/v4.35/bin/bin/../../lib/gcc/pic32c/8.3.1/thumb/v6-m/nofp\libgcc.a(_udivsi3.o)
 .debug_abbrev  0x00007f29       0x14 c:/program files/microchip/xc32/v4.35/bin/bin/../../lib/gcc/pic32c/8.3.1/thumb/v6-m/nofp\libgcc.a(_dvmd_tls.o)
 .debug_abbrev  0x00007f3d       0x14 c:/program files/microchip/xc32/v4.35/bin/bin/../../lib/gcc/pic32c/8.3.1/thumb/v6-m/nofp\libgcc.a(_aeabi_uldivmod.o)
 .debug_abbrev  0x00007f51       0xef c:/program files/microchip/xc32/v4.35/bin/bin/../../lib/gcc/pic32c/8.3.1/thumb/v6-m/nofp\libgcc.a(_muldi3.o)
 .debug_abbrev  0x00008040       0x8e c:/program files/microchip/xc32/v4.35/bin/bin/../../lib/gcc/pic32c/8.3.1/thumb/v6-m/nofp\libgcc.a(_udivmoddi4.o)
 .debug_abbrev  0x000080ce       0x14 c:/program files/microchip/xc32/v4.35/bin/bin/../../lib/gcc/pic32c/8.3.1/thumb/v6-m/nofp\libgcc.a(_lshrdi3.o)
 .debug_abbrev  0x000080e2       0x14 c:/program files/microchip/xc32/v4.35/bin/bin/../../lib/gcc/pic32c/8.3.1/thumb/v6-m/nofp\libgcc.a(_ashldi3.o)
 .debug_abbrev  0x000080f6       0x14 c:/program files/microchip/xc32/v4.35/bin/bin/../../lib/gcc/pic32c/8.3.1/thumb/v6-m/nofp\libgcc.a(_clzdi2.o)
 .debug_abbrev  0x0000810a       0x14 c:/program files/microchip/xc32/v4.35/bin/bin/../../lib/gcc/pic32c/8.3.1/thumb/v6-m/nofp\libgcc.a(_clzsi2.o)
 .debug_abbrev  0x0000811e       0x2e c:/program files/microchip/xc32/v4.35/bin/bin/../../lib/gcc/pic32c/8.3.1/../../../../pic32c/lib/thumb/v6-m/nofp\libpic32c.a(pic32_data_init_clear.o)
 .debug_abbrev  0x0000814c       0x2e c:/program files/microchip/xc32/v4.35/bin/bin/../../lib/gcc/pic32c/8.3.1/../../../../pic32c/lib/thumb/v6-m/nofp\libpic32c.a(pic32_data_init_copy.o)

.debug_loc      0x00000000    0x12101
 .debug_loc     0x00000000      0x7d2 build/default/production/_ext/745501718/pal.o
 .debug_loc     0x000007d2      0x418 build/default/production/_ext/559172130/phy.o
 .debug_loc     0x00000bea      0x4ad build/default/production/_ext/559172130/phy_trx_reg_access.o
 .debug_loc     0x00001097      0x360 build/default/production/_ext/559172130/phy_init.o
 .debug_loc     0x000013f7       0xc4 build/default/production/_ext/559172130/phy_ed.o
 .debug_loc     0x000014bb      0x276 build/default/production/_ext/559172130/phy_rx.o
 .debug_loc     0x00001731       0x9c build/default/production/_ext/559172130/phy_rx_enable.o
 .debug_loc     0x000017cd       0xdb build/default/production/_ext/559172130/phy_irq_handler.o
 .debug_loc     0x000018a8      0xf4b build/default/production/_ext/559172130/phy_helper.o
 .debug_loc     0x000027f3      0x954 build/default/production/_ext/559172130/phy_pib.o
 .debug_loc     0x00003147       0xc9 build/default/production/_ext/559172130/phy_pwr_mgmt.o
 .debug_loc     0x00003210      0x2ea build/default/production/_ext/559172130/phy_tx.o
 .debug_loc     0x000034fa      0x1ce build/default/production/_ext/957911548/phy_task.o
 .debug_loc     0x000036c8      0x1b5 build/default/production/_ext/1374435801/bmm.o
 .debug_loc     0x0000387d      0x541 build/default/production/_ext/874725666/qmm.o
 .debug_loc     0x00003dbe      0x120 build/default/production/_ext/1622227218/mimac_task.o
 .debug_loc     0x00003ede     0x1d08 build/default/production/_ext/1622227218/miwi_p2p_star.o
 .debug_loc     0x00005be6      0x2cc build/default/production/_ext/1622227218/miwi_app.o
 .debug_loc     0x00005eb2       0x72 build/default/production/_ext/1622227218/demo_output.o
 .debug_loc     0x00005f24      0x160 build/default/production/_ext/1622227218/miwi_init.o
 .debug_loc     0x00006084     0x1218 build/default/production/_ext/1622227218/mimac.o
 .debug_loc     0x0000729c      0x1f8 build/default/production/_ext/1622227218/p2p_demo.o
 .debug_loc     0x00007494      0x70a build/default/production/_ext/1529399856/osal_freertos.o
 .debug_loc     0x00007b9e      0x4dc build/default/production/_ext/1529399856/osal_freertos_extend.o
 .debug_loc     0x0000807a       0x31 build/default/production/_ext/1984496892/plib_clock.o
 .debug_loc     0x000080ab      0x110 build/default/production/_ext/60167341/plib_eic.o
 .debug_loc     0x000081bb       0xf4 build/default/production/_ext/1865468468/plib_nvic.o
 .debug_loc     0x000082af      0x42e build/default/production/_ext/1593096446/plib_nvmctrl.o
 .debug_loc     0x000086dd      0x246 build/default/production/_ext/1865521619/plib_port.o
 .debug_loc     0x00008923      0x68a build/default/production/_ext/17022449/plib_sercom4_spi_master.o
 .debug_loc     0x00008fad       0x6f build/default/production/_ext/829342655/plib_tc3.o
 .debug_loc     0x0000901c       0x4a build/default/production/_ext/163028504/xc32_monitor.o
 .debug_loc     0x00009066      0x17d build/default/production/_ext/1881668453/sys_int.o
 .debug_loc     0x000091e3     0x2371 build/default/production/_ext/101884895/sys_time.o
 .debug_loc     0x0000b554       0x45 build/default/production/_ext/1171490990/initialization.o
 .debug_loc     0x0000b599       0x76 build/default/production/_ext/1171490990/freertos_hooks.o
 .debug_loc     0x0000b60f       0x20 build/default/production/_ext/1171490990/startup_xc32.o
 .debug_loc     0x0000b62f      0x140 build/default/production/_ext/1171490990/tasks.o
 .debug_loc     0x0000b76f      0x14d build/default/production/_ext/1624415188/port.o
 .debug_loc     0x0000b8bc      0x588 build/default/production/_ext/1665200909/heap_4.o
 .debug_loc     0x0000be44     0x1d29 build/default/production/_ext/404212886/queue.o
 .debug_loc     0x0000db6d       0xa6 build/default/production/_ext/404212886/list.o
 .debug_loc     0x0000dc13     0x1fef build/default/production/_ext/404212886/FreeRTOS_tasks.o
 .debug_loc     0x0000fc02       0x20 build/default/production/_ext/1360937237/main.o
 .debug_loc     0x0000fc22       0x9f build/default/production/_ext/1360937237/app.o
 .debug_loc     0x0000fcc1       0x14 c:/program files/microchip/xc32/v4.35/bin/bin/../../lib/gcc/pic32c/8.3.1/../../../../pic32c/lib/thumb/v6-m/nofp\libpic32c.a(data_init.o)
 .debug_loc     0x0000fcd5       0x5e c:/program files/microchip/xc32/v4.35/bin/bin/../../lib/gcc/pic32c/8.3.1/../../../../pic32c/lib/thumb/v6-m/nofp\libc-musl.a(__libc_start_main.o)
 .debug_loc     0x0000fd33       0x24 c:/program files/microchip/xc32/v4.35/bin/bin/../../lib/gcc/pic32c/8.3.1/../../../../pic32c/lib/thumb/v6-m/nofp\libc-musl.a(rand.o)
 .debug_loc     0x0000fd57       0x61 c:/program files/microchip/xc32/v4.35/bin/bin/../../lib/gcc/pic32c/8.3.1/../../../../pic32c/lib/thumb/v6-m/nofp\libc-musl.a(__sio_printf_cdnpsxX.o)
 .debug_loc     0x0000fdb8      0x2a6 c:/program files/microchip/xc32/v4.35/bin/bin/../../lib/gcc/pic32c/8.3.1/../../../../pic32c/lib/thumb/v6-m/nofp\libc-musl.a(__fmt_d.o)
 .debug_loc     0x0001005e      0x144 c:/program files/microchip/xc32/v4.35/bin/bin/../../lib/gcc/pic32c/8.3.1/../../../../pic32c/lib/thumb/v6-m/nofp\libc-musl.a(__fmt_s.o)
 .debug_loc     0x000101a2      0x3be c:/program files/microchip/xc32/v4.35/bin/bin/../../lib/gcc/pic32c/8.3.1/../../../../pic32c/lib/thumb/v6-m/nofp\libc-musl.a(__fmt_x.o)
 .debug_loc     0x00010560      0x34c c:/program files/microchip/xc32/v4.35/bin/bin/../../lib/gcc/pic32c/8.3.1/../../../../pic32c/lib/thumb/v6-m/nofp\libc-musl.a(__pop_int.o)
 .debug_loc     0x000108ac      0x1fe c:/program files/microchip/xc32/v4.35/bin/bin/../../lib/gcc/pic32c/8.3.1/../../../../pic32c/lib/thumb/v6-m/nofp\libc-musl.a(__pop_ptr.o)
 .debug_loc     0x00010aaa      0x6d9 c:/program files/microchip/xc32/v4.35/bin/bin/../../lib/gcc/pic32c/8.3.1/../../../../pic32c/lib/thumb/v6-m/nofp\libc-musl.a(__printf_core.o)
 .debug_loc     0x00011183       0x40 c:/program files/microchip/xc32/v4.35/bin/bin/../../lib/gcc/pic32c/8.3.1/../../../../pic32c/lib/thumb/v6-m/nofp\libc-musl.a(stdout.o)
 .debug_loc     0x000111c3       0xdc c:/program files/microchip/xc32/v4.35/bin/bin/../../lib/gcc/pic32c/8.3.1/../../../../pic32c/lib/thumb/v6-m/nofp\libc-musl.a(atoi.o)
 .debug_loc     0x0001129f      0x15e c:/program files/microchip/xc32/v4.35/bin/bin/../../lib/gcc/pic32c/8.3.1/../../../../pic32c/lib/thumb/v6-m/nofp\libc-musl.a(memcmp.o)
 .debug_loc     0x000113fd      0x12d c:/program files/microchip/xc32/v4.35/bin/bin/../../lib/gcc/pic32c/8.3.1/../../../../pic32c/lib/thumb/v6-m/nofp\libc-musl.a(memcpy.o)
 .debug_loc     0x0001152a       0xcd c:/program files/microchip/xc32/v4.35/bin/bin/../../lib/gcc/pic32c/8.3.1/../../../../pic32c/lib/thumb/v6-m/nofp\libc-musl.a(memset.o)
 .debug_loc     0x000115f7       0x81 c:/program files/microchip/xc32/v4.35/bin/bin/../../lib/gcc/pic32c/8.3.1/../../../../pic32c/lib/thumb/v6-m/nofp\libc-musl.a(strlen.o)
 .debug_loc     0x00011678       0x8f c:/program files/microchip/xc32/v4.35/bin/bin/../../lib/gcc/pic32c/8.3.1/../../../../pic32c/lib/thumb/v6-m/nofp\libc-musl.a(tolower.o)
 .debug_loc     0x00011707       0x8f c:/program files/microchip/xc32/v4.35/bin/bin/../../lib/gcc/pic32c/8.3.1/../../../../pic32c/lib/thumb/v6-m/nofp\libc-musl.a(toupper.o)
 .debug_loc     0x00011796       0xb0 c:/program files/microchip/xc32/v4.35/bin/bin/../../lib/gcc/pic32c/8.3.1/../../../../pic32c/lib/thumb/v6-m/nofp\libc-musl.a(__int_vfprintf.o)
 .debug_loc     0x00011846      0x1d4 c:/program files/microchip/xc32/v4.35/bin/bin/../../lib/gcc/pic32c/8.3.1/../../../../pic32c/lib/thumb/v6-m/nofp\libc-musl.a(__cvt_u.o)
 .debug_loc     0x00011a1a       0x6f c:/program files/microchip/xc32/v4.35/bin/bin/../../lib/gcc/pic32c/8.3.1/../../../../pic32c/lib/thumb/v6-m/nofp\libc-musl.a(__pop_float.o)
 .debug_loc     0x00011a89       0x20 c:/program files/microchip/xc32/v4.35/bin/bin/../../lib/gcc/pic32c/8.3.1/../../../../pic32c/lib/thumb/v6-m/nofp\libc-musl.a(__init_stdio.o)
 .debug_loc     0x00011aa9      0x1e6 c:/program files/microchip/xc32/v4.35/bin/bin/../../lib/gcc/pic32c/8.3.1/../../../../pic32c/lib/thumb/v6-m/nofp\libc-musl.a(__out.o)
 .debug_loc     0x00011c8f      0x177 c:/program files/microchip/xc32/v4.35/bin/bin/../../lib/gcc/pic32c/8.3.1/thumb/v6-m/nofp\libgcc.a(_muldi3.o)
 .debug_loc     0x00011e06      0x2e7 c:/program files/microchip/xc32/v4.35/bin/bin/../../lib/gcc/pic32c/8.3.1/thumb/v6-m/nofp\libgcc.a(_udivmoddi4.o)
 .debug_loc     0x000120ed       0x14 c:/program files/microchip/xc32/v4.35/bin/bin/../../lib/gcc/pic32c/8.3.1/../../../../pic32c/lib/thumb/v6-m/nofp\libpic32c.a(pic32_data_init_copy.o)

.debug_aranges  0x00000000     0x1598
 .debug_aranges
                0x00000000       0x70 build/default/production/_ext/745501718/pal.o
 .debug_aranges
                0x00000070       0x70 build/default/production/_ext/559172130/phy.o
 .debug_aranges
                0x000000e0       0x58 build/default/production/_ext/559172130/phy_trx_reg_access.o
 .debug_aranges
                0x00000138       0x48 build/default/production/_ext/559172130/phy_init.o
 .debug_aranges
                0x00000180       0x30 build/default/production/_ext/559172130/phy_ed.o
 .debug_aranges
                0x000001b0       0x28 build/default/production/_ext/559172130/phy_rx.o
 .debug_aranges
                0x000001d8       0x20 build/default/production/_ext/559172130/phy_rx_enable.o
 .debug_aranges
                0x000001f8       0x30 build/default/production/_ext/559172130/phy_irq_handler.o
 .debug_aranges
                0x00000228       0x90 build/default/production/_ext/559172130/phy_helper.o
 .debug_aranges
                0x000002b8       0x40 build/default/production/_ext/559172130/phy_pib.o
 .debug_aranges
                0x000002f8       0x30 build/default/production/_ext/559172130/phy_pwr_mgmt.o
 .debug_aranges
                0x00000328       0x48 build/default/production/_ext/559172130/phy_tx.o
 .debug_aranges
                0x00000370       0x38 build/default/production/_ext/957911548/phy_task.o
 .debug_aranges
                0x000003a8       0x38 build/default/production/_ext/1374435801/bmm.o
 .debug_aranges
                0x000003e0       0x40 build/default/production/_ext/874725666/qmm.o
 .debug_aranges
                0x00000420       0x30 build/default/production/_ext/1622227218/mimac_task.o
 .debug_aranges
                0x00000450       0xd0 build/default/production/_ext/1622227218/miwi_p2p_star.o
 .debug_aranges
                0x00000520       0x58 build/default/production/_ext/1622227218/miwi_app.o
 .debug_aranges
                0x00000578       0x58 build/default/production/_ext/1622227218/demo_output.o
 .debug_aranges
                0x000005d0       0x38 build/default/production/_ext/1622227218/miwi_init.o
 .debug_aranges
                0x00000608       0x90 build/default/production/_ext/1622227218/mimac.o
 .debug_aranges
                0x00000698       0x38 build/default/production/_ext/1622227218/p2p_demo.o
 .debug_aranges
                0x000006d0       0x90 build/default/production/_ext/1529399856/osal_freertos.o
 .debug_aranges
                0x00000760       0x58 build/default/production/_ext/1529399856/osal_freertos_extend.o
 .debug_aranges
                0x000007b8       0x20 build/default/production/_ext/1984496892/plib_clock.o
 .debug_aranges
                0x000007d8       0x40 build/default/production/_ext/60167341/plib_eic.o
 .debug_aranges
                0x00000818       0x38 build/default/production/_ext/1865468468/plib_nvic.o
 .debug_aranges
                0x00000850       0x88 build/default/production/_ext/1593096446/plib_nvmctrl.o
 .debug_aranges
                0x000008d8       0x70 build/default/production/_ext/1865521619/plib_port.o
 .debug_aranges
                0x00000948       0x60 build/default/production/_ext/17022449/plib_sercom4_spi_master.o
 .debug_aranges
                0x000009a8       0x78 build/default/production/_ext/829342655/plib_tc3.o
 .debug_aranges
                0x00000a20       0x28 build/default/production/_ext/163028504/xc32_monitor.o
 .debug_aranges
                0x00000a48       0x40 build/default/production/_ext/1881668453/sys_int.o
 .debug_aranges
                0x00000a88      0x128 build/default/production/_ext/101884895/sys_time.o
 .debug_aranges
                0x00000bb0       0x20 build/default/production/_ext/1171490990/initialization.o
 .debug_aranges
                0x00000bd0       0x20 build/default/production/_ext/1171490990/interrupts.o
 .debug_aranges
                0x00000bf0       0x28 build/default/production/_ext/1171490990/exceptions.o
 .debug_aranges
                0x00000c18       0x40 build/default/production/_ext/1171490990/freertos_hooks.o
 .debug_aranges
                0x00000c58       0x28 build/default/production/_ext/1171490990/startup_xc32.o
 .debug_aranges
                0x00000c80       0x40 build/default/production/_ext/1171490990/tasks.o
 .debug_aranges
                0x00000cc0       0x88 build/default/production/_ext/1624415188/port.o
 .debug_aranges
                0x00000d48       0x50 build/default/production/_ext/1665200909/heap_4.o
 .debug_aranges
                0x00000d98       0xf8 build/default/production/_ext/404212886/queue.o
 .debug_aranges
                0x00000e90       0x40 build/default/production/_ext/404212886/list.o
 .debug_aranges
                0x00000ed0      0x178 build/default/production/_ext/404212886/FreeRTOS_tasks.o
 .debug_aranges
                0x00001048       0x20 build/default/production/_ext/1360937237/main.o
 .debug_aranges
                0x00001068       0x28 build/default/production/_ext/1360937237/app.o
 .debug_aranges
                0x00001090       0x28 c:/program files/microchip/xc32/v4.35/bin/bin/../../lib/gcc/pic32c/8.3.1/../../../../pic32c/lib/thumb/v6-m/nofp\libpic32c.a(data_init.o)
 .debug_aranges
                0x000010b8       0x28 c:/program files/microchip/xc32/v4.35/bin/bin/../../lib/gcc/pic32c/8.3.1/../../../../pic32c/lib/thumb/v6-m/nofp\libc-musl.a(__libc_start_main.o)
 .debug_aranges
                0x000010e0       0x18 c:/program files/microchip/xc32/v4.35/bin/bin/../../lib/gcc/pic32c/8.3.1/../../../../pic32c/lib/thumb/v6-m/nofp\libc-musl.a(libc.o)
 .debug_aranges
                0x000010f8       0x28 c:/program files/microchip/xc32/v4.35/bin/bin/../../lib/gcc/pic32c/8.3.1/../../../../pic32c/lib/thumb/v6-m/nofp\libc-musl.a(rand.o)
 .debug_aranges
                0x00001120       0x28 c:/program files/microchip/xc32/v4.35/bin/bin/../../lib/gcc/pic32c/8.3.1/../../../../pic32c/lib/thumb/v6-m/nofp\libc-musl.a(__sio_printf_cdnpsxX.o)
 .debug_aranges
                0x00001148       0x20 c:/program files/microchip/xc32/v4.35/bin/bin/../../lib/gcc/pic32c/8.3.1/../../../../pic32c/lib/thumb/v6-m/nofp\libc-musl.a(__fmt_d.o)
 .debug_aranges
                0x00001168       0x20 c:/program files/microchip/xc32/v4.35/bin/bin/../../lib/gcc/pic32c/8.3.1/../../../../pic32c/lib/thumb/v6-m/nofp\libc-musl.a(__fmt_s.o)
 .debug_aranges
                0x00001188       0x20 c:/program files/microchip/xc32/v4.35/bin/bin/../../lib/gcc/pic32c/8.3.1/../../../../pic32c/lib/thumb/v6-m/nofp\libc-musl.a(__fmt_x.o)
 .debug_aranges
                0x000011a8       0x20 c:/program files/microchip/xc32/v4.35/bin/bin/../../lib/gcc/pic32c/8.3.1/../../../../pic32c/lib/thumb/v6-m/nofp\libc-musl.a(__pop_int.o)
 .debug_aranges
                0x000011c8       0x20 c:/program files/microchip/xc32/v4.35/bin/bin/../../lib/gcc/pic32c/8.3.1/../../../../pic32c/lib/thumb/v6-m/nofp\libc-musl.a(__pop_ptr.o)
 .debug_aranges
                0x000011e8       0x50 c:/program files/microchip/xc32/v4.35/bin/bin/../../lib/gcc/pic32c/8.3.1/../../../../pic32c/lib/thumb/v6-m/nofp\libc-musl.a(__printf_core.o)
 .debug_aranges
                0x00001238       0x30 c:/program files/microchip/xc32/v4.35/bin/bin/../../lib/gcc/pic32c/8.3.1/../../../../pic32c/lib/thumb/v6-m/nofp\libc-musl.a(stdout.o)
 .debug_aranges
                0x00001268       0x20 c:/program files/microchip/xc32/v4.35/bin/bin/../../lib/gcc/pic32c/8.3.1/../../../../pic32c/lib/thumb/v6-m/nofp\libc-musl.a(atoi.o)
 .debug_aranges
                0x00001288       0x20 c:/program files/microchip/xc32/v4.35/bin/bin/../../lib/gcc/pic32c/8.3.1/../../../../pic32c/lib/thumb/v6-m/nofp\libc-musl.a(memcmp.o)
 .debug_aranges
                0x000012a8       0x20 c:/program files/microchip/xc32/v4.35/bin/bin/../../lib/gcc/pic32c/8.3.1/../../../../pic32c/lib/thumb/v6-m/nofp\libc-musl.a(memcpy.o)
 .debug_aranges
                0x000012c8       0x20 c:/program files/microchip/xc32/v4.35/bin/bin/../../lib/gcc/pic32c/8.3.1/../../../../pic32c/lib/thumb/v6-m/nofp\libc-musl.a(memset.o)
 .debug_aranges
                0x000012e8       0x20 c:/program files/microchip/xc32/v4.35/bin/bin/../../lib/gcc/pic32c/8.3.1/../../../../pic32c/lib/thumb/v6-m/nofp\libc-musl.a(strlen.o)
 .debug_aranges
                0x00001308       0x28 c:/program files/microchip/xc32/v4.35/bin/bin/../../lib/gcc/pic32c/8.3.1/../../../../pic32c/lib/thumb/v6-m/nofp\libc-musl.a(tolower.o)
 .debug_aranges
                0x00001330       0x28 c:/program files/microchip/xc32/v4.35/bin/bin/../../lib/gcc/pic32c/8.3.1/../../../../pic32c/lib/thumb/v6-m/nofp\libc-musl.a(toupper.o)
 .debug_aranges
                0x00001358       0x18 c:/program files/microchip/xc32/v4.35/bin/bin/../../lib/gcc/pic32c/8.3.1/../../../../pic32c/lib/thumb/v6-m/nofp\libc-musl.a(__environ.o)
 .debug_aranges
                0x00001370       0x18 c:/program files/microchip/xc32/v4.35/bin/bin/../../lib/gcc/pic32c/8.3.1/../../../../pic32c/lib/thumb/v6-m/nofp\libc-musl.a(__errno_location.o)
 .debug_aranges
                0x00001388       0x20 c:/program files/microchip/xc32/v4.35/bin/bin/../../lib/gcc/pic32c/8.3.1/../../../../pic32c/lib/thumb/v6-m/nofp\libc-musl.a(__int_vfprintf.o)
 .debug_aranges
                0x000013a8       0x20 c:/program files/microchip/xc32/v4.35/bin/bin/../../lib/gcc/pic32c/8.3.1/../../../../pic32c/lib/thumb/v6-m/nofp\libc-musl.a(__cvt_u.o)
 .debug_aranges
                0x000013c8       0x20 c:/program files/microchip/xc32/v4.35/bin/bin/../../lib/gcc/pic32c/8.3.1/../../../../pic32c/lib/thumb/v6-m/nofp\libc-musl.a(__pop_float.o)
 .debug_aranges
                0x000013e8       0x28 c:/program files/microchip/xc32/v4.35/bin/bin/../../lib/gcc/pic32c/8.3.1/../../../../pic32c/lib/thumb/v6-m/nofp\libc-musl.a(__init_stdio.o)
 .debug_aranges
                0x00001410       0x28 c:/program files/microchip/xc32/v4.35/bin/bin/../../lib/gcc/pic32c/8.3.1/../../../../pic32c/lib/thumb/v6-m/nofp\libc-musl.a(__out.o)
 .debug_aranges
                0x00001438       0x20 c:/program files/microchip/xc32/v4.35/bin/bin/../../lib/gcc/pic32c/8.3.1/thumb/v6-m/nofp\libgcc.a(_udivsi3.o)
 .debug_aranges
                0x00001458       0x20 c:/program files/microchip/xc32/v4.35/bin/bin/../../lib/gcc/pic32c/8.3.1/thumb/v6-m/nofp\libgcc.a(_dvmd_tls.o)
 .debug_aranges
                0x00001478       0x20 c:/program files/microchip/xc32/v4.35/bin/bin/../../lib/gcc/pic32c/8.3.1/thumb/v6-m/nofp\libgcc.a(_aeabi_uldivmod.o)
 .debug_aranges
                0x00001498       0x20 c:/program files/microchip/xc32/v4.35/bin/bin/../../lib/gcc/pic32c/8.3.1/thumb/v6-m/nofp\libgcc.a(_muldi3.o)
 .debug_aranges
                0x000014b8       0x20 c:/program files/microchip/xc32/v4.35/bin/bin/../../lib/gcc/pic32c/8.3.1/thumb/v6-m/nofp\libgcc.a(_udivmoddi4.o)
 .debug_aranges
                0x000014d8       0x20 c:/program files/microchip/xc32/v4.35/bin/bin/../../lib/gcc/pic32c/8.3.1/thumb/v6-m/nofp\libgcc.a(_lshrdi3.o)
 .debug_aranges
                0x000014f8       0x20 c:/program files/microchip/xc32/v4.35/bin/bin/../../lib/gcc/pic32c/8.3.1/thumb/v6-m/nofp\libgcc.a(_ashldi3.o)
 .debug_aranges
                0x00001518       0x20 c:/program files/microchip/xc32/v4.35/bin/bin/../../lib/gcc/pic32c/8.3.1/thumb/v6-m/nofp\libgcc.a(_clzdi2.o)
 .debug_aranges
                0x00001538       0x20 c:/program files/microchip/xc32/v4.35/bin/bin/../../lib/gcc/pic32c/8.3.1/thumb/v6-m/nofp\libgcc.a(_clzsi2.o)
 .debug_aranges
                0x00001558       0x20 c:/program files/microchip/xc32/v4.35/bin/bin/../../lib/gcc/pic32c/8.3.1/../../../../pic32c/lib/thumb/v6-m/nofp\libpic32c.a(pic32_data_init_clear.o)
 .debug_aranges
                0x00001578       0x20 c:/program files/microchip/xc32/v4.35/bin/bin/../../lib/gcc/pic32c/8.3.1/../../../../pic32c/lib/thumb/v6-m/nofp\libpic32c.a(pic32_data_init_copy.o)

.debug_ranges   0x00000000     0x14f8
 .debug_ranges  0x00000000       0x60 build/default/production/_ext/745501718/pal.o
 .debug_ranges  0x00000060       0x78 build/default/production/_ext/559172130/phy.o
 .debug_ranges  0x000000d8       0x48 build/default/production/_ext/559172130/phy_trx_reg_access.o
 .debug_ranges  0x00000120       0x98 build/default/production/_ext/559172130/phy_init.o
 .debug_ranges  0x000001b8       0x20 build/default/production/_ext/559172130/phy_ed.o
 .debug_ranges  0x000001d8       0x30 build/default/production/_ext/559172130/phy_rx.o
 .debug_ranges  0x00000208       0x10 build/default/production/_ext/559172130/phy_rx_enable.o
 .debug_ranges  0x00000218       0x20 build/default/production/_ext/559172130/phy_irq_handler.o
 .debug_ranges  0x00000238       0x80 build/default/production/_ext/559172130/phy_helper.o
 .debug_ranges  0x000002b8       0xc0 build/default/production/_ext/559172130/phy_pib.o
 .debug_ranges  0x00000378       0x20 build/default/production/_ext/559172130/phy_pwr_mgmt.o
 .debug_ranges  0x00000398       0x38 build/default/production/_ext/559172130/phy_tx.o
 .debug_ranges  0x000003d0       0x28 build/default/production/_ext/957911548/phy_task.o
 .debug_ranges  0x000003f8       0x28 build/default/production/_ext/1374435801/bmm.o
 .debug_ranges  0x00000420       0x68 build/default/production/_ext/874725666/qmm.o
 .debug_ranges  0x00000488       0x20 build/default/production/_ext/1622227218/mimac_task.o
 .debug_ranges  0x000004a8      0x170 build/default/production/_ext/1622227218/miwi_p2p_star.o
 .debug_ranges  0x00000618       0x48 build/default/production/_ext/1622227218/miwi_app.o
 .debug_ranges  0x00000660       0x48 build/default/production/_ext/1622227218/demo_output.o
 .debug_ranges  0x000006a8       0x28 build/default/production/_ext/1622227218/miwi_init.o
 .debug_ranges  0x000006d0       0xb8 build/default/production/_ext/1622227218/mimac.o
 .debug_ranges  0x00000788       0x28 build/default/production/_ext/1622227218/p2p_demo.o
 .debug_ranges  0x000007b0       0x80 build/default/production/_ext/1529399856/osal_freertos.o
 .debug_ranges  0x00000830       0x48 build/default/production/_ext/1529399856/osal_freertos_extend.o
 .debug_ranges  0x00000878       0x28 build/default/production/_ext/1984496892/plib_clock.o
 .debug_ranges  0x000008a0       0x30 build/default/production/_ext/60167341/plib_eic.o
 .debug_ranges  0x000008d0       0x28 build/default/production/_ext/1865468468/plib_nvic.o
 .debug_ranges  0x000008f8       0x78 build/default/production/_ext/1593096446/plib_nvmctrl.o
 .debug_ranges  0x00000970       0x60 build/default/production/_ext/1865521619/plib_port.o
 .debug_ranges  0x000009d0       0x68 build/default/production/_ext/17022449/plib_sercom4_spi_master.o
 .debug_ranges  0x00000a38       0x68 build/default/production/_ext/829342655/plib_tc3.o
 .debug_ranges  0x00000aa0       0x18 build/default/production/_ext/163028504/xc32_monitor.o
 .debug_ranges  0x00000ab8       0x48 build/default/production/_ext/1881668453/sys_int.o
 .debug_ranges  0x00000b00      0x180 build/default/production/_ext/101884895/sys_time.o
 .debug_ranges  0x00000c80       0x10 build/default/production/_ext/1171490990/initialization.o
 .debug_ranges  0x00000c90       0x10 build/default/production/_ext/1171490990/interrupts.o
 .debug_ranges  0x00000ca0       0x18 build/default/production/_ext/1171490990/exceptions.o
 .debug_ranges  0x00000cb8       0x30 build/default/production/_ext/1171490990/freertos_hooks.o
 .debug_ranges  0x00000ce8       0x18 build/default/production/_ext/1171490990/startup_xc32.o
 .debug_ranges  0x00000d00       0x30 build/default/production/_ext/1171490990/tasks.o
 .debug_ranges  0x00000d30       0x78 build/default/production/_ext/1624415188/port.o
 .debug_ranges  0x00000da8       0x40 build/default/production/_ext/1665200909/heap_4.o
 .debug_ranges  0x00000de8      0x1e0 build/default/production/_ext/404212886/queue.o
 .debug_ranges  0x00000fc8       0x30 build/default/production/_ext/404212886/list.o
 .debug_ranges  0x00000ff8      0x270 build/default/production/_ext/404212886/FreeRTOS_tasks.o
 .debug_ranges  0x00001268       0x10 build/default/production/_ext/1360937237/main.o
 .debug_ranges  0x00001278       0x18 build/default/production/_ext/1360937237/app.o
 .debug_ranges  0x00001290       0x18 c:/program files/microchip/xc32/v4.35/bin/bin/../../lib/gcc/pic32c/8.3.1/../../../../pic32c/lib/thumb/v6-m/nofp\libpic32c.a(data_init.o)
 .debug_ranges  0x000012a8       0x30 c:/program files/microchip/xc32/v4.35/bin/bin/../../lib/gcc/pic32c/8.3.1/../../../../pic32c/lib/thumb/v6-m/nofp\libc-musl.a(__libc_start_main.o)
 .debug_ranges  0x000012d8       0x18 c:/program files/microchip/xc32/v4.35/bin/bin/../../lib/gcc/pic32c/8.3.1/../../../../pic32c/lib/thumb/v6-m/nofp\libc-musl.a(rand.o)
 .debug_ranges  0x000012f0       0x18 c:/program files/microchip/xc32/v4.35/bin/bin/../../lib/gcc/pic32c/8.3.1/../../../../pic32c/lib/thumb/v6-m/nofp\libc-musl.a(__sio_printf_cdnpsxX.o)
 .debug_ranges  0x00001308       0x10 c:/program files/microchip/xc32/v4.35/bin/bin/../../lib/gcc/pic32c/8.3.1/../../../../pic32c/lib/thumb/v6-m/nofp\libc-musl.a(__fmt_d.o)
 .debug_ranges  0x00001318       0x10 c:/program files/microchip/xc32/v4.35/bin/bin/../../lib/gcc/pic32c/8.3.1/../../../../pic32c/lib/thumb/v6-m/nofp\libc-musl.a(__fmt_s.o)
 .debug_ranges  0x00001328       0x10 c:/program files/microchip/xc32/v4.35/bin/bin/../../lib/gcc/pic32c/8.3.1/../../../../pic32c/lib/thumb/v6-m/nofp\libc-musl.a(__fmt_x.o)
 .debug_ranges  0x00001338       0x10 c:/program files/microchip/xc32/v4.35/bin/bin/../../lib/gcc/pic32c/8.3.1/../../../../pic32c/lib/thumb/v6-m/nofp\libc-musl.a(__pop_int.o)
 .debug_ranges  0x00001348       0x10 c:/program files/microchip/xc32/v4.35/bin/bin/../../lib/gcc/pic32c/8.3.1/../../../../pic32c/lib/thumb/v6-m/nofp\libc-musl.a(__pop_ptr.o)
 .debug_ranges  0x00001358       0x58 c:/program files/microchip/xc32/v4.35/bin/bin/../../lib/gcc/pic32c/8.3.1/../../../../pic32c/lib/thumb/v6-m/nofp\libc-musl.a(__printf_core.o)
 .debug_ranges  0x000013b0       0x20 c:/program files/microchip/xc32/v4.35/bin/bin/../../lib/gcc/pic32c/8.3.1/../../../../pic32c/lib/thumb/v6-m/nofp\libc-musl.a(stdout.o)
 .debug_ranges  0x000013d0       0x10 c:/program files/microchip/xc32/v4.35/bin/bin/../../lib/gcc/pic32c/8.3.1/../../../../pic32c/lib/thumb/v6-m/nofp\libc-musl.a(atoi.o)
 .debug_ranges  0x000013e0       0x10 c:/program files/microchip/xc32/v4.35/bin/bin/../../lib/gcc/pic32c/8.3.1/../../../../pic32c/lib/thumb/v6-m/nofp\libc-musl.a(memcmp.o)
 .debug_ranges  0x000013f0       0x10 c:/program files/microchip/xc32/v4.35/bin/bin/../../lib/gcc/pic32c/8.3.1/../../../../pic32c/lib/thumb/v6-m/nofp\libc-musl.a(memcpy.o)
 .debug_ranges  0x00001400       0x10 c:/program files/microchip/xc32/v4.35/bin/bin/../../lib/gcc/pic32c/8.3.1/../../../../pic32c/lib/thumb/v6-m/nofp\libc-musl.a(memset.o)
 .debug_ranges  0x00001410       0x10 c:/program files/microchip/xc32/v4.35/bin/bin/../../lib/gcc/pic32c/8.3.1/../../../../pic32c/lib/thumb/v6-m/nofp\libc-musl.a(strlen.o)
 .debug_ranges  0x00001420       0x18 c:/program files/microchip/xc32/v4.35/bin/bin/../../lib/gcc/pic32c/8.3.1/../../../../pic32c/lib/thumb/v6-m/nofp\libc-musl.a(tolower.o)
 .debug_ranges  0x00001438       0x18 c:/program files/microchip/xc32/v4.35/bin/bin/../../lib/gcc/pic32c/8.3.1/../../../../pic32c/lib/thumb/v6-m/nofp\libc-musl.a(toupper.o)
 .debug_ranges  0x00001450       0x10 c:/program files/microchip/xc32/v4.35/bin/bin/../../lib/gcc/pic32c/8.3.1/../../../../pic32c/lib/thumb/v6-m/nofp\libc-musl.a(__int_vfprintf.o)
 .debug_ranges  0x00001460       0x10 c:/program files/microchip/xc32/v4.35/bin/bin/../../lib/gcc/pic32c/8.3.1/../../../../pic32c/lib/thumb/v6-m/nofp\libc-musl.a(__cvt_u.o)
 .debug_ranges  0x00001470       0x10 c:/program files/microchip/xc32/v4.35/bin/bin/../../lib/gcc/pic32c/8.3.1/../../../../pic32c/lib/thumb/v6-m/nofp\libc-musl.a(__pop_float.o)
 .debug_ranges  0x00001480       0x18 c:/program files/microchip/xc32/v4.35/bin/bin/../../lib/gcc/pic32c/8.3.1/../../../../pic32c/lib/thumb/v6-m/nofp\libc-musl.a(__init_stdio.o)
 .debug_ranges  0x00001498       0x18 c:/program files/microchip/xc32/v4.35/bin/bin/../../lib/gcc/pic32c/8.3.1/../../../../pic32c/lib/thumb/v6-m/nofp\libc-musl.a(__out.o)
 .debug_ranges  0x000014b0       0x28 c:/program files/microchip/xc32/v4.35/bin/bin/../../lib/gcc/pic32c/8.3.1/thumb/v6-m/nofp\libgcc.a(_muldi3.o)
 .debug_ranges  0x000014d8       0x10 c:/program files/microchip/xc32/v4.35/bin/bin/../../lib/gcc/pic32c/8.3.1/../../../../pic32c/lib/thumb/v6-m/nofp\libpic32c.a(pic32_data_init_clear.o)
 .debug_ranges  0x000014e8       0x10 c:/program files/microchip/xc32/v4.35/bin/bin/../../lib/gcc/pic32c/8.3.1/../../../../pic32c/lib/thumb/v6-m/nofp\libpic32c.a(pic32_data_init_copy.o)

.debug_line     0x00000000    0x11944
 .debug_line    0x00000000      0x516 build/default/production/_ext/745501718/pal.o
 .debug_line    0x00000516      0x772 build/default/production/_ext/559172130/phy.o
 .debug_line    0x00000c88      0x433 build/default/production/_ext/559172130/phy_trx_reg_access.o
 .debug_line    0x000010bb      0x73e build/default/production/_ext/559172130/phy_init.o
 .debug_line    0x000017f9      0x2d2 build/default/production/_ext/559172130/phy_ed.o
 .debug_line    0x00001acb      0x364 build/default/production/_ext/559172130/phy_rx.o
 .debug_line    0x00001e2f      0x23c build/default/production/_ext/559172130/phy_rx_enable.o
 .debug_line    0x0000206b      0x28c build/default/production/_ext/559172130/phy_irq_handler.o
 .debug_line    0x000022f7      0x87a build/default/production/_ext/559172130/phy_helper.o
 .debug_line    0x00002b71      0x7e1 build/default/production/_ext/559172130/phy_pib.o
 .debug_line    0x00003352      0x26f build/default/production/_ext/559172130/phy_pwr_mgmt.o
 .debug_line    0x000035c1      0x4c3 build/default/production/_ext/559172130/phy_tx.o
 .debug_line    0x00003a84      0x266 build/default/production/_ext/957911548/phy_task.o
 .debug_line    0x00003cea      0x27f build/default/production/_ext/1374435801/bmm.o
 .debug_line    0x00003f69      0x3a1 build/default/production/_ext/874725666/qmm.o
 .debug_line    0x0000430a      0x2f1 build/default/production/_ext/1622227218/mimac_task.o
 .debug_line    0x000045fb     0x117d build/default/production/_ext/1622227218/miwi_p2p_star.o
 .debug_line    0x00005778      0x39e build/default/production/_ext/1622227218/miwi_app.o
 .debug_line    0x00005b16      0x25b build/default/production/_ext/1622227218/demo_output.o
 .debug_line    0x00005d71      0x3a4 build/default/production/_ext/1622227218/miwi_init.o
 .debug_line    0x00006115      0xc45 build/default/production/_ext/1622227218/mimac.o
 .debug_line    0x00006d5a      0x272 build/default/production/_ext/1622227218/p2p_demo.o
 .debug_line    0x00006fcc      0x43c build/default/production/_ext/1529399856/osal_freertos.o
 .debug_line    0x00007408      0x2c9 build/default/production/_ext/1529399856/osal_freertos_extend.o
 .debug_line    0x000076d1      0x1dc build/default/production/_ext/1984496892/plib_clock.o
 .debug_line    0x000078ad      0x2a2 build/default/production/_ext/60167341/plib_eic.o
 .debug_line    0x00007b4f      0x326 build/default/production/_ext/1865468468/plib_nvic.o
 .debug_line    0x00007e75      0x39d build/default/production/_ext/1593096446/plib_nvmctrl.o
 .debug_line    0x00008212      0x352 build/default/production/_ext/1865521619/plib_port.o
 .debug_line    0x00008564      0x77a build/default/production/_ext/17022449/plib_sercom4_spi_master.o
 .debug_line    0x00008cde      0x34f build/default/production/_ext/829342655/plib_tc3.o
 .debug_line    0x0000902d       0xce build/default/production/_ext/163028504/xc32_monitor.o
 .debug_line    0x000090fb      0x2c5 build/default/production/_ext/1881668453/sys_int.o
 .debug_line    0x000093c0     0x1200 build/default/production/_ext/101884895/sys_time.o
 .debug_line    0x0000a5c0      0x57b build/default/production/_ext/1171490990/initialization.o
 .debug_line    0x0000ab3b       0xba build/default/production/_ext/1171490990/interrupts.o
 .debug_line    0x0000abf5       0x6e build/default/production/_ext/1171490990/exceptions.o
 .debug_line    0x0000ac63      0x15d build/default/production/_ext/1171490990/freertos_hooks.o
 .debug_line    0x0000adc0      0x157 build/default/production/_ext/1171490990/startup_xc32.o
 .debug_line    0x0000af17      0x266 build/default/production/_ext/1171490990/tasks.o
 .debug_line    0x0000b17d      0x328 build/default/production/_ext/1624415188/port.o
 .debug_line    0x0000b4a5      0x594 build/default/production/_ext/1665200909/heap_4.o
 .debug_line    0x0000ba39     0x1074 build/default/production/_ext/404212886/queue.o
 .debug_line    0x0000caad      0x2c5 build/default/production/_ext/404212886/list.o
 .debug_line    0x0000cd72     0x168d build/default/production/_ext/404212886/FreeRTOS_tasks.o
 .debug_line    0x0000e3ff       0x6d build/default/production/_ext/1360937237/main.o
 .debug_line    0x0000e46c      0x1b0 build/default/production/_ext/1360937237/app.o
 .debug_line    0x0000e61c       0xe8 c:/program files/microchip/xc32/v4.35/bin/bin/../../lib/gcc/pic32c/8.3.1/../../../../pic32c/lib/thumb/v6-m/nofp\libpic32c.a(data_init.o)
 .debug_line    0x0000e704      0x1c2 c:/program files/microchip/xc32/v4.35/bin/bin/../../lib/gcc/pic32c/8.3.1/../../../../pic32c/lib/thumb/v6-m/nofp\libc-musl.a(__libc_start_main.o)
 .debug_line    0x0000e8c6       0xb8 c:/program files/microchip/xc32/v4.35/bin/bin/../../lib/gcc/pic32c/8.3.1/../../../../pic32c/lib/thumb/v6-m/nofp\libc-musl.a(libc.o)
 .debug_line    0x0000e97e       0xfd c:/program files/microchip/xc32/v4.35/bin/bin/../../lib/gcc/pic32c/8.3.1/../../../../pic32c/lib/thumb/v6-m/nofp\libc-musl.a(rand.o)
 .debug_line    0x0000ea7b      0x1c4 c:/program files/microchip/xc32/v4.35/bin/bin/../../lib/gcc/pic32c/8.3.1/../../../../pic32c/lib/thumb/v6-m/nofp\libc-musl.a(__sio_printf_cdnpsxX.o)
 .debug_line    0x0000ec3f      0x211 c:/program files/microchip/xc32/v4.35/bin/bin/../../lib/gcc/pic32c/8.3.1/../../../../pic32c/lib/thumb/v6-m/nofp\libc-musl.a(__fmt_d.o)
 .debug_line    0x0000ee50      0x20d c:/program files/microchip/xc32/v4.35/bin/bin/../../lib/gcc/pic32c/8.3.1/../../../../pic32c/lib/thumb/v6-m/nofp\libc-musl.a(__fmt_s.o)
 .debug_line    0x0000f05d      0x2f5 c:/program files/microchip/xc32/v4.35/bin/bin/../../lib/gcc/pic32c/8.3.1/../../../../pic32c/lib/thumb/v6-m/nofp\libc-musl.a(__fmt_x.o)
 .debug_line    0x0000f352      0x217 c:/program files/microchip/xc32/v4.35/bin/bin/../../lib/gcc/pic32c/8.3.1/../../../../pic32c/lib/thumb/v6-m/nofp\libc-musl.a(__pop_int.o)
 .debug_line    0x0000f569      0x1ce c:/program files/microchip/xc32/v4.35/bin/bin/../../lib/gcc/pic32c/8.3.1/../../../../pic32c/lib/thumb/v6-m/nofp\libc-musl.a(__pop_ptr.o)
 .debug_line    0x0000f737      0x6d4 c:/program files/microchip/xc32/v4.35/bin/bin/../../lib/gcc/pic32c/8.3.1/../../../../pic32c/lib/thumb/v6-m/nofp\libc-musl.a(__printf_core.o)
 .debug_line    0x0000fe0b      0x197 c:/program files/microchip/xc32/v4.35/bin/bin/../../lib/gcc/pic32c/8.3.1/../../../../pic32c/lib/thumb/v6-m/nofp\libc-musl.a(stdout.o)
 .debug_line    0x0000ffa2      0x179 c:/program files/microchip/xc32/v4.35/bin/bin/../../lib/gcc/pic32c/8.3.1/../../../../pic32c/lib/thumb/v6-m/nofp\libc-musl.a(atoi.o)
 .debug_line    0x0001011b       0xe0 c:/program files/microchip/xc32/v4.35/bin/bin/../../lib/gcc/pic32c/8.3.1/../../../../pic32c/lib/thumb/v6-m/nofp\libc-musl.a(memcmp.o)
 .debug_line    0x000101fb       0xf1 c:/program files/microchip/xc32/v4.35/bin/bin/../../lib/gcc/pic32c/8.3.1/../../../../pic32c/lib/thumb/v6-m/nofp\libc-musl.a(memcpy.o)
 .debug_line    0x000102ec       0xe6 c:/program files/microchip/xc32/v4.35/bin/bin/../../lib/gcc/pic32c/8.3.1/../../../../pic32c/lib/thumb/v6-m/nofp\libc-musl.a(memset.o)
 .debug_line    0x000103d2       0xf1 c:/program files/microchip/xc32/v4.35/bin/bin/../../lib/gcc/pic32c/8.3.1/../../../../pic32c/lib/thumb/v6-m/nofp\libc-musl.a(strlen.o)
 .debug_line    0x000104c3      0x162 c:/program files/microchip/xc32/v4.35/bin/bin/../../lib/gcc/pic32c/8.3.1/../../../../pic32c/lib/thumb/v6-m/nofp\libc-musl.a(tolower.o)
 .debug_line    0x00010625      0x162 c:/program files/microchip/xc32/v4.35/bin/bin/../../lib/gcc/pic32c/8.3.1/../../../../pic32c/lib/thumb/v6-m/nofp\libc-musl.a(toupper.o)
 .debug_line    0x00010787      0x101 c:/program files/microchip/xc32/v4.35/bin/bin/../../lib/gcc/pic32c/8.3.1/../../../../pic32c/lib/thumb/v6-m/nofp\libc-musl.a(__environ.o)
 .debug_line    0x00010888       0x9d c:/program files/microchip/xc32/v4.35/bin/bin/../../lib/gcc/pic32c/8.3.1/../../../../pic32c/lib/thumb/v6-m/nofp\libc-musl.a(__errno_location.o)
 .debug_line    0x00010925      0x178 c:/program files/microchip/xc32/v4.35/bin/bin/../../lib/gcc/pic32c/8.3.1/../../../../pic32c/lib/thumb/v6-m/nofp\libc-musl.a(__int_vfprintf.o)
 .debug_line    0x00010a9d      0x1dd c:/program files/microchip/xc32/v4.35/bin/bin/../../lib/gcc/pic32c/8.3.1/../../../../pic32c/lib/thumb/v6-m/nofp\libc-musl.a(__cvt_u.o)
 .debug_line    0x00010c7a      0x16c c:/program files/microchip/xc32/v4.35/bin/bin/../../lib/gcc/pic32c/8.3.1/../../../../pic32c/lib/thumb/v6-m/nofp\libc-musl.a(__pop_float.o)
 .debug_line    0x00010de6       0xd3 c:/program files/microchip/xc32/v4.35/bin/bin/../../lib/gcc/pic32c/8.3.1/../../../../pic32c/lib/thumb/v6-m/nofp\libc-musl.a(__init_stdio.o)
 .debug_line    0x00010eb9      0x22f c:/program files/microchip/xc32/v4.35/bin/bin/../../lib/gcc/pic32c/8.3.1/../../../../pic32c/lib/thumb/v6-m/nofp\libc-musl.a(__out.o)
 .debug_line    0x000110e8       0xab c:/program files/microchip/xc32/v4.35/bin/bin/../../lib/gcc/pic32c/8.3.1/thumb/v6-m/nofp\libgcc.a(_udivsi3.o)
 .debug_line    0x00011193       0x94 c:/program files/microchip/xc32/v4.35/bin/bin/../../lib/gcc/pic32c/8.3.1/thumb/v6-m/nofp\libgcc.a(_dvmd_tls.o)
 .debug_line    0x00011227       0x9f c:/program files/microchip/xc32/v4.35/bin/bin/../../lib/gcc/pic32c/8.3.1/thumb/v6-m/nofp\libgcc.a(_aeabi_uldivmod.o)
 .debug_line    0x000112c6       0xea c:/program files/microchip/xc32/v4.35/bin/bin/../../lib/gcc/pic32c/8.3.1/thumb/v6-m/nofp\libgcc.a(_muldi3.o)
 .debug_line    0x000113b0      0x18b c:/program files/microchip/xc32/v4.35/bin/bin/../../lib/gcc/pic32c/8.3.1/thumb/v6-m/nofp\libgcc.a(_udivmoddi4.o)
 .debug_line    0x0001153b       0x9f c:/program files/microchip/xc32/v4.35/bin/bin/../../lib/gcc/pic32c/8.3.1/thumb/v6-m/nofp\libgcc.a(_lshrdi3.o)
 .debug_line    0x000115da       0x9f c:/program files/microchip/xc32/v4.35/bin/bin/../../lib/gcc/pic32c/8.3.1/thumb/v6-m/nofp\libgcc.a(_ashldi3.o)
 .debug_line    0x00011679       0x9e c:/program files/microchip/xc32/v4.35/bin/bin/../../lib/gcc/pic32c/8.3.1/thumb/v6-m/nofp\libgcc.a(_clzdi2.o)
 .debug_line    0x00011717       0xa8 c:/program files/microchip/xc32/v4.35/bin/bin/../../lib/gcc/pic32c/8.3.1/thumb/v6-m/nofp\libgcc.a(_clzsi2.o)
 .debug_line    0x000117bf       0xb6 c:/program files/microchip/xc32/v4.35/bin/bin/../../lib/gcc/pic32c/8.3.1/../../../../pic32c/lib/thumb/v6-m/nofp\libpic32c.a(pic32_data_init_clear.o)
 .debug_line    0x00011875       0xcf c:/program files/microchip/xc32/v4.35/bin/bin/../../lib/gcc/pic32c/8.3.1/../../../../pic32c/lib/thumb/v6-m/nofp\libpic32c.a(pic32_data_init_copy.o)

.debug_str      0x00000000     0x2476
 .debug_str     0x00000000       0xf6 build/default/production/_ext/745501718/pal.o
 .debug_str     0x000000f6      0x106 build/default/production/_ext/559172130/phy.o
 .debug_str     0x000001fc       0x6b build/default/production/_ext/559172130/phy_trx_reg_access.o
 .debug_str     0x00000267      0x182 build/default/production/_ext/559172130/phy_init.o
 .debug_str     0x000003e9       0x83 build/default/production/_ext/559172130/phy_ed.o
 .debug_str     0x0000046c       0x78 build/default/production/_ext/559172130/phy_rx.o
 .debug_str     0x000004e4       0x2e build/default/production/_ext/559172130/phy_rx_enable.o
 .debug_str     0x00000512       0x6a build/default/production/_ext/559172130/phy_irq_handler.o
 .debug_str     0x0000057c       0xa3 build/default/production/_ext/559172130/phy_helper.o
 .debug_str     0x0000061f       0x4c build/default/production/_ext/559172130/phy_pib.o
 .debug_str     0x0000066b       0x26 build/default/production/_ext/559172130/phy_pwr_mgmt.o
 .debug_str     0x00000691       0xa4 build/default/production/_ext/559172130/phy_tx.o
 .debug_str     0x00000735       0x6d build/default/production/_ext/957911548/phy_task.o
 .debug_str     0x000007a2       0x31 build/default/production/_ext/1374435801/bmm.o
 .debug_str     0x000007d3       0x20 build/default/production/_ext/874725666/qmm.o
 .debug_str     0x000007f3       0x5a build/default/production/_ext/1622227218/mimac_task.o
 .debug_str     0x0000084d      0x280 build/default/production/_ext/1622227218/miwi_p2p_star.o
 .debug_str     0x00000acd      0x147 build/default/production/_ext/1622227218/miwi_app.o
 .debug_str     0x00000c14       0x23 build/default/production/_ext/1622227218/demo_output.o
 .debug_str     0x00000c37       0x7f build/default/production/_ext/1622227218/miwi_init.o
 .debug_str     0x00000cb6      0x14c build/default/production/_ext/1622227218/mimac.o
 .debug_str     0x00000e02       0xb2 build/default/production/_ext/1622227218/p2p_demo.o
 .debug_str     0x00000eb4      0x13b build/default/production/_ext/1529399856/osal_freertos.o
 .debug_str     0x00000fef       0xe0 build/default/production/_ext/1529399856/osal_freertos_extend.o
 .debug_str     0x000010cf       0x28 build/default/production/_ext/1984496892/plib_clock.o