Archive member included to satisfy reference by file (symbol)

c:/program files/microchip/xc32/v4.35/bin/bin/../../lib/gcc/pic32c/8.3.1/../../../../pic32c/lib/thumb/v6-m/nofp\libpic32c.a(data_init.o)
                              build/default/debug/_ext/1171490990/startup_xc32.o (__pic32c_data_initialization)
c:/program files/microchip/xc32/v4.35/bin/bin/../../lib/gcc/pic32c/8.3.1/../../../../pic32c/lib/thumb/v6-m/nofp\libm-fast-emfloat.a(__aeabi_fadd.o)
                              build/default/debug/_ext/559172130/phy_helper.o (__aeabi_fadd)
c:/program files/microchip/xc32/v4.35/bin/bin/../../lib/gcc/pic32c/8.3.1/../../../../pic32c/lib/thumb/v6-m/nofp\libm-fast-emfloat.a(__aeabi_dadd.o)
                              build/default/debug/_ext/559172130/phy_helper.o (__aeabi_dadd)
c:/program files/microchip/xc32/v4.35/bin/bin/../../lib/gcc/pic32c/8.3.1/../../../../pic32c/lib/thumb/v6-m/nofp\libm-fast-emfloat.a(__aeabi_fsub.o)
                              build/default/debug/_ext/559172130/phy_helper.o (__aeabi_fsub)
c:/program files/microchip/xc32/v4.35/bin/bin/../../lib/gcc/pic32c/8.3.1/../../../../pic32c/lib/thumb/v6-m/nofp\libm-fast-emfloat.a(__aeabi_dmul_aux.o)
                              build/default/debug/_ext/559172130/phy_helper.o (__aeabi_dmul)
c:/program files/microchip/xc32/v4.35/bin/bin/../../lib/gcc/pic32c/8.3.1/../../../../pic32c/lib/thumb/v6-m/nofp\libm-fast-emfloat.a(__aeabi_fcmpgt.o)
                              build/default/debug/_ext/559172130/phy_helper.o (__aeabi_fcmpgt)
c:/program files/microchip/xc32/v4.35/bin/bin/../../lib/gcc/pic32c/8.3.1/../../../../pic32c/lib/thumb/v6-m/nofp\libm-fast-emfloat.a(__aeabi_fcmplt.o)
                              build/default/debug/_ext/559172130/phy_helper.o (__aeabi_fcmplt)
c:/program files/microchip/xc32/v4.35/bin/bin/../../lib/gcc/pic32c/8.3.1/../../../../pic32c/lib/thumb/v6-m/nofp\libm-fast-emfloat.a(__aeabi_f2iz.o)
                              build/default/debug/_ext/559172130/phy_helper.o (__aeabi_f2iz)
c:/program files/microchip/xc32/v4.35/bin/bin/../../lib/gcc/pic32c/8.3.1/../../../../pic32c/lib/thumb/v6-m/nofp\libm-fast-emfloat.a(__aeabi_f2uiz.o)
                              build/default/debug/_ext/559172130/phy_helper.o (__aeabi_f2uiz)
c:/program files/microchip/xc32/v4.35/bin/bin/../../lib/gcc/pic32c/8.3.1/../../../../pic32c/lib/thumb/v6-m/nofp\libm-fast-emfloat.a(__aeabi_ui2f.o)
                              build/default/debug/_ext/559172130/phy_helper.o (__aeabi_ui2f)
c:/program files/microchip/xc32/v4.35/bin/bin/../../lib/gcc/pic32c/8.3.1/../../../../pic32c/lib/thumb/v6-m/nofp\libm-fast-emfloat.a(__aeabi_f2d.o)
                              build/default/debug/_ext/559172130/phy_helper.o (__aeabi_f2d)
c:/program files/microchip/xc32/v4.35/bin/bin/../../lib/gcc/pic32c/8.3.1/../../../../pic32c/lib/thumb/v6-m/nofp\libm-fast-emfloat.a(__aeabi_d2f.o)
                              build/default/debug/_ext/559172130/phy_helper.o (__aeabi_d2f)
c:/program files/microchip/xc32/v4.35/bin/bin/../../lib/gcc/pic32c/8.3.1/../../../../pic32c/lib/thumb/v6-m/nofp\libg-musl.a(__libc_start_main.o)
                              build/default/debug/_ext/1171490990/startup_xc32.o (__libc_init_array)
c:/program files/microchip/xc32/v4.35/bin/bin/../../lib/gcc/pic32c/8.3.1/../../../../pic32c/lib/thumb/v6-m/nofp\libg-musl.a(libc.o)
                              c:/program files/microchip/xc32/v4.35/bin/bin/../../lib/gcc/pic32c/8.3.1/../../../../pic32c/lib/thumb/v6-m/nofp\libg-musl.a(__libc_start_main.o) (__progname_full)
c:/program files/microchip/xc32/v4.35/bin/bin/../../lib/gcc/pic32c/8.3.1/../../../../pic32c/lib/thumb/v6-m/nofp\libg-musl.a(rand.o)
                              build/default/debug/_ext/559172130/phy_init.o (srand)
c:/program files/microchip/xc32/v4.35/bin/bin/../../lib/gcc/pic32c/8.3.1/../../../../pic32c/lib/thumb/v6-m/nofp\libg-musl.a(vsnprintf.o)
                              build/default/debug/_ext/1832805299/sys_console.o (vsnprintf)
c:/program files/microchip/xc32/v4.35/bin/bin/../../lib/gcc/pic32c/8.3.1/../../../../pic32c/lib/thumb/v6-m/nofp\libg-musl.a(memcpy.o)
                              build/default/debug/_ext/1655452824/mac_process_beacon_frame.o (memcpy)
c:/program files/microchip/xc32/v4.35/bin/bin/../../lib/gcc/pic32c/8.3.1/../../../../pic32c/lib/thumb/v6-m/nofp\libg-musl.a(memset.o)
                              build/default/debug/_ext/101884895/sys_time.o (memset)
c:/program files/microchip/xc32/v4.35/bin/bin/../../lib/gcc/pic32c/8.3.1/../../../../pic32c/lib/thumb/v6-m/nofp\libg-musl.a(strlen.o)
                              build/default/debug/_ext/1832805299/sys_console.o (strlen)
c:/program files/microchip/xc32/v4.35/bin/bin/../../lib/gcc/pic32c/8.3.1/../../../../pic32c/lib/thumb/v6-m/nofp\libg-musl.a(__environ.o)
                              c:/program files/microchip/xc32/v4.35/bin/bin/../../lib/gcc/pic32c/8.3.1/../../../../pic32c/lib/thumb/v6-m/nofp\libg-musl.a(__libc_start_main.o) (__environ)
[...]
Memory Configuration

Name             Origin             Length             Attributes
rom              0x00000000         0x00040000         xrl
ram              0x20000000         0x00008000         xw !r
config_01004000  0x01004000         0x00000004
config_01004004  0x01004004         0x00000004
*default*        0x00000000         0xffffffff

Linker script and memory map

LOAD c:/program files/microchip/xc32/v4.35/bin/bin/../../lib/gcc/pic32c/8.3.1/thumb/v6-m/nofp/crti.o
LOAD c:/program files/microchip/xc32/v4.35/bin/bin/../../lib/gcc/pic32c/8.3.1/thumb/v6-m/nofp/crtbegin.o
LOAD build/default/debug/_ext/1655452824/mac_task.o
LOAD build/default/debug/_ext/1655452824/mac_process_beacon_frame.o
LOAD build/default/debug/_ext/1655452824/usr_mcps_purge_conf.o
LOAD build/default/debug/_ext/1655452824/mac_sync.o
LOAD build/default/debug/_ext/1655452824/mac_data_req.o
LOAD build/default/debug/_ext/1655452824/usr_mlme_get_conf.o
LOAD build/default/debug/_ext/1655452824/usr_mlme_set_conf.o
LOAD build/default/debug/_ext/1655452824/mac_dispatcher.o
LOAD build/default/debug/_ext/1655452824/mac_security.o
LOAD build/default/debug/_ext/1655452824/mac_data_extract_mhr.o
LOAD build/default/debug/_ext/1655452824/usr_mlme_beacon_notify_ind.o
LOAD build/default/debug/_ext/1655452824/usr_mlme_sync_loss_ind.o
LOAD build/default/debug/_ext/1655452824/usr_mlme_comm_status_ind.o
LOAD build/default/debug/_ext/1655452824/mac_tx_coord_realignment_command.o
LOAD build/default/debug/_ext/1655452824/mac_associate.o
LOAD build/default/debug/_ext/1655452824/mac_pib.o
LOAD build/default/debug/_ext/1655452824/usr_mlme_rx_enable_conf.o
LOAD build/default/debug/_ext/1655452824/mac_beacon.o
LOAD build/default/debug/_ext/1655452824/mac_rx_enable.o
LOAD build/default/debug/_ext/1655452824/mac.o
LOAD build/default/debug/_ext/1655452824/mac_disassociate.o
LOAD build/default/debug/_ext/1655452824/mac_orphan.o
LOAD build/default/debug/_ext/1655452824/usr_mlme_start_conf.o
LOAD build/default/debug/_ext/1655452824/usr_mlme_disassociate_ind.o
LOAD build/default/debug/_ext/1655452824/mac_process_phy_tx_frame_status.o
LOAD build/default/debug/_ext/1655452824/mac_callback_wrapper.o
LOAD build/default/debug/_ext/1655452824/mac_api.o
LOAD build/default/debug/_ext/1655452824/mac_misc.o
LOAD build/default/debug/_ext/1655452824/usr_mlme_disassociate_conf.o
LOAD build/default/debug/_ext/1655452824/usr_mcps_data_conf.o
LOAD build/default/debug/_ext/1655452824/usr_mlme_associate_ind.o
LOAD build/default/debug/_ext/1655452824/mac_mcps_data.o
LOAD build/default/debug/_ext/1655452824/usr_mlme_poll_conf.o
LOAD build/default/debug/_ext/1655452824/mac_data_ind.o
LOAD build/default/debug/_ext/1655452824/usr_mlme_reset_conf.o
LOAD build/default/debug/_ext/1655452824/mac_scan.o
LOAD build/default/debug/_ext/1655452824/usr_mlme_associate_conf.o
LOAD build/default/debug/_ext/1655452824/mac_poll.o
LOAD build/default/debug/_ext/1655452824/usr_mcps_data_ind.o
LOAD build/default/debug/_ext/1655452824/mac_start.o
LOAD build/default/debug/_ext/1655452824/usr_mlme_scan_conf.o
LOAD build/default/debug/_ext/1655452824/usr_mlme_orphan_ind.o
LOAD build/default/debug/_ext/745501718/pal.o
LOAD build/default/debug/_ext/559172130/phy_init.o
LOAD build/default/debug/_ext/559172130/phy_rx_enable.o
LOAD build/default/debug/_ext/559172130/phy_pwr_mgmt.o
LOAD build/default/debug/_ext/559172130/phy_tx.o
LOAD build/default/debug/_ext/559172130/tfa.o
LOAD build/default/debug/_ext/559172130/phy_pib.o
LOAD build/default/debug/_ext/559172130/phy.o
LOAD build/default/debug/_ext/559172130/phy_helper.o
LOAD build/default/debug/_ext/559172130/phy_irq_handler.o
LOAD build/default/debug/_ext/559172130/phy_trx_reg_access.o
LOAD build/default/debug/_ext/559172130/phy_ed.o
LOAD build/default/debug/_ext/559172130/phy_rx.o
LOAD build/default/debug/_ext/957911548/phy_tx_frame_done_cb.o
LOAD build/default/debug/_ext/957911548/phy_task.o
LOAD build/default/debug/_ext/957911548/phy_rx_frame_cb.o
LOAD build/default/debug/_ext/957911548/phy_ed_end_cb.o
LOAD build/default/debug/_ext/1374435801/bmm.o
LOAD build/default/debug/_ext/874725666/qmm.o
LOAD build/default/debug/_ext/1529399856/osal_freertos_extend.o
LOAD build/default/debug/_ext/1529399856/osal_freertos.o
LOAD build/default/debug/_ext/1984496892/plib_clock.o
LOAD build/default/debug/_ext/60167341/plib_eic.o
LOAD build/default/debug/_ext/1986646378/plib_evsys.o
LOAD build/default/debug/_ext/1865468468/plib_nvic.o
LOAD build/default/debug/_ext/1593096446/plib_nvmctrl.o
LOAD build/default/debug/_ext/1865521619/plib_port.o
LOAD build/default/debug/_ext/17022449/plib_sercom4_spi_master.o
LOAD build/default/debug/_ext/504274921/plib_sercom0_usart.o
LOAD build/default/debug/_ext/829342655/plib_tc3.o
LOAD build/default/debug/_ext/163028504/xc32_monitor.o
LOAD build/default/debug/_ext/1832805299/sys_console.o
LOAD build/default/debug/_ext/1832805299/sys_console_uart.o
LOAD build/default/debug/_ext/1881668453/sys_int.o
LOAD build/default/debug/_ext/101884895/sys_time.o
LOAD build/default/debug/_ext/1171490990/exceptions.o
LOAD build/default/debug/_ext/1171490990/freertos_hooks.o
LOAD build/default/debug/_ext/1171490990/interrupts.o
LOAD build/default/debug/_ext/1171490990/libc_syscalls.o
LOAD build/default/debug/_ext/1171490990/startup_xc32.o
LOAD build/default/debug/_ext/1171490990/initialization.o
LOAD build/default/debug/_ext/1171490990/tasks.o
LOAD build/default/debug/_ext/1624415188/port.o
LOAD build/default/debug/_ext/1665200909/heap_4.o
LOAD build/default/debug/_ext/404212886/FreeRTOS_tasks.o
LOAD build/default/debug/_ext/404212886/timers.o
LOAD build/default/debug/_ext/404212886/queue.o
LOAD build/default/debug/_ext/404212886/event_groups.o
LOAD build/default/debug/_ext/404212886/croutine.o
LOAD build/default/debug/_ext/404212886/list.o
LOAD build/default/debug/_ext/404212886/stream_buffer.o
LOAD build/default/debug/_ext/1360937237/app.o
LOAD build/default/debug/_ext/1360937237/main.o
LOAD build/default/debug/_ext/1360937237/app_idle_task.o
LOAD build/default/debug/_ext/85617168/demo_app_rfd.o
LOAD build/default/debug/_ext/85617168/demo_app_security.o
LOAD build/default/debug/_ext/85617168/usr_mac_callbacks.o
                0x00000001                __MPLAB_BUILD = 0x1
                0x00040000                __rom_end = (ORIGIN (rom) + LENGTH (rom))
                0x20008000                __ram_end = (ORIGIN (ram) + LENGTH (ram))

.config_01004000
 *(.config_01004000)

.config_01004004
 *(.config_01004004)

.vectors        0x00000000       0xac
                0x00000000                . = ALIGN (0x4)
                0x00000000                _sfixed = .
 *(.vectors .vectors.* .vectors_default .vectors_default.*)
 .vectors.exception_table
                0x00000000       0xac build/default/debug/_ext/1171490990/interrupts.o
                0x00000000                exception_table
 *(.isr_vector)
 *(.reset*)
 *(.after_vectors)

.text           0x000000ac       0x20
                0x000000ac                . = ALIGN (0x4)
 *(.glue_7t)
 .glue_7t       0x000000ac        0x0 linker stubs
 *(.glue_7)
 .glue_7        0x000000ac        0x0 linker stubs
 *(.gnu.linkonce.r.*)
 *(.ARM.extab* .gnu.linkonce.armextab.*)
                0x000000ac                . = ALIGN (0x4)
 *(.init)
 .init          0x000000ac        0x4 c:/program files/microchip/xc32/v4.35/bin/bin/../../lib/gcc/pic32c/8.3.1/thumb/v6-m/nofp/crti.o
                0x000000ac                _init
 .init          0x000000b0        0x8 c:/program files/microchip/xc32/v4.35/bin/bin/../../lib/gcc/pic32c/8.3.1/thumb/v6-m/nofp/crtn.o
                0x000000b8                . = ALIGN (0x4)
                0x000000b8                __preinit_array_start = .
 *(.preinit_array)
                0x000000b8                __preinit_array_end = .
                0x000000b8                . = ALIGN (0x4)
                0x000000b8                __init_array_start = .
 *(SORT_BY_NAME(.init_array.*))
 *(.init_array)
 .init_array    0x000000b8        0x4 c:/program files/microchip/xc32/v4.35/bin/bin/../../lib/gcc/pic32c/8.3.1/thumb/v6-m/nofp/crtbegin.o
                0x000000bc                __init_array_end = .
                0x000000bc                . = ALIGN (0x4)
 *crtbegin.o(.ctors)
 *(EXCLUDE_FILE(*crtend.o) .ctors)
 *(SORT_BY_NAME(.ctors.*))
 *crtend.o(.ctors)
                0x000000bc                . = ALIGN (0x4)
 *(.fini)
 .fini          0x000000bc        0x4 c:/program files/microchip/xc32/v4.35/bin/bin/../../lib/gcc/pic32c/8.3.1/thumb/v6-m/nofp/crti.o
                0x000000bc                _fini
 .fini          0x000000c0        0x8 c:/program files/microchip/xc32/v4.35/bin/bin/../../lib/gcc/pic32c/8.3.1/thumb/v6-m/nofp/crtn.o
                0x000000c8                . = ALIGN (0x4)
                0x000000c8                __fini_array_start = .
 *(.fini_array)
 .fini_array    0x000000c8        0x4 c:/program files/microchip/xc32/v4.35/bin/bin/../../lib/gcc/pic32c/8.3.1/thumb/v6-m/nofp/crtbegin.o
 *(SORT_BY_NAME(.fini_array.*))
                0x000000cc                __fini_array_end = .
 *crtbegin.o(.dtors)
 *(EXCLUDE_FILE(*crtend.o) .dtors)
 *(SORT_BY_NAME(.dtors.*))
 *crtend.o(.dtors)
                0x000000cc                . = ALIGN (0x4)
                0x000000cc                _efixed = .
                [!provide]                PROVIDE (__exidx_start = .)

.ARM.exidx      0x000000cc        0x8
 *(.ARM.exidx* .gnu.linkonce.armexidx.*)
 .ARM.exidx     0x000000cc        0x8 c:/program files/microchip/xc32/v4.35/bin/bin/../../lib/gcc/pic32c/8.3.1/thumb/v6-m/nofp\libgcc.a(_udivmoddi4.o)
                [!provide]                PROVIDE (__exidx_end = .)
                0x000000d4                . = ALIGN (0x4)
                0x000000d4                _etext = .

.bss            0x20000000        0x0
                0x20000000                . = ALIGN (0x4)
                0x20000000                __bss_start__ = .
                0x20000000                _sbss = .
                0x20000000                _szero = .
 *(COMMON)
                0x20000000                . = ALIGN (0x4)
                0x20000000                __bss_end__ = .
                0x20000000                _ebss = .
                0x20000000                _ezero = .
                0x20000000                . = ALIGN (0x4)
                0x20000000                _end = .
                0x20007fff                _ram_end_ = ((ORIGIN (ram) + LENGTH (ram)) - 0x1)
                0x00000001                __ICD2RAM = 0x1
                0x00000001                __MPLAB_DEBUG = 0x1
                0x00000001                __DEBUG = 0x1
                0x00000200                _min_heap_size = 0x200
START GROUP
LOAD c:/program files/microchip/xc32/v4.35/bin/bin/../../lib/gcc/pic32c/8.3.1/../../../../pic32c/lib/thumb/v6-m/nofp\libpic32c.a
LOAD c:/program files/microchip/xc32/v4.35/bin/bin/../../lib/gcc/pic32c/8.3.1/../../../../pic32c/lib/thumb/v6-m/nofp\libm-fast-emfloat.a
LOAD c:/program files/microchip/xc32/v4.35/bin/bin/../../lib/gcc/pic32c/8.3.1/../../../../pic32c/lib/thumb/v6-m/nofp\libg-musl.a
LOAD c:/program files/microchip/xc32/v4.35/bin/bin/../../lib/gcc/pic32c/8.3.1/../../../../pic32c/lib/thumb/v6-m/nofp\libc-musl.a
LOAD c:/program files/microchip/xc32/v4.35/bin/bin/../../lib/gcc/pic32c/8.3.1/../../../../pic32c/lib/thumb/v6-m/nofp\libm-fast-emfloat.a
LOAD c:/program files/microchip/xc32/v4.35/bin/bin/../../lib/gcc/pic32c/8.3.1/thumb/v6-m/nofp\libgcc.a
END GROUP
LOAD c:/program files/microchip/xc32/v4.35/bin/bin/../../lib/gcc/pic32c/8.3.1/thumb/v6-m/nofp/crtend.o
LOAD c:/program files/microchip/xc32/v4.35/bin/bin/../../lib/gcc/pic32c/8.3.1/thumb/v6-m/nofp/crtn.o
OUTPUT(dist/default/debug/Project.X.debug.elf elf32-littlearm)
LOAD data_init
LOAD stack

.ARM.attributes
                0x00000000       0x2a
 .ARM.attributes
                0x00000000       0x1e c:/program files/microchip/xc32/v4.35/bin/bin/../../lib/gcc/pic32c/8.3.1/thumb/v6-m/nofp/crti.o
 .ARM.attributes
                0x0000001e       0x2c c:/program files/microchip/xc32/v4.35/bin/bin/../../lib/gcc/pic32c/8.3.1/thumb/v6-m/nofp/crtbegin.o
 .ARM.attributes
                0x0000004a       0x2c build/default/debug/_ext/1655452824/mac_task.o
 .ARM.attributes
                0x00000076       0x2c build/default/debug/_ext/1655452824/mac_process_beacon_frame.o
 .ARM.attributes
                0x000000a2       0x2c build/default/debug/_ext/1655452824/mac_sync.o
 .ARM.attributes
                0x000000ce       0x2c build/default/debug/_ext/1655452824/mac_data_req.o
 .ARM.attributes
                0x000000fa       0x2c build/default/debug/_ext/1655452824/mac_dispatcher.o
 .ARM.attributes
                0x00000126       0x2c build/default/debug/_ext/1655452824/mac_data_extract_mhr.o
 .ARM.attributes
                0x00000152       0x2c build/default/debug/_ext/1655452824/usr_mlme_sync_loss_ind.o
 .ARM.attributes
                0x0000017e       0x2c build/default/debug/_ext/1655452824/mac_associate.o
 .ARM.attributes
                0x000001aa       0x2c build/default/debug/_ext/1655452824/mac_pib.o
 .ARM.attributes
                0x000001d6       0x2c build/default/debug/_ext/1655452824/mac_rx_enable.o
 .ARM.attributes
                0x00000202       0x2c build/default/debug/_ext/1655452824/mac.o
 .ARM.attributes
                0x0000022e       0x2c build/default/debug/_ext/1655452824/mac_disassociate.o
 .ARM.attributes
                0x0000025a       0x2c build/default/debug/_ext/1655452824/mac_process_phy_tx_frame_status.o
 .ARM.attributes
                0x00000286       0x2c build/default/debug/_ext/1655452824/mac_callback_wrapper.o
 .ARM.attributes
                0x000002b2       0x2c build/default/debug/_ext/1655452824/mac_api.o
 .ARM.attributes
                0x000002de       0x2c build/default/debug/_ext/1655452824/mac_misc.o
 .ARM.attributes
                0x0000030a       0x2c build/default/debug/_ext/1655452824/mac_mcps_data.o
 .ARM.attributes
                0x00000336       0x2c build/default/debug/_ext/1655452824/mac_data_ind.o
 .ARM.attributes
                0x00000362       0x2c build/default/debug/_ext/1655452824/mac_scan.o
 .ARM.attributes
                0x0000038e       0x2c build/default/debug/_ext/1655452824/mac_poll.o
 .ARM.attributes
                0x000003ba       0x2c build/default/debug/_ext/745501718/pal.o
 .ARM.attributes
                0x000003e6       0x2c build/default/debug/_ext/559172130/phy_init.o
 .ARM.attributes
                0x00000412       0x2c build/default/debug/_ext/559172130/phy_rx_enable.o
 .ARM.attributes
                0x0000043e       0x2c build/default/debug/_ext/559172130/phy_pwr_mgmt.o
 .ARM.attributes
                0x0000046a       0x2c build/default/debug/_ext/559172130/phy_tx.o
 .ARM.attributes
                0x00000496       0x2c build/default/debug/_ext/559172130/phy_pib.o
 .ARM.attributes
                0x000004c2       0x2c build/default/debug/_ext/559172130/phy.o
 .ARM.attributes
                0x000004ee       0x2c build/default/debug/_ext/559172130/phy_helper.o
 .ARM.attributes
                0x0000051a       0x2c build/default/debug/_ext/559172130/phy_irq_handler.o
 .ARM.attributes
                0x00000546       0x2c build/default/debug/_ext/559172130/phy_trx_reg_access.o
 .ARM.attributes
                0x00000572       0x2c build/default/debug/_ext/559172130/phy_ed.o
 .ARM.attributes
                0x0000059e       0x2c build/default/debug/_ext/559172130/phy_rx.o
 .ARM.attributes
                0x000005ca       0x2c build/default/debug/_ext/957911548/phy_task.o
 .ARM.attributes
                0x000005f6       0x2c build/default/debug/_ext/957911548/phy_ed_end_cb.o
 .ARM.attributes
                0x00000622       0x2c build/default/debug/_ext/1374435801/bmm.o
 .ARM.attributes
                0x0000064e       0x2c build/default/debug/_ext/874725666/qmm.o
 .ARM.attributes
                0x0000067a       0x2c build/default/debug/_ext/1529399856/osal_freertos_extend.o
 .ARM.attributes
                0x000006a6       0x2c build/default/debug/_ext/1529399856/osal_freertos.o
 .ARM.attributes
                0x000006d2       0x2c build/default/debug/_ext/1984496892/plib_clock.o
 .ARM.attributes
                0x000006fe       0x2c build/default/debug/_ext/60167341/plib_eic.o
 .ARM.attributes
                0x0000072a       0x2c build/default/debug/_ext/1865468468/plib_nvic.o
 .ARM.attributes
                0x00000756       0x2c build/default/debug/_ext/1593096446/plib_nvmctrl.o
 .ARM.attributes
                0x00000782       0x2c build/default/debug/_ext/1865521619/plib_port.o
 .ARM.attributes
                0x000007ae       0x2c build/default/debug/_ext/17022449/plib_sercom4_spi_master.o
 .ARM.attributes
                0x000007da       0x2c build/default/debug/_ext/504274921/plib_sercom0_usart.o
 .ARM.attributes
                0x00000806       0x2c build/default/debug/_ext/829342655/plib_tc3.o
 .ARM.attributes
                0x00000832       0x2c build/default/debug/_ext/1832805299/sys_console.o
 .ARM.attributes
                0x0000085e       0x2c build/default/debug/_ext/1832805299/sys_console_uart.o
 .ARM.attributes
                0x0000088a       0x2c build/default/debug/_ext/1881668453/sys_int.o
 .ARM.attributes
                0x000008b6       0x2c build/default/debug/_ext/101884895/sys_time.o
 .ARM.attributes
                0x000008e2       0x2c build/default/debug/_ext/1171490990/exceptions.o
 .ARM.attributes
                0x0000090e       0x2c build/default/debug/_ext/1171490990/freertos_hooks.o
 .ARM.attributes
                0x0000093a       0x2c build/default/debug/_ext/1171490990/interrupts.o
 .ARM.attributes
                0x00000966       0x2c build/default/debug/_ext/1171490990/startup_xc32.o
 .ARM.attributes
                0x00000992       0x2c build/default/debug/_ext/1171490990/initialization.o
 .ARM.attributes
                0x000009be       0x2c build/default/debug/_ext/1171490990/tasks.o
 .ARM.attributes
                0x000009ea       0x2c build/default/debug/_ext/1624415188/port.o
 .ARM.attributes
                0x00000a16       0x2c build/default/debug/_ext/1665200909/heap_4.o
 .ARM.attributes
                0x00000a42       0x2c build/default/debug/_ext/404212886/FreeRTOS_tasks.o
 .ARM.attributes
                0x00000a6e       0x2c build/default/debug/_ext/404212886/timers.o
 .ARM.attributes
                0x00000a9a       0x2c build/default/debug/_ext/404212886/queue.o
 .ARM.attributes
                0x00000ac6       0x2c build/default/debug/_ext/404212886/list.o
 .ARM.attributes
                0x00000af2       0x2c build/default/debug/_ext/1360937237/app.o
 .ARM.attributes
                0x00000b1e       0x2c build/default/debug/_ext/1360937237/main.o
 .ARM.attributes
                0x00000b4a       0x2c build/default/debug/_ext/85617168/demo_app_rfd.o
 .ARM.attributes
                0x00000b76       0x2c build/default/debug/_ext/85617168/usr_mac_callbacks.o
 .ARM.attributes
                0x00000ba2       0x2c c:/program files/microchip/xc32/v4.35/bin/bin/../../lib/gcc/pic32c/8.3.1/../../../../pic32c/lib/thumb/v6-m/nofp\libpic32c.a(data_init.o)
 .ARM.attributes
                0x00000bce       0x1c c:/program files/microchip/xc32/v4.35/bin/bin/../../lib/gcc/pic32c/8.3.1/../../../../pic32c/lib/thumb/v6-m/nofp\libm-fast-emfloat.a(__aeabi_dadd.o)
 .ARM.attributes
                0x00000bea       0x1c c:/program files/microchip/xc32/v4.35/bin/bin/../../lib/gcc/pic32c/8.3.1/../../../../pic32c/lib/thumb/v6-m/nofp\libm-fast-emfloat.a(__aeabi_dmul_aux.o)
 .ARM.attributes
                0x00000c06       0x2e c:/program files/microchip/xc32/v4.35/bin/bin/../../lib/gcc/pic32c/8.3.1/../../../../pic32c/lib/thumb/v6-m/nofp\libg-musl.a(__libc_start_main.o)
 .ARM.attributes
                0x00000c34       0x2e c:/program files/microchip/xc32/v4.35/bin/bin/../../lib/gcc/pic32c/8.3.1/../../../../pic32c/lib/thumb/v6-m/nofp\libg-musl.a(libc.o)
 .ARM.attributes
                0x00000c62       0x2e c:/program files/microchip/xc32/v4.35/bin/bin/../../lib/gcc/pic32c/8.3.1/../../../../pic32c/lib/thumb/v6-m/nofp\libg-musl.a(rand.o)
 .ARM.attributes
                0x00000c90       0x2e c:/program files/microchip/xc32/v4.35/bin/bin/../../lib/gcc/pic32c/8.3.1/../../../../pic32c/lib/thumb/v6-m/nofp\libg-musl.a(vsnprintf.o)
 .ARM.attributes
                0x00000cbe       0x2e c:/program files/microchip/xc32/v4.35/bin/bin/../../lib/gcc/pic32c/8.3.1/../../../../pic32c/lib/thumb/v6-m/nofp\libg-musl.a(memcpy.o)
 .ARM.attributes
                0x00000cec       0x2e c:/program files/microchip/xc32/v4.35/bin/bin/../../lib/gcc/pic32c/8.3.1/../../../../pic32c/lib/thumb/v6-m/nofp\libg-musl.a(memset.o)
 .ARM.attributes
                0x00000d1a       0x2e c:/program files/microchip/xc32/v4.35/bin/bin/../../lib/gcc/pic32c/8.3.1/../../../../pic32c/lib/thumb/v6-m/nofp\libg-musl.a(strlen.o)
 .ARM.attributes
                0x00000d48       0x2e c:/program files/microchip/xc32/v4.35/bin/bin/../../lib/gcc/pic32c/8.3.1/../../../../pic32c/lib/thumb/v6-m/nofp\libg-musl.a(__environ.o)
 .ARM.attributes
                0x00000d76       0x2e c:/program files/microchip/xc32/v4.35/bin/bin/../../lib/gcc/pic32c/8.3.1/../../../../pic32c/lib/thumb/v6-m/nofp\libg-musl.a(__errno_location.o)
 .ARM.attributes
                0x00000da4       0x2e c:/program files/microchip/xc32/v4.35/bin/bin/../../lib/gcc/pic32c/8.3.1/../../../../pic32c/lib/thumb/v6-m/nofp\libg-musl.a(vfprintf.o)
 .ARM.attributes
                0x00000dd2       0x2e c:/program files/microchip/xc32/v4.35/bin/bin/../../lib/gcc/pic32c/8.3.1/../../../../pic32c/lib/thumb/v6-m/nofp\libg-musl.a(__pop_float.o)
 .ARM.attributes
                0x00000e00       0x2e c:/program files/microchip/xc32/v4.35/bin/bin/../../lib/gcc/pic32c/8.3.1/../../../../pic32c/lib/thumb/v6-m/nofp\libg-musl.a(__pop_int.o)
 .ARM.attributes
                0x00000e2e       0x2e c:/program files/microchip/xc32/v4.35/bin/bin/../../lib/gcc/pic32c/8.3.1/../../../../pic32c/lib/thumb/v6-m/nofp\libg-musl.a(__pop_ptr.o)
 .ARM.attributes
                0x00000e5c       0x2e c:/program files/microchip/xc32/v4.35/bin/bin/../../lib/gcc/pic32c/8.3.1/../../../../pic32c/lib/thumb/v6-m/nofp\libg-musl.a(__printf_core.o)
 .ARM.attributes
                0x00000e8a       0x2e c:/program files/microchip/xc32/v4.35/bin/bin/../../lib/gcc/pic32c/8.3.1/../../../../pic32c/lib/thumb/v6-m/nofp\libg-musl.a(atoi.o)
 .ARM.attributes
                0x00000eb8       0x2e c:/program files/microchip/xc32/v4.35/bin/bin/../../lib/gcc/pic32c/8.3.1/../../../../pic32c/lib/thumb/v6-m/nofp\libg-musl.a(tolower.o)
 .ARM.attributes
                0x00000ee6       0x2e c:/program files/microchip/xc32/v4.35/bin/bin/../../lib/gcc/pic32c/8.3.1/../../../../pic32c/lib/thumb/v6-m/nofp\libg-musl.a(__fmt_a.o)
 .ARM.attributes
                0x00000f14       0x2e c:/program files/microchip/xc32/v4.35/bin/bin/../../lib/gcc/pic32c/8.3.1/../../../../pic32c/lib/thumb/v6-m/nofp\libg-musl.a(__fmt_d.o)
 .ARM.attributes
                0x00000f42       0x2e c:/program files/microchip/xc32/v4.35/bin/bin/../../lib/gcc/pic32c/8.3.1/../../../../pic32c/lib/thumb/v6-m/nofp\libg-musl.a(__fmt_fp.o)
 .ARM.attributes
                0x00000f70       0x2e c:/program files/microchip/xc32/v4.35/bin/bin/../../lib/gcc/pic32c/8.3.1/../../../../pic32c/lib/thumb/v6-m/nofp\libg-musl.a(__fmt_o.o)
 .ARM.attributes
                0x00000f9e       0x2e c:/program files/microchip/xc32/v4.35/bin/bin/../../lib/gcc/pic32c/8.3.1/../../../../pic32c/lib/thumb/v6-m/nofp\libg-musl.a(__fmt_s.o)
 .ARM.attributes
                0x00000fcc       0x2e c:/program files/microchip/xc32/v4.35/bin/bin/../../lib/gcc/pic32c/8.3.1/../../../../pic32c/lib/thumb/v6-m/nofp\libg-musl.a(__fmt_u.o)
 .ARM.attributes
                0x00000ffa       0x2e c:/program files/microchip/xc32/v4.35/bin/bin/../../lib/gcc/pic32c/8.3.1/../../../../pic32c/lib/thumb/v6-m/nofp\libg-musl.a(__fmt_x.o)
 .ARM.attributes
                0x00001028       0x2e c:/program files/microchip/xc32/v4.35/bin/bin/../../lib/gcc/pic32c/8.3.1/../../../../pic32c/lib/thumb/v6-m/nofp\libg-musl.a(strcpy.o)
 .ARM.attributes
                0x00001056       0x2e c:/program files/microchip/xc32/v4.35/bin/bin/../../lib/gcc/pic32c/8.3.1/../../../../pic32c/lib/thumb/v6-m/nofp\libg-musl.a(toupper.o)
 .ARM.attributes
                0x00001084       0x2e c:/program files/microchip/xc32/v4.35/bin/bin/../../lib/gcc/pic32c/8.3.1/../../../../pic32c/lib/thumb/v6-m/nofp\libg-musl.a(__cvt_u.o)
 .ARM.attributes
                0x000010b2       0x2e c:/program files/microchip/xc32/v4.35/bin/bin/../../lib/gcc/pic32c/8.3.1/../../../../pic32c/lib/thumb/v6-m/nofp\libg-musl.a(stpcpy.o)
 .ARM.attributes
                0x000010e0       0x2c c:/program files/microchip/xc32/v4.35/bin/bin/../../lib/gcc/pic32c/8.3.1/../../../../pic32c/lib/thumb/v6-m/nofp\libm-fast-emfloat.a(fma.o)
 .ARM.attributes
                0x0000110c       0x2c c:/program files/microchip/xc32/v4.35/bin/bin/../../lib/gcc/pic32c/8.3.1/../../../../pic32c/lib/thumb/v6-m/nofp\libm-fast-emfloat.a(floor.o)
 .ARM.attributes
                0x00001138       0x1c c:/program files/microchip/xc32/v4.35/bin/bin/../../lib/gcc/pic32c/8.3.1/../../../../pic32c/lib/thumb/v6-m/nofp\libm-fast-emfloat.a(__aeabi_dsub.o)
 .ARM.attributes
                0x00001154       0x1c c:/program files/microchip/xc32/v4.35/bin/bin/../../lib/gcc/pic32c/8.3.1/../../../../pic32c/lib/thumb/v6-m/nofp\libm-fast-emfloat.a(__aeabi_ddiv.o)
 .ARM.attributes
                0x00001170       0x1c c:/program files/microchip/xc32/v4.35/bin/bin/../../lib/gcc/pic32c/8.3.1/../../../../pic32c/lib/thumb/v6-m/nofp\libm-fast-emfloat.a(__aeabi_dcmple.o)
 .ARM.attributes
                0x0000118c       0x1c c:/program files/microchip/xc32/v4.35/bin/bin/../../lib/gcc/pic32c/8.3.1/../../../../pic32c/lib/thumb/v6-m/nofp\libm-fast-emfloat.a(__aeabi_dcmpeq.o)
 .ARM.attributes
                0x000011a8       0x1c c:/program files/microchip/xc32/v4.35/bin/bin/../../lib/gcc/pic32c/8.3.1/../../../../pic32c/lib/thumb/v6-m/nofp\libm-fast-emfloat.a(__aeabi_dcmpgt.o)
 .ARM.attributes
                0x000011c4       0x1c c:/program files/microchip/xc32/v4.35/bin/bin/../../lib/gcc/pic32c/8.3.1/../../../../pic32c/lib/thumb/v6-m/nofp\libm-fast-emfloat.a(__aeabi_dcmplt.o)
 .ARM.attributes
                0x000011e0       0x1c c:/program files/microchip/xc32/v4.35/bin/bin/../../lib/gcc/pic32c/8.3.1/../../../../pic32c/lib/thumb/v6-m/nofp\libm-fast-emfloat.a(__aeabi_d2iz.o)
 .ARM.attributes
                0x000011fc       0x1c c:/program files/microchip/xc32/v4.35/bin/bin/../../lib/gcc/pic32c/8.3.1/../../../../pic32c/lib/thumb/v6-m/nofp\libm-fast-emfloat.a(__aeabi_d2uiz.o)
 .ARM.attributes
                0x00001218       0x1e c:/program files/microchip/xc32/v4.35/bin/bin/../../lib/gcc/pic32c/8.3.1/thumb/v6-m/nofp\libgcc.a(_udivsi3.o)
 .ARM.attributes
                0x00001236       0x1e c:/program files/microchip/xc32/v4.35/bin/bin/../../lib/gcc/pic32c/8.3.1/thumb/v6-m/nofp\libgcc.a(_divsi3.o)
 .ARM.attributes
                0x00001254       0x1e c:/program files/microchip/xc32/v4.35/bin/bin/../../lib/gcc/pic32c/8.3.1/thumb/v6-m/nofp\libgcc.a(_dvmd_tls.o)
 .ARM.attributes
                0x00001272       0x1e c:/program files/microchip/xc32/v4.35/bin/bin/../../lib/gcc/pic32c/8.3.1/thumb/v6-m/nofp\libgcc.a(_aeabi_uldivmod.o)
 .ARM.attributes
                0x00001290       0x2c c:/program files/microchip/xc32/v4.35/bin/bin/../../lib/gcc/pic32c/8.3.1/thumb/v6-m/nofp\libgcc.a(_muldi3.o)
 .ARM.attributes
                0x000012bc       0x2c c:/program files/microchip/xc32/v4.35/bin/bin/../../lib/gcc/pic32c/8.3.1/thumb/v6-m/nofp\libgcc.a(_udivmoddi4.o)
 .ARM.attributes
                0x000012e8       0x1e c:/program files/microchip/xc32/v4.35/bin/bin/../../lib/gcc/pic32c/8.3.1/thumb/v6-m/nofp\libgcc.a(_lshrdi3.o)
 .ARM.attributes
                0x00001306       0x1e c:/program files/microchip/xc32/v4.35/bin/bin/../../lib/gcc/pic32c/8.3.1/thumb/v6-m/nofp\libgcc.a(_ashldi3.o)
 .ARM.attributes
                0x00001324       0x1e c:/program files/microchip/xc32/v4.35/bin/bin/../../lib/gcc/pic32c/8.3.1/thumb/v6-m/nofp\libgcc.a(_clzdi2.o)
 .ARM.attributes
                0x00001342       0x1e c:/program files/microchip/xc32/v4.35/bin/bin/../../lib/gcc/pic32c/8.3.1/thumb/v6-m/nofp\libgcc.a(_clzsi2.o)
 .ARM.attributes
                0x00001360       0x1e c:/program files/microchip/xc32/v4.35/bin/bin/../../lib/gcc/pic32c/8.3.1/thumb/v6-m/nofp/crtn.o
 .ARM.attributes
                0x0000137e       0x2c c:/program files/microchip/xc32/v4.35/bin/bin/../../lib/gcc/pic32c/8.3.1/../../../../pic32c/lib/thumb/v6-m/nofp\libpic32c.a(pic32_data_init_clear.o)
 .ARM.attributes
                0x000013aa       0x2c c:/program files/microchip/xc32/v4.35/bin/bin/../../lib/gcc/pic32c/8.3.1/../../../../pic32c/lib/thumb/v6-m/nofp\libpic32c.a(pic32_data_init_copy.o)

.comment        0x00000000       0x2b
 .comment       0x00000000       0x2b c:/program files/microchip/xc32/v4.35/bin/bin/../../lib/gcc/pic32c/8.3.1/thumb/v6-m/nofp/crtbegin.o
                                 0x2c (size before relaxing)
 .comment       0x0000002b       0x2c build/default/debug/_ext/1655452824/mac_task.o
 .comment       0x0000002b       0x2c build/default/debug/_ext/1655452824/mac_process_beacon_frame.o
 .comment       0x0000002b       0x2c build/default/debug/_ext/1655452824/mac_sync.o
 .comment       0x0000002b       0x2c build/default/debug/_ext/1655452824/mac_data_req.o
 .comment       0x0000002b       0x2c build/default/debug/_ext/1655452824/mac_dispatcher.o
 .comment       0x0000002b       0x2c build/default/debug/_ext/1655452824/mac_data_extract_mhr.o
 .comment       0x0000002b       0x2c build/default/debug/_ext/1655452824/usr_mlme_sync_loss_ind.o
 .comment       0x0000002b       0x2c build/default/debug/_ext/1655452824/mac_associate.o
 .comment       0x0000002b       0x2c build/default/debug/_ext/1655452824/mac_pib.o
 .comment       0x0000002b       0x2c build/default/debug/_ext/1655452824/mac_rx_enable.o
 .comment       0x0000002b       0x2c build/default/debug/_ext/1655452824/mac.o
 .comment       0x0000002b       0x2c build/default/debug/_ext/1655452824/mac_disassociate.o
 .comment       0x0000002b       0x2c build/default/debug/_ext/1655452824/mac_process_phy_tx_frame_status.o
 .comment       0x0000002b       0x2c build/default/debug/_ext/1655452824/mac_callback_wrapper.o
 .comment       0x0000002b       0x2c build/default/debug/_ext/1655452824/mac_api.o
 .comment       0x0000002b       0x2c build/default/debug/_ext/1655452824/mac_misc.o
 .comment       0x0000002b       0x2c build/default/debug/_ext/1655452824/mac_mcps_data.o
 .comment       0x0000002b       0x2c build/default/debug/_ext/1655452824/mac_data_ind.o
 .comment       0x0000002b       0x2c build/default/debug/_ext/1655452824/mac_scan.o
 .comment       0x0000002b       0x2c build/default/debug/_ext/1655452824/mac_poll.o
 .comment       0x0000002b       0x2c build/default/debug/_ext/745501718/pal.o
 .comment       0x0000002b       0x2c build/default/debug/_ext/559172130/phy_init.o
 .comment       0x0000002b       0x2c build/default/debug/_ext/559172130/phy_rx_enable.o
 .comment       0x0000002b       0x2c build/default/debug/_ext/559172130/phy_pwr_mgmt.o
 .comment       0x0000002b       0x2c build/default/debug/_ext/559172130/phy_tx.o
 .comment       0x0000002b       0x2c build/default/debug/_ext/559172130/phy_pib.o
 .comment       0x0000002b       0x2c build/default/debug/_ext/559172130/phy.o
 .comment       0x0000002b       0x2c build/default/debug/_ext/559172130/phy_helper.o
 .comment       0x0000002b       0x2c build/default/debug/_ext/559172130/phy_irq_handler.o
 .comment       0x0000002b       0x2c build/default/debug/_ext/559172130/phy_trx_reg_access.o
 .comment       0x0000002b       0x2c build/default/debug/_ext/559172130/phy_ed.o
 .comment       0x0000002b       0x2c build/default/debug/_ext/559172130/phy_rx.o
 .comment       0x0000002b       0x2c build/default/debug/_ext/957911548/phy_task.o
 .comment       0x0000002b       0x2c build/default/debug/_ext/957911548/phy_ed_end_cb.o
 .comment       0x0000002b       0x2c build/default/debug/_ext/1374435801/bmm.o
 .comment       0x0000002b       0x2c build/default/debug/_ext/874725666/qmm.o
 .comment       0x0000002b       0x2c build/default/debug/_ext/1529399856/osal_freertos_extend.o
 .comment       0x0000002b       0x2c build/default/debug/_ext/1529399856/osal_freertos.o
 .comment       0x0000002b       0x2c build/default/debug/_ext/1984496892/plib_clock.o
 .comment       0x0000002b       0x2c build/default/debug/_ext/60167341/plib_eic.o
 .comment       0x0000002b       0x2c build/default/debug/_ext/1865468468/plib_nvic.o
 .comment       0x0000002b       0x2c build/default/debug/_ext/1593096446/plib_nvmctrl.o
 .comment       0x0000002b       0x2c build/default/debug/_ext/1865521619/plib_port.o
 .comment       0x0000002b       0x2c build/default/debug/_ext/17022449/plib_sercom4_spi_master.o
 .comment       0x0000002b       0x2c build/default/debug/_ext/504274921/plib_sercom0_usart.o
 .comment       0x0000002b       0x2c build/default/debug/_ext/829342655/plib_tc3.o
 .comment       0x0000002b       0x2c build/default/debug/_ext/1832805299/sys_console.o
 .comment       0x0000002b       0x2c build/default/debug/_ext/1832805299/sys_console_uart.o
 .comment       0x0000002b       0x2c build/default/debug/_ext/1881668453/sys_int.o
 .comment       0x0000002b       0x2c build/default/debug/_ext/101884895/sys_time.o
 .comment       0x0000002b       0x2c build/default/debug/_ext/1171490990/exceptions.o
 .comment       0x0000002b       0x2c build/default/debug/_ext/1171490990/freertos_hooks.o
 .comment       0x0000002b       0x2c build/default/debug/_ext/1171490990/interrupts.o
 .comment       0x0000002b       0x2c build/default/debug/_ext/1171490990/startup_xc32.o
 .comment       0x0000002b       0x2c build/default/debug/_ext/1171490990/initialization.o
 .comment       0x0000002b       0x2c build/default/debug/_ext/1171490990/tasks.o
 .comment       0x0000002b       0x2c build/default/debug/_ext/1624415188/port.o
 .comment       0x0000002b       0x2c build/default/debug/_ext/1665200909/heap_4.o
 .comment       0x0000002b       0x2c build/default/debug/_ext/404212886/FreeRTOS_tasks.o
 .comment       0x0000002b       0x2c build/default/debug/_ext/404212886/timers.o
 .comment       0x0000002b       0x2c build/default/debug/_ext/404212886/queue.o
 .comment       0x0000002b       0x2c build/default/debug/_ext/404212886/list.o
 .comment       0x0000002b       0x2c build/default/debug/_ext/1360937237/app.o
 .comment       0x0000002b       0x2c build/default/debug/_ext/1360937237/main.o
 .comment       0x0000002b       0x2c build/default/debug/_ext/85617168/demo_app_rfd.o
 .comment       0x0000002b       0x2c build/default/debug/_ext/85617168/usr_mac_callbacks.o
 .comment       0x0000002b       0x2c c:/program files/microchip/xc32/v4.35/bin/bin/../../lib/gcc/pic32c/8.3.1/../../../../pic32c/lib/thumb/v6-m/nofp\libpic32c.a(data_init.o)
 .comment       0x0000002b       0x2c c:/program files/microchip/xc32/v4.35/bin/bin/../../lib/gcc/pic32c/8.3.1/../../../../pic32c/lib/thumb/v6-m/nofp\libg-musl.a(__libc_start_main.o)
 .comment       0x0000002b       0x2c c:/program files/microchip/xc32/v4.35/bin/bin/../../lib/gcc/pic32c/8.3.1/../../../../pic32c/lib/thumb/v6-m/nofp\libg-musl.a(libc.o)
 .comment       0x0000002b       0x2c c:/program files/microchip/xc32/v4.35/bin/bin/../../lib/gcc/pic32c/8.3.1/../../../../pic32c/lib/thumb/v6-m/nofp\libg-musl.a(rand.o)
 .comment       0x0000002b       0x2c c:/program files/microchip/xc32/v4.35/bin/bin/../../lib/gcc/pic32c/8.3.1/../../../../pic32c/lib/thumb/v6-m/nofp\libg-musl.a(vsnprintf.o)
 .comment       0x0000002b       0x2c c:/program files/microchip/xc32/v4.35/bin/bin/../../lib/gcc/pic32c/8.3.1/../../../../pic32c/lib/thumb/v6-m/nofp\libg-musl.a(memcpy.o)
 .comment       0x0000002b       0x2c c:/program files/microchip/xc32/v4.35/bin/bin/../../lib/gcc/pic32c/8.3.1/../../../../pic32c/lib/thumb/v6-m/nofp\libg-musl.a(memset.o)
 .comment       0x0000002b       0x2c c:/program files/microchip/xc32/v4.35/bin/bin/../../lib/gcc/pic32c/8.3.1/../../../../pic32c/lib/thumb/v6-m/nofp\libg-musl.a(strlen.o)
 .comment       0x0000002b       0x2c c:/program files/microchip/xc32/v4.35/bin/bin/../../lib/gcc/pic32c/8.3.1/../../../../pic32c/lib/thumb/v6-m/nofp\libg-musl.a(__environ.o)
 .comment       0x0000002b       0x2c c:/program files/microchip/xc32/v4.35/bin/bin/../../lib/gcc/pic32c/8.3.1/../../../../pic32c/lib/thumb/v6-m/nofp\libg-musl.a(__errno_location.o)
 .comment       0x0000002b       0x2c c:/program files/microchip/xc32/v4.35/bin/bin/../../lib/gcc/pic32c/8.3.1/../../../../pic32c/lib/thumb/v6-m/nofp\libg-musl.a(vfprintf.o)
 .comment       0x0000002b       0x2c c:/program files/microchip/xc32/v4.35/bin/bin/../../lib/gcc/pic32c/8.3.1/../../../../pic32c/lib/thumb/v6-m/nofp\libg-musl.a(__pop_float.o)
 .comment       0x0000002b       0x2c c:/program files/microchip/xc32/v4.35/bin/bin/../../lib/gcc/pic32c/8.3.1/../../../../pic32c/lib/thumb/v6-m/nofp\libg-musl.a(__pop_int.o)
 .comment       0x0000002b       0x2c c:/program files/microchip/xc32/v4.35/bin/bin/../../lib/gcc/pic32c/8.3.1/../../../../pic32c/lib/thumb/v6-m/nofp\libg-musl.a(__pop_ptr.o)
 .comment       0x0000002b       0x2c c:/program files/microchip/xc32/v4.35/bin/bin/../../lib/gcc/pic32c/8.3.1/../../../../pic32c/lib/thumb/v6-m/nofp\libg-musl.a(__printf_core.o)
 .comment       0x0000002b       0x2c c:/program files/microchip/xc32/v4.35/bin/bin/../../lib/gcc/pic32c/8.3.1/../../../../pic32c/lib/thumb/v6-m/nofp\libg-musl.a(atoi.o)
 .comment       0x0000002b       0x2c c:/program files/microchip/xc32/v4.35/bin/bin/../../lib/gcc/pic32c/8.3.1/../../../../pic32c/lib/thumb/v6-m/nofp\libg-musl.a(tolower.o)
 .comment       0x0000002b       0x2c c:/program files/microchip/xc32/v4.35/bin/bin/../../lib/gcc/pic32c/8.3.1/../../../../pic32c/lib/thumb/v6-m/nofp\libg-musl.a(__fmt_a.o)
 .comment       0x0000002b       0x2c c:/program files/microchip/xc32/v4.35/bin/bin/../../lib/gcc/pic32c/8.3.1/../../../../pic32c/lib/thumb/v6-m/nofp\libg-musl.a(__fmt_d.o)
 .comment       0x0000002b       0x2c c:/program files/microchip/xc32/v4.35/bin/bin/../../lib/gcc/pic32c/8.3.1/../../../../pic32c/lib/thumb/v6-m/nofp\libg-musl.a(__fmt_fp.o)
 .comment       0x0000002b       0x2c c:/program files/microchip/xc32/v4.35/bin/bin/../../lib/gcc/pic32c/8.3.1/../../../../pic32c/lib/thumb/v6-m/nofp\libg-musl.a(__fmt_o.o)
 .comment       0x0000002b       0x2c c:/program files/microchip/xc32/v4.35/bin/bin/../../lib/gcc/pic32c/8.3.1/../../../../pic32c/lib/thumb/v6-m/nofp\libg-musl.a(__fmt_s.o)
 .comment       0x0000002b       0x2c c:/program files/microchip/xc32/v4.35/bin/bin/../../lib/gcc/pic32c/8.3.1/../../../../pic32c/lib/thumb/v6-m/nofp\libg-musl.a(__fmt_u.o)
 .comment       0x0000002b       0x2c c:/program files/microchip/xc32/v4.35/bin/bin/../../lib/gcc/pic32c/8.3.1/../../../../pic32c/lib/thumb/v6-m/nofp\libg-musl.a(__fmt_x.o)
 .comment       0x0000002b       0x2c c:/program files/microchip/xc32/v4.35/bin/bin/../../lib/gcc/pic32c/8.3.1/../../../../pic32c/lib/thumb/v6-m/nofp\libg-musl.a(strcpy.o)
 .comment       0x0000002b       0x2c c:/program files/microchip/xc32/v4.35/bin/bin/../../lib/gcc/pic32c/8.3.1/../../../../pic32c/lib/thumb/v6-m/nofp\libg-musl.a(toupper.o)
 .comment       0x0000002b       0x2c c:/program files/microchip/xc32/v4.35/bin/bin/../../lib/gcc/pic32c/8.3.1/../../../../pic32c/lib/thumb/v6-m/nofp\libg-musl.a(__cvt_u.o)
 .comment       0x0000002b       0x2c c:/program files/microchip/xc32/v4.35/bin/bin/../../lib/gcc/pic32c/8.3.1/../../../../pic32c/lib/thumb/v6-m/nofp\libg-musl.a(stpcpy.o)
 .comment       0x0000002b       0x2c c:/program files/microchip/xc32/v4.35/bin/bin/../../lib/gcc/pic32c/8.3.1/../../../../pic32c/lib/thumb/v6-m/nofp\libm-fast-emfloat.a(fma.o)
 .comment       0x0000002b       0x2c c:/program files/microchip/xc32/v4.35/bin/bin/../../lib/gcc/pic32c/8.3.1/../../../../pic32c/lib/thumb/v6-m/nofp\libm-fast-emfloat.a(floor.o)
 .comment       0x0000002b       0x2c c:/program files/microchip/xc32/v4.35/bin/bin/../../lib/gcc/pic32c/8.3.1/thumb/v6-m/nofp\libgcc.a(_muldi3.o)
 .comment       0x0000002b       0x2c c:/program files/microchip/xc32/v4.35/bin/bin/../../lib/gcc/pic32c/8.3.1/thumb/v6-m/nofp\libgcc.a(_udivmoddi4.o)
 .comment       0x0000002b       0x2c c:/program files/microchip/xc32/v4.35/bin/bin/../../lib/gcc/pic32c/8.3.1/../../../../pic32c/lib/thumb/v6-m/nofp\libpic32c.a(pic32_data_init_clear.o)
 .comment       0x0000002b       0x2c c:/program files/microchip/xc32/v4.35/bin/bin/../../lib/gcc/pic32c/8.3.1/../../../../pic32c/lib/thumb/v6-m/nofp\libpic32c.a(pic32_data_init_copy.o)

.debug_info     0x00000000    0x52997
 .debug_info    0x00000000      0x6ef build/default/debug/_ext/1655452824/mac_task.o
 .debug_info    0x000006ef     0x1702 build/default/debug/_ext/1655452824/mac_process_beacon_frame.o
 .debug_info    0x00001df1     0x197a build/default/debug/_ext/1655452824/mac_sync.o
 .debug_info    0x0000376b      0xf97 build/default/debug/_ext/1655452824/mac_data_req.o
 .debug_info    0x00004702      0x7d8 build/default/debug/_ext/1655452824/mac_dispatcher.o
 .debug_info    0x00004eda      0xb39 build/default/debug/_ext/1655452824/mac_data_extract_mhr.o
 .debug_info    0x00005a13      0x3ae build/default/debug/_ext/1655452824/usr_mlme_sync_loss_ind.o
 .debug_info    0x00005dc1     0x23e6 build/default/debug/_ext/1655452824/mac_associate.o
 .debug_info    0x000081a7     0x1b15 build/default/debug/_ext/1655452824/mac_pib.o
 .debug_info    0x00009cbc     0x158c build/default/debug/_ext/1655452824/mac_rx_enable.o
 .debug_info    0x0000b248     0x16fe build/default/debug/_ext/1655452824/mac.o
 .debug_info    0x0000c946     0x201e build/default/debug/_ext/1655452824/mac_disassociate.o
 .debug_info    0x0000e964     0x17ee build/default/debug/_ext/1655452824/mac_process_phy_tx_frame_status.o
 .debug_info    0x00010152     0x181b build/default/debug/_ext/1655452824/mac_callback_wrapper.o
 .debug_info    0x0001196d     0x1b41 build/default/debug/_ext/1655452824/mac_api.o
 .debug_info    0x000134ae     0x1c0f build/default/debug/_ext/1655452824/mac_misc.o
 .debug_info    0x000150bd     0x2272 build/default/debug/_ext/1655452824/mac_mcps_data.o
 .debug_info    0x0001732f     0x221b build/default/debug/_ext/1655452824/mac_data_ind.o
 .debug_info    0x0001954a     0x2a93 build/default/debug/_ext/1655452824/mac_scan.o
 .debug_info    0x0001bfdd     0x1611 build/default/debug/_ext/1655452824/mac_poll.o
 .debug_info    0x0001d5ee      0xee4 build/default/debug/_ext/745501718/pal.o
 .debug_info    0x0001e4d2     0x1aff build/default/debug/_ext/559172130/phy_init.o
 .debug_info    0x0001ffd1      0xa2c build/default/debug/_ext/559172130/phy_rx_enable.o
 .debug_info    0x000209fd      0xcec build/default/debug/_ext/559172130/phy_pwr_mgmt.o
 .debug_info    0x000216e9     0x15a9 build/default/debug/_ext/559172130/phy_tx.o
 .debug_info    0x00022c92     0x1323 build/default/debug/_ext/559172130/phy_pib.o
 .debug_info    0x00023fb5     0x19b7 build/default/debug/_ext/559172130/phy.o
 .debug_info    0x0002596c     0x1bb6 build/default/debug/_ext/559172130/phy_helper.o
 .debug_info    0x00027522      0x9ca build/default/debug/_ext/559172130/phy_irq_handler.o
 .debug_info    0x00027eec      0xc30 build/default/debug/_ext/559172130/phy_trx_reg_access.o
 .debug_info    0x00028b1c      0xd5c build/default/debug/_ext/559172130/phy_ed.o
 .debug_info    0x00029878      0xc9b build/default/debug/_ext/559172130/phy_rx.o
 .debug_info    0x0002a513      0x603 build/default/debug/_ext/957911548/phy_task.o
 .debug_info    0x0002ab16      0x340 build/default/debug/_ext/957911548/phy_ed_end_cb.o
 .debug_info    0x0002ae56      0x726 build/default/debug/_ext/1374435801/bmm.o
 .debug_info    0x0002b57c      0x835 build/default/debug/_ext/874725666/qmm.o
 .debug_info    0x0002bdb1      0x8fc build/default/debug/_ext/1529399856/osal_freertos_extend.o
 .debug_info    0x0002c6ad      0xbc3 build/default/debug/_ext/1529399856/osal_freertos.o
 .debug_info    0x0002d270      0xa0b build/default/debug/_ext/1984496892/plib_clock.o
 .debug_info    0x0002dc7b      0x6ba build/default/debug/_ext/60167341/plib_eic.o
 .debug_info    0x0002e335      0xae4 build/default/debug/_ext/1865468468/plib_nvic.o
 .debug_info    0x0002ee19      0x9cc build/default/debug/_ext/1593096446/plib_nvmctrl.o
 .debug_info    0x0002f7e5      0xcc5 build/default/debug/_ext/1865521619/plib_port.o
 .debug_info    0x000304aa     0x14b1 build/default/debug/_ext/17022449/plib_sercom4_spi_master.o
 .debug_info    0x0003195b     0x2158 build/default/debug/_ext/504274921/plib_sercom0_usart.o
 .debug_info    0x00033ab3      0xbcb build/default/debug/_ext/829342655/plib_tc3.o
 .debug_info    0x0003467e     0x1433 build/default/debug/_ext/1832805299/sys_console.o
 .debug_info    0x00035ab1     0x13f7 build/default/debug/_ext/1832805299/sys_console_uart.o
 .debug_info    0x00036ea8      0x971 build/default/debug/_ext/1881668453/sys_int.o
 .debug_info    0x00037819     0x2707 build/default/debug/_ext/101884895/sys_time.o
 .debug_info    0x00039f20      0x333 build/default/debug/_ext/1171490990/exceptions.o
 .debug_info    0x0003a253      0x48d build/default/debug/_ext/1171490990/freertos_hooks.o
 .debug_info    0x0003a6e0      0x847 build/default/debug/_ext/1171490990/interrupts.o
 .debug_info    0x0003af27      0x494 build/default/debug/_ext/1171490990/startup_xc32.o
 .debug_info    0x0003b3bb     0x1b6d build/default/debug/_ext/1171490990/initialization.o
 .debug_info    0x0003cf28      0x59b build/default/debug/_ext/1171490990/tasks.o
 .debug_info    0x0003d4c3      0x6e6 build/default/debug/_ext/1624415188/port.o
 .debug_info    0x0003dba9      0xa3b build/default/debug/_ext/1665200909/heap_4.o
 .debug_info    0x0003e5e4     0x3073 build/default/debug/_ext/404212886/FreeRTOS_tasks.o
 .debug_info    0x00041657     0x17d0 build/default/debug/_ext/404212886/timers.o
 .debug_info    0x00042e27     0x2570 build/default/debug/_ext/404212886/queue.o
 .debug_info    0x00045397      0x629 build/default/debug/_ext/404212886/list.o
 .debug_info    0x000459c0      0x568 build/default/debug/_ext/1360937237/app.o
 .debug_info    0x00045f28      0x328 build/default/debug/_ext/1360937237/main.o
 .debug_info    0x00046250     0x1e93 build/default/debug/_ext/85617168/demo_app_rfd.o
 .debug_info    0x000480e3     0x13c8 build/default/debug/_ext/85617168/usr_mac_callbacks.o
 .debug_info    0x000494ab      0x2b9 c:/program files/microchip/xc32/v4.35/bin/bin/../../lib/gcc/pic32c/8.3.1/../../../../pic32c/lib/thumb/v6-m/nofp\libpic32c.a(data_init.o)
 .debug_info    0x00049764      0x616 c:/program files/microchip/xc32/v4.35/bin/bin/../../lib/gcc/pic32c/8.3.1/../../../../pic32c/lib/thumb/v6-m/nofp\libg-musl.a(__libc_start_main.o)
 .debug_info    0x00049d7a      0x528 c:/program files/microchip/xc32/v4.35/bin/bin/../../lib/gcc/pic32c/8.3.1/../../../../pic32c/lib/thumb/v6-m/nofp\libg-musl.a(libc.o)
 .debug_info    0x0004a2a2      0x31f c:/program files/microchip/xc32/v4.35/bin/bin/../../lib/gcc/pic32c/8.3.1/../../../../pic32c/lib/thumb/v6-m/nofp\libg-musl.a(rand.o)
 .debug_info    0x0004a5c1      0x6f4 c:/program files/microchip/xc32/v4.35/bin/bin/../../lib/gcc/pic32c/8.3.1/../../../../pic32c/lib/thumb/v6-m/nofp\libg-musl.a(vsnprintf.o)
 .debug_info    0x0004acb5      0x2e8 c:/program files/microchip/xc32/v4.35/bin/bin/../../lib/gcc/pic32c/8.3.1/../../../../pic32c/lib/thumb/v6-m/nofp\libg-musl.a(memcpy.o)
 .debug_info    0x0004af9d      0x2b2 c:/program files/microchip/xc32/v4.35/bin/bin/../../lib/gcc/pic32c/8.3.1/../../../../pic32c/lib/thumb/v6-m/nofp\libg-musl.a(memset.o)
 .debug_info    0x0004b24f      0x29d c:/program files/microchip/xc32/v4.35/bin/bin/../../lib/gcc/pic32c/8.3.1/../../../../pic32c/lib/thumb/v6-m/nofp\libg-musl.a(strlen.o)
 .debug_info    0x0004b4ec      0x2a2 c:/program files/microchip/xc32/v4.35/bin/bin/../../lib/gcc/pic32c/8.3.1/../../../../pic32c/lib/thumb/v6-m/nofp\libg-musl.a(__environ.o)
 .debug_info    0x0004b78e      0x266 c:/program files/microchip/xc32/v4.35/bin/bin/../../lib/gcc/pic32c/8.3.1/../../../../pic32c/lib/thumb/v6-m/nofp\libg-musl.a(__errno_location.o)
 .debug_info    0x0004b9f4      0x6bd c:/program files/microchip/xc32/v4.35/bin/bin/../../lib/gcc/pic32c/8.3.1/../../../../pic32c/lib/thumb/v6-m/nofp\libg-musl.a(vfprintf.o)
 .debug_info    0x0004c0b1      0x3d0 c:/program files/microchip/xc32/v4.35/bin/bin/../../lib/gcc/pic32c/8.3.1/../../../../pic32c/lib/thumb/v6-m/nofp\libg-musl.a(__pop_float.o)
 .debug_info    0x0004c481      0x3f4 c:/program files/microchip/xc32/v4.35/bin/bin/../../lib/gcc/pic32c/8.3.1/../../../../pic32c/lib/thumb/v6-m/nofp\libg-musl.a(__pop_int.o)
 .debug_info    0x0004c875      0x400 c:/program files/microchip/xc32/v4.35/bin/bin/../../lib/gcc/pic32c/8.3.1/../../../../pic32c/lib/thumb/v6-m/nofp\libg-musl.a(__pop_ptr.o)
 .debug_info    0x0004cc75      0xd73 c:/program files/microchip/xc32/v4.35/bin/bin/../../lib/gcc/pic32c/8.3.1/../../../../pic32c/lib/thumb/v6-m/nofp\libg-musl.a(__printf_core.o)
 .debug_info    0x0004d9e8      0x2ee c:/program files/microchip/xc32/v4.35/bin/bin/../../lib/gcc/pic32c/8.3.1/../../../../pic32c/lib/thumb/v6-m/nofp\libg-musl.a(atoi.o)
 .debug_info    0x0004dcd6      0x34c c:/program files/microchip/xc32/v4.35/bin/bin/../../lib/gcc/pic32c/8.3.1/../../../../pic32c/lib/thumb/v6-m/nofp\libg-musl.a(tolower.o)
 .debug_info    0x0004e022      0x8b8 c:/program files/microchip/xc32/v4.35/bin/bin/../../lib/gcc/pic32c/8.3.1/../../../../pic32c/lib/thumb/v6-m/nofp\libg-musl.a(__fmt_a.o)
 .debug_info    0x0004e8da      0x5b5 c:/program files/microchip/xc32/v4.35/bin/bin/../../lib/gcc/pic32c/8.3.1/../../../../pic32c/lib/thumb/v6-m/nofp\libg-musl.a(__fmt_d.o)
 .debug_info    0x0004ee8f      0x93f c:/program files/microchip/xc32/v4.35/bin/bin/../../lib/gcc/pic32c/8.3.1/../../../../pic32c/lib/thumb/v6-m/nofp\libg-musl.a(__fmt_fp.o)
 .debug_info    0x0004f7ce      0x586 c:/program files/microchip/xc32/v4.35/bin/bin/../../lib/gcc/pic32c/8.3.1/../../../../pic32c/lib/thumb/v6-m/nofp\libg-musl.a(__fmt_o.o)
 .debug_info    0x0004fd54      0x571 c:/program files/microchip/xc32/v4.35/bin/bin/../../lib/gcc/pic32c/8.3.1/../../../../pic32c/lib/thumb/v6-m/nofp\libg-musl.a(__fmt_s.o)
 .debug_info    0x000502c5      0x586 c:/program files/microchip/xc32/v4.35/bin/bin/../../lib/gcc/pic32c/8.3.1/../../../../pic32c/lib/thumb/v6-m/nofp\libg-musl.a(__fmt_u.o)
 .debug_info    0x0005084b      0x5ba c:/program files/microchip/xc32/v4.35/bin/bin/../../lib/gcc/pic32c/8.3.1/../../../../pic32c/lib/thumb/v6-m/nofp\libg-musl.a(__fmt_x.o)
 .debug_info    0x00050e05      0x2a7 c:/program files/microchip/xc32/v4.35/bin/bin/../../lib/gcc/pic32c/8.3.1/../../../../pic32c/lib/thumb/v6-m/nofp\libg-musl.a(strcpy.o)
 .debug_info    0x000510ac      0x34c c:/program files/microchip/xc32/v4.35/bin/bin/../../lib/gcc/pic32c/8.3.1/../../../../pic32c/lib/thumb/v6-m/nofp\libg-musl.a(toupper.o)
 .debug_info    0x000513f8      0x42c c:/program files/microchip/xc32/v4.35/bin/bin/../../lib/gcc/pic32c/8.3.1/../../../../pic32c/lib/thumb/v6-m/nofp\libg-musl.a(__cvt_u.o)
 .debug_info    0x00051824      0x2af c:/program files/microchip/xc32/v4.35/bin/bin/../../lib/gcc/pic32c/8.3.1/../../../../pic32c/lib/thumb/v6-m/nofp\libg-musl.a(stpcpy.o)
 .debug_info    0x00051ad3       0x26 c:/program files/microchip/xc32/v4.35/bin/bin/../../lib/gcc/pic32c/8.3.1/thumb/v6-m/nofp\libgcc.a(_udivsi3.o)
 .debug_info    0x00051af9       0x26 c:/program files/microchip/xc32/v4.35/bin/bin/../../lib/gcc/pic32c/8.3.1/thumb/v6-m/nofp\libgcc.a(_divsi3.o)
 .debug_info    0x00051b1f       0x26 c:/program files/microchip/xc32/v4.35/bin/bin/../../lib/gcc/pic32c/8.3.1/thumb/v6-m/nofp\libgcc.a(_dvmd_tls.o)
 .debug_info    0x00051b45       0x26 c:/program files/microchip/xc32/v4.35/bin/bin/../../lib/gcc/pic32c/8.3.1/thumb/v6-m/nofp\libgcc.a(_aeabi_uldivmod.o)
 .debug_info    0x00051b6b      0x492 c:/program files/microchip/xc32/v4.35/bin/bin/../../lib/gcc/pic32c/8.3.1/thumb/v6-m/nofp\libgcc.a(_muldi3.o)
 .debug_info    0x00051ffd      0x3df c:/program files/microchip/xc32/v4.35/bin/bin/../../lib/gcc/pic32c/8.3.1/thumb/v6-m/nofp\libgcc.a(_udivmoddi4.o)
 .debug_info    0x000523dc       0x26 c:/program files/microchip/xc32/v4.35/bin/bin/../../lib/gcc/pic32c/8.3.1/thumb/v6-m/nofp\libgcc.a(_lshrdi3.o)
 .debug_info    0x00052402       0x26 c:/program files/microchip/xc32/v4.35/bin/bin/../../lib/gcc/pic32c/8.3.1/thumb/v6-m/nofp\libgcc.a(_ashldi3.o)
 .debug_info    0x00052428       0x26 c:/program files/microchip/xc32/v4.35/bin/bin/../../lib/gcc/pic32c/8.3.1/thumb/v6-m/nofp\libgcc.a(_clzdi2.o)
 .debug_info    0x0005244e       0x26 c:/program files/microchip/xc32/v4.35/bin/bin/../../lib/gcc/pic32c/8.3.1/thumb/v6-m/nofp\libgcc.a(_clzsi2.o)
 .debug_info    0x00052474      0x292 c:/program files/microchip/xc32/v4.35/bin/bin/../../lib/gcc/pic32c/8.3.1/../../../../pic32c/lib/thumb/v6-m/nofp\libpic32c.a(pic32_data_init_clear.o)
 .debug_info    0x00052706      0x291 c:/program files/microchip/xc32/v4.35/bin/bin/../../lib/gcc/pic32c/8.3.1/../../../../pic32c/lib/thumb/v6-m/nofp\libpic32c.a(pic32_data_init_copy.o)

.debug_abbrev   0x00000000     0xb1cd
 .debug_abbrev  0x00000000      0x13c build/default/debug/_ext/1655452824/mac_task.o
 .debug_abbrev  0x0000013c      0x21b build/default/debug/_ext/1655452824/mac_process_beacon_frame.o
 .debug_abbrev  0x00000357      0x1bf build/default/debug/_ext/1655452824/mac_sync.o
 .debug_abbrev  0x00000516      0x213 build/default/debug/_ext/1655452824/mac_data_req.o
 .debug_abbrev  0x00000729      0x14a build/default/debug/_ext/1655452824/mac_dispatcher.o
 .debug_abbrev  0x00000873      0x1e2 build/default/debug/_ext/1655452824/mac_data_extract_mhr.o
 .debug_abbrev  0x00000a55       0x6d build/default/debug/_ext/1655452824/usr_mlme_sync_loss_ind.o
 .debug_abbrev  0x00000ac2      0x2e5 build/default/debug/_ext/1655452824/mac_associate.o
 .debug_abbrev  0x00000da7      0x341 build/default/debug/_ext/1655452824/mac_pib.o
 .debug_abbrev  0x000010e8      0x2a6 build/default/debug/_ext/1655452824/mac_rx_enable.o
 .debug_abbrev  0x0000138e      0x200 build/default/debug/_ext/1655452824/mac.o
 .debug_abbrev  0x0000158e      0x363 build/default/debug/_ext/1655452824/mac_disassociate.o
 .debug_abbrev  0x000018f1      0x262 build/default/debug/_ext/1655452824/mac_process_phy_tx_frame_status.o
 .debug_abbrev  0x00001b53      0x204 build/default/debug/_ext/1655452824/mac_callback_wrapper.o
 .debug_abbrev  0x00001d57      0x258 build/default/debug/_ext/1655452824/mac_api.o
 .debug_abbrev  0x00001faf      0x351 build/default/debug/_ext/1655452824/mac_misc.o
 .debug_abbrev  0x00002300      0x33f build/default/debug/_ext/1655452824/mac_mcps_data.o
 .debug_abbrev  0x0000263f      0x38e build/default/debug/_ext/1655452824/mac_data_ind.o
 .debug_abbrev  0x000029cd      0x385 build/default/debug/_ext/1655452824/mac_scan.o
 .debug_abbrev  0x00002d52      0x22a build/default/debug/_ext/1655452824/mac_poll.o
 .debug_abbrev  0x00002f7c      0x3a5 build/default/debug/_ext/745501718/pal.o
 .debug_abbrev  0x00003321      0x38d build/default/debug/_ext/559172130/phy_init.o
 .debug_abbrev  0x000036ae      0x162 build/default/debug/_ext/559172130/phy_rx_enable.o
 .debug_abbrev  0x00003810      0x1c0 build/default/debug/_ext/559172130/phy_pwr_mgmt.o
 .debug_abbrev  0x000039d0      0x2a4 build/default/debug/_ext/559172130/phy_tx.o
 .debug_abbrev  0x00003c74      0x34f build/default/debug/_ext/559172130/phy_pib.o
 .debug_abbrev  0x00003fc3      0x371 build/default/debug/_ext/559172130/phy.o
 .debug_abbrev  0x00004334      0x347 build/default/debug/_ext/559172130/phy_helper.o
 .debug_abbrev  0x0000467b      0x16b build/default/debug/_ext/559172130/phy_irq_handler.o
 .debug_abbrev  0x000047e6      0x191 build/default/debug/_ext/559172130/phy_trx_reg_access.o
 .debug_abbrev  0x00004977      0x1c9 build/default/debug/_ext/559172130/phy_ed.o
 .debug_abbrev  0x00004b40      0x231 build/default/debug/_ext/559172130/phy_rx.o
 .debug_abbrev  0x00004d71      0x12a build/default/debug/_ext/957911548/phy_task.o
 .debug_abbrev  0x00004e9b       0x5e build/default/debug/_ext/957911548/phy_ed_end_cb.o
 .debug_abbrev  0x00004ef9      0x190 build/default/debug/_ext/1374435801/bmm.o
 .debug_abbrev  0x00005089      0x2b4 build/default/debug/_ext/874725666/qmm.o
 .debug_abbrev  0x0000533d      0x189 build/default/debug/_ext/1529399856/osal_freertos_extend.o
 .debug_abbrev  0x000054c6      0x1f9 build/default/debug/_ext/1529399856/osal_freertos.o
 .debug_abbrev  0x000056bf      0x13e build/default/debug/_ext/1984496892/plib_clock.o
 .debug_abbrev  0x000057fd      0x1cb build/default/debug/_ext/60167341/plib_eic.o
 .debug_abbrev  0x000059c8      0x1fd build/default/debug/_ext/1865468468/plib_nvic.o
 .debug_abbrev  0x00005bc5      0x1af build/default/debug/_ext/1593096446/plib_nvmctrl.o
 .debug_abbrev  0x00005d74      0x1d6 build/default/debug/_ext/1865521619/plib_port.o
 .debug_abbrev  0x00005f4a      0x2b2 build/default/debug/_ext/17022449/plib_sercom4_spi_master.o
 .debug_abbrev  0x000061fc      0x471 build/default/debug/_ext/504274921/plib_sercom0_usart.o
 .debug_abbrev  0x0000666d      0x1e9 build/default/debug/_ext/829342655/plib_tc3.o
 .debug_abbrev  0x00006856      0x382 build/default/debug/_ext/1832805299/sys_console.o
 .debug_abbrev  0x00006bd8      0x338 build/default/debug/_ext/1832805299/sys_console_uart.o
 .debug_abbrev  0x00006f10      0x246 build/default/debug/_ext/1881668453/sys_int.o
 .debug_abbrev  0x00007156      0x516 build/default/debug/_ext/101884895/sys_time.o
 .debug_abbrev  0x0000766c       0x3e build/default/debug/_ext/1171490990/exceptions.o
 .debug_abbrev  0x000076aa       0xf7 build/default/debug/_ext/1171490990/freertos_hooks.o
 .debug_abbrev  0x000077a1       0xb5 build/default/debug/_ext/1171490990/interrupts.o
 .debug_abbrev  0x00007856      0x110 build/default/debug/_ext/1171490990/startup_xc32.o
 .debug_abbrev  0x00007966      0x283 build/default/debug/_ext/1171490990/initialization.o
 .debug_abbrev  0x00007be9      0x133 build/default/debug/_ext/1171490990/tasks.o
 .debug_abbrev  0x00007d1c      0x1cf build/default/debug/_ext/1624415188/port.o
 .debug_abbrev  0x00007eeb      0x261 build/default/debug/_ext/1665200909/heap_4.o
 .debug_abbrev  0x0000814c      0x418 build/default/debug/_ext/404212886/FreeRTOS_tasks.o
 .debug_abbrev  0x00008564      0x3a7 build/default/debug/_ext/404212886/timers.o
 .debug_abbrev  0x0000890b      0x336 build/default/debug/_ext/404212886/queue.o
 .debug_abbrev  0x00008c41      0x15e build/default/debug/_ext/404212886/list.o
 .debug_abbrev  0x00008d9f      0x184 build/default/debug/_ext/1360937237/app.o
 .debug_abbrev  0x00008f23       0x77 build/default/debug/_ext/1360937237/main.o
 .debug_abbrev  0x00008f9a      0x39e build/default/debug/_ext/85617168/demo_app_rfd.o
 .debug_abbrev  0x00009338      0x282 build/default/debug/_ext/85617168/usr_mac_callbacks.o
 .debug_abbrev  0x000095ba       0x44 c:/program files/microchip/xc32/v4.35/bin/bin/../../lib/gcc/pic32c/8.3.1/../../../../pic32c/lib/thumb/v6-m/nofp\libpic32c.a(data_init.o)
 .debug_abbrev  0x000095fe      0x117 c:/program files/microchip/xc32/v4.35/bin/bin/../../lib/gcc/pic32c/8.3.1/../../../../pic32c/lib/thumb/v6-m/nofp\libg-musl.a(__libc_start_main.o)
 .debug_abbrev  0x00009715       0xb8 c:/program files/microchip/xc32/v4.35/bin/bin/../../lib/gcc/pic32c/8.3.1/../../../../pic32c/lib/thumb/v6-m/nofp\libg-musl.a(libc.o)
 .debug_abbrev  0x000097cd       0x8b c:/program files/microchip/xc32/v4.35/bin/bin/../../lib/gcc/pic32c/8.3.1/../../../../pic32c/lib/thumb/v6-m/nofp\libg-musl.a(rand.o)
 .debug_abbrev  0x00009858      0x168 c:/program files/microchip/xc32/v4.35/bin/bin/../../lib/gcc/pic32c/8.3.1/../../../../pic32c/lib/thumb/v6-m/nofp\libg-musl.a(vsnprintf.o)
 .debug_abbrev  0x000099c0       0x9c c:/program files/microchip/xc32/v4.35/bin/bin/../../lib/gcc/pic32c/8.3.1/../../../../pic32c/lib/thumb/v6-m/nofp\libg-musl.a(memcpy.o)
 .debug_abbrev  0x00009a5c       0x97 c:/program files/microchip/xc32/v4.35/bin/bin/../../lib/gcc/pic32c/8.3.1/../../../../pic32c/lib/thumb/v6-m/nofp\libg-musl.a(memset.o)
 .debug_abbrev  0x00009af3       0x86 c:/program files/microchip/xc32/v4.35/bin/bin/../../lib/gcc/pic32c/8.3.1/../../../../pic32c/lib/thumb/v6-m/nofp\libg-musl.a(strlen.o)
 .debug_abbrev  0x00009b79       0x57 c:/program files/microchip/xc32/v4.35/bin/bin/../../lib/gcc/pic32c/8.3.1/../../../../pic32c/lib/thumb/v6-m/nofp\libg-musl.a(__environ.o)
 .debug_abbrev  0x00009bd0       0x2e c:/program files/microchip/xc32/v4.35/bin/bin/../../lib/gcc/pic32c/8.3.1/../../../../pic32c/lib/thumb/v6-m/nofp\libg-musl.a(__errno_location.o)
 .debug_abbrev  0x00009bfe      0x16f c:/program files/microchip/xc32/v4.35/bin/bin/../../lib/gcc/pic32c/8.3.1/../../../../pic32c/lib/thumb/v6-m/nofp\libg-musl.a(vfprintf.o)
 .debug_abbrev  0x00009d6d       0xbd c:/program files/microchip/xc32/v4.35/bin/bin/../../lib/gcc/pic32c/8.3.1/../../../../pic32c/lib/thumb/v6-m/nofp\libg-musl.a(__pop_float.o)
 .debug_abbrev  0x00009e2a       0xbd c:/program files/microchip/xc32/v4.35/bin/bin/../../lib/gcc/pic32c/8.3.1/../../../../pic32c/lib/thumb/v6-m/nofp\libg-musl.a(__pop_int.o)
 .debug_abbrev  0x00009ee7       0xbd c:/program files/microchip/xc32/v4.35/bin/bin/../../lib/gcc/pic32c/8.3.1/../../../../pic32c/lib/thumb/v6-m/nofp\libg-musl.a(__pop_ptr.o)
 .debug_abbrev  0x00009fa4      0x2be c:/program files/microchip/xc32/v4.35/bin/bin/../../lib/gcc/pic32c/8.3.1/../../../../pic32c/lib/thumb/v6-m/nofp\libg-musl.a(__printf_core.o)
 .debug_abbrev  0x0000a262       0xbb c:/program files/microchip/xc32/v4.35/bin/bin/../../lib/gcc/pic32c/8.3.1/../../../../pic32c/lib/thumb/v6-m/nofp\libg-musl.a(atoi.o)
 .debug_abbrev  0x0000a31d       0xe9 c:/program files/microchip/xc32/v4.35/bin/bin/../../lib/gcc/pic32c/8.3.1/../../../../pic32c/lib/thumb/v6-m/nofp\libg-musl.a(tolower.o)
 .debug_abbrev  0x0000a406      0x194 c:/program files/microchip/xc32/v4.35/bin/bin/../../lib/gcc/pic32c/8.3.1/../../../../pic32c/lib/thumb/v6-m/nofp\libg-musl.a(__fmt_a.o)
 .debug_abbrev  0x0000a59a      0x120 c:/program files/microchip/xc32/v4.35/bin/bin/../../lib/gcc/pic32c/8.3.1/../../../../pic32c/lib/thumb/v6-m/nofp\libg-musl.a(__fmt_d.o)
 .debug_abbrev  0x0000a6ba      0x1a2 c:/program files/microchip/xc32/v4.35/bin/bin/../../lib/gcc/pic32c/8.3.1/../../../../pic32c/lib/thumb/v6-m/nofp\libg-musl.a(__fmt_fp.o)
 .debug_abbrev  0x0000a85c      0x120 c:/program files/microchip/xc32/v4.35/bin/bin/../../lib/gcc/pic32c/8.3.1/../../../../pic32c/lib/thumb/v6-m/nofp\libg-musl.a(__fmt_o.o)
 .debug_abbrev  0x0000a97c      0x11d c:/program files/microchip/xc32/v4.35/bin/bin/../../lib/gcc/pic32c/8.3.1/../../../../pic32c/lib/thumb/v6-m/nofp\libg-musl.a(__fmt_s.o)
 .debug_abbrev  0x0000aa99      0x120 c:/program files/microchip/xc32/v4.35/bin/bin/../../lib/gcc/pic32c/8.3.1/../../../../pic32c/lib/thumb/v6-m/nofp\libg-musl.a(__fmt_u.o)
 .debug_abbrev  0x0000abb9      0x10f c:/program files/microchip/xc32/v4.35/bin/bin/../../lib/gcc/pic32c/8.3.1/../../../../pic32c/lib/thumb/v6-m/nofp\libg-musl.a(__fmt_x.o)
 .debug_abbrev  0x0000acc8       0x8e c:/program files/microchip/xc32/v4.35/bin/bin/../../lib/gcc/pic32c/8.3.1/../../../../pic32c/lib/thumb/v6-m/nofp\libg-musl.a(strcpy.o)
 .debug_abbrev  0x0000ad56       0xe9 c:/program files/microchip/xc32/v4.35/bin/bin/../../lib/gcc/pic32c/8.3.1/../../../../pic32c/lib/thumb/v6-m/nofp\libg-musl.a(toupper.o)
 .debug_abbrev  0x0000ae3f       0xb2 c:/program files/microchip/xc32/v4.35/bin/bin/../../lib/gcc/pic32c/8.3.1/../../../../pic32c/lib/thumb/v6-m/nofp\libg-musl.a(__cvt_u.o)
 .debug_abbrev  0x0000aef1       0x63 c:/program files/microchip/xc32/v4.35/bin/bin/../../lib/gcc/pic32c/8.3.1/../../../../pic32c/lib/thumb/v6-m/nofp\libg-musl.a(stpcpy.o)
 .debug_abbrev  0x0000af54       0x14 c:/program files/microchip/xc32/v4.35/bin/bin/../../lib/gcc/pic32c/8.3.1/thumb/v6-m/nofp\libgcc.a(_udivsi3.o)
 .debug_abbrev  0x0000af68       0x14 c:/program files/microchip/xc32/v4.35/bin/bin/../../lib/gcc/pic32c/8.3.1/thumb/v6-m/nofp\libgcc.a(_divsi3.o)
 .debug_abbrev  0x0000af7c       0x14 c:/program files/microchip/xc32/v4.35/bin/bin/../../lib/gcc/pic32c/8.3.1/thumb/v6-m/nofp\libgcc.a(_dvmd_tls.o)
 .debug_abbrev  0x0000af90       0x14 c:/program files/microchip/xc32/v4.35/bin/bin/../../lib/gcc/pic32c/8.3.1/thumb/v6-m/nofp\libgcc.a(_aeabi_uldivmod.o)
 .debug_abbrev  0x0000afa4       0xef c:/program files/microchip/xc32/v4.35/bin/bin/../../lib/gcc/pic32c/8.3.1/thumb/v6-m/nofp\libgcc.a(_muldi3.o)
 .debug_abbrev  0x0000b093       0x8e c:/program files/microchip/xc32/v4.35/bin/bin/../../lib/gcc/pic32c/8.3.1/thumb/v6-m/nofp\libgcc.a(_udivmoddi4.o)
 .debug_abbrev  0x0000b121       0x14 c:/program files/microchip/xc32/v4.35/bin/bin/../../lib/gcc/pic32c/8.3.1/thumb/v6-m/nofp\libgcc.a(_lshrdi3.o)
 .debug_abbrev  0x0000b135       0x14 c:/program files/microchip/xc32/v4.35/bin/bin/../../lib/gcc/pic32c/8.3.1/thumb/v6-m/nofp\libgcc.a(_ashldi3.o)
 .debug_abbrev  0x0000b149       0x14 c:/program files/microchip/xc32/v4.35/bin/bin/../../lib/gcc/pic32c/8.3.1/thumb/v6-m/nofp\libgcc.a(_clzdi2.o)
 .debug_abbrev  0x0000b15d       0x14 c:/program files/microchip/xc32/v4.35/bin/bin/../../lib/gcc/pic32c/8.3.1/thumb/v6-m/nofp\libgcc.a(_clzsi2.o)
 .debug_abbrev  0x0000b171       0x2e c:/program files/microchip/xc32/v4.35/bin/bin/../../lib/gcc/pic32c/8.3.1/../../../../pic32c/lib/thumb/v6-m/nofp\libpic32c.a(pic32_data_init_clear.o)
 .debug_abbrev  0x0000b19f       0x2e c:/program files/microchip/xc32/v4.35/bin/bin/../../lib/gcc/pic32c/8.3.1/../../../../pic32c/lib/thumb/v6-m/nofp\libpic32c.a(pic32_data_init_copy.o)

.debug_loc      0x00000000    0x1ae2b
 .debug_loc     0x00000000       0x7a build/default/debug/_ext/1655452824/mac_task.o
 .debug_loc     0x0000007a      0x217 build/default/debug/_ext/1655452824/mac_process_beacon_frame.o
 .debug_loc     0x00000291      0x132 build/default/debug/_ext/1655452824/mac_sync.o
 .debug_loc     0x000003c3      0x6f6 build/default/debug/_ext/1655452824/mac_data_req.o
 .debug_loc     0x00000ab9       0xa8 build/default/debug/_ext/1655452824/mac_dispatcher.o
 .debug_loc     0x00000b61      0x33d build/default/debug/_ext/1655452824/mac_data_extract_mhr.o
 .debug_loc     0x00000e9e       0x94 build/default/debug/_ext/1655452824/usr_mlme_sync_loss_ind.o
 .debug_loc     0x00000f32      0x7ee build/default/debug/_ext/1655452824/mac_associate.o
 .debug_loc     0x00001720      0xd11 build/default/debug/_ext/1655452824/mac_pib.o
 .debug_loc     0x00002431      0x28a build/default/debug/_ext/1655452824/mac_rx_enable.o
 .debug_loc     0x000026bb      0x19e build/default/debug/_ext/1655452824/mac.o
 .debug_loc     0x00002859      0x793 build/default/debug/_ext/1655452824/mac_disassociate.o
 .debug_loc     0x00002fec      0x38c build/default/debug/_ext/1655452824/mac_process_phy_tx_frame_status.o
 .debug_loc     0x00003378      0x5b6 build/default/debug/_ext/1655452824/mac_callback_wrapper.o
 .debug_loc     0x0000392e      0xaf6 build/default/debug/_ext/1655452824/mac_api.o
 .debug_loc     0x00004424      0x2e0 build/default/debug/_ext/1655452824/mac_misc.o
 .debug_loc     0x00004704      0x8b9 build/default/debug/_ext/1655452824/mac_mcps_data.o
 .debug_loc     0x00004fbd      0x8e0 build/default/debug/_ext/1655452824/mac_data_ind.o
 .debug_loc     0x0000589d      0xa7f build/default/debug/_ext/1655452824/mac_scan.o
 .debug_loc     0x0000631c      0x28d build/default/debug/_ext/1655452824/mac_poll.o
 .debug_loc     0x000065a9      0x7d2 build/default/debug/_ext/745501718/pal.o
 .debug_loc     0x00006d7b      0x360 build/default/debug/_ext/559172130/phy_init.o
 .debug_loc     0x000070db       0x9c build/default/debug/_ext/559172130/phy_rx_enable.o
 .debug_loc     0x00007177       0xc9 build/default/debug/_ext/559172130/phy_pwr_mgmt.o
 .debug_loc     0x00007240      0x2ea build/default/debug/_ext/559172130/phy_tx.o
 .debug_loc     0x0000752a      0x954 build/default/debug/_ext/559172130/phy_pib.o
 .debug_loc     0x00007e7e      0x418 build/default/debug/_ext/559172130/phy.o
 .debug_loc     0x00008296      0xf4b build/default/debug/_ext/559172130/phy_helper.o
 .debug_loc     0x000091e1       0xdb build/default/debug/_ext/559172130/phy_irq_handler.o
 .debug_loc     0x000092bc      0x4ad build/default/debug/_ext/559172130/phy_trx_reg_access.o
 .debug_loc     0x00009769       0xc4 build/default/debug/_ext/559172130/phy_ed.o
 .debug_loc     0x0000982d      0x276 build/default/debug/_ext/559172130/phy_rx.o
 .debug_loc     0x00009aa3      0x1ce build/default/debug/_ext/957911548/phy_task.o
 .debug_loc     0x00009c71       0x25 build/default/debug/_ext/957911548/phy_ed_end_cb.o
 .debug_loc     0x00009c96      0x1d1 build/default/debug/_ext/1374435801/bmm.o
 .debug_loc     0x00009e67      0x541 build/default/debug/_ext/874725666/qmm.o
 .debug_loc     0x0000a3a8      0x4dc build/default/debug/_ext/1529399856/osal_freertos_extend.o
 .debug_loc     0x0000a884      0x70a build/default/debug/_ext/1529399856/osal_freertos.o
 .debug_loc     0x0000af8e       0x31 build/default/debug/_ext/1984496892/plib_clock.o
 .debug_loc     0x0000afbf       0xf0 build/default/debug/_ext/60167341/plib_eic.o
 .debug_loc     0x0000b0af      0x156 build/default/debug/_ext/1865468468/plib_nvic.o
 .debug_loc     0x0000b205      0x42e build/default/debug/_ext/1593096446/plib_nvmctrl.o
 .debug_loc     0x0000b633      0x246 build/default/debug/_ext/1865521619/plib_port.o
 .debug_loc     0x0000b879      0x68a build/default/debug/_ext/17022449/plib_sercom4_spi_master.o
 .debug_loc     0x0000bf03      0xdd8 build/default/debug/_ext/504274921/plib_sercom0_usart.o
 .debug_loc     0x0000ccdb       0x6f build/default/debug/_ext/829342655/plib_tc3.o
 .debug_loc     0x0000cd4a      0xb69 build/default/debug/_ext/1832805299/sys_console.o
 .debug_loc     0x0000d8b3      0x83c build/default/debug/_ext/1832805299/sys_console_uart.o
 .debug_loc     0x0000e0ef      0x17d build/default/debug/_ext/1881668453/sys_int.o
 .debug_loc     0x0000e26c     0x2371 build/default/debug/_ext/101884895/sys_time.o
 .debug_loc     0x000105dd       0x76 build/default/debug/_ext/1171490990/freertos_hooks.o
 .debug_loc     0x00010653       0x20 build/default/debug/_ext/1171490990/startup_xc32.o
 .debug_loc     0x00010673       0x45 build/default/debug/_ext/1171490990/initialization.o
 .debug_loc     0x000106b8       0xfb build/default/debug/_ext/1171490990/tasks.o
 .debug_loc     0x000107b3      0x14d build/default/debug/_ext/1624415188/port.o
 .debug_loc     0x00010900      0x588 build/default/debug/_ext/1665200909/heap_4.o
 .debug_loc     0x00010e88     0x22d4 build/default/debug/_ext/404212886/FreeRTOS_tasks.o
 .debug_loc     0x0001315c      0xe33 build/default/debug/_ext/404212886/timers.o
 .debug_loc     0x00013f8f     0x1e45 build/default/debug/_ext/404212886/queue.o
 .debug_loc     0x00015dd4       0xa6 build/default/debug/_ext/404212886/list.o
 .debug_loc     0x00015e7a       0x63 build/default/debug/_ext/1360937237/app.o
 .debug_loc     0x00015edd       0x20 build/default/debug/_ext/1360937237/main.o
 .debug_loc     0x00015efd      0x76c build/default/debug/_ext/85617168/demo_app_rfd.o
 .debug_loc     0x00016669      0x8cf build/default/debug/_ext/85617168/usr_mac_callbacks.o
 .debug_loc     0x00016f38       0x14 c:/program files/microchip/xc32/v4.35/bin/bin/../../lib/gcc/pic32c/8.3.1/../../../../pic32c/lib/thumb/v6-m/nofp\libpic32c.a(data_init.o)
 .debug_loc     0x00016f4c       0x5e c:/program files/microchip/xc32/v4.35/bin/bin/../../lib/gcc/pic32c/8.3.1/../../../../pic32c/lib/thumb/v6-m/nofp\libg-musl.a(__libc_start_main.o)
 .debug_loc     0x00016faa       0x24 c:/program files/microchip/xc32/v4.35/bin/bin/../../lib/gcc/pic32c/8.3.1/../../../../pic32c/lib/thumb/v6-m/nofp\libg-musl.a(rand.o)
 .debug_loc     0x00016fce      0x10c c:/program files/microchip/xc32/v4.35/bin/bin/../../lib/gcc/pic32c/8.3.1/../../../../pic32c/lib/thumb/v6-m/nofp\libg-musl.a(vsnprintf.o)
 .debug_loc     0x000170da      0x12d c:/program files/microchip/xc32/v4.35/bin/bin/../../lib/gcc/pic32c/8.3.1/../../../../pic32c/lib/thumb/v6-m/nofp\libg-musl.a(memcpy.o)
 .debug_loc     0x00017207       0xcd c:/program files/microchip/xc32/v4.35/bin/bin/../../lib/gcc/pic32c/8.3.1/../../../../pic32c/lib/thumb/v6-m/nofp\libg-musl.a(memset.o)
 .debug_loc     0x000172d4       0x81 c:/program files/microchip/xc32/v4.35/bin/bin/../../lib/gcc/pic32c/8.3.1/../../../../pic32c/lib/thumb/v6-m/nofp\libg-musl.a(strlen.o)
 .debug_loc     0x00017355       0xd0 c:/program files/microchip/xc32/v4.35/bin/bin/../../lib/gcc/pic32c/8.3.1/../../../../pic32c/lib/thumb/v6-m/nofp\libg-musl.a(vfprintf.o)
 .debug_loc     0x00017425       0x6f c:/program files/microchip/xc32/v4.35/bin/bin/../../lib/gcc/pic32c/8.3.1/../../../../pic32c/lib/thumb/v6-m/nofp\libg-musl.a(__pop_float.o)
 .debug_loc     0x00017494      0x34c c:/program files/microchip/xc32/v4.35/bin/bin/../../lib/gcc/pic32c/8.3.1/../../../../pic32c/lib/thumb/v6-m/nofp\libg-musl.a(__pop_int.o)
 .debug_loc     0x000177e0      0x1fe c:/program files/microchip/xc32/v4.35/bin/bin/../../lib/gcc/pic32c/8.3.1/../../../../pic32c/lib/thumb/v6-m/nofp\libg-musl.a(__pop_ptr.o)
 .debug_loc     0x000179de      0x6d9 c:/program files/microchip/xc32/v4.35/bin/bin/../../lib/gcc/pic32c/8.3.1/../../../../pic32c/lib/thumb/v6-m/nofp\libg-musl.a(__printf_core.o)
 .debug_loc     0x000180b7       0xdc c:/program files/microchip/xc32/v4.35/bin/bin/../../lib/gcc/pic32c/8.3.1/../../../../pic32c/lib/thumb/v6-m/nofp\libg-musl.a(atoi.o)
 .debug_loc     0x00018193       0x8f c:/program files/microchip/xc32/v4.35/bin/bin/../../lib/gcc/pic32c/8.3.1/../../../../pic32c/lib/thumb/v6-m/nofp\libg-musl.a(tolower.o)
 .debug_loc     0x00018222      0xd9a c:/program files/microchip/xc32/v4.35/bin/bin/../../lib/gcc/pic32c/8.3.1/../../../../pic32c/lib/thumb/v6-m/nofp\libg-musl.a(__fmt_a.o)
 .debug_loc     0x00018fbc      0x2a6 c:/program files/microchip/xc32/v4.35/bin/bin/../../lib/gcc/pic32c/8.3.1/../../../../pic32c/lib/thumb/v6-m/nofp\libg-musl.a(__fmt_d.o)
 .debug_loc     0x00019262      0xc94 c:/program files/microchip/xc32/v4.35/bin/bin/../../lib/gcc/pic32c/8.3.1/../../../../pic32c/lib/thumb/v6-m/nofp\libg-musl.a(__fmt_fp.o)
 .debug_loc     0x00019ef6      0x12d c:/program files/microchip/xc32/v4.35/bin/bin/../../lib/gcc/pic32c/8.3.1/../../../../pic32c/lib/thumb/v6-m/nofp\libg-musl.a(__fmt_o.o)
 .debug_loc     0x0001a023      0x144 c:/program files/microchip/xc32/v4.35/bin/bin/../../lib/gcc/pic32c/8.3.1/../../../../pic32c/lib/thumb/v6-m/nofp\libg-musl.a(__fmt_s.o)
 .debug_loc     0x0001a167      0x12d c:/program files/microchip/xc32/v4.35/bin/bin/../../lib/gcc/pic32c/8.3.1/../../../../pic32c/lib/thumb/v6-m/nofp\libg-musl.a(__fmt_u.o)
 .debug_loc     0x0001a294      0x3be c:/program files/microchip/xc32/v4.35/bin/bin/../../lib/gcc/pic32c/8.3.1/../../../../pic32c/lib/thumb/v6-m/nofp\libg-musl.a(__fmt_x.o)
 .debug_loc     0x0001a652       0x74 c:/program files/microchip/xc32/v4.35/bin/bin/../../lib/gcc/pic32c/8.3.1/../../../../pic32c/lib/thumb/v6-m/nofp\libg-musl.a(strcpy.o)
 .debug_loc     0x0001a6c6       0x8f c:/program files/microchip/xc32/v4.35/bin/bin/../../lib/gcc/pic32c/8.3.1/../../../../pic32c/lib/thumb/v6-m/nofp\libg-musl.a(toupper.o)
 .debug_loc     0x0001a755      0x1d4 c:/program files/microchip/xc32/v4.35/bin/bin/../../lib/gcc/pic32c/8.3.1/../../../../pic32c/lib/thumb/v6-m/nofp\libg-musl.a(__cvt_u.o)
 .debug_loc     0x0001a929       0x90 c:/program files/microchip/xc32/v4.35/bin/bin/../../lib/gcc/pic32c/8.3.1/../../../../pic32c/lib/thumb/v6-m/nofp\libg-musl.a(stpcpy.o)
 .debug_loc     0x0001a9b9      0x177 c:/program files/microchip/xc32/v4.35/bin/bin/../../lib/gcc/pic32c/8.3.1/thumb/v6-m/nofp\libgcc.a(_muldi3.o)
 .debug_loc     0x0001ab30      0x2e7 c:/program files/microchip/xc32/v4.35/bin/bin/../../lib/gcc/pic32c/8.3.1/thumb/v6-m/nofp\libgcc.a(_udivmoddi4.o)
 .debug_loc     0x0001ae17       0x14 c:/program files/microchip/xc32/v4.35/bin/bin/../../lib/gcc/pic32c/8.3.1/../../../../pic32c/lib/thumb/v6-m/nofp\libpic32c.a(pic32_data_init_copy.o)

.debug_aranges  0x00000000     0x1b38
 .debug_aranges
                0x00000000       0x28 build/default/debug/_ext/1655452824/mac_task.o
 .debug_aranges
                0x00000028       0x20 build/default/debug/_ext/1655452824/mac_process_beacon_frame.o
 .debug_aranges
                0x00000048       0x28 build/default/debug/_ext/1655452824/mac_sync.o
 .debug_aranges
                0x00000070       0x20 build/default/debug/_ext/1655452824/mac_data_req.o
 .debug_aranges
                0x00000090       0x20 build/default/debug/_ext/1655452824/mac_dispatcher.o
 .debug_aranges
                0x000000b0       0x20 build/default/debug/_ext/1655452824/mac_data_extract_mhr.o
 .debug_aranges
                0x000000d0       0x20 build/default/debug/_ext/1655452824/usr_mlme_sync_loss_ind.o
 .debug_aranges
                0x000000f0       0x40 build/default/debug/_ext/1655452824/mac_associate.o
 .debug_aranges
                0x00000130       0x48 build/default/debug/_ext/1655452824/mac_pib.o
 .debug_aranges
                0x00000178       0x30 build/default/debug/_ext/1655452824/mac_rx_enable.o
 .debug_aranges
                0x000001a8       0x30 build/default/debug/_ext/1655452824/mac.o
 .debug_aranges
                0x000001d8       0x38 build/default/debug/_ext/1655452824/mac_disassociate.o
 .debug_aranges
                0x00000210       0x20 build/default/debug/_ext/1655452824/mac_process_phy_tx_frame_status.o
 .debug_aranges
                0x00000230       0x80 build/default/debug/_ext/1655452824/mac_callback_wrapper.o
 .debug_aranges
                0x000002b0       0x70 build/default/debug/_ext/1655452824/mac_api.o
 .debug_aranges
                0x00000320       0x60 build/default/debug/_ext/1655452824/mac_misc.o
 .debug_aranges
                0x00000380       0x30 build/default/debug/_ext/1655452824/mac_mcps_data.o
 .debug_aranges
                0x000003b0       0x30 build/default/debug/_ext/1655452824/mac_data_ind.o
 .debug_aranges
                0x000003e0       0x58 build/default/debug/_ext/1655452824/mac_scan.o
 .debug_aranges
                0x00000438       0x38 build/default/debug/_ext/1655452824/mac_poll.o
 .debug_aranges
                0x00000470       0x70 build/default/debug/_ext/745501718/pal.o
 .debug_aranges
                0x000004e0       0x48 build/default/debug/_ext/559172130/phy_init.o
 .debug_aranges
                0x00000528       0x20 build/default/debug/_ext/559172130/phy_rx_enable.o
 .debug_aranges
                0x00000548       0x30 build/default/debug/_ext/559172130/phy_pwr_mgmt.o
 .debug_aranges
                0x00000578       0x48 build/default/debug/_ext/559172130/phy_tx.o
 .debug_aranges
                0x000005c0       0x40 build/default/debug/_ext/559172130/phy_pib.o
 .debug_aranges
                0x00000600       0x70 build/default/debug/_ext/559172130/phy.o
 .debug_aranges
                0x00000670       0x90 build/default/debug/_ext/559172130/phy_helper.o
 .debug_aranges
                0x00000700       0x30 build/default/debug/_ext/559172130/phy_irq_handler.o
 .debug_aranges
                0x00000730       0x58 build/default/debug/_ext/559172130/phy_trx_reg_access.o
 .debug_aranges
                0x00000788       0x30 build/default/debug/_ext/559172130/phy_ed.o
 .debug_aranges
                0x000007b8       0x28 build/default/debug/_ext/559172130/phy_rx.o
 .debug_aranges
                0x000007e0       0x38 build/default/debug/_ext/957911548/phy_task.o
 .debug_aranges
                0x00000818       0x20 build/default/debug/_ext/957911548/phy_ed_end_cb.o
 .debug_aranges
                0x00000838       0x38 build/default/debug/_ext/1374435801/bmm.o
 .debug_aranges
                0x00000870       0x40 build/default/debug/_ext/874725666/qmm.o
 .debug_aranges
                0x000008b0       0x58 build/default/debug/_ext/1529399856/osal_freertos_extend.o
 .debug_aranges
                0x00000908       0x90 build/default/debug/_ext/1529399856/osal_freertos.o
 .debug_aranges
                0x00000998       0x20 build/default/debug/_ext/1984496892/plib_clock.o
 .debug_aranges
                0x000009b8       0x40 build/default/debug/_ext/60167341/plib_eic.o
 .debug_aranges
                0x000009f8       0x38 build/default/debug/_ext/1865468468/plib_nvic.o
 .debug_aranges
                0x00000a30       0x88 build/default/debug/_ext/1593096446/plib_nvmctrl.o
 .debug_aranges
                0x00000ab8       0x70 build/default/debug/_ext/1865521619/plib_port.o
 .debug_aranges
                0x00000b28       0x60 build/default/debug/_ext/17022449/plib_sercom4_spi_master.o
 .debug_aranges
                0x00000b88       0xe8 build/default/debug/_ext/504274921/plib_sercom0_usart.o
 .debug_aranges
                0x00000c70       0x78 build/default/debug/_ext/829342655/plib_tc3.o
 .debug_aranges
                0x00000ce8       0x88 build/default/debug/_ext/1832805299/sys_console.o
 .debug_aranges
                0x00000d70       0x70 build/default/debug/_ext/1832805299/sys_console_uart.o
 .debug_aranges
                0x00000de0       0x40 build/default/debug/_ext/1881668453/sys_int.o
 .debug_aranges
                0x00000e20      0x128 build/default/debug/_ext/101884895/sys_time.o
 .debug_aranges
                0x00000f48       0x28 build/default/debug/_ext/1171490990/exceptions.o
 .debug_aranges
                0x00000f70       0x40 build/default/debug/_ext/1171490990/freertos_hooks.o
 .debug_aranges
                0x00000fb0       0x20 build/default/debug/_ext/1171490990/interrupts.o
 .debug_aranges
                0x00000fd0       0x28 build/default/debug/_ext/1171490990/startup_xc32.o
 .debug_aranges
                0x00000ff8       0x20 build/default/debug/_ext/1171490990/initialization.o
 .debug_aranges
                0x00001018       0x38 build/default/debug/_ext/1171490990/tasks.o
 .debug_aranges
                0x00001050       0x88 build/default/debug/_ext/1624415188/port.o
 .debug_aranges
                0x000010d8       0x50 build/default/debug/_ext/1665200909/heap_4.o
 .debug_aranges
                0x00001128      0x198 build/default/debug/_ext/404212886/FreeRTOS_tasks.o
 .debug_aranges
                0x000012c0       0x98 build/default/debug/_ext/404212886/timers.o
 .debug_aranges
                0x00001358      0x100 build/default/debug/_ext/404212886/queue.o
 .debug_aranges
                0x00001458       0x40 build/default/debug/_ext/404212886/list.o
 .debug_aranges
                0x00001498       0x28 build/default/debug/_ext/1360937237/app.o
 .debug_aranges
                0x000014c0       0x20 build/default/debug/_ext/1360937237/main.o
 .debug_aranges
                0x000014e0       0x98 build/default/debug/_ext/85617168/demo_app_rfd.o
 .debug_aranges
                0x00001578       0x78 build/default/debug/_ext/85617168/usr_mac_callbacks.o
 .debug_aranges
                0x000015f0       0x28 c:/program files/microchip/xc32/v4.35/bin/bin/../../lib/gcc/pic32c/8.3.1/../../../../pic32c/lib/thumb/v6-m/nofp\libpic32c.a(data_init.o)
 .debug_aranges
                0x00001618       0x28 c:/program files/microchip/xc32/v4.35/bin/bin/../../lib/gcc/pic32c/8.3.1/../../../../pic32c/lib/thumb/v6-m/nofp\libg-musl.a(__libc_start_main.o)
 .debug_aranges
                0x00001640       0x18 c:/program files/microchip/xc32/v4.35/bin/bin/../../lib/gcc/pic32c/8.3.1/../../../../pic32c/lib/thumb/v6-m/nofp\libg-musl.a(libc.o)
 .debug_aranges
                0x00001658       0x28 c:/program files/microchip/xc32/v4.35/bin/bin/../../lib/gcc/pic32c/8.3.1/../../../../pic32c/lib/thumb/v6-m/nofp\libg-musl.a(rand.o)
 .debug_aranges
                0x00001680       0x20 c:/program files/microchip/xc32/v4.35/bin/bin/../../lib/gcc/pic32c/8.3.1/../../../../pic32c/lib/thumb/v6-m/nofp\libg-musl.a(vsnprintf.o)
 .debug_aranges
                0x000016a0       0x20 c:/program files/microchip/xc32/v4.35/bin/bin/../../lib/gcc/pic32c/8.3.1/../../../../pic32c/lib/thumb/v6-m/nofp\libg-musl.a(memcpy.o)
 .debug_aranges
                0x000016c0       0x20 c:/program files/microchip/xc32/v4.35/bin/bin/../../lib/gcc/pic32c/8.3.1/../../../../pic32c/lib/thumb/v6-m/nofp\libg-musl.a(memset.o)
 .debug_aranges
                0x000016e0       0x20 c:/program files/microchip/xc32/v4.35/bin/bin/../../lib/gcc/pic32c/8.3.1/../../../../pic32c/lib/thumb/v6-m/nofp\libg-musl.a(strlen.o)
 .debug_aranges
                0x00001700       0x18 c:/program files/microchip/xc32/v4.35/bin/bin/../../lib/gcc/pic32c/8.3.1/../../../../pic32c/lib/thumb/v6-m/nofp\libg-musl.a(__environ.o)
 .debug_aranges
                0x00001718       0x18 c:/program files/microchip/xc32/v4.35/bin/bin/../../lib/gcc/pic32c/8.3.1/../../../../pic32c/lib/thumb/v6-m/nofp\libg-musl.a(__errno_location.o)
 .debug_aranges
                0x00001730       0x28 c:/program files/microchip/xc32/v4.35/bin/bin/../../lib/gcc/pic32c/8.3.1/../../../../pic32c/lib/thumb/v6-m/nofp\libg-musl.a(vfprintf.o)
 .debug_aranges
                0x00001758       0x20 c:/program files/microchip/xc32/v4.35/bin/bin/../../lib/gcc/pic32c/8.3.1/../../../../pic32c/lib/thumb/v6-m/nofp\libg-musl.a(__pop_float.o)
 .debug_aranges
                0x00001778       0x20 c:/program files/microchip/xc32/v4.35/bin/bin/../../lib/gcc/pic32c/8.3.1/../../../../pic32c/lib/thumb/v6-m/nofp\libg-musl.a(__pop_int.o)
 .debug_aranges
                0x00001798       0x20 c:/program files/microchip/xc32/v4.35/bin/bin/../../lib/gcc/pic32c/8.3.1/../../../../pic32c/lib/thumb/v6-m/nofp\libg-musl.a(__pop_ptr.o)
 .debug_aranges
                0x000017b8       0x50 c:/program files/microchip/xc32/v4.35/bin/bin/../../lib/gcc/pic32c/8.3.1/../../../../pic32c/lib/thumb/v6-m/nofp\libg-musl.a(__printf_core.o)
 .debug_aranges
                0x00001808       0x20 c:/program files/microchip/xc32/v4.35/bin/bin/../../lib/gcc/pic32c/8.3.1/../../../../pic32c/lib/thumb/v6-m/nofp\libg-musl.a(atoi.o)
 .debug_aranges
                0x00001828       0x28 c:/program files/microchip/xc32/v4.35/bin/bin/../../lib/gcc/pic32c/8.3.1/../../../../pic32c/lib/thumb/v6-m/nofp\libg-musl.a(tolower.o)
 .debug_aranges
                0x00001850       0x20 c:/program files/microchip/xc32/v4.35/bin/bin/../../lib/gcc/pic32c/8.3.1/../../../../pic32c/lib/thumb/v6-m/nofp\libg-musl.a(__fmt_a.o)
 .debug_aranges
                0x00001870       0x20 c:/program files/microchip/xc32/v4.35/bin/bin/../../lib/gcc/pic32c/8.3.1/../../../../pic32c/lib/thumb/v6-m/nofp\libg-musl.a(__fmt_d.o)
 .debug_aranges
                0x00001890       0x20 c:/program files/microchip/xc32/v4.35/bin/bin/../../lib/gcc/pic32c/8.3.1/../../../../pic32c/lib/thumb/v6-m/nofp\libg-musl.a(__fmt_fp.o)
 .debug_aranges
                0x000018b0       0x20 c:/program files/microchip/xc32/v4.35/bin/bin/../../lib/gcc/pic32c/8.3.1/../../../../pic32c/lib/thumb/v6-m/nofp\libg-musl.a(__fmt_o.o)
 .debug_aranges
                0x000018d0       0x20 c:/program files/microchip/xc32/v4.35/bin/bin/../../lib/gcc/pic32c/8.3.1/../../../../pic32c/lib/thumb/v6-m/nofp\libg-musl.a(__fmt_s.o)
 .debug_aranges
                0x000018f0       0x20 c:/program files/microchip/xc32/v4.35/bin/bin/../../lib/gcc/pic32c/8.3.1/../../../../pic32c/lib/thumb/v6-m/nofp\libg-musl.a(__fmt_u.o)
 .debug_aranges
                0x00001910       0x20 c:/program files/microchip/xc32/v4.35/bin/bin/../../lib/gcc/pic32c/8.3.1/../../../../pic32c/lib/thumb/v6-m/nofp\libg-musl.a(__fmt_x.o)
 .debug_aranges
                0x00001930       0x20 c:/program files/microchip/xc32/v4.35/bin/bin/../../lib/gcc/pic32c/8.3.1/../../../../pic32c/lib/thumb/v6-m/nofp\libg-musl.a(strcpy.o)
 .debug_aranges
                0x00001950       0x28 c:/program files/microchip/xc32/v4.35/bin/bin/../../lib/gcc/pic32c/8.3.1/../../../../pic32c/lib/thumb/v6-m/nofp\libg-musl.a(toupper.o)
 .debug_aranges
                0x00001978       0x20 c:/program files/microchip/xc32/v4.35/bin/bin/../../lib/gcc/pic32c/8.3.1/../../../../pic32c/lib/thumb/v6-m/nofp\libg-musl.a(__cvt_u.o)
 .debug_aranges
                0x00001998       0x20 c:/program files/microchip/xc32/v4.35/bin/bin/../../lib/gcc/pic32c/8.3.1/../../../../pic32c/lib/thumb/v6-m/nofp\libg-musl.a(stpcpy.o)
 .debug_aranges
                0x000019b8       0x20 c:/program files/microchip/xc32/v4.35/bin/bin/../../lib/gcc/pic32c/8.3.1/thumb/v6-m/nofp\libgcc.a(_udivsi3.o)
 .debug_aranges
                0x000019d8       0x20 c:/program files/microchip/xc32/v4.35/bin/bin/../../lib/gcc/pic32c/8.3.1/thumb/v6-m/nofp\libgcc.a(_divsi3.o)
 .debug_aranges
                0x000019f8       0x20 c:/program files/microchip/xc32/v4.35/bin/bin/../../lib/gcc/pic32c/8.3.1/thumb/v6-m/nofp\libgcc.a(_dvmd_tls.o)
 .debug_aranges
                0x00001a18       0x20 c:/program files/microchip/xc32/v4.35/bin/bin/../../lib/gcc/pic32c/8.3.1/thumb/v6-m/nofp\libgcc.a(_aeabi_uldivmod.o)
 .debug_aranges
                0x00001a38       0x20 c:/program files/microchip/xc32/v4.35/bin/bin/../../lib/gcc/pic32c/8.3.1/thumb/v6-m/nofp\libgcc.a(_muldi3.o)
 .debug_aranges
                0x00001a58       0x20 c:/program files/microchip/xc32/v4.35/bin/bin/../../lib/gcc/pic32c/8.3.1/thumb/v6-m/nofp\libgcc.a(_udivmoddi4.o)
 .debug_aranges
                0x00001a78       0x20 c:/program files/microchip/xc32/v4.35/bin/bin/../../lib/gcc/pic32c/8.3.1/thumb/v6-m/nofp\libgcc.a(_lshrdi3.o)
 .debug_aranges
                0x00001a98       0x20 c:/program files/microchip/xc32/v4.35/bin/bin/../../lib/gcc/pic32c/8.3.1/thumb/v6-m/nofp\libgcc.a(_ashldi3.o)
 .debug_aranges
                0x00001ab8       0x20 c:/program files/microchip/xc32/v4.35/bin/bin/../../lib/gcc/pic32c/8.3.1/thumb/v6-m/nofp\libgcc.a(_clzdi2.o)
 .debug_aranges
                0x00001ad8       0x20 c:/program files/microchip/xc32/v4.35/bin/bin/../../lib/gcc/pic32c/8.3.1/thumb/v6-m/nofp\libgcc.a(_clzsi2.o)
 .debug_aranges
                0x00001af8       0x20 c:/program files/microchip/xc32/v4.35/bin/bin/../../lib/gcc/pic32c/8.3.1/../../../../pic32c/lib/thumb/v6-m/nofp\libpic32c.a(pic32_data_init_clear.o)
 .debug_aranges
                0x00001b18       0x20 c:/program files/microchip/xc32/v4.35/bin/bin/../../lib/gcc/pic32c/8.3.1/../../../../pic32c/lib/thumb/v6-m/nofp\libpic32c.a(pic32_data_init_copy.o)

.debug_ranges   0x00000000     0x1b78
 .debug_ranges  0x00000000       0x18 build/default/debug/_ext/1655452824/mac_task.o
 .debug_ranges  0x00000018       0x40 build/default/debug/_ext/1655452824/mac_process_beacon_frame.o
 .debug_ranges  0x00000058       0x18 build/default/debug/_ext/1655452824/mac_sync.o
 .debug_ranges  0x00000070       0x10 build/default/debug/_ext/1655452824/mac_data_req.o
 .debug_ranges  0x00000080       0x28 build/default/debug/_ext/1655452824/mac_dispatcher.o
 .debug_ranges  0x000000a8       0x10 build/default/debug/_ext/1655452824/mac_data_extract_mhr.o
 .debug_ranges  0x000000b8       0x10 build/default/debug/_ext/1655452824/usr_mlme_sync_loss_ind.o
 .debug_ranges  0x000000c8       0x30 build/default/debug/_ext/1655452824/mac_associate.o
 .debug_ranges  0x000000f8       0x38 build/default/debug/_ext/1655452824/mac_pib.o
 .debug_ranges  0x00000130       0x20 build/default/debug/_ext/1655452824/mac_rx_enable.o
 .debug_ranges  0x00000150       0x20 build/default/debug/_ext/1655452824/mac.o
 .debug_ranges  0x00000170       0x58 build/default/debug/_ext/1655452824/mac_disassociate.o
 .debug_ranges  0x000001c8       0x28 build/default/debug/_ext/1655452824/mac_process_phy_tx_frame_status.o
 .debug_ranges  0x000001f0       0x70 build/default/debug/_ext/1655452824/mac_callback_wrapper.o
 .debug_ranges  0x00000260       0x60 build/default/debug/_ext/1655452824/mac_api.o
 .debug_ranges  0x000002c0       0x50 build/default/debug/_ext/1655452824/mac_misc.o
 .debug_ranges  0x00000310       0x58 build/default/debug/_ext/1655452824/mac_mcps_data.o
 .debug_ranges  0x00000368       0x40 build/default/debug/_ext/1655452824/mac_data_ind.o
 .debug_ranges  0x000003a8       0x78 build/default/debug/_ext/1655452824/mac_scan.o
 .debug_ranges  0x00000420       0x40 build/default/debug/_ext/1655452824/mac_poll.o
 .debug_ranges  0x00000460       0x60 build/default/debug/_ext/745501718/pal.o
 .debug_ranges  0x000004c0       0x98 build/default/debug/_ext/559172130/phy_init.o
 .debug_ranges  0x00000558       0x10 build/default/debug/_ext/559172130/phy_rx_enable.o
 .debug_ranges  0x00000568       0x20 build/default/debug/_ext/559172130/phy_pwr_mgmt.o
 .debug_ranges  0x00000588       0x38 build/default/debug/_ext/559172130/phy_tx.o
 .debug_ranges  0x000005c0       0xc0 build/default/debug/_ext/559172130/phy_pib.o
 .debug_ranges  0x00000680       0x78 build/default/debug/_ext/559172130/phy.o
 .debug_ranges  0x000006f8       0x80 build/default/debug/_ext/559172130/phy_helper.o
 .debug_ranges  0x00000778       0x20 build/default/debug/_ext/559172130/phy_irq_handler.o
 .debug_ranges  0x00000798       0x48 build/default/debug/_ext/559172130/phy_trx_reg_access.o
 .debug_ranges  0x000007e0       0x20 build/default/debug/_ext/559172130/phy_ed.o
 .debug_ranges  0x00000800       0x30 build/default/debug/_ext/559172130/phy_rx.o
 .debug_ranges  0x00000830       0x28 build/default/debug/_ext/957911548/phy_task.o
 .debug_ranges  0x00000858       0x10 build/default/debug/_ext/957911548/phy_ed_end_cb.o
 .debug_ranges  0x00000868       0x28 build/default/debug/_ext/1374435801/bmm.o
 .debug_ranges  0x00000890       0x68 build/default/debug/_ext/874725666/qmm.o
 .debug_ranges  0x000008f8       0x48 build/default/debug/_ext/1529399856/osal_freertos_extend.o
 .debug_ranges  0x00000940       0x80 build/default/debug/_ext/1529399856/osal_freertos.o
 .debug_ranges  0x000009c0       0x28 build/default/debug/_ext/1984496892/plib_clock.o
 .debug_ranges  0x000009e8       0x30 build/default/debug/_ext/60167341/plib_eic.o
 .debug_ranges  0x00000a18       0x28 build/default/debug/_ext/1865468468/plib_nvic.o
 .debug_ranges  0x00000a40       0x78 build/default/debug/_ext/1593096446/plib_nvmctrl.o
 .debug_ranges  0x00000ab8       0x60 build/default/debug/_ext/1865521619/plib_port.o
 .debug_ranges  0x00000b18       0x68 build/default/debug/_ext/17022449/plib_sercom4_spi_master.o
 .debug_ranges  0x00000b80      0x1e8 build/default/debug/_ext/504274921/plib_sercom0_usart.o
 .debug_ranges  0x00000d68       0x68 build/default/debug/_ext/829342655/plib_tc3.o
 .debug_ranges  0x00000dd0       0x78 build/default/debug/_ext/1832805299/sys_console.o
 .debug_ranges  0x00000e48       0x60 build/default/debug/_ext/1832805299/sys_console_uart.o