Archive member included to satisfy reference by file (symbol)

c:/program files/microchip/xc32/v4.35/bin/bin/../../lib/gcc/pic32c/8.3.1/../../../../pic32c/lib/thumb/v6-m/nofp\libpic32c.a(data_init.o)
                              build/default/debug/_ext/1171490990/startup_xc32.o (__pic32c_data_initialization)
c:/program files/microchip/xc32/v4.35/bin/bin/../../lib/gcc/pic32c/8.3.1/../../../../pic32c/lib/thumb/v6-m/nofp\libm-fast-emfloat.a(__aeabi_fadd.o)
                              build/default/debug/_ext/559172130/phy_helper.o (__aeabi_fadd)
c:/program files/microchip/xc32/v4.35/bin/bin/../../lib/gcc/pic32c/8.3.1/../../../../pic32c/lib/thumb/v6-m/nofp\libm-fast-emfloat.a(__aeabi_dadd.o)
                              build/default/debug/_ext/559172130/phy_helper.o (__aeabi_dadd)
c:/program files/microchip/xc32/v4.35/bin/bin/../../lib/gcc/pic32c/8.3.1/../../../../pic32c/lib/thumb/v6-m/nofp\libm-fast-emfloat.a(__aeabi_fsub.o)
                              build/default/debug/_ext/559172130/phy_helper.o (__aeabi_fsub)
c:/program files/microchip/xc32/v4.35/bin/bin/../../lib/gcc/pic32c/8.3.1/../../../../pic32c/lib/thumb/v6-m/nofp\libm-fast-emfloat.a(__aeabi_dmul_aux.o)
                              build/default/debug/_ext/559172130/phy_helper.o (__aeabi_dmul)
c:/program files/microchip/xc32/v4.35/bin/bin/../../lib/gcc/pic32c/8.3.1/../../../../pic32c/lib/thumb/v6-m/nofp\libm-fast-emfloat.a(__aeabi_fcmpgt.o)
                              build/default/debug/_ext/559172130/phy_helper.o (__aeabi_fcmpgt)
c:/program files/microchip/xc32/v4.35/bin/bin/../../lib/gcc/pic32c/8.3.1/../../../../pic32c/lib/thumb/v6-m/nofp\libm-fast-emfloat.a(__aeabi_fcmplt.o)
                              build/default/debug/_ext/559172130/phy_helper.o (__aeabi_fcmplt)
c:/program files/microchip/xc32/v4.35/bin/bin/../../lib/gcc/pic32c/8.3.1/../../../../pic32c/lib/thumb/v6-m/nofp\libm-fast-emfloat.a(__aeabi_f2iz.o)
                              build/default/debug/_ext/559172130/phy_helper.o (__aeabi_f2iz)
c:/program files/microchip/xc32/v4.35/bin/bin/../../lib/gcc/pic32c/8.3.1/../../../../pic32c/lib/thumb/v6-m/nofp\libm-fast-emfloat.a(__aeabi_f2uiz.o)
                              build/default/debug/_ext/559172130/phy_helper.o (__aeabi_f2uiz)
c:/program files/microchip/xc32/v4.35/bin/bin/../../lib/gcc/pic32c/8.3.1/../../../../pic32c/lib/thumb/v6-m/nofp\libm-fast-emfloat.a(__aeabi_ui2f.o)
                              build/default/debug/_ext/559172130/phy_helper.o (__aeabi_ui2f)
c:/program files/microchip/xc32/v4.35/bin/bin/../../lib/gcc/pic32c/8.3.1/../../../../pic32c/lib/thumb/v6-m/nofp\libm-fast-emfloat.a(__aeabi_f2d.o)
                              build/default/debug/_ext/559172130/phy_helper.o (__aeabi_f2d)
c:/program files/microchip/xc32/v4.35/bin/bin/../../lib/gcc/pic32c/8.3.1/../../../../pic32c/lib/thumb/v6-m/nofp\libm-fast-emfloat.a(__aeabi_d2f.o)
                              build/default/debug/_ext/559172130/phy_helper.o (__aeabi_d2f)
c:/program files/microchip/xc32/v4.35/bin/bin/../../lib/gcc/pic32c/8.3.1/../../../../pic32c/lib/thumb/v6-m/nofp\libg-musl.a(__libc_start_main.o)
                              build/default/debug/_ext/1171490990/startup_xc32.o (__libc_init_array)
c:/program files/microchip/xc32/v4.35/bin/bin/../../lib/gcc/pic32c/8.3.1/../../../../pic32c/lib/thumb/v6-m/nofp\libg-musl.a(libc.o)
                              c:/program files/microchip/xc32/v4.35/bin/bin/../../lib/gcc/pic32c/8.3.1/../../../../pic32c/lib/thumb/v6-m/nofp\libg-musl.a(__libc_start_main.o) (__progname_full)
c:/program files/microchip/xc32/v4.35/bin/bin/../../lib/gcc/pic32c/8.3.1/../../../../pic32c/lib/thumb/v6-m/nofp\libg-musl.a(rand.o)
                              build/default/debug/_ext/559172130/phy_init.o (srand)
c:/program files/microchip/xc32/v4.35/bin/bin/../../lib/gcc/pic32c/8.3.1/../../../../pic32c/lib/thumb/v6-m/nofp\libg-musl.a(memcmp.o)
                              build/default/debug/_ext/1181623987/miwi_mesh_join.o (memcmp)
c:/program files/microchip/xc32/v4.35/bin/bin/../../lib/gcc/pic32c/8.3.1/../../../../pic32c/lib/thumb/v6-m/nofp\libg-musl.a(memcpy.o)
                              build/default/debug/_ext/745501718/pal.o (memcpy)
c:/program files/microchip/xc32/v4.35/bin/bin/../../lib/gcc/pic32c/8.3.1/../../../../pic32c/lib/thumb/v6-m/nofp\libg-musl.a(memset.o)
                              build/default/debug/_ext/101884895/sys_time.o (memset)
c:/program files/microchip/xc32/v4.35/bin/bin/../../lib/gcc/pic32c/8.3.1/../../../../pic32c/lib/thumb/v6-m/nofp\libg-musl.a(__environ.o)
                              c:/program files/microchip/xc32/v4.35/bin/bin/../../lib/gcc/pic32c/8.3.1/../../../../pic32c/lib/thumb/v6-m/nofp\libg-musl.a(__libc_start_main.o) (__environ)
c:/program files/microchip/xc32/v4.35/bin/bin/../../lib/gcc/pic32c/8.3.1/thumb/v6-m/nofp\libgcc.a(_udivsi3.o)
                              build/default/debug/_ext/559172130/phy.o (__aeabi_uidiv)
[...]
Memory Configuration

Name             Origin             Length             Attributes
rom              0x00000000         0x00040000         xrl
ram              0x20000000         0x00008000         xw !r
config_01004000  0x01004000         0x00000004
config_01004004  0x01004004         0x00000004
*default*        0x00000000         0xffffffff

Linker script and memory map

LOAD c:/program files/microchip/xc32/v4.35/bin/bin/../../lib/gcc/pic32c/8.3.1/thumb/v6-m/nofp/crti.o
LOAD c:/program files/microchip/xc32/v4.35/bin/bin/../../lib/gcc/pic32c/8.3.1/thumb/v6-m/nofp/crtbegin.o
LOAD build/default/debug/_ext/745501718/pal.o
LOAD build/default/debug/_ext/559172130/phy.o
LOAD build/default/debug/_ext/559172130/phy_trx_reg_access.o
LOAD build/default/debug/_ext/559172130/phy_init.o
LOAD build/default/debug/_ext/559172130/phy_ed.o
LOAD build/default/debug/_ext/559172130/phy_rx.o
LOAD build/default/debug/_ext/559172130/phy_rx_enable.o
LOAD build/default/debug/_ext/559172130/phy_irq_handler.o
LOAD build/default/debug/_ext/559172130/phy_helper.o
LOAD build/default/debug/_ext/559172130/phy_pib.o
LOAD build/default/debug/_ext/559172130/phy_pwr_mgmt.o
LOAD build/default/debug/_ext/559172130/tfa.o
LOAD build/default/debug/_ext/559172130/phy_tx.o
LOAD build/default/debug/_ext/957911548/phy_ed_end_cb.o
LOAD build/default/debug/_ext/957911548/phy_tx_frame_done_cb.o
LOAD build/default/debug/_ext/957911548/phy_rx_frame_cb.o
LOAD build/default/debug/_ext/957911548/phy_task.o
LOAD build/default/debug/_ext/1374435801/bmm.o
LOAD build/default/debug/_ext/874725666/qmm.o
LOAD build/default/debug/_ext/1529399856/osal_freertos.o
LOAD build/default/debug/_ext/1529399856/osal_freertos_extend.o
LOAD build/default/debug/_ext/1984496892/plib_clock.o
LOAD build/default/debug/_ext/60167341/plib_eic.o
LOAD build/default/debug/_ext/1986646378/plib_evsys.o
LOAD build/default/debug/_ext/1865468468/plib_nvic.o
LOAD build/default/debug/_ext/1593096446/plib_nvmctrl.o
LOAD build/default/debug/_ext/1865521619/plib_port.o
LOAD build/default/debug/_ext/17022449/plib_sercom4_spi_master.o
LOAD build/default/debug/_ext/829342655/plib_tc3.o
LOAD build/default/debug/_ext/163028504/xc32_monitor.o
LOAD build/default/debug/_ext/1881668453/sys_int.o
LOAD build/default/debug/_ext/101884895/sys_time.o
LOAD build/default/debug/_ext/1171490990/libc_syscalls.o
LOAD build/default/debug/_ext/1171490990/initialization.o
LOAD build/default/debug/_ext/1171490990/interrupts.o
LOAD build/default/debug/_ext/1171490990/exceptions.o
LOAD build/default/debug/_ext/1171490990/freertos_hooks.o
LOAD build/default/debug/_ext/1171490990/startup_xc32.o
LOAD build/default/debug/_ext/1171490990/tasks.o
LOAD build/default/debug/_ext/1624415188/port.o
LOAD build/default/debug/_ext/1665200909/heap_4.o
LOAD build/default/debug/_ext/404212886/queue.o
LOAD build/default/debug/_ext/404212886/timers.o
LOAD build/default/debug/_ext/404212886/croutine.o
LOAD build/default/debug/_ext/404212886/list.o
LOAD build/default/debug/_ext/404212886/event_groups.o
LOAD build/default/debug/_ext/404212886/FreeRTOS_tasks.o
LOAD build/default/debug/_ext/404212886/stream_buffer.o
LOAD build/default/debug/_ext/1360937237/main.o
LOAD build/default/debug/_ext/1360937237/app_idle_task.o
LOAD build/default/debug/_ext/1360937237/app.o
LOAD build/default/debug/_ext/1181623987/miwi_mesh_commissioning.o
LOAD build/default/debug/_ext/1181623987/miwi_mesh_join.o
LOAD build/default/debug/_ext/1181623987/miwi_mesh_app.o
LOAD build/default/debug/_ext/1181623987/miwi_init.o
LOAD build/default/debug/_ext/1181623987/miwi_mesh.o
LOAD build/default/debug/_ext/1181623987/miwi_mesh_security.o
LOAD build/default/debug/_ext/1181623987/miwi_app.o
LOAD build/default/debug/_ext/1181623987/commands.o
LOAD build/default/debug/_ext/1181623987/miwi_mesh_routing.o
LOAD build/default/debug/_ext/1181623987/mimac.o
LOAD build/default/debug/_ext/1181623987/mimac_task.o
LOAD build/default/debug/_ext/1331220252/wlPdsTypesConverter.o
LOAD build/default/debug/_ext/1181623987/miwi_mesh_pds.o
LOAD build/default/debug/_ext/1181623987/miwi_mesh_frame.o
LOAD build/default/debug/_ext/1331220252/led.o
                0x00000001                __MPLAB_BUILD = 0x1
                0x00040000                __rom_end = (ORIGIN (rom) + LENGTH (rom))
                0x20008000                __ram_end = (ORIGIN (ram) + LENGTH (ram))

.config_01004000
 *(.config_01004000)

.config_01004004
 *(.config_01004004)

.vectors        0x00000000       0xac
                0x00000000                . = ALIGN (0x4)
                0x00000000                _sfixed = .
 *(.vectors .vectors.* .vectors_default .vectors_default.*)
 .vectors.exception_table
                0x00000000       0xac build/default/debug/_ext/1171490990/interrupts.o
                0x00000000                exception_table
 *(.isr_vector)
 *(.reset*)
 *(.after_vectors)

.text           0x000000ac       0x20
                0x000000ac                . = ALIGN (0x4)
 *(.glue_7t)
 .glue_7t       0x000000ac        0x0 linker stubs
 *(.glue_7)
 .glue_7        0x000000ac        0x0 linker stubs
 *(.gnu.linkonce.r.*)
 *(.ARM.extab* .gnu.linkonce.armextab.*)
                0x000000ac                . = ALIGN (0x4)
 *(.init)
 .init          0x000000ac        0x4 c:/program files/microchip/xc32/v4.35/bin/bin/../../lib/gcc/pic32c/8.3.1/thumb/v6-m/nofp/crti.o
                0x000000ac                _init
 .init          0x000000b0        0x8 c:/program files/microchip/xc32/v4.35/bin/bin/../../lib/gcc/pic32c/8.3.1/thumb/v6-m/nofp/crtn.o
                0x000000b8                . = ALIGN (0x4)
                0x000000b8                __preinit_array_start = .
 *(.preinit_array)
                0x000000b8                __preinit_array_end = .
                0x000000b8                . = ALIGN (0x4)
                0x000000b8                __init_array_start = .
 *(SORT_BY_NAME(.init_array.*))
 *(.init_array)
 .init_array    0x000000b8        0x4 c:/program files/microchip/xc32/v4.35/bin/bin/../../lib/gcc/pic32c/8.3.1/thumb/v6-m/nofp/crtbegin.o
                0x000000bc                __init_array_end = .
                0x000000bc                . = ALIGN (0x4)
 *crtbegin.o(.ctors)
 *(EXCLUDE_FILE(*crtend.o) .ctors)
 *(SORT_BY_NAME(.ctors.*))
 *crtend.o(.ctors)
                0x000000bc                . = ALIGN (0x4)
 *(.fini)
 .fini          0x000000bc        0x4 c:/program files/microchip/xc32/v4.35/bin/bin/../../lib/gcc/pic32c/8.3.1/thumb/v6-m/nofp/crti.o
                0x000000bc                _fini
 .fini          0x000000c0        0x8 c:/program files/microchip/xc32/v4.35/bin/bin/../../lib/gcc/pic32c/8.3.1/thumb/v6-m/nofp/crtn.o
                0x000000c8                . = ALIGN (0x4)
                0x000000c8                __fini_array_start = .
 *(.fini_array)
 .fini_array    0x000000c8        0x4 c:/program files/microchip/xc32/v4.35/bin/bin/../../lib/gcc/pic32c/8.3.1/thumb/v6-m/nofp/crtbegin.o
 *(SORT_BY_NAME(.fini_array.*))
                0x000000cc                __fini_array_end = .
 *crtbegin.o(.dtors)
 *(EXCLUDE_FILE(*crtend.o) .dtors)
 *(SORT_BY_NAME(.dtors.*))
 *crtend.o(.dtors)
                0x000000cc                . = ALIGN (0x4)
                0x000000cc                _efixed = .
                [!provide]                PROVIDE (__exidx_start = .)

.ARM.exidx      0x000000cc        0x8
 *(.ARM.exidx* .gnu.linkonce.armexidx.*)
 .ARM.exidx     0x000000cc        0x8 c:/program files/microchip/xc32/v4.35/bin/bin/../../lib/gcc/pic32c/8.3.1/thumb/v6-m/nofp\libgcc.a(_udivmoddi4.o)
                [!provide]                PROVIDE (__exidx_end = .)
                0x000000d4                . = ALIGN (0x4)
                0x000000d4                _etext = .

.bss            0x20000000        0x0
                0x20000000                . = ALIGN (0x4)
                0x20000000                __bss_start__ = .
                0x20000000                _sbss = .
                0x20000000                _szero = .
 *(COMMON)
                0x20000000                . = ALIGN (0x4)
                0x20000000                __bss_end__ = .
                0x20000000                _ebss = .
                0x20000000                _ezero = .
                0x20000000                . = ALIGN (0x4)
                0x20000000                _end = .
                0x20007fff                _ram_end_ = ((ORIGIN (ram) + LENGTH (ram)) - 0x1)
                0x00000001                __ICD2RAM = 0x1
                0x00000001                __MPLAB_DEBUG = 0x1
                0x00000001                __DEBUG = 0x1
                0x00000200                _min_heap_size = 0x200
START GROUP
LOAD c:/program files/microchip/xc32/v4.35/bin/bin/../../lib/gcc/pic32c/8.3.1/../../../../pic32c/lib/thumb/v6-m/nofp\libpic32c.a
LOAD c:/program files/microchip/xc32/v4.35/bin/bin/../../lib/gcc/pic32c/8.3.1/../../../../pic32c/lib/thumb/v6-m/nofp\libm-fast-emfloat.a
LOAD c:/program files/microchip/xc32/v4.35/bin/bin/../../lib/gcc/pic32c/8.3.1/../../../../pic32c/lib/thumb/v6-m/nofp\libg-musl.a
LOAD c:/program files/microchip/xc32/v4.35/bin/bin/../../lib/gcc/pic32c/8.3.1/../../../../pic32c/lib/thumb/v6-m/nofp\libc-musl.a
LOAD c:/program files/microchip/xc32/v4.35/bin/bin/../../lib/gcc/pic32c/8.3.1/../../../../pic32c/lib/thumb/v6-m/nofp\libm-fast-emfloat.a
LOAD c:/program files/microchip/xc32/v4.35/bin/bin/../../lib/gcc/pic32c/8.3.1/thumb/v6-m/nofp\libgcc.a
END GROUP
LOAD c:/program files/microchip/xc32/v4.35/bin/bin/../../lib/gcc/pic32c/8.3.1/thumb/v6-m/nofp/crtend.o
LOAD c:/program files/microchip/xc32/v4.35/bin/bin/../../lib/gcc/pic32c/8.3.1/thumb/v6-m/nofp/crtn.o
OUTPUT(dist/default/debug/Project.X.debug.elf elf32-littlearm)
LOAD data_init
LOAD stack

.ARM.attributes
                0x00000000       0x2a
 .ARM.attributes
                0x00000000       0x1e c:/program files/microchip/xc32/v4.35/bin/bin/../../lib/gcc/pic32c/8.3.1/thumb/v6-m/nofp/crti.o
 .ARM.attributes
                0x0000001e       0x2c c:/program files/microchip/xc32/v4.35/bin/bin/../../lib/gcc/pic32c/8.3.1/thumb/v6-m/nofp/crtbegin.o
 .ARM.attributes
                0x0000004a       0x2c build/default/debug/_ext/745501718/pal.o
 .ARM.attributes
                0x00000076       0x2c build/default/debug/_ext/559172130/phy.o
 .ARM.attributes
                0x000000a2       0x2c build/default/debug/_ext/559172130/phy_trx_reg_access.o
 .ARM.attributes
                0x000000ce       0x2c build/default/debug/_ext/559172130/phy_init.o
 .ARM.attributes
                0x000000fa       0x2c build/default/debug/_ext/559172130/phy_ed.o
 .ARM.attributes
                0x00000126       0x2c build/default/debug/_ext/559172130/phy_rx.o
 .ARM.attributes
                0x00000152       0x2c build/default/debug/_ext/559172130/phy_rx_enable.o
 .ARM.attributes
                0x0000017e       0x2c build/default/debug/_ext/559172130/phy_irq_handler.o
 .ARM.attributes
                0x000001aa       0x2c build/default/debug/_ext/559172130/phy_helper.o
 .ARM.attributes
                0x000001d6       0x2c build/default/debug/_ext/559172130/phy_pib.o
 .ARM.attributes
                0x00000202       0x2c build/default/debug/_ext/559172130/phy_pwr_mgmt.o
 .ARM.attributes
                0x0000022e       0x2c build/default/debug/_ext/559172130/phy_tx.o
 .ARM.attributes
                0x0000025a       0x2c build/default/debug/_ext/957911548/phy_task.o
 .ARM.attributes
                0x00000286       0x2c build/default/debug/_ext/1374435801/bmm.o
 .ARM.attributes
                0x000002b2       0x2c build/default/debug/_ext/874725666/qmm.o
 .ARM.attributes
                0x000002de       0x2c build/default/debug/_ext/1529399856/osal_freertos.o
 .ARM.attributes
                0x0000030a       0x2c build/default/debug/_ext/1529399856/osal_freertos_extend.o
 .ARM.attributes
                0x00000336       0x2c build/default/debug/_ext/1984496892/plib_clock.o
 .ARM.attributes
                0x00000362       0x2c build/default/debug/_ext/60167341/plib_eic.o
 .ARM.attributes
                0x0000038e       0x2c build/default/debug/_ext/1865468468/plib_nvic.o
 .ARM.attributes
                0x000003ba       0x2c build/default/debug/_ext/1593096446/plib_nvmctrl.o
 .ARM.attributes
                0x000003e6       0x2c build/default/debug/_ext/1865521619/plib_port.o
 .ARM.attributes
                0x00000412       0x2c build/default/debug/_ext/17022449/plib_sercom4_spi_master.o
 .ARM.attributes
                0x0000043e       0x2c build/default/debug/_ext/829342655/plib_tc3.o
 .ARM.attributes
                0x0000046a       0x2c build/default/debug/_ext/1881668453/sys_int.o
 .ARM.attributes
                0x00000496       0x2c build/default/debug/_ext/101884895/sys_time.o
 .ARM.attributes
                0x000004c2       0x2c build/default/debug/_ext/1171490990/initialization.o
 .ARM.attributes
                0x000004ee       0x2c build/default/debug/_ext/1171490990/interrupts.o
 .ARM.attributes
                0x0000051a       0x2c build/default/debug/_ext/1171490990/exceptions.o
 .ARM.attributes
                0x00000546       0x2c build/default/debug/_ext/1171490990/freertos_hooks.o
 .ARM.attributes
                0x00000572       0x2c build/default/debug/_ext/1171490990/startup_xc32.o
 .ARM.attributes
                0x0000059e       0x2c build/default/debug/_ext/1171490990/tasks.o
 .ARM.attributes
                0x000005ca       0x2c build/default/debug/_ext/1624415188/port.o
 .ARM.attributes
                0x000005f6       0x2c build/default/debug/_ext/1665200909/heap_4.o
 .ARM.attributes
                0x00000622       0x2c build/default/debug/_ext/404212886/queue.o
 .ARM.attributes
                0x0000064e       0x2c build/default/debug/_ext/404212886/list.o
 .ARM.attributes
                0x0000067a       0x2c build/default/debug/_ext/404212886/FreeRTOS_tasks.o
 .ARM.attributes
                0x000006a6       0x2c build/default/debug/_ext/1360937237/main.o
 .ARM.attributes
                0x000006d2       0x2c build/default/debug/_ext/1360937237/app.o
 .ARM.attributes
                0x000006fe       0x2c build/default/debug/_ext/1181623987/miwi_mesh_commissioning.o
 .ARM.attributes
                0x0000072a       0x2c build/default/debug/_ext/1181623987/miwi_mesh_join.o
 .ARM.attributes
                0x00000756       0x32 build/default/debug/_ext/1181623987/miwi_mesh_app.o
 .ARM.attributes
                0x00000788       0x2c build/default/debug/_ext/1181623987/miwi_init.o
 .ARM.attributes
                0x000007b4       0x2c build/default/debug/_ext/1181623987/miwi_mesh.o
 .ARM.attributes
                0x000007e0       0x2c build/default/debug/_ext/1181623987/miwi_app.o
 .ARM.attributes
                0x0000080c       0x2c build/default/debug/_ext/1181623987/commands.o
 .ARM.attributes
                0x00000838       0x2c build/default/debug/_ext/1181623987/miwi_mesh_routing.o
 .ARM.attributes
                0x00000864       0x2c build/default/debug/_ext/1181623987/mimac.o
 .ARM.attributes
                0x00000890       0x2c build/default/debug/_ext/1181623987/mimac_task.o
 .ARM.attributes
                0x000008bc       0x2c build/default/debug/_ext/1181623987/miwi_mesh_frame.o
 .ARM.attributes
                0x000008e8       0x2c c:/program files/microchip/xc32/v4.35/bin/bin/../../lib/gcc/pic32c/8.3.1/../../../../pic32c/lib/thumb/v6-m/nofp\libpic32c.a(data_init.o)
 .ARM.attributes
                0x00000914       0x2e c:/program files/microchip/xc32/v4.35/bin/bin/../../lib/gcc/pic32c/8.3.1/../../../../pic32c/lib/thumb/v6-m/nofp\libg-musl.a(__libc_start_main.o)
 .ARM.attributes
                0x00000942       0x2e c:/program files/microchip/xc32/v4.35/bin/bin/../../lib/gcc/pic32c/8.3.1/../../../../pic32c/lib/thumb/v6-m/nofp\libg-musl.a(libc.o)
 .ARM.attributes
                0x00000970       0x2e c:/program files/microchip/xc32/v4.35/bin/bin/../../lib/gcc/pic32c/8.3.1/../../../../pic32c/lib/thumb/v6-m/nofp\libg-musl.a(rand.o)
 .ARM.attributes
                0x0000099e       0x2e c:/program files/microchip/xc32/v4.35/bin/bin/../../lib/gcc/pic32c/8.3.1/../../../../pic32c/lib/thumb/v6-m/nofp\libg-musl.a(memcmp.o)
 .ARM.attributes
                0x000009cc       0x2e c:/program files/microchip/xc32/v4.35/bin/bin/../../lib/gcc/pic32c/8.3.1/../../../../pic32c/lib/thumb/v6-m/nofp\libg-musl.a(memcpy.o)
 .ARM.attributes
                0x000009fa       0x2e c:/program files/microchip/xc32/v4.35/bin/bin/../../lib/gcc/pic32c/8.3.1/../../../../pic32c/lib/thumb/v6-m/nofp\libg-musl.a(memset.o)
 .ARM.attributes
                0x00000a28       0x2e c:/program files/microchip/xc32/v4.35/bin/bin/../../lib/gcc/pic32c/8.3.1/../../../../pic32c/lib/thumb/v6-m/nofp\libg-musl.a(__environ.o)
 .ARM.attributes
                0x00000a56       0x1e c:/program files/microchip/xc32/v4.35/bin/bin/../../lib/gcc/pic32c/8.3.1/thumb/v6-m/nofp\libgcc.a(_udivsi3.o)
 .ARM.attributes
                0x00000a74       0x1e c:/program files/microchip/xc32/v4.35/bin/bin/../../lib/gcc/pic32c/8.3.1/thumb/v6-m/nofp\libgcc.a(_divsi3.o)
 .ARM.attributes
                0x00000a92       0x1e c:/program files/microchip/xc32/v4.35/bin/bin/../../lib/gcc/pic32c/8.3.1/thumb/v6-m/nofp\libgcc.a(_dvmd_tls.o)
 .ARM.attributes
                0x00000ab0       0x1e c:/program files/microchip/xc32/v4.35/bin/bin/../../lib/gcc/pic32c/8.3.1/thumb/v6-m/nofp\libgcc.a(_aeabi_uldivmod.o)
 .ARM.attributes
                0x00000ace       0x2c c:/program files/microchip/xc32/v4.35/bin/bin/../../lib/gcc/pic32c/8.3.1/thumb/v6-m/nofp\libgcc.a(_muldi3.o)
 .ARM.attributes
                0x00000afa       0x2c c:/program files/microchip/xc32/v4.35/bin/bin/../../lib/gcc/pic32c/8.3.1/thumb/v6-m/nofp\libgcc.a(_udivmoddi4.o)
 .ARM.attributes
                0x00000b26       0x1e c:/program files/microchip/xc32/v4.35/bin/bin/../../lib/gcc/pic32c/8.3.1/thumb/v6-m/nofp\libgcc.a(_lshrdi3.o)
 .ARM.attributes
                0x00000b44       0x1e c:/program files/microchip/xc32/v4.35/bin/bin/../../lib/gcc/pic32c/8.3.1/thumb/v6-m/nofp\libgcc.a(_ashldi3.o)
 .ARM.attributes
                0x00000b62       0x1e c:/program files/microchip/xc32/v4.35/bin/bin/../../lib/gcc/pic32c/8.3.1/thumb/v6-m/nofp\libgcc.a(_clzdi2.o)
 .ARM.attributes
                0x00000b80       0x1e c:/program files/microchip/xc32/v4.35/bin/bin/../../lib/gcc/pic32c/8.3.1/thumb/v6-m/nofp\libgcc.a(_clzsi2.o)
 .ARM.attributes
                0x00000b9e       0x1e c:/program files/microchip/xc32/v4.35/bin/bin/../../lib/gcc/pic32c/8.3.1/thumb/v6-m/nofp/crtn.o
 .ARM.attributes
                0x00000bbc       0x2c c:/program files/microchip/xc32/v4.35/bin/bin/../../lib/gcc/pic32c/8.3.1/../../../../pic32c/lib/thumb/v6-m/nofp\libpic32c.a(pic32_data_init_clear.o)
 .ARM.attributes
                0x00000be8       0x2c c:/program files/microchip/xc32/v4.35/bin/bin/../../lib/gcc/pic32c/8.3.1/../../../../pic32c/lib/thumb/v6-m/nofp\libpic32c.a(pic32_data_init_copy.o)

.comment        0x00000000       0x2b
 .comment       0x00000000       0x2b c:/program files/microchip/xc32/v4.35/bin/bin/../../lib/gcc/pic32c/8.3.1/thumb/v6-m/nofp/crtbegin.o
                                 0x2c (size before relaxing)
 .comment       0x0000002b       0x2c build/default/debug/_ext/745501718/pal.o
 .comment       0x0000002b       0x2c build/default/debug/_ext/559172130/phy.o
 .comment       0x0000002b       0x2c build/default/debug/_ext/559172130/phy_trx_reg_access.o
 .comment       0x0000002b       0x2c build/default/debug/_ext/559172130/phy_init.o
 .comment       0x0000002b       0x2c build/default/debug/_ext/559172130/phy_ed.o
 .comment       0x0000002b       0x2c build/default/debug/_ext/559172130/phy_rx.o
 .comment       0x0000002b       0x2c build/default/debug/_ext/559172130/phy_rx_enable.o
 .comment       0x0000002b       0x2c build/default/debug/_ext/559172130/phy_irq_handler.o
 .comment       0x0000002b       0x2c build/default/debug/_ext/559172130/phy_helper.o
 .comment       0x0000002b       0x2c build/default/debug/_ext/559172130/phy_pib.o
 .comment       0x0000002b       0x2c build/default/debug/_ext/559172130/phy_pwr_mgmt.o
 .comment       0x0000002b       0x2c build/default/debug/_ext/559172130/phy_tx.o
 .comment       0x0000002b       0x2c build/default/debug/_ext/957911548/phy_task.o
 .comment       0x0000002b       0x2c build/default/debug/_ext/1374435801/bmm.o
 .comment       0x0000002b       0x2c build/default/debug/_ext/874725666/qmm.o
 .comment       0x0000002b       0x2c build/default/debug/_ext/1529399856/osal_freertos.o
 .comment       0x0000002b       0x2c build/default/debug/_ext/1529399856/osal_freertos_extend.o
 .comment       0x0000002b       0x2c build/default/debug/_ext/1984496892/plib_clock.o
 .comment       0x0000002b       0x2c build/default/debug/_ext/60167341/plib_eic.o
 .comment       0x0000002b       0x2c build/default/debug/_ext/1865468468/plib_nvic.o
 .comment       0x0000002b       0x2c build/default/debug/_ext/1593096446/plib_nvmctrl.o
 .comment       0x0000002b       0x2c build/default/debug/_ext/1865521619/plib_port.o
 .comment       0x0000002b       0x2c build/default/debug/_ext/17022449/plib_sercom4_spi_master.o
 .comment       0x0000002b       0x2c build/default/debug/_ext/829342655/plib_tc3.o
 .comment       0x0000002b       0x2c build/default/debug/_ext/1881668453/sys_int.o
 .comment       0x0000002b       0x2c build/default/debug/_ext/101884895/sys_time.o
 .comment       0x0000002b       0x2c build/default/debug/_ext/1171490990/initialization.o
 .comment       0x0000002b       0x2c build/default/debug/_ext/1171490990/interrupts.o
 .comment       0x0000002b       0x2c build/default/debug/_ext/1171490990/exceptions.o
 .comment       0x0000002b       0x2c build/default/debug/_ext/1171490990/freertos_hooks.o
 .comment       0x0000002b       0x2c build/default/debug/_ext/1171490990/startup_xc32.o
 .comment       0x0000002b       0x2c build/default/debug/_ext/1171490990/tasks.o
 .comment       0x0000002b       0x2c build/default/debug/_ext/1624415188/port.o
 .comment       0x0000002b       0x2c build/default/debug/_ext/1665200909/heap_4.o
 .comment       0x0000002b       0x2c build/default/debug/_ext/404212886/queue.o
 .comment       0x0000002b       0x2c build/default/debug/_ext/404212886/list.o
 .comment       0x0000002b       0x2c build/default/debug/_ext/404212886/FreeRTOS_tasks.o
 .comment       0x0000002b       0x2c build/default/debug/_ext/1360937237/main.o
 .comment       0x0000002b       0x2c build/default/debug/_ext/1360937237/app.o
 .comment       0x0000002b       0x2c build/default/debug/_ext/1181623987/miwi_mesh_commissioning.o
 .comment       0x0000002b       0x2c build/default/debug/_ext/1181623987/miwi_mesh_join.o
 .comment       0x0000002b       0x2c build/default/debug/_ext/1181623987/miwi_mesh_app.o
 .comment       0x0000002b       0x2c build/default/debug/_ext/1181623987/miwi_init.o
 .comment       0x0000002b       0x2c build/default/debug/_ext/1181623987/miwi_mesh.o
 .comment       0x0000002b       0x2c build/default/debug/_ext/1181623987/miwi_app.o
 .comment       0x0000002b       0x2c build/default/debug/_ext/1181623987/commands.o
 .comment       0x0000002b       0x2c build/default/debug/_ext/1181623987/miwi_mesh_routing.o
 .comment       0x0000002b       0x2c build/default/debug/_ext/1181623987/mimac.o
 .comment       0x0000002b       0x2c build/default/debug/_ext/1181623987/mimac_task.o
 .comment       0x0000002b       0x2c build/default/debug/_ext/1181623987/miwi_mesh_frame.o
 .comment       0x0000002b       0x2c c:/program files/microchip/xc32/v4.35/bin/bin/../../lib/gcc/pic32c/8.3.1/../../../../pic32c/lib/thumb/v6-m/nofp\libpic32c.a(data_init.o)
 .comment       0x0000002b       0x2c c:/program files/microchip/xc32/v4.35/bin/bin/../../lib/gcc/pic32c/8.3.1/../../../../pic32c/lib/thumb/v6-m/nofp\libg-musl.a(__libc_start_main.o)
 .comment       0x0000002b       0x2c c:/program files/microchip/xc32/v4.35/bin/bin/../../lib/gcc/pic32c/8.3.1/../../../../pic32c/lib/thumb/v6-m/nofp\libg-musl.a(libc.o)
 .comment       0x0000002b       0x2c c:/program files/microchip/xc32/v4.35/bin/bin/../../lib/gcc/pic32c/8.3.1/../../../../pic32c/lib/thumb/v6-m/nofp\libg-musl.a(rand.o)
 .comment       0x0000002b       0x2c c:/program files/microchip/xc32/v4.35/bin/bin/../../lib/gcc/pic32c/8.3.1/../../../../pic32c/lib/thumb/v6-m/nofp\libg-musl.a(memcmp.o)
 .comment       0x0000002b       0x2c c:/program files/microchip/xc32/v4.35/bin/bin/../../lib/gcc/pic32c/8.3.1/../../../../pic32c/lib/thumb/v6-m/nofp\libg-musl.a(memcpy.o)
 .comment       0x0000002b       0x2c c:/program files/microchip/xc32/v4.35/bin/bin/../../lib/gcc/pic32c/8.3.1/../../../../pic32c/lib/thumb/v6-m/nofp\libg-musl.a(memset.o)
 .comment       0x0000002b       0x2c c:/program files/microchip/xc32/v4.35/bin/bin/../../lib/gcc/pic32c/8.3.1/../../../../pic32c/lib/thumb/v6-m/nofp\libg-musl.a(__environ.o)
 .comment       0x0000002b       0x2c c:/program files/microchip/xc32/v4.35/bin/bin/../../lib/gcc/pic32c/8.3.1/thumb/v6-m/nofp\libgcc.a(_muldi3.o)
 .comment       0x0000002b       0x2c c:/program files/microchip/xc32/v4.35/bin/bin/../../lib/gcc/pic32c/8.3.1/thumb/v6-m/nofp\libgcc.a(_udivmoddi4.o)
 .comment       0x0000002b       0x2c c:/program files/microchip/xc32/v4.35/bin/bin/../../lib/gcc/pic32c/8.3.1/../../../../pic32c/lib/thumb/v6-m/nofp\libpic32c.a(pic32_data_init_clear.o)
 .comment       0x0000002b       0x2c c:/program files/microchip/xc32/v4.35/bin/bin/../../lib/gcc/pic32c/8.3.1/../../../../pic32c/lib/thumb/v6-m/nofp\libpic32c.a(pic32_data_init_copy.o)

.debug_info     0x00000000    0x3a209
 .debug_info    0x00000000      0xeeb build/default/debug/_ext/745501718/pal.o
 .debug_info    0x00000eeb     0x19ca build/default/debug/_ext/559172130/phy.o
 .debug_info    0x000028b5      0xc43 build/default/debug/_ext/559172130/phy_trx_reg_access.o
 .debug_info    0x000034f8     0x1b12 build/default/debug/_ext/559172130/phy_init.o
 .debug_info    0x0000500a      0xd6f build/default/debug/_ext/559172130/phy_ed.o
 .debug_info    0x00005d79      0xca2 build/default/debug/_ext/559172130/phy_rx.o
 .debug_info    0x00006a1b      0xa33 build/default/debug/_ext/559172130/phy_rx_enable.o
 .debug_info    0x0000744e      0x9d1 build/default/debug/_ext/559172130/phy_irq_handler.o
 .debug_info    0x00007e1f     0x1bbd build/default/debug/_ext/559172130/phy_helper.o
 .debug_info    0x000099dc     0x132a build/default/debug/_ext/559172130/phy_pib.o
 .debug_info    0x0000ad06      0xcf3 build/default/debug/_ext/559172130/phy_pwr_mgmt.o
 .debug_info    0x0000b9f9     0x15b0 build/default/debug/_ext/559172130/phy_tx.o
 .debug_info    0x0000cfa9      0x60a build/default/debug/_ext/957911548/phy_task.o
 .debug_info    0x0000d5b3      0x6f6 build/default/debug/_ext/1374435801/bmm.o
 .debug_info    0x0000dca9      0x83c build/default/debug/_ext/874725666/qmm.o
 .debug_info    0x0000e4e5      0xbca build/default/debug/_ext/1529399856/osal_freertos.o
 .debug_info    0x0000f0af      0x903 build/default/debug/_ext/1529399856/osal_freertos_extend.o
 .debug_info    0x0000f9b2      0xa12 build/default/debug/_ext/1984496892/plib_clock.o
 .debug_info    0x000103c4      0x6ce build/default/debug/_ext/60167341/plib_eic.o
 .debug_info    0x00010a92      0xa8f build/default/debug/_ext/1865468468/plib_nvic.o
 .debug_info    0x00011521      0x9d3 build/default/debug/_ext/1593096446/plib_nvmctrl.o
 .debug_info    0x00011ef4      0xccc build/default/debug/_ext/1865521619/plib_port.o
 .debug_info    0x00012bc0     0x14b8 build/default/debug/_ext/17022449/plib_sercom4_spi_master.o
 .debug_info    0x00014078      0xbd2 build/default/debug/_ext/829342655/plib_tc3.o
 .debug_info    0x00014c4a      0x978 build/default/debug/_ext/1881668453/sys_int.o
 .debug_info    0x000155c2     0x270e build/default/debug/_ext/101884895/sys_time.o
 .debug_info    0x00017cd0     0x132d build/default/debug/_ext/1171490990/initialization.o
 .debug_info    0x00018ffd      0x84e build/default/debug/_ext/1171490990/interrupts.o
 .debug_info    0x0001984b      0x33a build/default/debug/_ext/1171490990/exceptions.o
 .debug_info    0x00019b85      0x494 build/default/debug/_ext/1171490990/freertos_hooks.o
 .debug_info    0x0001a019      0x49b build/default/debug/_ext/1171490990/startup_xc32.o
 .debug_info    0x0001a4b4      0x63b build/default/debug/_ext/1171490990/tasks.o
 .debug_info    0x0001aaef      0x6ed build/default/debug/_ext/1624415188/port.o
 .debug_info    0x0001b1dc      0xa42 build/default/debug/_ext/1665200909/heap_4.o
 .debug_info    0x0001bc1e     0x248c build/default/debug/_ext/404212886/queue.o
 .debug_info    0x0001e0aa      0x630 build/default/debug/_ext/404212886/list.o
 .debug_info    0x0001e6da     0x2cc7 build/default/debug/_ext/404212886/FreeRTOS_tasks.o
 .debug_info    0x000213a1      0x32f build/default/debug/_ext/1360937237/main.o
 .debug_info    0x000216d0      0x5be build/default/debug/_ext/1360937237/app.o
 .debug_info    0x00021c8e     0x199f build/default/debug/_ext/1181623987/miwi_mesh_commissioning.o
 .debug_info    0x0002362d     0x2f57 build/default/debug/_ext/1181623987/miwi_mesh_join.o
 .debug_info    0x00026584      0xdf9 build/default/debug/_ext/1181623987/miwi_mesh_app.o
 .debug_info    0x0002737d     0x141e build/default/debug/_ext/1181623987/miwi_init.o
 .debug_info    0x0002879b     0x30d4 build/default/debug/_ext/1181623987/miwi_mesh.o
 .debug_info    0x0002b86f     0x1f30 build/default/debug/_ext/1181623987/miwi_app.o
 .debug_info    0x0002d79f     0x1441 build/default/debug/_ext/1181623987/commands.o
 .debug_info    0x0002ebe0     0x2235 build/default/debug/_ext/1181623987/miwi_mesh_routing.o
 .debug_info    0x00030e15     0x250c build/default/debug/_ext/1181623987/mimac.o
 .debug_info    0x00033321      0xfb9 build/default/debug/_ext/1181623987/mimac_task.o
 .debug_info    0x000342da     0x344a build/default/debug/_ext/1181623987/miwi_mesh_frame.o
 .debug_info    0x00037724      0x2b9 c:/program files/microchip/xc32/v4.35/bin/bin/../../lib/gcc/pic32c/8.3.1/../../../../pic32c/lib/thumb/v6-m/nofp\libpic32c.a(data_init.o)
 .debug_info    0x000379dd      0x616 c:/program files/microchip/xc32/v4.35/bin/bin/../../lib/gcc/pic32c/8.3.1/../../../../pic32c/lib/thumb/v6-m/nofp\libg-musl.a(__libc_start_main.o)
 .debug_info    0x00037ff3      0x528 c:/program files/microchip/xc32/v4.35/bin/bin/../../lib/gcc/pic32c/8.3.1/../../../../pic32c/lib/thumb/v6-m/nofp\libg-musl.a(libc.o)
 .debug_info    0x0003851b      0x31f c:/program files/microchip/xc32/v4.35/bin/bin/../../lib/gcc/pic32c/8.3.1/../../../../pic32c/lib/thumb/v6-m/nofp\libg-musl.a(rand.o)
 .debug_info    0x0003883a      0x2cf c:/program files/microchip/xc32/v4.35/bin/bin/../../lib/gcc/pic32c/8.3.1/../../../../pic32c/lib/thumb/v6-m/nofp\libg-musl.a(memcmp.o)
 .debug_info    0x00038b09      0x2e8 c:/program files/microchip/xc32/v4.35/bin/bin/../../lib/gcc/pic32c/8.3.1/../../../../pic32c/lib/thumb/v6-m/nofp\libg-musl.a(memcpy.o)
 .debug_info    0x00038df1      0x2b2 c:/program files/microchip/xc32/v4.35/bin/bin/../../lib/gcc/pic32c/8.3.1/../../../../pic32c/lib/thumb/v6-m/nofp\libg-musl.a(memset.o)
 .debug_info    0x000390a3      0x2a2 c:/program files/microchip/xc32/v4.35/bin/bin/../../lib/gcc/pic32c/8.3.1/../../../../pic32c/lib/thumb/v6-m/nofp\libg-musl.a(__environ.o)
 .debug_info    0x00039345       0x26 c:/program files/microchip/xc32/v4.35/bin/bin/../../lib/gcc/pic32c/8.3.1/thumb/v6-m/nofp\libgcc.a(_udivsi3.o)
 .debug_info    0x0003936b       0x26 c:/program files/microchip/xc32/v4.35/bin/bin/../../lib/gcc/pic32c/8.3.1/thumb/v6-m/nofp\libgcc.a(_divsi3.o)
 .debug_info    0x00039391       0x26 c:/program files/microchip/xc32/v4.35/bin/bin/../../lib/gcc/pic32c/8.3.1/thumb/v6-m/nofp\libgcc.a(_dvmd_tls.o)
 .debug_info    0x000393b7       0x26 c:/program files/microchip/xc32/v4.35/bin/bin/../../lib/gcc/pic32c/8.3.1/thumb/v6-m/nofp\libgcc.a(_aeabi_uldivmod.o)
 .debug_info    0x000393dd      0x492 c:/program files/microchip/xc32/v4.35/bin/bin/../../lib/gcc/pic32c/8.3.1/thumb/v6-m/nofp\libgcc.a(_muldi3.o)
 .debug_info    0x0003986f      0x3df c:/program files/microchip/xc32/v4.35/bin/bin/../../lib/gcc/pic32c/8.3.1/thumb/v6-m/nofp\libgcc.a(_udivmoddi4.o)
 .debug_info    0x00039c4e       0x26 c:/program files/microchip/xc32/v4.35/bin/bin/../../lib/gcc/pic32c/8.3.1/thumb/v6-m/nofp\libgcc.a(_lshrdi3.o)
 .debug_info    0x00039c74       0x26 c:/program files/microchip/xc32/v4.35/bin/bin/../../lib/gcc/pic32c/8.3.1/thumb/v6-m/nofp\libgcc.a(_ashldi3.o)
 .debug_info    0x00039c9a       0x26 c:/program files/microchip/xc32/v4.35/bin/bin/../../lib/gcc/pic32c/8.3.1/thumb/v6-m/nofp\libgcc.a(_clzdi2.o)
 .debug_info    0x00039cc0       0x26 c:/program files/microchip/xc32/v4.35/bin/bin/../../lib/gcc/pic32c/8.3.1/thumb/v6-m/nofp\libgcc.a(_clzsi2.o)
 .debug_info    0x00039ce6      0x292 c:/program files/microchip/xc32/v4.35/bin/bin/../../lib/gcc/pic32c/8.3.1/../../../../pic32c/lib/thumb/v6-m/nofp\libpic32c.a(pic32_data_init_clear.o)
 .debug_info    0x00039f78      0x291 c:/program files/microchip/xc32/v4.35/bin/bin/../../lib/gcc/pic32c/8.3.1/../../../../pic32c/lib/thumb/v6-m/nofp\libpic32c.a(pic32_data_init_copy.o)

.debug_abbrev   0x00000000     0x81b3
 .debug_abbrev  0x00000000      0x3a5 build/default/debug/_ext/745501718/pal.o
 .debug_abbrev  0x000003a5      0x371 build/default/debug/_ext/559172130/phy.o
 .debug_abbrev  0x00000716      0x191 build/default/debug/_ext/559172130/phy_trx_reg_access.o
 .debug_abbrev  0x000008a7      0x38d build/default/debug/_ext/559172130/phy_init.o
 .debug_abbrev  0x00000c34      0x1c9 build/default/debug/_ext/559172130/phy_ed.o
 .debug_abbrev  0x00000dfd      0x231 build/default/debug/_ext/559172130/phy_rx.o
 .debug_abbrev  0x0000102e      0x162 build/default/debug/_ext/559172130/phy_rx_enable.o
 .debug_abbrev  0x00001190      0x16b build/default/debug/_ext/559172130/phy_irq_handler.o
 .debug_abbrev  0x000012fb      0x347 build/default/debug/_ext/559172130/phy_helper.o
 .debug_abbrev  0x00001642      0x34f build/default/debug/_ext/559172130/phy_pib.o
 .debug_abbrev  0x00001991      0x1c0 build/default/debug/_ext/559172130/phy_pwr_mgmt.o
 .debug_abbrev  0x00001b51      0x2a4 build/default/debug/_ext/559172130/phy_tx.o
 .debug_abbrev  0x00001df5      0x12a build/default/debug/_ext/957911548/phy_task.o
 .debug_abbrev  0x00001f1f      0x190 build/default/debug/_ext/1374435801/bmm.o
 .debug_abbrev  0x000020af      0x2b4 build/default/debug/_ext/874725666/qmm.o
 .debug_abbrev  0x00002363      0x1f9 build/default/debug/_ext/1529399856/osal_freertos.o
 .debug_abbrev  0x0000255c      0x189 build/default/debug/_ext/1529399856/osal_freertos_extend.o
 .debug_abbrev  0x000026e5      0x13e build/default/debug/_ext/1984496892/plib_clock.o
 .debug_abbrev  0x00002823      0x1cb build/default/debug/_ext/60167341/plib_eic.o
 .debug_abbrev  0x000029ee      0x1e1 build/default/debug/_ext/1865468468/plib_nvic.o
 .debug_abbrev  0x00002bcf      0x1af build/default/debug/_ext/1593096446/plib_nvmctrl.o
 .debug_abbrev  0x00002d7e      0x1d6 build/default/debug/_ext/1865521619/plib_port.o
 .debug_abbrev  0x00002f54      0x2b2 build/default/debug/_ext/17022449/plib_sercom4_spi_master.o
 .debug_abbrev  0x00003206      0x1e9 build/default/debug/_ext/829342655/plib_tc3.o
 .debug_abbrev  0x000033ef      0x246 build/default/debug/_ext/1881668453/sys_int.o
 .debug_abbrev  0x00003635      0x516 build/default/debug/_ext/101884895/sys_time.o
 .debug_abbrev  0x00003b4b      0x229 build/default/debug/_ext/1171490990/initialization.o
 .debug_abbrev  0x00003d74       0xb5 build/default/debug/_ext/1171490990/interrupts.o
 .debug_abbrev  0x00003e29       0x3e build/default/debug/_ext/1171490990/exceptions.o
 .debug_abbrev  0x00003e67       0xf7 build/default/debug/_ext/1171490990/freertos_hooks.o
 .debug_abbrev  0x00003f5e      0x110 build/default/debug/_ext/1171490990/startup_xc32.o
 .debug_abbrev  0x0000406e      0x133 build/default/debug/_ext/1171490990/tasks.o
 .debug_abbrev  0x000041a1      0x1cf build/default/debug/_ext/1624415188/port.o
 .debug_abbrev  0x00004370      0x261 build/default/debug/_ext/1665200909/heap_4.o
 .debug_abbrev  0x000045d1      0x336 build/default/debug/_ext/404212886/queue.o
 .debug_abbrev  0x00004907      0x15e build/default/debug/_ext/404212886/list.o
 .debug_abbrev  0x00004a65      0x405 build/default/debug/_ext/404212886/FreeRTOS_tasks.o
 .debug_abbrev  0x00004e6a       0x77 build/default/debug/_ext/1360937237/main.o
 .debug_abbrev  0x00004ee1      0x179 build/default/debug/_ext/1360937237/app.o
 .debug_abbrev  0x0000505a      0x3ec build/default/debug/_ext/1181623987/miwi_mesh_commissioning.o
 .debug_abbrev  0x00005446      0x4b1 build/default/debug/_ext/1181623987/miwi_mesh_join.o
 .debug_abbrev  0x000058f7      0x162 build/default/debug/_ext/1181623987/miwi_mesh_app.o
 .debug_abbrev  0x00005a59      0x258 build/default/debug/_ext/1181623987/miwi_init.o
 .debug_abbrev  0x00005cb1      0x4e0 build/default/debug/_ext/1181623987/miwi_mesh.o
 .debug_abbrev  0x00006191      0x4fe build/default/debug/_ext/1181623987/miwi_app.o
 .debug_abbrev  0x0000668f      0x3db build/default/debug/_ext/1181623987/commands.o
 .debug_abbrev  0x00006a6a      0x48f build/default/debug/_ext/1181623987/miwi_mesh_routing.o
 .debug_abbrev  0x00006ef9      0x496 build/default/debug/_ext/1181623987/mimac.o
 .debug_abbrev  0x0000738f      0x24f build/default/debug/_ext/1181623987/mimac_task.o
 .debug_abbrev  0x000075de      0x498 build/default/debug/_ext/1181623987/miwi_mesh_frame.o
 .debug_abbrev  0x00007a76       0x44 c:/program files/microchip/xc32/v4.35/bin/bin/../../lib/gcc/pic32c/8.3.1/../../../../pic32c/lib/thumb/v6-m/nofp\libpic32c.a(data_init.o)
 .debug_abbrev  0x00007aba      0x117 c:/program files/microchip/xc32/v4.35/bin/bin/../../lib/gcc/pic32c/8.3.1/../../../../pic32c/lib/thumb/v6-m/nofp\libg-musl.a(__libc_start_main.o)
 .debug_abbrev  0x00007bd1       0xb8 c:/program files/microchip/xc32/v4.35/bin/bin/../../lib/gcc/pic32c/8.3.1/../../../../pic32c/lib/thumb/v6-m/nofp\libg-musl.a(libc.o)
 .debug_abbrev  0x00007c89       0x8b c:/program files/microchip/xc32/v4.35/bin/bin/../../lib/gcc/pic32c/8.3.1/../../../../pic32c/lib/thumb/v6-m/nofp\libg-musl.a(rand.o)
 .debug_abbrev  0x00007d14       0x9c c:/program files/microchip/xc32/v4.35/bin/bin/../../lib/gcc/pic32c/8.3.1/../../../../pic32c/lib/thumb/v6-m/nofp\libg-musl.a(memcmp.o)
 .debug_abbrev  0x00007db0       0x9c c:/program files/microchip/xc32/v4.35/bin/bin/../../lib/gcc/pic32c/8.3.1/../../../../pic32c/lib/thumb/v6-m/nofp\libg-musl.a(memcpy.o)
 .debug_abbrev  0x00007e4c       0x97 c:/program files/microchip/xc32/v4.35/bin/bin/../../lib/gcc/pic32c/8.3.1/../../../../pic32c/lib/thumb/v6-m/nofp\libg-musl.a(memset.o)
 .debug_abbrev  0x00007ee3       0x57 c:/program files/microchip/xc32/v4.35/bin/bin/../../lib/gcc/pic32c/8.3.1/../../../../pic32c/lib/thumb/v6-m/nofp\libg-musl.a(__environ.o)
 .debug_abbrev  0x00007f3a       0x14 c:/program files/microchip/xc32/v4.35/bin/bin/../../lib/gcc/pic32c/8.3.1/thumb/v6-m/nofp\libgcc.a(_udivsi3.o)
 .debug_abbrev  0x00007f4e       0x14 c:/program files/microchip/xc32/v4.35/bin/bin/../../lib/gcc/pic32c/8.3.1/thumb/v6-m/nofp\libgcc.a(_divsi3.o)
 .debug_abbrev  0x00007f62       0x14 c:/program files/microchip/xc32/v4.35/bin/bin/../../lib/gcc/pic32c/8.3.1/thumb/v6-m/nofp\libgcc.a(_dvmd_tls.o)
 .debug_abbrev  0x00007f76       0x14 c:/program files/microchip/xc32/v4.35/bin/bin/../../lib/gcc/pic32c/8.3.1/thumb/v6-m/nofp\libgcc.a(_aeabi_uldivmod.o)
 .debug_abbrev  0x00007f8a       0xef c:/program files/microchip/xc32/v4.35/bin/bin/../../lib/gcc/pic32c/8.3.1/thumb/v6-m/nofp\libgcc.a(_muldi3.o)
 .debug_abbrev  0x00008079       0x8e c:/program files/microchip/xc32/v4.35/bin/bin/../../lib/gcc/pic32c/8.3.1/thumb/v6-m/nofp\libgcc.a(_udivmoddi4.o)
 .debug_abbrev  0x00008107       0x14 c:/program files/microchip/xc32/v4.35/bin/bin/../../lib/gcc/pic32c/8.3.1/thumb/v6-m/nofp\libgcc.a(_lshrdi3.o)
 .debug_abbrev  0x0000811b       0x14 c:/program files/microchip/xc32/v4.35/bin/bin/../../lib/gcc/pic32c/8.3.1/thumb/v6-m/nofp\libgcc.a(_ashldi3.o)
 .debug_abbrev  0x0000812f       0x14 c:/program files/microchip/xc32/v4.35/bin/bin/../../lib/gcc/pic32c/8.3.1/thumb/v6-m/nofp\libgcc.a(_clzdi2.o)
 .debug_abbrev  0x00008143       0x14 c:/program files/microchip/xc32/v4.35/bin/bin/../../lib/gcc/pic32c/8.3.1/thumb/v6-m/nofp\libgcc.a(_clzsi2.o)
 .debug_abbrev  0x00008157       0x2e c:/program files/microchip/xc32/v4.35/bin/bin/../../lib/gcc/pic32c/8.3.1/../../../../pic32c/lib/thumb/v6-m/nofp\libpic32c.a(pic32_data_init_clear.o)
 .debug_abbrev  0x00008185       0x2e c:/program files/microchip/xc32/v4.35/bin/bin/../../lib/gcc/pic32c/8.3.1/../../../../pic32c/lib/thumb/v6-m/nofp\libpic32c.a(pic32_data_init_copy.o)

.debug_loc      0x00000000    0x144e4
 .debug_loc     0x00000000      0x7d2 build/default/debug/_ext/745501718/pal.o
 .debug_loc     0x000007d2      0x418 build/default/debug/_ext/559172130/phy.o
 .debug_loc     0x00000bea      0x4ad build/default/debug/_ext/559172130/phy_trx_reg_access.o
 .debug_loc     0x00001097      0x360 build/default/debug/_ext/559172130/phy_init.o
 .debug_loc     0x000013f7       0xc4 build/default/debug/_ext/559172130/phy_ed.o
 .debug_loc     0x000014bb      0x276 build/default/debug/_ext/559172130/phy_rx.o
 .debug_loc     0x00001731       0x9c build/default/debug/_ext/559172130/phy_rx_enable.o
 .debug_loc     0x000017cd       0xdb build/default/debug/_ext/559172130/phy_irq_handler.o
 .debug_loc     0x000018a8      0xf4b build/default/debug/_ext/559172130/phy_helper.o
 .debug_loc     0x000027f3      0x954 build/default/debug/_ext/559172130/phy_pib.o
 .debug_loc     0x00003147       0xc9 build/default/debug/_ext/559172130/phy_pwr_mgmt.o
 .debug_loc     0x00003210      0x2ea build/default/debug/_ext/559172130/phy_tx.o
 .debug_loc     0x000034fa      0x1ce build/default/debug/_ext/957911548/phy_task.o
 .debug_loc     0x000036c8      0x1b5 build/default/debug/_ext/1374435801/bmm.o
 .debug_loc     0x0000387d      0x541 build/default/debug/_ext/874725666/qmm.o
 .debug_loc     0x00003dbe      0x70a build/default/debug/_ext/1529399856/osal_freertos.o
 .debug_loc     0x000044c8      0x4dc build/default/debug/_ext/1529399856/osal_freertos_extend.o
 .debug_loc     0x000049a4       0x31 build/default/debug/_ext/1984496892/plib_clock.o
 .debug_loc     0x000049d5      0x110 build/default/debug/_ext/60167341/plib_eic.o
 .debug_loc     0x00004ae5       0xf4 build/default/debug/_ext/1865468468/plib_nvic.o
 .debug_loc     0x00004bd9      0x42e build/default/debug/_ext/1593096446/plib_nvmctrl.o
 .debug_loc     0x00005007      0x246 build/default/debug/_ext/1865521619/plib_port.o
 .debug_loc     0x0000524d      0x68a build/default/debug/_ext/17022449/plib_sercom4_spi_master.o
 .debug_loc     0x000058d7       0x6f build/default/debug/_ext/829342655/plib_tc3.o
 .debug_loc     0x00005946      0x17d build/default/debug/_ext/1881668453/sys_int.o
 .debug_loc     0x00005ac3     0x2371 build/default/debug/_ext/101884895/sys_time.o
 .debug_loc     0x00007e34       0x45 build/default/debug/_ext/1171490990/initialization.o
 .debug_loc     0x00007e79       0x76 build/default/debug/_ext/1171490990/freertos_hooks.o
 .debug_loc     0x00007eef       0x20 build/default/debug/_ext/1171490990/startup_xc32.o
 .debug_loc     0x00007f0f      0x140 build/default/debug/_ext/1171490990/tasks.o
 .debug_loc     0x0000804f      0x14d build/default/debug/_ext/1624415188/port.o
 .debug_loc     0x0000819c      0x588 build/default/debug/_ext/1665200909/heap_4.o
 .debug_loc     0x00008724     0x1d29 build/default/debug/_ext/404212886/queue.o
 .debug_loc     0x0000a44d       0xa6 build/default/debug/_ext/404212886/list.o
 .debug_loc     0x0000a4f3     0x1fef build/default/debug/_ext/404212886/FreeRTOS_tasks.o
 .debug_loc     0x0000c4e2       0x20 build/default/debug/_ext/1360937237/main.o
 .debug_loc     0x0000c502       0x9f build/default/debug/_ext/1360937237/app.o
 .debug_loc     0x0000c5a1      0x797 build/default/debug/_ext/1181623987/miwi_mesh_commissioning.o
 .debug_loc     0x0000cd38     0x152c build/default/debug/_ext/1181623987/miwi_mesh_join.o
 .debug_loc     0x0000e264       0x71 build/default/debug/_ext/1181623987/miwi_init.o
 .debug_loc     0x0000e2d5     0x135a build/default/debug/_ext/1181623987/miwi_mesh.o
 .debug_loc     0x0000f62f      0x636 build/default/debug/_ext/1181623987/miwi_app.o
 .debug_loc     0x0000fc65      0x4bb build/default/debug/_ext/1181623987/commands.o
 .debug_loc     0x00010120      0xe5e build/default/debug/_ext/1181623987/miwi_mesh_routing.o
 .debug_loc     0x00010f7e     0x1158 build/default/debug/_ext/1181623987/mimac.o
 .debug_loc     0x000120d6      0x19b build/default/debug/_ext/1181623987/mimac_task.o
 .debug_loc     0x00012271     0x1a13 build/default/debug/_ext/1181623987/miwi_mesh_frame.o
 .debug_loc     0x00013c84       0x14 c:/program files/microchip/xc32/v4.35/bin/bin/../../lib/gcc/pic32c/8.3.1/../../../../pic32c/lib/thumb/v6-m/nofp\libpic32c.a(data_init.o)
 .debug_loc     0x00013c98       0x5e c:/program files/microchip/xc32/v4.35/bin/bin/../../lib/gcc/pic32c/8.3.1/../../../../pic32c/lib/thumb/v6-m/nofp\libg-musl.a(__libc_start_main.o)
 .debug_loc     0x00013cf6       0x24 c:/program files/microchip/xc32/v4.35/bin/bin/../../lib/gcc/pic32c/8.3.1/../../../../pic32c/lib/thumb/v6-m/nofp\libg-musl.a(rand.o)
 .debug_loc     0x00013d1a      0x15e c:/program files/microchip/xc32/v4.35/bin/bin/../../lib/gcc/pic32c/8.3.1/../../../../pic32c/lib/thumb/v6-m/nofp\libg-musl.a(memcmp.o)
 .debug_loc     0x00013e78      0x12d c:/program files/microchip/xc32/v4.35/bin/bin/../../lib/gcc/pic32c/8.3.1/../../../../pic32c/lib/thumb/v6-m/nofp\libg-musl.a(memcpy.o)
 .debug_loc     0x00013fa5       0xcd c:/program files/microchip/xc32/v4.35/bin/bin/../../lib/gcc/pic32c/8.3.1/../../../../pic32c/lib/thumb/v6-m/nofp\libg-musl.a(memset.o)
 .debug_loc     0x00014072      0x177 c:/program files/microchip/xc32/v4.35/bin/bin/../../lib/gcc/pic32c/8.3.1/thumb/v6-m/nofp\libgcc.a(_muldi3.o)
 .debug_loc     0x000141e9      0x2e7 c:/program files/microchip/xc32/v4.35/bin/bin/../../lib/gcc/pic32c/8.3.1/thumb/v6-m/nofp\libgcc.a(_udivmoddi4.o)
 .debug_loc     0x000144d0       0x14 c:/program files/microchip/xc32/v4.35/bin/bin/../../lib/gcc/pic32c/8.3.1/../../../../pic32c/lib/thumb/v6-m/nofp\libpic32c.a(pic32_data_init_copy.o)

.debug_aranges  0x00000000     0x14d0
 .debug_aranges
                0x00000000       0x70 build/default/debug/_ext/745501718/pal.o
 .debug_aranges
                0x00000070       0x70 build/default/debug/_ext/559172130/phy.o
 .debug_aranges
                0x000000e0       0x58 build/default/debug/_ext/559172130/phy_trx_reg_access.o
 .debug_aranges
                0x00000138       0x48 build/default/debug/_ext/559172130/phy_init.o
 .debug_aranges
                0x00000180       0x30 build/default/debug/_ext/559172130/phy_ed.o
 .debug_aranges
                0x000001b0       0x28 build/default/debug/_ext/559172130/phy_rx.o
 .debug_aranges
                0x000001d8       0x20 build/default/debug/_ext/559172130/phy_rx_enable.o
 .debug_aranges
                0x000001f8       0x30 build/default/debug/_ext/559172130/phy_irq_handler.o
 .debug_aranges
                0x00000228       0x90 build/default/debug/_ext/559172130/phy_helper.o
 .debug_aranges
                0x000002b8       0x40 build/default/debug/_ext/559172130/phy_pib.o
 .debug_aranges
                0x000002f8       0x30 build/default/debug/_ext/559172130/phy_pwr_mgmt.o
 .debug_aranges
                0x00000328       0x48 build/default/debug/_ext/559172130/phy_tx.o
 .debug_aranges
                0x00000370       0x38 build/default/debug/_ext/957911548/phy_task.o
 .debug_aranges
                0x000003a8       0x38 build/default/debug/_ext/1374435801/bmm.o
 .debug_aranges
                0x000003e0       0x40 build/default/debug/_ext/874725666/qmm.o
 .debug_aranges
                0x00000420       0x90 build/default/debug/_ext/1529399856/osal_freertos.o
 .debug_aranges
                0x000004b0       0x58 build/default/debug/_ext/1529399856/osal_freertos_extend.o
 .debug_aranges
                0x00000508       0x20 build/default/debug/_ext/1984496892/plib_clock.o
 .debug_aranges
                0x00000528       0x40 build/default/debug/_ext/60167341/plib_eic.o
 .debug_aranges
                0x00000568       0x38 build/default/debug/_ext/1865468468/plib_nvic.o
 .debug_aranges
                0x000005a0       0x88 build/default/debug/_ext/1593096446/plib_nvmctrl.o
 .debug_aranges
                0x00000628       0x70 build/default/debug/_ext/1865521619/plib_port.o
 .debug_aranges
                0x00000698       0x60 build/default/debug/_ext/17022449/plib_sercom4_spi_master.o
 .debug_aranges
                0x000006f8       0x78 build/default/debug/_ext/829342655/plib_tc3.o
 .debug_aranges
                0x00000770       0x40 build/default/debug/_ext/1881668453/sys_int.o
 .debug_aranges
                0x000007b0      0x128 build/default/debug/_ext/101884895/sys_time.o
 .debug_aranges
                0x000008d8       0x20 build/default/debug/_ext/1171490990/initialization.o
 .debug_aranges
                0x000008f8       0x20 build/default/debug/_ext/1171490990/interrupts.o
 .debug_aranges
                0x00000918       0x28 build/default/debug/_ext/1171490990/exceptions.o
 .debug_aranges
                0x00000940       0x40 build/default/debug/_ext/1171490990/freertos_hooks.o
 .debug_aranges
                0x00000980       0x28 build/default/debug/_ext/1171490990/startup_xc32.o
 .debug_aranges
                0x000009a8       0x40 build/default/debug/_ext/1171490990/tasks.o
 .debug_aranges
                0x000009e8       0x88 build/default/debug/_ext/1624415188/port.o
 .debug_aranges
                0x00000a70       0x50 build/default/debug/_ext/1665200909/heap_4.o
 .debug_aranges
                0x00000ac0       0xf8 build/default/debug/_ext/404212886/queue.o
 .debug_aranges
                0x00000bb8       0x40 build/default/debug/_ext/404212886/list.o
 .debug_aranges
                0x00000bf8      0x178 build/default/debug/_ext/404212886/FreeRTOS_tasks.o
 .debug_aranges
                0x00000d70       0x20 build/default/debug/_ext/1360937237/main.o
 .debug_aranges
                0x00000d90       0x28 build/default/debug/_ext/1360937237/app.o
 .debug_aranges
                0x00000db8       0x48 build/default/debug/_ext/1181623987/miwi_mesh_commissioning.o
 .debug_aranges
                0x00000e00       0x88 build/default/debug/_ext/1181623987/miwi_mesh_join.o
 .debug_aranges
                0x00000e88       0x18 build/default/debug/_ext/1181623987/miwi_mesh_app.o
 .debug_aranges
                0x00000ea0       0x30 build/default/debug/_ext/1181623987/miwi_init.o
 .debug_aranges
                0x00000ed0       0x98 build/default/debug/_ext/1181623987/miwi_mesh.o
 .debug_aranges
                0x00000f68       0xa0 build/default/debug/_ext/1181623987/miwi_app.o
 .debug_aranges
                0x00001008       0x50 build/default/debug/_ext/1181623987/commands.o
 .debug_aranges
                0x00001058       0x88 build/default/debug/_ext/1181623987/miwi_mesh_routing.o
 .debug_aranges
                0x000010e0       0x90 build/default/debug/_ext/1181623987/mimac.o
 .debug_aranges
                0x00001170       0x30 build/default/debug/_ext/1181623987/mimac_task.o
 .debug_aranges
                0x000011a0       0xa8 build/default/debug/_ext/1181623987/miwi_mesh_frame.o
 .debug_aranges
                0x00001248       0x28 c:/program files/microchip/xc32/v4.35/bin/bin/../../lib/gcc/pic32c/8.3.1/../../../../pic32c/lib/thumb/v6-m/nofp\libpic32c.a(data_init.o)
 .debug_aranges
                0x00001270       0x28 c:/program files/microchip/xc32/v4.35/bin/bin/../../lib/gcc/pic32c/8.3.1/../../../../pic32c/lib/thumb/v6-m/nofp\libg-musl.a(__libc_start_main.o)
 .debug_aranges
                0x00001298       0x18 c:/program files/microchip/xc32/v4.35/bin/bin/../../lib/gcc/pic32c/8.3.1/../../../../pic32c/lib/thumb/v6-m/nofp\libg-musl.a(libc.o)
 .debug_aranges
                0x000012b0       0x28 c:/program files/microchip/xc32/v4.35/bin/bin/../../lib/gcc/pic32c/8.3.1/../../../../pic32c/lib/thumb/v6-m/nofp\libg-musl.a(rand.o)
 .debug_aranges
                0x000012d8       0x20 c:/program files/microchip/xc32/v4.35/bin/bin/../../lib/gcc/pic32c/8.3.1/../../../../pic32c/lib/thumb/v6-m/nofp\libg-musl.a(memcmp.o)
 .debug_aranges
                0x000012f8       0x20 c:/program files/microchip/xc32/v4.35/bin/bin/../../lib/gcc/pic32c/8.3.1/../../../../pic32c/lib/thumb/v6-m/nofp\libg-musl.a(memcpy.o)
 .debug_aranges
                0x00001318       0x20 c:/program files/microchip/xc32/v4.35/bin/bin/../../lib/gcc/pic32c/8.3.1/../../../../pic32c/lib/thumb/v6-m/nofp\libg-musl.a(memset.o)
 .debug_aranges
                0x00001338       0x18 c:/program files/microchip/xc32/v4.35/bin/bin/../../lib/gcc/pic32c/8.3.1/../../../../pic32c/lib/thumb/v6-m/nofp\libg-musl.a(__environ.o)
 .debug_aranges
                0x00001350       0x20 c:/program files/microchip/xc32/v4.35/bin/bin/../../lib/gcc/pic32c/8.3.1/thumb/v6-m/nofp\libgcc.a(_udivsi3.o)
 .debug_aranges
                0x00001370       0x20 c:/program files/microchip/xc32/v4.35/bin/bin/../../lib/gcc/pic32c/8.3.1/thumb/v6-m/nofp\libgcc.a(_divsi3.o)
 .debug_aranges
                0x00001390       0x20 c:/program files/microchip/xc32/v4.35/bin/bin/../../lib/gcc/pic32c/8.3.1/thumb/v6-m/nofp\libgcc.a(_dvmd_tls.o)
 .debug_aranges
                0x000013b0       0x20 c:/program files/microchip/xc32/v4.35/bin/bin/../../lib/gcc/pic32c/8.3.1/thumb/v6-m/nofp\libgcc.a(_aeabi_uldivmod.o)
 .debug_aranges
                0x000013d0       0x20 c:/program files/microchip/xc32/v4.35/bin/bin/../../lib/gcc/pic32c/8.3.1/thumb/v6-m/nofp\libgcc.a(_muldi3.o)
 .debug_aranges
                0x000013f0       0x20 c:/program files/microchip/xc32/v4.35/bin/bin/../../lib/gcc/pic32c/8.3.1/thumb/v6-m/nofp\libgcc.a(_udivmoddi4.o)
 .debug_aranges
                0x00001410       0x20 c:/program files/microchip/xc32/v4.35/bin/bin/../../lib/gcc/pic32c/8.3.1/thumb/v6-m/nofp\libgcc.a(_lshrdi3.o)
 .debug_aranges
                0x00001430       0x20 c:/program files/microchip/xc32/v4.35/bin/bin/../../lib/gcc/pic32c/8.3.1/thumb/v6-m/nofp\libgcc.a(_ashldi3.o)
 .debug_aranges
                0x00001450       0x20 c:/program files/microchip/xc32/v4.35/bin/bin/../../lib/gcc/pic32c/8.3.1/thumb/v6-m/nofp\libgcc.a(_clzdi2.o)
 .debug_aranges
                0x00001470       0x20 c:/program files/microchip/xc32/v4.35/bin/bin/../../lib/gcc/pic32c/8.3.1/thumb/v6-m/nofp\libgcc.a(_clzsi2.o)
 .debug_aranges
                0x00001490       0x20 c:/program files/microchip/xc32/v4.35/bin/bin/../../lib/gcc/pic32c/8.3.1/../../../../pic32c/lib/thumb/v6-m/nofp\libpic32c.a(pic32_data_init_clear.o)
 .debug_aranges
                0x000014b0       0x20 c:/program files/microchip/xc32/v4.35/bin/bin/../../lib/gcc/pic32c/8.3.1/../../../../pic32c/lib/thumb/v6-m/nofp\libpic32c.a(pic32_data_init_copy.o)

.debug_ranges   0x00000000     0x16f8
 .debug_ranges  0x00000000       0x60 build/default/debug/_ext/745501718/pal.o
 .debug_ranges  0x00000060       0x78 build/default/debug/_ext/559172130/phy.o
 .debug_ranges  0x000000d8       0x48 build/default/debug/_ext/559172130/phy_trx_reg_access.o
 .debug_ranges  0x00000120       0x98 build/default/debug/_ext/559172130/phy_init.o
 .debug_ranges  0x000001b8       0x20 build/default/debug/_ext/559172130/phy_ed.o
 .debug_ranges  0x000001d8       0x30 build/default/debug/_ext/559172130/phy_rx.o
 .debug_ranges  0x00000208       0x10 build/default/debug/_ext/559172130/phy_rx_enable.o
 .debug_ranges  0x00000218       0x20 build/default/debug/_ext/559172130/phy_irq_handler.o
 .debug_ranges  0x00000238       0x80 build/default/debug/_ext/559172130/phy_helper.o
 .debug_ranges  0x000002b8       0xc0 build/default/debug/_ext/559172130/phy_pib.o
 .debug_ranges  0x00000378       0x20 build/default/debug/_ext/559172130/phy_pwr_mgmt.o
 .debug_ranges  0x00000398       0x38 build/default/debug/_ext/559172130/phy_tx.o
 .debug_ranges  0x000003d0       0x28 build/default/debug/_ext/957911548/phy_task.o
 .debug_ranges  0x000003f8       0x28 build/default/debug/_ext/1374435801/bmm.o
 .debug_ranges  0x00000420       0x68 build/default/debug/_ext/874725666/qmm.o
 .debug_ranges  0x00000488       0x80 build/default/debug/_ext/1529399856/osal_freertos.o
 .debug_ranges  0x00000508       0x48 build/default/debug/_ext/1529399856/osal_freertos_extend.o
 .debug_ranges  0x00000550       0x28 build/default/debug/_ext/1984496892/plib_clock.o
 .debug_ranges  0x00000578       0x30 build/default/debug/_ext/60167341/plib_eic.o
 .debug_ranges  0x000005a8       0x28 build/default/debug/_ext/1865468468/plib_nvic.o
 .debug_ranges  0x000005d0       0x78 build/default/debug/_ext/1593096446/plib_nvmctrl.o
 .debug_ranges  0x00000648       0x60 build/default/debug/_ext/1865521619/plib_port.o
 .debug_ranges  0x000006a8       0x68 build/default/debug/_ext/17022449/plib_sercom4_spi_master.o
 .debug_ranges  0x00000710       0x68 build/default/debug/_ext/829342655/plib_tc3.o
 .debug_ranges  0x00000778       0x48 build/default/debug/_ext/1881668453/sys_int.o
 .debug_ranges  0x000007c0      0x180 build/default/debug/_ext/101884895/sys_time.o
 .debug_ranges  0x00000940       0x10 build/default/debug/_ext/1171490990/initialization.o
 .debug_ranges  0x00000950       0x10 build/default/debug/_ext/1171490990/interrupts.o
 .debug_ranges  0x00000960       0x18 build/default/debug/_ext/1171490990/exceptions.o
 .debug_ranges  0x00000978       0x30 build/default/debug/_ext/1171490990/freertos_hooks.o
 .debug_ranges  0x000009a8       0x18 build/default/debug/_ext/1171490990/startup_xc32.o
 .debug_ranges  0x000009c0       0x30 build/default/debug/_ext/1171490990/tasks.o
 .debug_ranges  0x000009f0       0x78 build/default/debug/_ext/1624415188/port.o
 .debug_ranges  0x00000a68       0x40 build/default/debug/_ext/1665200909/heap_4.o
 .debug_ranges  0x00000aa8      0x1e0 build/default/debug/_ext/404212886/queue.o
 .debug_ranges  0x00000c88       0x30 build/default/debug/_ext/404212886/list.o
 .debug_ranges  0x00000cb8      0x270 build/default/debug/_ext/404212886/FreeRTOS_tasks.o
 .debug_ranges  0x00000f28       0x10 build/default/debug/_ext/1360937237/main.o
 .debug_ranges  0x00000f38       0x18 build/default/debug/_ext/1360937237/app.o
 .debug_ranges  0x00000f50       0x80 build/default/debug/_ext/1181623987/miwi_mesh_commissioning.o
 .debug_ranges  0x00000fd0       0xf8 build/default/debug/_ext/1181623987/miwi_mesh_join.o
 .debug_ranges  0x000010c8       0x20 build/default/debug/_ext/1181623987/miwi_init.o
 .debug_ranges  0x000010e8      0x138 build/default/debug/_ext/1181623987/miwi_mesh.o
 .debug_ranges  0x00001220       0xa8 build/default/debug/_ext/1181623987/miwi_app.o
 .debug_ranges  0x000012c8       0x58 build/default/debug/_ext/1181623987/commands.o
 .debug_ranges  0x00001320       0xf0 build/default/debug/_ext/1181623987/miwi_mesh_routing.o
 .debug_ranges  0x00001410       0xb8 build/default/debug/_ext/1181623987/mimac.o
 .debug_ranges  0x000014c8       0x20 build/default/debug/_ext/1181623987/mimac_task.o
 .debug_ranges  0x000014e8      0x138 build/default/debug/_ext/1181623987/miwi_mesh_frame.o
 .debug_ranges  0x00001620       0x18 c:/program files/microchip/xc32/v4.35/bin/bin/../../lib/gcc/pic32c/8.3.1/../../../../pic32c/lib/thumb/v6-m/nofp\libpic32c.a(data_init.o)
 .debug_ranges  0x00001638       0x30 c:/program files/microchip/xc32/v4.35/bin/bin/../../lib/gcc/pic32c/8.3.1/../../../../pic32c/lib/thumb/v6-m/nofp\libg-musl.a(__libc_start_main.o)
 .debug_ranges  0x00001668       0x18 c:/program files/microchip/xc32/v4.35/bin/bin/../../lib/gcc/pic32c/8.3.1/../../../../pic32c/lib/thumb/v6-m/nofp\libg-musl.a(rand.o)
 .debug_ranges  0x00001680       0x10 c:/program files/microchip/xc32/v4.35/bin/bin/../../lib/gcc/pic32c/8.3.1/../../../../pic32c/lib/thumb/v6-m/nofp\libg-musl.a(memcmp.o)
 .debug_ranges  0x00001690       0x10 c:/program files/microchip/xc32/v4.35/bin/bin/../../lib/gcc/pic32c/8.3.1/../../../../pic32c/lib/thumb/v6-m/nofp\libg-musl.a(memcpy.o)
 .debug_ranges  0x000016a0       0x10 c:/program files/microchip/xc32/v4.35/bin/bin/../../lib/gcc/pic32c/8.3.1/../../../../pic32c/lib/thumb/v6-m/nofp\libg-musl.a(memset.o)
 .debug_ranges  0x000016b0       0x28 c:/program files/microchip/xc32/v4.35/bin/bin/../../lib/gcc/pic32c/8.3.1/thumb/v6-m/nofp\libgcc.a(_muldi3.o)
 .debug_ranges  0x000016d8       0x10 c:/program files/microchip/xc32/v4.35/bin/bin/../../lib/gcc/pic32c/8.3.1/../../../../pic32c/lib/thumb/v6-m/nofp\libpic32c.a(pic32_data_init_clear.o)
 .debug_ranges  0x000016e8       0x10 c:/program files/microchip/xc32/v4.35/bin/bin/../../lib/gcc/pic32c/8.3.1/../../../../pic32c/lib/thumb/v6-m/nofp\libpic32c.a(pic32_data_init_copy.o)

.debug_line     0x00000000    0x12636
 .debug_line    0x00000000      0x516 build/default/debug/_ext/745501718/pal.o
 .debug_line    0x00000516      0x772 build/default/debug/_ext/559172130/phy.o
 .debug_line    0x00000c88      0x433 build/default/debug/_ext/559172130/phy_trx_reg_access.o
 .debug_line    0x000010bb      0x73e build/default/debug/_ext/559172130/phy_init.o
 .debug_line    0x000017f9      0x2d2 build/default/debug/_ext/559172130/phy_ed.o
 .debug_line    0x00001acb      0x364 build/default/debug/_ext/559172130/phy_rx.o
 .debug_line    0x00001e2f      0x23c build/default/debug/_ext/559172130/phy_rx_enable.o
 .debug_line    0x0000206b      0x28c build/default/debug/_ext/559172130/phy_irq_handler.o
 .debug_line    0x000022f7      0x87a build/default/debug/_ext/559172130/phy_helper.o
 .debug_line    0x00002b71      0x7e1 build/default/debug/_ext/559172130/phy_pib.o
 .debug_line    0x00003352      0x26f build/default/debug/_ext/559172130/phy_pwr_mgmt.o
 .debug_line    0x000035c1      0x4c3 build/default/debug/_ext/559172130/phy_tx.o
 .debug_line    0x00003a84      0x266 build/default/debug/_ext/957911548/phy_task.o
 .debug_line    0x00003cea      0x27f build/default/debug/_ext/1374435801/bmm.o
 .debug_line    0x00003f69      0x3a1 build/default/debug/_ext/874725666/qmm.o
 .debug_line    0x0000430a      0x43c build/default/debug/_ext/1529399856/osal_freertos.o
 .debug_line    0x00004746      0x2c9 build/default/debug/_ext/1529399856/osal_freertos_extend.o
 .debug_line    0x00004a0f      0x1dc build/default/debug/_ext/1984496892/plib_clock.o
 .debug_line    0x00004beb      0x2a2 build/default/debug/_ext/60167341/plib_eic.o
 .debug_line    0x00004e8d      0x326 build/default/debug/_ext/1865468468/plib_nvic.o
 .debug_line    0x000051b3      0x39d build/default/debug/_ext/1593096446/plib_nvmctrl.o
 .debug_line    0x00005550      0x352 build/default/debug/_ext/1865521619/plib_port.o
 .debug_line    0x000058a2      0x77a build/default/debug/_ext/17022449/plib_sercom4_spi_master.o
 .debug_line    0x0000601c      0x34f build/default/debug/_ext/829342655/plib_tc3.o
 .debug_line    0x0000636b      0x2c5 build/default/debug/_ext/1881668453/sys_int.o
 .debug_line    0x00006630     0x1200 build/default/debug/_ext/101884895/sys_time.o
 .debug_line    0x00007830      0x57c build/default/debug/_ext/1171490990/initialization.o
 .debug_line    0x00007dac       0xba build/default/debug/_ext/1171490990/interrupts.o
 .debug_line    0x00007e66       0x70 build/default/debug/_ext/1171490990/exceptions.o
 .debug_line    0x00007ed6      0x15d build/default/debug/_ext/1171490990/freertos_hooks.o
 .debug_line    0x00008033      0x158 build/default/debug/_ext/1171490990/startup_xc32.o
 .debug_line    0x0000818b      0x267 build/default/debug/_ext/1171490990/tasks.o
 .debug_line    0x000083f2      0x328 build/default/debug/_ext/1624415188/port.o
 .debug_line    0x0000871a      0x594 build/default/debug/_ext/1665200909/heap_4.o
 .debug_line    0x00008cae     0x1074 build/default/debug/_ext/404212886/queue.o
 .debug_line    0x00009d22      0x2c5 build/default/debug/_ext/404212886/list.o
 .debug_line    0x00009fe7     0x168d build/default/debug/_ext/404212886/FreeRTOS_tasks.o
 .debug_line    0x0000b674       0x6d build/default/debug/_ext/1360937237/main.o
 .debug_line    0x0000b6e1      0x1b2 build/default/debug/_ext/1360937237/app.o
 .debug_line    0x0000b893      0x48f build/default/debug/_ext/1181623987/miwi_mesh_commissioning.o
 .debug_line    0x0000bd22      0xe5e build/default/debug/_ext/1181623987/miwi_mesh_join.o
 .debug_line    0x0000cb80       0xdd build/default/debug/_ext/1181623987/miwi_mesh_app.o
 .debug_line    0x0000cc5d      0x281 build/default/debug/_ext/1181623987/miwi_init.o
 .debug_line    0x0000cede      0xda1 build/default/debug/_ext/1181623987/miwi_mesh.o
 .debug_line    0x0000dc7f      0x7c6 build/default/debug/_ext/1181623987/miwi_app.o
 .debug_line    0x0000e445      0x487 build/default/debug/_ext/1181623987/commands.o
 .debug_line    0x0000e8cc      0xa37 build/default/debug/_ext/1181623987/miwi_mesh_routing.o
 .debug_line    0x0000f303      0xc7c build/default/debug/_ext/1181623987/mimac.o
 .debug_line    0x0000ff7f      0x31c build/default/debug/_ext/1181623987/mimac_task.o
 .debug_line    0x0001029b     0x126f build/default/debug/_ext/1181623987/miwi_mesh_frame.o
 .debug_line    0x0001150a       0xe8 c:/program files/microchip/xc32/v4.35/bin/bin/../../lib/gcc/pic32c/8.3.1/../../../../pic32c/lib/thumb/v6-m/nofp\libpic32c.a(data_init.o)
 .debug_line    0x000115f2      0x1c2 c:/program files/microchip/xc32/v4.35/bin/bin/../../lib/gcc/pic32c/8.3.1/../../../../pic32c/lib/thumb/v6-m/nofp\libg-musl.a(__libc_start_main.o)
 .debug_line    0x000117b4       0xb8 c:/program files/microchip/xc32/v4.35/bin/bin/../../lib/gcc/pic32c/8.3.1/../../../../pic32c/lib/thumb/v6-m/nofp\libg-musl.a(libc.o)
 .debug_line    0x0001186c       0xfd c:/program files/microchip/xc32/v4.35/bin/bin/../../lib/gcc/pic32c/8.3.1/../../../../pic32c/lib/thumb/v6-m/nofp\libg-musl.a(rand.o)
 .debug_line    0x00011969       0xe0 c:/program files/microchip/xc32/v4.35/bin/bin/../../lib/gcc/pic32c/8.3.1/../../../../pic32c/lib/thumb/v6-m/nofp\libg-musl.a(memcmp.o)
 .debug_line    0x00011a49       0xf1 c:/program files/microchip/xc32/v4.35/bin/bin/../../lib/gcc/pic32c/8.3.1/../../../../pic32c/lib/thumb/v6-m/nofp\libg-musl.a(memcpy.o)
 .debug_line    0x00011b3a       0xe6 c:/program files/microchip/xc32/v4.35/bin/bin/../../lib/gcc/pic32c/8.3.1/../../../../pic32c/lib/thumb/v6-m/nofp\libg-musl.a(memset.o)
 .debug_line    0x00011c20      0x101 c:/program files/microchip/xc32/v4.35/bin/bin/../../lib/gcc/pic32c/8.3.1/../../../../pic32c/lib/thumb/v6-m/nofp\libg-musl.a(__environ.o)
 .debug_line    0x00011d21       0xab c:/program files/microchip/xc32/v4.35/bin/bin/../../lib/gcc/pic32c/8.3.1/thumb/v6-m/nofp\libgcc.a(_udivsi3.o)
 .debug_line    0x00011dcc       0xb9 c:/program files/microchip/xc32/v4.35/bin/bin/../../lib/gcc/pic32c/8.3.1/thumb/v6-m/nofp\libgcc.a(_divsi3.o)
 .debug_line    0x00011e85       0x94 c:/program files/microchip/xc32/v4.35/bin/bin/../../lib/gcc/pic32c/8.3.1/thumb/v6-m/nofp\libgcc.a(_dvmd_tls.o)
 .debug_line    0x00011f19       0x9f c:/program files/microchip/xc32/v4.35/bin/bin/../../lib/gcc/pic32c/8.3.1/thumb/v6-m/nofp\libgcc.a(_aeabi_uldivmod.o)
 .debug_line    0x00011fb8       0xea c:/program files/microchip/xc32/v4.35/bin/bin/../../lib/gcc/pic32c/8.3.1/thumb/v6-m/nofp\libgcc.a(_muldi3.o)
 .debug_line    0x000120a2      0x18b c:/program files/microchip/xc32/v4.35/bin/bin/../../lib/gcc/pic32c/8.3.1/thumb/v6-m/nofp\libgcc.a(_udivmoddi4.o)
 .debug_line    0x0001222d       0x9f c:/program files/microchip/xc32/v4.35/bin/bin/../../lib/gcc/pic32c/8.3.1/thumb/v6-m/nofp\libgcc.a(_lshrdi3.o)
 .debug_line    0x000122cc       0x9f c:/program files/microchip/xc32/v4.35/bin/bin/../../lib/gcc/pic32c/8.3.1/thumb/v6-m/nofp\libgcc.a(_ashldi3.o)
 .debug_line    0x0001236b       0x9e c:/program files/microchip/xc32/v4.35/bin/bin/../../lib/gcc/pic32c/8.3.1/thumb/v6-m/nofp\libgcc.a(_clzdi2.o)
 .debug_line    0x00012409       0xa8 c:/program files/microchip/xc32/v4.35/bin/bin/../../lib/gcc/pic32c/8.3.1/thumb/v6-m/nofp\libgcc.a(_clzsi2.o)
 .debug_line    0x000124b1       0xb6 c:/program files/microchip/xc32/v4.35/bin/bin/../../lib/gcc/pic32c/8.3.1/../../../../pic32c/lib/thumb/v6-m/nofp\libpic32c.a(pic32_data_init_clear.o)
 .debug_line    0x00012567       0xcf c:/program files/microchip/xc32/v4.35/bin/bin/../../lib/gcc/pic32c/8.3.1/../../../../pic32c/lib/thumb/v6-m/nofp\libpic32c.a(pic32_data_init_copy.o)

.debug_str      0x00000000     0x2c8f
 .debug_str     0x00000000       0xf6 build/default/debug/_ext/745501718/pal.o
 .debug_str     0x000000f6      0x106 build/default/debug/_ext/559172130/phy.o
 .debug_str     0x000001fc       0x6b build/default/debug/_ext/559172130/phy_trx_reg_access.o
 .debug_str     0x00000267      0x182 build/default/debug/_ext/559172130/phy_init.o
 .debug_str     0x000003e9       0x83 build/default/debug/_ext/559172130/phy_ed.o
 .debug_str     0x0000046c       0x78 build/default/debug/_ext/559172130/phy_rx.o
 .debug_str     0x000004e4       0x2e build/default/debug/_ext/559172130/phy_rx_enable.o
 .debug_str     0x00000512       0x6a build/default/debug/_ext/559172130/phy_irq_handler.o
 .debug_str     0x0000057c       0xa3 build/default/debug/_ext/559172130/phy_helper.o
 .debug_str     0x0000061f       0x4c build/default/debug/_ext/559172130/phy_pib.o
 .debug_str     0x0000066b       0x26 build/default/debug/_ext/559172130/phy_pwr_mgmt.o
 .debug_str     0x00000691       0xa4 build/default/debug/_ext/559172130/phy_tx.o
 .debug_str     0x00000735       0x6d build/default/debug/_ext/957911548/phy_task.o
 .debug_str     0x000007a2       0x31 build/default/debug/_ext/1374435801/bmm.o
 .debug_str     0x000007d3       0x20 build/default/debug/_ext/874725666/qmm.o
 .debug_str     0x000007f3      0x13b build/default/debug/_ext/1529399856/osal_freertos.o
 .debug_str     0x0000092e       0xe0 build/default/debug/_ext/1529399856/osal_freertos_extend.o
 .debug_str     0x00000a0e       0x28 build/default/debug/_ext/1984496892/plib_clock.o
 .debug_str     0x00000a36       0x11 build/default/debug/_ext/60167341/plib_eic.o
 .debug_str     0x00000a47        0xa build/default/debug/_ext/1865468468/plib_nvic.o
 .debug_str     0x00000a51       0x11 build/default/debug/_ext/1593096446/plib_nvmctrl.o
 .debug_str     0x00000a62        0xb build/default/debug/_ext/1865521619/plib_port.o
 .debug_str     0x00000a6d      0x135 build/default/debug/_ext/17022449/plib_sercom4_spi_master.o
 .debug_str     0x00000ba2       0xaf build/default/debug/_ext/829342655/plib_tc3.o
 .debug_str     0x00000c51       0x32 build/default/debug/_ext/1881668453/sys_int.o
 .debug_str     0x00000c83      0x16c build/default/debug/_ext/101884895/sys_time.o
 .debug_str     0x00000def       0xff build/default/debug/_ext/1171490990/initialization.o
 .debug_str     0x00000eee        0x0 build/default/debug/_ext/1171490990/interrupts.o
 .debug_str     0x00000eee        0x0 build/default/debug/_ext/1171490990/exceptions.o
 .debug_str     0x00000eee       0x25 build/default/debug/_ext/1171490990/freertos_hooks.o
 .debug_str     0x00000f13       0x2f build/default/debug/_ext/1171490990/startup_xc32.o
 .debug_str     0x00000f42       0x57 build/default/debug/_ext/1171490990/tasks.o
 .debug_str     0x00000f99       0x26 build/default/debug/_ext/1624415188/port.o
 .debug_str     0x00000fbf       0xb8 build/default/debug/_ext/1665200909/heap_4.o
 .debug_str     0x00001077      0x309 build/default/debug/_ext/404212886/queue.o
 .debug_str     0x00001380       0x2b build/default/debug/_ext/404212886/list.o
 .debug_str     0x000013ab      0x2a8 build/default/debug/_ext/404212886/FreeRTOS_tasks.o
 .debug_str     0x00001653       0x19 build/default/debug/_ext/1360937237/main.o
 .debug_str     0x0000166c       0x68 build/default/debug/_ext/1360937237/app.o
 .debug_str     0x000016d4       0xc4 build/default/debug/_ext/1181623987/miwi_mesh_commissioning.o
 .debug_str     0x00001798      0x219 build/default/debug/_ext/1181623987/miwi_mesh_join.o
 .debug_str     0x000019b1       0x3f build/default/debug/_ext/1181623987/miwi_mesh_app.o
 .debug_str     0x000019f0       0x6d build/default/debug/_ext/1181623987/miwi_init.o
 .debug_str     0x00001a5d      0x337 build/default/debug/_ext/1181623987/miwi_mesh.o
 .debug_str     0x00001d94      0x159 build/default/debug/_ext/1181623987/miwi_app.o
 .debug_str     0x00001eed       0x9b build/default/debug/_ext/1181623987/commands.o
 .debug_str     0x00001f88      0x1b6 build/default/debug/_ext/1181623987/miwi_mesh_routing.o
 .debug_str     0x0000213e      0x17f build/default/debug/_ext/1181623987/mimac.o
 .debug_str     0x000022bd       0x70 build/default/debug/_ext/1181623987/mimac_task.o
 .debug_str     0x0000232d      0x222 build/default/debug/_ext/1181623987/miwi_mesh_frame.o
 .debug_str     0x0000254f        0x0 c:/program files/microchip/xc32/v4.35/bin/bin/../../lib/gcc/pic32c/8.3.1/../../../../pic32c/lib/thumb/v6-m/nofp\libpic32c.a(data_init.o)
 .debug_str     0x0000254f        0x0 c:/program files/microchip/xc32/v4.35/bin/bin/../../lib/gcc/pic32c/8.3.1/../../../../pic32c/lib/thumb/v6-m/nofp\libg-musl.a(__libc_start_main.o)
 .debug_str     0x0000254f        0x0 c:/program files/microchip/xc32/v4.35/bin/bin/../../lib/gcc/pic32c/8.3.1/../../../../pic32c/lib/thumb/v6-m/nofp\libg-musl.a(libc.o)
 .debug_str     0x0000254f        0x0 c:/program files/microchip/xc32/v4.35/bin/bin/../../lib/gcc/pic32c/8.3.1/../../../../pic32c/lib/thumb/v6-m/nofp\libg-musl.a(rand.o)
 .debug_str     0x0000254f        0x0 c:/program files/microchip/xc32/v4.35/bin/bin/../../lib/gcc/pic32c/8.3.1/../../../../pic32c/lib/thumb/v6-m/nofp\libg-musl.a(memcmp.o)
 .debug_str     0x0000254f        0x0 c:/program files/microchip/xc32/v4.35/bin/bin/../../lib/gcc/pic32c/8.3.1/../../../../pic32c/lib/thumb/v6-m/nofp\libg-musl.a(memcpy.o)
 .debug_str     0x0000254f        0x0 c:/program files/microchip/xc32/v4.35/bin/bin/../../lib/gcc/pic32c/8.3.1/../../../../pic32c/lib/thumb/v6-m/nofp\libg-musl.a(memset.o)
 .debug_str     0x0000254f        0x0 c:/program files/microchip/xc32/v4.35/bin/bin/../../lib/gcc/pic32c/8.3.1/../../../../pic32c/lib/thumb/v6-m/nofp\libg-musl.a(__environ.o)
 .debug_str     0x0000254f       0xe8 c:/program files/microchip/xc32/v4.35/bin/bin/../../lib/gcc/pic32c/8.3.1/thumb/v6-m/nofp\libgcc.a(_udivsi3.o)
 .debug_str     0x00002637       0xe8 c:/program files/microchip/xc32/v4.35/bin/bin/../../lib/gcc/pic32c/8.3.1/thumb/v6-m/nofp\libgcc.a(_divsi3.o)
 .debug_str     0x0000271f       0xe8 c:/program files/microchip/xc32/v4.35/bin/bin/../../lib/gcc/pic32c/8.3.1/thumb/v6-m/nofp\libgcc.a(_dvmd_tls.o)
 .debug_str     0x00002807       0xe8 c:/program files/microchip/xc32/v4.35/bin/bin/../../lib/gcc/pic32c/8.3.1/thumb/v6-m/nofp\libgcc.a(_aeabi_uldivmod.o)
 .debug_str     0x000028ef        0x0 c:/program files/microchip/xc32/v4.35/bin/bin/../../lib/gcc/pic32c/8.3.1/thumb/v6-m/nofp\libgcc.a(_muldi3.o)
 .debug_str     0x000028ef        0x0 c:/program files/microchip/xc32/v4.35/bin/bin/../../lib/gcc/pic32c/8.3.1/thumb/v6-m/nofp\libgcc.a(_udivmoddi4.o)
 .debug_str     0x000028ef       0xe8 c:/program files/microchip/xc32/v4.35/bin/bin/../../lib/gcc/pic32c/8.3.1/thumb/v6-m/nofp\libgcc.a(_lshrdi3.o)
 .debug_str     0x000029d7       0xe8 c:/program files/microchip/xc32/v4.35/bin/bin/../../lib/gcc/pic32c/8.3.1/thumb/v6-m/nofp\libgcc.a(_ashldi3.o)
 .debug_str     0x00002abf       0xe8 c:/program files/microchip/xc32/v4.35/bin/bin/../../lib/gcc/pic32c/8.3.1/thumb/v6-m/nofp\libgcc.a(_clzdi2.o)
 .debug_str     0x00002ba7       0xe8 c:/program files/microchip/xc32/v4.35/bin/bin/../../lib/gcc/pic32c/8.3.1/thumb/v6-m/nofp\libgcc.a(_clzsi2.o)
 .debug_str     0x00002c8f        0x0 c:/program files/microchip/xc32/v4.35/bin/bin/../../lib/gcc/pic32c/8.3.1/../../../../pic32c/lib/thumb/v6-m/nofp\libpic32c.a(pic32_data_init_clear.o)
 .debug_str     0x00002c8f        0x0 c:/program files/microchip/xc32/v4.35/bin/bin/../../lib/gcc/pic32c/8.3.1/../../../../pic32c/lib/thumb/v6-m/nofp\libpic32c.a(pic32_data_init_copy.o)

.debug_frame    0x00000000     0x2eb0
 .debug_frame   0x00000000      0x12c build/default/debug/_ext/745501718/pal.o
 .debug_frame   0x0000012c      0x104 build/default/debug/_ext/559172130/phy.o
 .debug_frame   0x00000230       0xf4 build/default/debug/_ext/559172130/phy_trx_reg_access.o
 .debug_frame   0x00000324       0xb4 build/default/debug/_ext/559172130/phy_init.o
 .debug_frame   0x000003d8       0x5c build/default/debug/_ext/559172130/phy_ed.o
 .debug_frame   0x00000434       0x48 build/default/debug/_ext/559172130/phy_rx.o
 .debug_frame   0x0000047c       0x28 build/default/debug/_ext/559172130/phy_rx_enable.o
 .debug_frame   0x000004a4       0x58 build/default/debug/_ext/559172130/phy_irq_handler.o
 .debug_frame   0x000004fc      0x184 build/default/debug/_ext/559172130/phy_helper.o
 .debug_frame   0x00000680       0x90 build/default/debug/_ext/559172130/phy_pib.o
 .debug_frame   0x00000710       0x58 build/default/debug/_ext/559172130/phy_pwr_mgmt.o
 .debug_frame   0x00000768       0xb0 build/default/debug/_ext/559172130/phy_tx.o
 .debug_frame   0x00000818       0x70 build/default/debug/_ext/957911548/phy_task.o
 .debug_frame   0x00000888       0x70 build/default/debug/_ext/1374435801/bmm.o
 .debug_frame   0x000008f8       0x84 build/default/debug/_ext/874725666/qmm.o
 .debug_frame   0x0000097c      0x174 build/default/debug/_ext/1529399856/osal_freertos.o
 .debug_frame   0x00000af0       0xd0 build/default/debug/_ext/1529399856/osal_freertos_extend.o
 .debug_frame   0x00000bc0       0x20 build/default/debug/_ext/1984496892/plib_clock.o
 .debug_frame   0x00000be0       0x84 build/default/debug/_ext/60167341/plib_eic.o
 .debug_frame   0x00000c64       0x50 build/default/debug/_ext/1865468468/plib_nvic.o
 .debug_frame   0x00000cb4      0x108 build/default/debug/_ext/1593096446/plib_nvmctrl.o
 .debug_frame   0x00000dbc       0xd8 build/default/debug/_ext/1865521619/plib_port.o
 .debug_frame   0x00000e94       0xd4 build/default/debug/_ext/17022449/plib_sercom4_spi_master.o
 .debug_frame   0x00000f68       0xd8 build/default/debug/_ext/829342655/plib_tc3.o
 .debug_frame   0x00001040       0x84 build/default/debug/_ext/1881668453/sys_int.o
 .debug_frame   0x000010c4      0x3a0 build/default/debug/_ext/101884895/sys_time.o
 .debug_frame   0x00001464       0x2c build/default/debug/_ext/1171490990/initialization.o
 .debug_frame   0x00001490       0x20 build/default/debug/_ext/1171490990/interrupts.o
 .debug_frame   0x000014b0       0x30 build/default/debug/_ext/1171490990/exceptions.o
 .debug_frame   0x000014e0       0x68 build/default/debug/_ext/1171490990/freertos_hooks.o
 .debug_frame   0x00001548       0x38 build/default/debug/_ext/1171490990/startup_xc32.o
 .debug_frame   0x00001580       0x8c build/default/debug/_ext/1171490990/tasks.o
 .debug_frame   0x0000160c      0x10c build/default/debug/_ext/1624415188/port.o
 .debug_frame   0x00001718       0xb0 build/default/debug/_ext/1665200909/heap_4.o
 .debug_frame   0x000017c8      0x308 build/default/debug/_ext/404212886/queue.o
 .debug_frame   0x00001ad0       0x6c build/default/debug/_ext/404212886/list.o
 .debug_frame   0x00001b3c      0x474 build/default/debug/_ext/404212886/FreeRTOS_tasks.o
 .debug_frame   0x00001fb0       0x28 build/default/debug/_ext/1360937237/main.o
 .debug_frame   0x00001fd8       0x44 build/default/debug/_ext/1360937237/app.o
 .debug_frame   0x0000201c       0xc0 build/default/debug/_ext/1181623987/miwi_mesh_commissioning.o
 .debug_frame   0x000020dc      0x1c8 build/default/debug/_ext/1181623987/miwi_mesh_join.o
 .debug_frame   0x000022a4       0x50 build/default/debug/_ext/1181623987/miwi_init.o
 .debug_frame   0x000022f4      0x1e0 build/default/debug/_ext/1181623987/miwi_mesh.o
 .debug_frame   0x000024d4      0x1a8 build/default/debug/_ext/1181623987/miwi_app.o
 .debug_frame   0x0000267c       0xac build/default/debug/_ext/1181623987/commands.o
 .debug_frame   0x00002728      0x184 build/default/debug/_ext/1181623987/miwi_mesh_routing.o
 .debug_frame   0x000028ac      0x180 build/default/debug/_ext/1181623987/mimac.o
 .debug_frame   0x00002a2c       0x60 build/default/debug/_ext/1181623987/mimac_task.o
 .debug_frame   0x00002a8c      0x224 build/default/debug/_ext/1181623987/miwi_mesh_frame.o
 .debug_frame   0x00002cb0       0x38 c:/program files/microchip/xc32/v4.35/bin/bin/../../lib/gcc/pic32c/8.3.1/../../../../pic32c/lib/thumb/v6-m/nofp\libpic32c.a(data_init.o)
 .debug_frame   0x00002ce8       0x38 c:/program files/microchip/xc32/v4.35/bin/bin/../../lib/gcc/pic32c/8.3.1/../../../../pic32c/lib/thumb/v6-m/nofp\libg-musl.a(__libc_start_main.o)
 .debug_frame   0x00002d20       0x30 c:/program files/microchip/xc32/v4.35/bin/bin/../../lib/gcc/pic32c/8.3.1/../../../../pic32c/lib/thumb/v6-m/nofp\libg-musl.a(rand.o)
 .debug_frame   0x00002d50       0x2c c:/program files/microchip/xc32/v4.35/bin/bin/../../lib/gcc/pic32c/8.3.1/../../../../pic32c/lib/thumb/v6-m/nofp\libg-musl.a(memcmp.o)
 .debug_frame   0x00002d7c       0x28 c:/program files/microchip/xc32/v4.35/bin/bin/../../lib/gcc/pic32c/8.3.1/../../../../pic32c/lib/thumb/v6-m/nofp\libg-musl.a(memcpy.o)
 .debug_frame   0x00002da4       0x20 c:/program files/microchip/xc32/v4.35/bin/bin/../../lib/gcc/pic32c/8.3.1/../../../../pic32c/lib/thumb/v6-m/nofp\libg-musl.a(memset.o)
 .debug_frame   0x00002dc4       0x20 c:/program files/microchip/xc32/v4.35/bin/bin/../../lib/gcc/pic32c/8.3.1/thumb/v6-m/nofp\libgcc.a(_udivsi3.o)
 .debug_frame   0x00002de4       0x20 c:/program files/microchip/xc32/v4.35/bin/bin/../../lib/gcc/pic32c/8.3.1/thumb/v6-m/nofp\libgcc.a(_divsi3.o)
 .debug_frame   0x00002e04       0x34 c:/program files/microchip/xc32/v4.35/bin/bin/../../lib/gcc/pic32c/8.3.1/thumb/v6-m/nofp\libgcc.a(_muldi3.o)
 .debug_frame   0x00002e38       0x30 c:/program files/microchip/xc32/v4.35/bin/bin/../../lib/gcc/pic32c/8.3.1/thumb/v6-m/nofp\libgcc.a(_udivmoddi4.o)
 .debug_frame   0x00002e68       0x20 c:/program files/microchip/xc32/v4.35/bin/bin/../../lib/gcc/pic32c/8.3.1/../../../../pic32c/lib/thumb/v6-m/nofp\libpic32c.a(pic32_data_init_clear.o)
 .debug_frame   0x00002e88       0x28 c:/program files/microchip/xc32/v4.35/bin/bin/../../lib/gcc/pic32c/8.3.1/../../../../pic32c/lib/thumb/v6-m/nofp\libpic32c.a(pic32_data_init_copy.o)

.note.GNU-stack
                0x00000000        0x0
 .note.GNU-stack
                0x00000000        0x0 c:/program files/microchip/xc32/v4.35/bin/bin/../../lib/gcc/pic32c/8.3.1/../../../../pic32c/lib/thumb/v6-m/nofp\libg-musl.a(__libc_start_main.o)
 .note.GNU-stack
                0x00000000        0x0 c:/program files/microchip/xc32/v4.35/bin/bin/../../lib/gcc/pic32c/8.3.1/../../../../pic32c/lib/thumb/v6-m/nofp\libg-musl.a(libc.o)
 .note.GNU-stack
                0x00000000        0x0 c:/program files/microchip/xc32/v4.35/bin/bin/../../lib/gcc/pic32c/8.3.1/../../../../pic32c/lib/thumb/v6-m/nofp\libg-musl.a(rand.o)
 .note.GNU-stack
                0x00000000        0x0 c:/program files/microchip/xc32/v4.35/bin/bin/../../lib/gcc/pic32c/8.3.1/../../../../pic32c/lib/thumb/v6-m/nofp\libg-musl.a(memcmp.o)
 .note.GNU-stack
                0x00000000        0x0 c:/program files/microchip/xc32/v4.35/bin/bin/../../lib/gcc/pic32c/8.3.1/../../../../pic32c/lib/thumb/v6-m/nofp\libg-musl.a(memcpy.o)
 .note.GNU-stack
                0x00000000        0x0 c:/program files/microchip/xc32/v4.35/bin/bin/../../lib/gcc/pic32c/8.3.1/../../../../pic32c/lib/thumb/v6-m/nofp\libg-musl.a(memset.o)
 .note.GNU-stack
                0x00000000        0x0 c:/program files/microchip/xc32/v4.35/bin/bin/../../lib/gcc/pic32c/8.3.1/../../../../pic32c/lib/thumb/v6-m/nofp\libg-musl.a(__environ.o)

.stack          0x20004438      0x100
 .stack         0x20004438      0x100 stack

.bss.ucHeap%1   0x20000000     0x2f40
 .bss.ucHeap    0x20000000     0x2f40 build/default/debug/_ext/1665200909/heap_4.o

.bss.buf_pool%2
                0x20002f40      0x5fc
 .bss.buf_pool  0x20002f40      0x5fc build/default/debug/_ext/1374435801/bmm.o

.bss.coordinatorTable%3
                0x2000353c      0x300
 .bss.coordinatorTable
                0x2000353c      0x300 build/default/debug/_ext/1181623987/miwi_mesh_app.o
                0x2000353c                coordinatorTable

.bss.commnDeviceTable%4
                0x20003840      0x100
 .bss.commnDeviceTable
                0x20003840      0x100 build/default/debug/_ext/1181623987/miwi_mesh_app.o
                0x20003840                commnDeviceTable

.bss.eicCallbackObject%5
                0x20003940       0xc0
 .bss.eicCallbackObject
                0x20003940       0xc0 build/default/debug/_ext/60167341/plib_eic.o

.bss.timerHandles%6
                0x20003a00       0xc0
 .bss.timerHandles
                0x20003a00       0xc0 build/default/debug/_ext/1181623987/miwi_mesh_join.o
                0x20003a00                timerHandles

.bss.timers%7   0x20003ac0       0xa0
 .bss.timers    0x20003ac0       0xa0 build/default/debug/_ext/101884895/sys_time.o

.bss.coordRouteTable%8
                0x20003b60       0x80
 .bss.coordRouteTable
                0x20003b60       0x80 build/default/debug/_ext/1181623987/miwi_mesh_app.o
                0x20003b60                coordRouteTable

.bss.buf_header%9
                0x20003be0       0x68
 .bss.buf_header
                0x20003be0       0x68 build/default/debug/_ext/1374435801/bmm.o

.bss.pxReadyTasksLists%10
                0x20003c48       0x64
 .bss.pxReadyTasksLists
                0x20003c48       0x64 build/default/debug/_ext/404212886/FreeRTOS_tasks.o

.bss.sleepdeviceTable%11
                0x20003cac       0x64
 .bss.sleepdeviceTable
                0x20003cac       0x64 build/default/debug/_ext/1181623987/miwi_mesh_app.o
                0x20003cac                sleepdeviceTable

.bss.palTimers%12
                0x20003d10       0x50
 .bss.palTimers
                0x20003d10       0x50 build/default/debug/_ext/745501718/pal.o

.bss.deviceTable%13
                0x20003d60       0x50
 .bss.deviceTable
                0x20003d60       0x50 build/default/debug/_ext/1181623987/miwi_mesh_app.o
                0x20003d60                deviceTable

.bss%14         0x20003db0       0x50
 .bss           0x20003db0       0x50 c:/program files/microchip/xc32/v4.35/bin/bin/../../lib/gcc/pic32c/8.3.1/../../../../pic32c/lib/thumb/v6-m/nofp\libg-musl.a(libc.o)
                0x20003db0                __progname_full
                0x20003db0                program_invocation_name
                0x20003db4                program_invocation_short_name
                0x20003db4                __progname
                0x20003db8                __sysinfo
                0x20003dbc                __hwcap
                0x20003dc0                __libc

.bss.osalAPIList%15
                0x20003e00       0x44
 .bss.osalAPIList
                0x20003e00       0x44 build/default/debug/_ext/1171490990/initialization.o
                0x20003e00                osalAPIList

.bss.appMsg%16  0x20003e44       0x41
 .bss.appMsg    0x20003e44       0x41 build/default/debug/_ext/1181623987/miwi_app.o
                0x20003e44                appMsg

.bss.gSystemCounterObj%17
                0x20003e88       0x40
 .bss.gSystemCounterObj
                0x20003e88       0x40 build/default/debug/_ext/101884895/sys_time.o

.bss.reBroadcastTable%18
                0x20003ec8       0x3c
 .bss.reBroadcastTable
                0x20003ec8       0x3c build/default/debug/_ext/1181623987/miwi_mesh_app.o
                0x20003ec8                reBroadcastTable

.bss.sercom4SPIObj%19
                0x20003f04       0x2c
 .bss.sercom4SPIObj
                0x20003f04       0x2c build/default/debug/_ext/17022449/plib_sercom4_spi_master.o

.bss.duplicateRejectionTable%20
                0x20003f30       0x28
 .bss.duplicateRejectionTable
                0x20003f30       0x28 build/default/debug/_ext/1181623987/miwi_mesh_app.o
                0x20003f30                duplicateRejectionTable

.bss.coordHopCount%21
                0x20003f58       0x20
 .bss.coordHopCount
                0x20003f58       0x20 build/default/debug/_ext/1181623987/miwi_mesh_app.o
                0x20003f58                coordHopCount

.bss.tal_pib%22
                0x20003f78       0x1d
 .bss.tal_pib   0x20003f78       0x1d build/default/debug/_ext/559172130/phy.o
                0x20003f78                tal_pib

.bss%23         0x20003f98       0x1c
 .bss           0x20003f98       0x1c c:/program files/microchip/xc32/v4.35/bin/bin/../../lib/gcc/pic32c/8.3.1/thumb/v6-m/nofp/crtbegin.o

.bss.phy_info%24
                0x20003fb4       0x1c
 .bss.phy_info  0x20003fb4       0x1c build/default/debug/_ext/559172130/phy.o
                0x20003fb4                phy_info

.bss.xDelayedTaskList1%25
                0x20003fd0       0x14
 .bss.xDelayedTaskList1
                0x20003fd0       0x14 build/default/debug/_ext/404212886/FreeRTOS_tasks.o

.bss.xDelayedTaskList2%26
                0x20003fe4       0x14
 .bss.xDelayedTaskList2
                0x20003fe4       0x14 build/default/debug/_ext/404212886/FreeRTOS_tasks.o

.bss.xPendingReadyList%27
                0x20003ff8       0x14
 .bss.xPendingReadyList
                0x20003ff8       0x14 build/default/debug/_ext/404212886/FreeRTOS_tasks.o

.bss.xSuspendedTaskList%28
                0x2000400c       0x14
 .bss.xSuspendedTaskList
                0x2000400c       0x14 build/default/debug/_ext/404212886/FreeRTOS_tasks.o

.bss.xTasksWaitingTermination%29
                0x20004020       0x14
 .bss.xTasksWaitingTermination
                0x20004020       0x14 build/default/debug/_ext/404212886/FreeRTOS_tasks.o

.bss.MACRxPacket%30
                0x20004034       0x14
 .bss.MACRxPacket
                0x20004034       0x14 build/default/debug/_ext/1181623987/mimac.o
                0x20004034                MACRxPacket

.bss.tal_incoming_frame_queue%31
                0x20004048        0xc
 .bss.tal_incoming_frame_queue
                0x20004048        0xc build/default/debug/_ext/559172130/phy.o
                0x20004048                tal_incoming_frame_queue

.bss.free_large_buffer_q%32
                0x20004054        0xc
 .bss.free_large_buffer_q
                0x20004054        0xc build/default/debug/_ext/1374435801/bmm.o

.bss.free_small_buffer_q%33
                0x20004060        0xc
 .bss.free_small_buffer_q
                0x20004060        0xc build/default/debug/_ext/1374435801/bmm.o

.bss.ackWaitFrameQueue%34
                0x2000406c        0xc
 .bss.ackWaitFrameQueue
                0x2000406c        0xc build/default/debug/_ext/1181623987/miwi_mesh.o
                0x2000406c                ackWaitFrameQueue

.bss.frameRxQueue%35
                0x20004078        0xc
 .bss.frameRxQueue
                0x20004078        0xc build/default/debug/_ext/1181623987/miwi_mesh.o
                0x20004078                frameRxQueue

.bss.frameTxQueue%36
                0x20004084        0xc
 .bss.frameTxQueue
                0x20004084        0xc build/default/debug/_ext/1181623987/miwi_mesh.o
                0x20004084                frameTxQueue

.bss.indirectFrameQueue%37
                0x20004090        0xc
 .bss.indirectFrameQueue
                0x20004090        0xc build/default/debug/_ext/1181623987/miwi_mesh.o
                0x20004090                indirectFrameQueue

.bss.nonAckFrameQueue%38
                0x2000409c        0xc
 .bss.nonAckFrameQueue
                0x2000409c        0xc build/default/debug/_ext/1181623987/miwi_mesh.o
                0x2000409c                nonAckFrameQueue

.bss.routeFrameQueue%39
                0x200040a8        0xc
 .bss.routeFrameQueue
                0x200040a8        0xc build/default/debug/_ext/1181623987/miwi_mesh_routing.o
                0x200040a8                routeFrameQueue

.bss.TC3_CallbackObject%40
                0x200040b4        0x8
 .bss.TC3_CallbackObject
                0x200040b4        0x8 build/default/debug/_ext/829342655/plib_tc3.o

.bss.xStart%41  0x200040bc        0x8
 .bss.xStart    0x200040bc        0x8 build/default/debug/_ext/1665200909/heap_4.o

.bss.appData%42
                0x200040c4        0x8
 .bss.appData   0x200040c4        0x8 build/default/debug/_ext/1360937237/app.o
                0x200040c4                appData

.bss.bloomFilterValue%43
                0x200040cc        0x8
 .bss.bloomFilterValue
                0x200040cc        0x8 build/default/debug/_ext/1181623987/miwi_mesh_join.o
                0x200040cc                bloomFilterValue

.bss.MACInitParams%44
                0x200040d4        0x8
 .bss.MACInitParams
                0x200040d4        0x8 build/default/debug/_ext/1181623987/mimac.o

.bss.apiReq%45  0x200040dc        0x6
 .bss.apiReq    0x200040dc        0x6 build/default/debug/_ext/1181623987/miwi_app.o

.bss.apiReqQueueData%46
                0x200040e4        0x6
 .bss.apiReqQueueData
                0x200040e4        0x6 build/default/debug/_ext/1181623987/mimac_task.o

.bss.mac_frame_ptr%47
                0x2000383c        0x4
 .bss.mac_frame_ptr
                0x2000383c        0x4 build/default/debug/_ext/559172130/phy.o
                0x2000383c                mac_frame_ptr

.bss.tal_frame_to_tx%48
                0x200040ec        0x4
 .bss.tal_frame_to_tx
                0x200040ec        0x4 build/default/debug/_ext/559172130/phy.o
                0x200040ec                tal_frame_to_tx

.bss.tal_rx_buffer%49
                0x200040f0        0x4
 .bss.tal_rx_buffer
                0x200040f0        0x4 build/default/debug/_ext/559172130/phy.o
                0x200040f0                tal_rx_buffer

.bss.sampler_counter%50
                0x200040f4        0x4
 .bss.sampler_counter
                0x200040f4        0x4 build/default/debug/_ext/559172130/phy_ed.o

.bss.miwiRequestQueueHandle%51
                0x200040f8        0x4
 .bss.miwiRequestQueueHandle
                0x200040f8        0x4 build/default/debug/_ext/1171490990/initialization.o
                0x200040f8                miwiRequestQueueHandle

.bss.semPhyInternalHandler%52
                0x200040fc        0x4
 .bss.semPhyInternalHandler
                0x200040fc        0x4 build/default/debug/_ext/1171490990/initialization.o
                0x200040fc                semPhyInternalHandler

.bss.semTalInternalHandler%53
                0x20004100        0x4
 .bss.semTalInternalHandler
                0x20004100        0x4 build/default/debug/_ext/1171490990/initialization.o
                0x20004100                semTalInternalHandler

.bss.sysObj%54  0x20004104        0x4
 .bss.sysObj    0x20004104        0x4 build/default/debug/_ext/1171490990/initialization.o
                0x20004104                sysObj
