Archive member included to satisfy reference by file (symbol)

c:/program files/microchip/xc32/v4.35/bin/bin/../../lib/gcc/pic32c/8.3.1/../../../../pic32c/lib/thumb/v6-m/nofp\libpic32c.a(data_init.o)
                              build/default/production/_ext/1171490990/startup_xc32.o (__pic32c_data_initialization)
c:/program files/microchip/xc32/v4.35/bin/bin/../../lib/gcc/pic32c/8.3.1/../../../../pic32c/lib/thumb/v6-m/nofp\libm-fast-emfloat.a(__aeabi_fadd.o)
                              build/default/production/_ext/559172130/phy_helper.o (__aeabi_fadd)
c:/program files/microchip/xc32/v4.35/bin/bin/../../lib/gcc/pic32c/8.3.1/../../../../pic32c/lib/thumb/v6-m/nofp\libm-fast-emfloat.a(__aeabi_dadd.o)
                              build/default/production/_ext/559172130/phy_helper.o (__aeabi_dadd)
c:/program files/microchip/xc32/v4.35/bin/bin/../../lib/gcc/pic32c/8.3.1/../../../../pic32c/lib/thumb/v6-m/nofp\libm-fast-emfloat.a(__aeabi_fsub.o)
                              build/default/production/_ext/559172130/phy_helper.o (__aeabi_fsub)
c:/program files/microchip/xc32/v4.35/bin/bin/../../lib/gcc/pic32c/8.3.1/../../../../pic32c/lib/thumb/v6-m/nofp\libm-fast-emfloat.a(__aeabi_fmul.o)
                              build/default/production/_ext/559172130/phy_helper.o (__aeabi_fmul)
c:/program files/microchip/xc32/v4.35/bin/bin/../../lib/gcc/pic32c/8.3.1/../../../../pic32c/lib/thumb/v6-m/nofp\libm-fast-emfloat.a(__aeabi_dmul_aux.o)
                              build/default/production/_ext/559172130/phy_helper.o (__aeabi_dmul)
c:/program files/microchip/xc32/v4.35/bin/bin/../../lib/gcc/pic32c/8.3.1/../../../../pic32c/lib/thumb/v6-m/nofp\libm-fast-emfloat.a(__aeabi_fcmple.o)
                              build/default/production/_ext/559172130/phy_helper.o (__aeabi_fcmple)
c:/program files/microchip/xc32/v4.35/bin/bin/../../lib/gcc/pic32c/8.3.1/../../../../pic32c/lib/thumb/v6-m/nofp\libm-fast-emfloat.a(__aeabi_fcmpge.o)
                              build/default/production/_ext/559172130/phy_helper.o (__aeabi_fcmpge)
c:/program files/microchip/xc32/v4.35/bin/bin/../../lib/gcc/pic32c/8.3.1/../../../../pic32c/lib/thumb/v6-m/nofp\libm-fast-emfloat.a(__aeabi_f2iz.o)
                              build/default/production/_ext/559172130/phy_helper.o (__aeabi_f2iz)
c:/program files/microchip/xc32/v4.35/bin/bin/../../lib/gcc/pic32c/8.3.1/../../../../pic32c/lib/thumb/v6-m/nofp\libm-fast-emfloat.a(__aeabi_f2uiz.o)
                              build/default/production/_ext/559172130/phy_helper.o (__aeabi_f2uiz)
c:/program files/microchip/xc32/v4.35/bin/bin/../../lib/gcc/pic32c/8.3.1/../../../../pic32c/lib/thumb/v6-m/nofp\libm-fast-emfloat.a(__aeabi_i2f.o)
                              build/default/production/_ext/559172130/phy_helper.o (__aeabi_i2f)
c:/program files/microchip/xc32/v4.35/bin/bin/../../lib/gcc/pic32c/8.3.1/../../../../pic32c/lib/thumb/v6-m/nofp\libm-fast-emfloat.a(__aeabi_i2d.o)
                              build/default/production/_ext/559172130/phy_helper.o (__aeabi_i2d)
c:/program files/microchip/xc32/v4.35/bin/bin/../../lib/gcc/pic32c/8.3.1/../../../../pic32c/lib/thumb/v6-m/nofp\libm-fast-emfloat.a(__aeabi_ui2d.o)
                              c:/program files/microchip/xc32/v4.35/bin/bin/../../lib/gcc/pic32c/8.3.1/../../../../pic32c/lib/thumb/v6-m/nofp\libm-fast-emfloat.a(__aeabi_i2d.o) (__aeabi_ui2d)
c:/program files/microchip/xc32/v4.35/bin/bin/../../lib/gcc/pic32c/8.3.1/../../../../pic32c/lib/thumb/v6-m/nofp\libm-fast-emfloat.a(__aeabi_d2f.o)
                              build/default/production/_ext/559172130/phy_helper.o (__aeabi_d2f)
c:/program files/microchip/xc32/v4.35/bin/bin/../../lib/gcc/pic32c/8.3.1/../../../../pic32c/lib/thumb/v6-m/nofp\libc-musl.a(__libc_start_main.o)
                              build/default/production/_ext/1171490990/startup_xc32.o (__libc_init_array)
c:/program files/microchip/xc32/v4.35/bin/bin/../../lib/gcc/pic32c/8.3.1/../../../../pic32c/lib/thumb/v6-m/nofp\libc-musl.a(libc.o)
                              c:/program files/microchip/xc32/v4.35/bin/bin/../../lib/gcc/pic32c/8.3.1/../../../../pic32c/lib/thumb/v6-m/nofp\libc-musl.a(__libc_start_main.o) (__progname_full)
c:/program files/microchip/xc32/v4.35/bin/bin/../../lib/gcc/pic32c/8.3.1/../../../../pic32c/lib/thumb/v6-m/nofp\libc-musl.a(rand.o)
                              build/default/production/_ext/559172130/phy_init.o (srand)
c:/program files/microchip/xc32/v4.35/bin/bin/../../lib/gcc/pic32c/8.3.1/../../../../pic32c/lib/thumb/v6-m/nofp\libc-musl.a(memcmp.o)
                              build/default/production/_ext/1181623987/miwi_app.o (memcmp)
c:/program files/microchip/xc32/v4.35/bin/bin/../../lib/gcc/pic32c/8.3.1/../../../../pic32c/lib/thumb/v6-m/nofp\libc-musl.a(memcpy.o)
                              build/default/production/_ext/745501718/pal.o (memcpy)
c:/program files/microchip/xc32/v4.35/bin/bin/../../lib/gcc/pic32c/8.3.1/../../../../pic32c/lib/thumb/v6-m/nofp\libc-musl.a(memset.o)
[...]
Memory Configuration

Name             Origin             Length             Attributes
rom              0x00000000         0x00040000         xrl
ram              0x20000000         0x00008000         xw !r
lpram            0x30000000         0x00002000         xw !r
config_D0804000  0xd0804000         0x00000004
config_D0806020  0xd0806020         0x00000004
config_D0804004  0xd0804004         0x00000004
config_D0806034  0xd0806034         0x00000004
config_D0806030  0xd0806030         0x00000004
*default*        0x00000000         0xffffffff

Linker script and memory map

LOAD c:/program files/microchip/xc32/v4.35/bin/bin/../../lib/gcc/pic32c/8.3.1/thumb/v6-m/nofp/crti.o
LOAD c:/program files/microchip/xc32/v4.35/bin/bin/../../lib/gcc/pic32c/8.3.1/thumb/v6-m/nofp/crtbegin.o
LOAD build/default/production/_ext/745501718/pal.o
LOAD build/default/production/_ext/559172130/phy_irq_handler.o
LOAD build/default/production/_ext/559172130/phy_trx_reg_access.o
LOAD build/default/production/_ext/559172130/phy_tx.o
LOAD build/default/production/_ext/559172130/phy_pwr_mgmt.o
LOAD build/default/production/_ext/559172130/phy.o
LOAD build/default/production/_ext/559172130/tfa.o
LOAD build/default/production/_ext/559172130/phy_pib.o
LOAD build/default/production/_ext/559172130/phy_helper.o
LOAD build/default/production/_ext/559172130/phy_rx.o
LOAD build/default/production/_ext/559172130/phy_rx_enable.o
LOAD build/default/production/_ext/559172130/phy_ed.o
LOAD build/default/production/_ext/559172130/phy_init.o
LOAD build/default/production/_ext/957911548/phy_task.o
LOAD build/default/production/_ext/957911548/phy_rx_frame_cb.o
LOAD build/default/production/_ext/957911548/phy_tx_frame_done_cb.o
LOAD build/default/production/_ext/957911548/phy_ed_end_cb.o
LOAD build/default/production/_ext/1374435801/bmm.o
LOAD build/default/production/_ext/874725666/qmm.o
LOAD build/default/production/_ext/1331220252/led.o
LOAD build/default/production/_ext/1331220252/wlPdsTypesConverter.o
LOAD build/default/production/_ext/1181623987/miwi_app.o
LOAD build/default/production/_ext/1181623987/miwi_init.o
LOAD build/default/production/_ext/1181623987/miwi_mesh_app.o
LOAD build/default/production/_ext/1181623987/mimac_task.o
LOAD build/default/production/_ext/1181623987/miwi_mesh_frame.o
LOAD build/default/production/_ext/1181623987/miwi_mesh.o
LOAD build/default/production/_ext/1181623987/commands.o
LOAD build/default/production/_ext/1181623987/miwi_mesh_commissioning.o
LOAD build/default/production/_ext/1181623987/mimac.o
LOAD build/default/production/_ext/1181623987/miwi_mesh_pds.o
LOAD build/default/production/_ext/1181623987/miwi_mesh_routing.o
LOAD build/default/production/_ext/1181623987/miwi_mesh_join.o
LOAD build/default/production/_ext/1181623987/miwi_mesh_security.o
LOAD build/default/production/_ext/1529399856/osal_freertos.o
LOAD build/default/production/_ext/1529399856/osal_freertos_extend.o
LOAD build/default/production/_ext/1984496892/plib_clock.o
LOAD build/default/production/_ext/60167341/plib_eic.o
LOAD build/default/production/_ext/1986646378/plib_evsys.o
LOAD build/default/production/_ext/1865468468/plib_nvic.o
LOAD build/default/production/_ext/1593096446/plib_nvmctrl.o
LOAD build/default/production/_ext/829342769/plib_pm.o
LOAD build/default/production/_ext/1865521619/plib_port.o
LOAD build/default/production/_ext/17022449/plib_sercom4_spi_master.o
LOAD build/default/production/_ext/829342655/plib_tc0.o
LOAD build/default/production/_ext/163028504/xc32_monitor.o
LOAD build/default/production/_ext/1881668453/sys_int.o
LOAD build/default/production/_ext/101884895/sys_time.o
LOAD build/default/production/_ext/1171490990/tasks.o
LOAD build/default/production/_ext/1171490990/libc_syscalls.o
LOAD build/default/production/_ext/1171490990/interrupts.o
LOAD build/default/production/_ext/1171490990/freertos_hooks.o
LOAD build/default/production/_ext/1171490990/initialization.o
LOAD build/default/production/_ext/1171490990/startup_xc32.o
LOAD build/default/production/_ext/1171490990/exceptions.o
LOAD build/default/production/_ext/1624415188/port.o
LOAD build/default/production/_ext/1665200909/heap_4.o
LOAD build/default/production/_ext/404212886/croutine.o
LOAD build/default/production/_ext/404212886/list.o
LOAD build/default/production/_ext/404212886/FreeRTOS_tasks.o
LOAD build/default/production/_ext/404212886/timers.o
LOAD build/default/production/_ext/404212886/event_groups.o
LOAD build/default/production/_ext/404212886/stream_buffer.o
LOAD build/default/production/_ext/404212886/queue.o
LOAD build/default/production/_ext/1360937237/main.o
LOAD build/default/production/_ext/1360937237/app.o
LOAD build/default/production/_ext/1360937237/app_idle_task.o
                0x00000001                __MPLAB_BUILD = 0x1
                0x00040000                __rom_end = (ORIGIN (rom) + LENGTH (rom))
                0x20008000                __ram_end = (ORIGIN (ram) + LENGTH (ram))

.config_D0804000
 *(.config_D0804000)

.config_D0806020
 *(.config_D0806020)

.config_D0804004
 *(.config_D0804004)

.config_D0806034
 *(.config_D0806034)

.config_D0806030
 *(.config_D0806030)

.vectors        0x00000000       0xa8
                0x00000000                . = ALIGN (0x4)
                0x00000000                _sfixed = .
 *(.vectors .vectors.* .vectors_default .vectors_default.*)
 .vectors.exception_table
                0x00000000       0xa8 build/default/production/_ext/1171490990/interrupts.o
                0x00000000                exception_table
 *(.isr_vector)
 *(.reset*)
 *(.after_vectors)

.text           0x000000a8       0x20
                0x000000a8                . = ALIGN (0x4)
 *(.glue_7t)
 .glue_7t       0x000000a8        0x0 linker stubs
 *(.glue_7)
 .glue_7        0x000000a8        0x0 linker stubs
 *(.gnu.linkonce.r.*)
 *(.ARM.extab* .gnu.linkonce.armextab.*)
                0x000000a8                . = ALIGN (0x4)
 *(.init)
 .init          0x000000a8        0x4 c:/program files/microchip/xc32/v4.35/bin/bin/../../lib/gcc/pic32c/8.3.1/thumb/v6-m/nofp/crti.o
                0x000000a8                _init
 .init          0x000000ac        0x8 c:/program files/microchip/xc32/v4.35/bin/bin/../../lib/gcc/pic32c/8.3.1/thumb/v6-m/nofp/crtn.o
                0x000000b4                . = ALIGN (0x4)
                0x000000b4                __preinit_array_start = .
 *(.preinit_array)
                0x000000b4                __preinit_array_end = .
                0x000000b4                . = ALIGN (0x4)
                0x000000b4                __init_array_start = .
 *(SORT_BY_NAME(.init_array.*))
 *(.init_array)
 .init_array    0x000000b4        0x4 c:/program files/microchip/xc32/v4.35/bin/bin/../../lib/gcc/pic32c/8.3.1/thumb/v6-m/nofp/crtbegin.o
                0x000000b8                __init_array_end = .
                0x000000b8                . = ALIGN (0x4)
 *crtbegin.o(.ctors)
 *(EXCLUDE_FILE(*crtend.o) .ctors)
 *(SORT_BY_NAME(.ctors.*))
 *crtend.o(.ctors)
                0x000000b8                . = ALIGN (0x4)
 *(.fini)
 .fini          0x000000b8        0x4 c:/program files/microchip/xc32/v4.35/bin/bin/../../lib/gcc/pic32c/8.3.1/thumb/v6-m/nofp/crti.o
                0x000000b8                _fini
 .fini          0x000000bc        0x8 c:/program files/microchip/xc32/v4.35/bin/bin/../../lib/gcc/pic32c/8.3.1/thumb/v6-m/nofp/crtn.o
                0x000000c4                . = ALIGN (0x4)
                0x000000c4                __fini_array_start = .
 *(.fini_array)
 .fini_array    0x000000c4        0x4 c:/program files/microchip/xc32/v4.35/bin/bin/../../lib/gcc/pic32c/8.3.1/thumb/v6-m/nofp/crtbegin.o
 *(SORT_BY_NAME(.fini_array.*))
                0x000000c8                __fini_array_end = .
 *crtbegin.o(.dtors)
 *(EXCLUDE_FILE(*crtend.o) .dtors)
 *(SORT_BY_NAME(.dtors.*))
 *crtend.o(.dtors)
                0x000000c8                . = ALIGN (0x4)
                0x000000c8                _efixed = .
                [!provide]                PROVIDE (__exidx_start = .)

.ARM.exidx      0x000000c8        0x8
 *(.ARM.exidx* .gnu.linkonce.armexidx.*)
 .ARM.exidx     0x000000c8        0x8 c:/program files/microchip/xc32/v4.35/bin/bin/../../lib/gcc/pic32c/8.3.1/thumb/v6-m/nofp\libgcc.a(_udivmoddi4.o)
                [!provide]                PROVIDE (__exidx_end = .)
                0x000000d0                . = ALIGN (0x4)
                0x000000d0                _etext = .

.bss            0x20000000        0x0
                0x20000000                . = ALIGN (0x4)
                0x20000000                __bss_start__ = .
                0x20000000                _sbss = .
                0x20000000                _szero = .
 *(COMMON)
                0x20000000                . = ALIGN (0x4)
                0x20000000                __bss_end__ = .
                0x20000000                _ebss = .
                0x20000000                _ezero = .
                0x20000000                . = ALIGN (0x4)
                0x20000000                _end = .
                0x20007fff                _ram_end_ = ((ORIGIN (ram) + LENGTH (ram)) - 0x1)

.lpram_output   0x30000000        0x0
                0x30000000                . = ALIGN (0x4)
 *(.lpram .lpram.*)
                0x30000000                . = ALIGN (0x4)
                0x30000000                . = ALIGN (0x4)
                0x30001fff                _lpram_end_ = ((ORIGIN (lpram) + LENGTH (lpram)) - 0x1)
                0x00000200                _min_heap_size = 0x200
START GROUP
LOAD c:/program files/microchip/xc32/v4.35/bin/bin/../../lib/gcc/pic32c/8.3.1/../../../../pic32c/lib/thumb/v6-m/nofp\libpic32c.a
LOAD c:/program files/microchip/xc32/v4.35/bin/bin/../../lib/gcc/pic32c/8.3.1/../../../../pic32c/lib/thumb/v6-m/nofp\libm-fast-emfloat.a
LOAD c:/program files/microchip/xc32/v4.35/bin/bin/../../lib/gcc/pic32c/8.3.1/../../../../pic32c/lib/thumb/v6-m/nofp\libc-musl.a
LOAD c:/program files/microchip/xc32/v4.35/bin/bin/../../lib/gcc/pic32c/8.3.1/../../../../pic32c/lib/thumb/v6-m/nofp\libm-fast-emfloat.a
LOAD c:/program files/microchip/xc32/v4.35/bin/bin/../../lib/gcc/pic32c/8.3.1/thumb/v6-m/nofp\libgcc.a
END GROUP
LOAD c:/program files/microchip/xc32/v4.35/bin/bin/../../lib/gcc/pic32c/8.3.1/thumb/v6-m/nofp/crtend.o
LOAD c:/program files/microchip/xc32/v4.35/bin/bin/../../lib/gcc/pic32c/8.3.1/thumb/v6-m/nofp/crtn.o
OUTPUT(dist/default/production/Project.X.production.elf elf32-littlearm)
LOAD data_init
LOAD stack

.ARM.attributes
                0x00000000       0x2a
 .ARM.attributes
                0x00000000       0x1e c:/program files/microchip/xc32/v4.35/bin/bin/../../lib/gcc/pic32c/8.3.1/thumb/v6-m/nofp/crti.o
 .ARM.attributes
                0x0000001e       0x2c c:/program files/microchip/xc32/v4.35/bin/bin/../../lib/gcc/pic32c/8.3.1/thumb/v6-m/nofp/crtbegin.o
 .ARM.attributes
                0x0000004a       0x2c build/default/production/_ext/745501718/pal.o
 .ARM.attributes
                0x00000076       0x2c build/default/production/_ext/559172130/phy_irq_handler.o
 .ARM.attributes
                0x000000a2       0x2c build/default/production/_ext/559172130/phy_trx_reg_access.o
 .ARM.attributes
                0x000000ce       0x2c build/default/production/_ext/559172130/phy_tx.o
 .ARM.attributes
                0x000000fa       0x2c build/default/production/_ext/559172130/phy_pwr_mgmt.o
 .ARM.attributes
                0x00000126       0x2c build/default/production/_ext/559172130/phy.o
 .ARM.attributes
                0x00000152       0x2c build/default/production/_ext/559172130/tfa.o
 .ARM.attributes
                0x0000017e       0x2c build/default/production/_ext/559172130/phy_pib.o
 .ARM.attributes
                0x000001aa       0x2c build/default/production/_ext/559172130/phy_helper.o
 .ARM.attributes
                0x000001d6       0x2c build/default/production/_ext/559172130/phy_rx.o
 .ARM.attributes
                0x00000202       0x2c build/default/production/_ext/559172130/phy_rx_enable.o
 .ARM.attributes
                0x0000022e       0x2c build/default/production/_ext/559172130/phy_ed.o
 .ARM.attributes
                0x0000025a       0x2c build/default/production/_ext/559172130/phy_init.o
 .ARM.attributes
                0x00000286       0x2c build/default/production/_ext/957911548/phy_task.o
 .ARM.attributes
                0x000002b2       0x2c build/default/production/_ext/1374435801/bmm.o
 .ARM.attributes
                0x000002de       0x2c build/default/production/_ext/874725666/qmm.o
 .ARM.attributes
                0x0000030a       0x2c build/default/production/_ext/1181623987/miwi_app.o
 .ARM.attributes
                0x00000336       0x2c build/default/production/_ext/1181623987/miwi_init.o
 .ARM.attributes
                0x00000362       0x32 build/default/production/_ext/1181623987/miwi_mesh_app.o
 .ARM.attributes
                0x00000394       0x2c build/default/production/_ext/1181623987/mimac_task.o
 .ARM.attributes
                0x000003c0       0x2c build/default/production/_ext/1181623987/miwi_mesh_frame.o
 .ARM.attributes
                0x000003ec       0x2c build/default/production/_ext/1181623987/miwi_mesh.o
 .ARM.attributes
                0x00000418       0x2c build/default/production/_ext/1181623987/commands.o
 .ARM.attributes
                0x00000444       0x2c build/default/production/_ext/1181623987/miwi_mesh_commissioning.o
 .ARM.attributes
                0x00000470       0x2c build/default/production/_ext/1181623987/mimac.o
 .ARM.attributes
                0x0000049c       0x2c build/default/production/_ext/1181623987/miwi_mesh_routing.o
 .ARM.attributes
                0x000004c8       0x2c build/default/production/_ext/1181623987/miwi_mesh_join.o
 .ARM.attributes
                0x000004f4       0x2c build/default/production/_ext/1529399856/osal_freertos.o
 .ARM.attributes
                0x00000520       0x2c build/default/production/_ext/1529399856/osal_freertos_extend.o
 .ARM.attributes
                0x0000054c       0x2c build/default/production/_ext/1984496892/plib_clock.o
 .ARM.attributes
                0x00000578       0x2c build/default/production/_ext/60167341/plib_eic.o
 .ARM.attributes
                0x000005a4       0x2c build/default/production/_ext/1986646378/plib_evsys.o
 .ARM.attributes
                0x000005d0       0x2c build/default/production/_ext/1865468468/plib_nvic.o
 .ARM.attributes
                0x000005fc       0x2c build/default/production/_ext/1593096446/plib_nvmctrl.o
 .ARM.attributes
                0x00000628       0x2c build/default/production/_ext/829342769/plib_pm.o
 .ARM.attributes
                0x00000654       0x2c build/default/production/_ext/1865521619/plib_port.o
 .ARM.attributes
                0x00000680       0x2c build/default/production/_ext/17022449/plib_sercom4_spi_master.o
 .ARM.attributes
                0x000006ac       0x2c build/default/production/_ext/829342655/plib_tc0.o
 .ARM.attributes
                0x000006d8       0x2c build/default/production/_ext/1881668453/sys_int.o
 .ARM.attributes
                0x00000704       0x2c build/default/production/_ext/101884895/sys_time.o
 .ARM.attributes
                0x00000730       0x2c build/default/production/_ext/1171490990/tasks.o
 .ARM.attributes
                0x0000075c       0x2c build/default/production/_ext/1171490990/interrupts.o
 .ARM.attributes
                0x00000788       0x2c build/default/production/_ext/1171490990/freertos_hooks.o
 .ARM.attributes
                0x000007b4       0x2c build/default/production/_ext/1171490990/initialization.o
 .ARM.attributes
                0x000007e0       0x2c build/default/production/_ext/1171490990/startup_xc32.o
 .ARM.attributes
                0x0000080c       0x2c build/default/production/_ext/1171490990/exceptions.o
 .ARM.attributes
                0x00000838       0x2c build/default/production/_ext/1624415188/port.o
 .ARM.attributes
                0x00000864       0x2c build/default/production/_ext/1665200909/heap_4.o
 .ARM.attributes
                0x00000890       0x2c build/default/production/_ext/404212886/list.o
 .ARM.attributes
                0x000008bc       0x2c build/default/production/_ext/404212886/FreeRTOS_tasks.o
 .ARM.attributes
                0x000008e8       0x2c build/default/production/_ext/404212886/queue.o
 .ARM.attributes
                0x00000914       0x2c build/default/production/_ext/1360937237/main.o
 .ARM.attributes
                0x00000940       0x2c build/default/production/_ext/1360937237/app.o
 .ARM.attributes
                0x0000096c       0x2c c:/program files/microchip/xc32/v4.35/bin/bin/../../lib/gcc/pic32c/8.3.1/../../../../pic32c/lib/thumb/v6-m/nofp\libpic32c.a(data_init.o)
 .ARM.attributes
                0x00000998       0x2e c:/program files/microchip/xc32/v4.35/bin/bin/../../lib/gcc/pic32c/8.3.1/../../../../pic32c/lib/thumb/v6-m/nofp\libc-musl.a(__libc_start_main.o)
 .ARM.attributes
                0x000009c6       0x2e c:/program files/microchip/xc32/v4.35/bin/bin/../../lib/gcc/pic32c/8.3.1/../../../../pic32c/lib/thumb/v6-m/nofp\libc-musl.a(libc.o)
 .ARM.attributes
                0x000009f4       0x2e c:/program files/microchip/xc32/v4.35/bin/bin/../../lib/gcc/pic32c/8.3.1/../../../../pic32c/lib/thumb/v6-m/nofp\libc-musl.a(rand.o)
 .ARM.attributes
                0x00000a22       0x2e c:/program files/microchip/xc32/v4.35/bin/bin/../../lib/gcc/pic32c/8.3.1/../../../../pic32c/lib/thumb/v6-m/nofp\libc-musl.a(memcmp.o)
 .ARM.attributes
                0x00000a50       0x2e c:/program files/microchip/xc32/v4.35/bin/bin/../../lib/gcc/pic32c/8.3.1/../../../../pic32c/lib/thumb/v6-m/nofp\libc-musl.a(memcpy.o)
 .ARM.attributes
                0x00000a7e       0x2e c:/program files/microchip/xc32/v4.35/bin/bin/../../lib/gcc/pic32c/8.3.1/../../../../pic32c/lib/thumb/v6-m/nofp\libc-musl.a(memset.o)
 .ARM.attributes
                0x00000aac       0x2e c:/program files/microchip/xc32/v4.35/bin/bin/../../lib/gcc/pic32c/8.3.1/../../../../pic32c/lib/thumb/v6-m/nofp\libc-musl.a(__environ.o)
 .ARM.attributes
                0x00000ada       0x1e c:/program files/microchip/xc32/v4.35/bin/bin/../../lib/gcc/pic32c/8.3.1/thumb/v6-m/nofp\libgcc.a(_udivsi3.o)
 .ARM.attributes
                0x00000af8       0x1e c:/program files/microchip/xc32/v4.35/bin/bin/../../lib/gcc/pic32c/8.3.1/thumb/v6-m/nofp\libgcc.a(_divsi3.o)
 .ARM.attributes
                0x00000b16       0x1e c:/program files/microchip/xc32/v4.35/bin/bin/../../lib/gcc/pic32c/8.3.1/thumb/v6-m/nofp\libgcc.a(_dvmd_tls.o)
 .ARM.attributes
                0x00000b34       0x1e c:/program files/microchip/xc32/v4.35/bin/bin/../../lib/gcc/pic32c/8.3.1/thumb/v6-m/nofp\libgcc.a(_aeabi_uldivmod.o)
 .ARM.attributes
                0x00000b52       0x2c c:/program files/microchip/xc32/v4.35/bin/bin/../../lib/gcc/pic32c/8.3.1/thumb/v6-m/nofp\libgcc.a(_muldi3.o)
 .ARM.attributes
                0x00000b7e       0x2c c:/program files/microchip/xc32/v4.35/bin/bin/../../lib/gcc/pic32c/8.3.1/thumb/v6-m/nofp\libgcc.a(_udivmoddi4.o)
 .ARM.attributes
                0x00000baa       0x1e c:/program files/microchip/xc32/v4.35/bin/bin/../../lib/gcc/pic32c/8.3.1/thumb/v6-m/nofp\libgcc.a(_lshrdi3.o)
 .ARM.attributes
                0x00000bc8       0x1e c:/program files/microchip/xc32/v4.35/bin/bin/../../lib/gcc/pic32c/8.3.1/thumb/v6-m/nofp\libgcc.a(_ashldi3.o)
 .ARM.attributes
                0x00000be6       0x1e c:/program files/microchip/xc32/v4.35/bin/bin/../../lib/gcc/pic32c/8.3.1/thumb/v6-m/nofp\libgcc.a(_clzdi2.o)
 .ARM.attributes
                0x00000c04       0x1e c:/program files/microchip/xc32/v4.35/bin/bin/../../lib/gcc/pic32c/8.3.1/thumb/v6-m/nofp\libgcc.a(_clzsi2.o)
 .ARM.attributes
                0x00000c22       0x1e c:/program files/microchip/xc32/v4.35/bin/bin/../../lib/gcc/pic32c/8.3.1/thumb/v6-m/nofp/crtn.o
 .ARM.attributes
                0x00000c40       0x2c c:/program files/microchip/xc32/v4.35/bin/bin/../../lib/gcc/pic32c/8.3.1/../../../../pic32c/lib/thumb/v6-m/nofp\libpic32c.a(pic32_data_init_clear.o)
 .ARM.attributes
                0x00000c6c       0x2c c:/program files/microchip/xc32/v4.35/bin/bin/../../lib/gcc/pic32c/8.3.1/../../../../pic32c/lib/thumb/v6-m/nofp\libpic32c.a(pic32_data_init_copy.o)

.comment        0x00000000       0x2b
 .comment       0x00000000       0x2b c:/program files/microchip/xc32/v4.35/bin/bin/../../lib/gcc/pic32c/8.3.1/thumb/v6-m/nofp/crtbegin.o
                                 0x2c (size before relaxing)
 .comment       0x0000002b       0x2c build/default/production/_ext/745501718/pal.o
 .comment       0x0000002b       0x2c build/default/production/_ext/559172130/phy_irq_handler.o
 .comment       0x0000002b       0x2c build/default/production/_ext/559172130/phy_trx_reg_access.o
 .comment       0x0000002b       0x2c build/default/production/_ext/559172130/phy_tx.o
 .comment       0x0000002b       0x2c build/default/production/_ext/559172130/phy_pwr_mgmt.o
 .comment       0x0000002b       0x2c build/default/production/_ext/559172130/phy.o
 .comment       0x0000002b       0x2c build/default/production/_ext/559172130/tfa.o
 .comment       0x0000002b       0x2c build/default/production/_ext/559172130/phy_pib.o
 .comment       0x0000002b       0x2c build/default/production/_ext/559172130/phy_helper.o
 .comment       0x0000002b       0x2c build/default/production/_ext/559172130/phy_rx.o
 .comment       0x0000002b       0x2c build/default/production/_ext/559172130/phy_rx_enable.o
 .comment       0x0000002b       0x2c build/default/production/_ext/559172130/phy_ed.o
 .comment       0x0000002b       0x2c build/default/production/_ext/559172130/phy_init.o
 .comment       0x0000002b       0x2c build/default/production/_ext/957911548/phy_task.o
 .comment       0x0000002b       0x2c build/default/production/_ext/1374435801/bmm.o
 .comment       0x0000002b       0x2c build/default/production/_ext/874725666/qmm.o
 .comment       0x0000002b       0x2c build/default/production/_ext/1181623987/miwi_app.o
 .comment       0x0000002b       0x2c build/default/production/_ext/1181623987/miwi_init.o
 .comment       0x0000002b       0x2c build/default/production/_ext/1181623987/miwi_mesh_app.o
 .comment       0x0000002b       0x2c build/default/production/_ext/1181623987/mimac_task.o
 .comment       0x0000002b       0x2c build/default/production/_ext/1181623987/miwi_mesh_frame.o
 .comment       0x0000002b       0x2c build/default/production/_ext/1181623987/miwi_mesh.o
 .comment       0x0000002b       0x2c build/default/production/_ext/1181623987/commands.o
 .comment       0x0000002b       0x2c build/default/production/_ext/1181623987/miwi_mesh_commissioning.o
 .comment       0x0000002b       0x2c build/default/production/_ext/1181623987/mimac.o
 .comment       0x0000002b       0x2c build/default/production/_ext/1181623987/miwi_mesh_routing.o
 .comment       0x0000002b       0x2c build/default/production/_ext/1181623987/miwi_mesh_join.o
 .comment       0x0000002b       0x2c build/default/production/_ext/1529399856/osal_freertos.o
 .comment       0x0000002b       0x2c build/default/production/_ext/1529399856/osal_freertos_extend.o
 .comment       0x0000002b       0x2c build/default/production/_ext/1984496892/plib_clock.o
 .comment       0x0000002b       0x2c build/default/production/_ext/60167341/plib_eic.o
 .comment       0x0000002b       0x2c build/default/production/_ext/1986646378/plib_evsys.o
 .comment       0x0000002b       0x2c build/default/production/_ext/1865468468/plib_nvic.o
 .comment       0x0000002b       0x2c build/default/production/_ext/1593096446/plib_nvmctrl.o
 .comment       0x0000002b       0x2c build/default/production/_ext/829342769/plib_pm.o
 .comment       0x0000002b       0x2c build/default/production/_ext/1865521619/plib_port.o
 .comment       0x0000002b       0x2c build/default/production/_ext/17022449/plib_sercom4_spi_master.o
 .comment       0x0000002b       0x2c build/default/production/_ext/829342655/plib_tc0.o
 .comment       0x0000002b       0x2c build/default/production/_ext/1881668453/sys_int.o
 .comment       0x0000002b       0x2c build/default/production/_ext/101884895/sys_time.o
 .comment       0x0000002b       0x2c build/default/production/_ext/1171490990/tasks.o
 .comment       0x0000002b       0x2c build/default/production/_ext/1171490990/interrupts.o
 .comment       0x0000002b       0x2c build/default/production/_ext/1171490990/freertos_hooks.o
 .comment       0x0000002b       0x2c build/default/production/_ext/1171490990/initialization.o
 .comment       0x0000002b       0x2c build/default/production/_ext/1171490990/startup_xc32.o
 .comment       0x0000002b       0x2c build/default/production/_ext/1171490990/exceptions.o
 .comment       0x0000002b       0x2c build/default/production/_ext/1624415188/port.o
 .comment       0x0000002b       0x2c build/default/production/_ext/1665200909/heap_4.o
 .comment       0x0000002b       0x2c build/default/production/_ext/404212886/list.o
 .comment       0x0000002b       0x2c build/default/production/_ext/404212886/FreeRTOS_tasks.o
 .comment       0x0000002b       0x2c build/default/production/_ext/404212886/queue.o
 .comment       0x0000002b       0x2c build/default/production/_ext/1360937237/main.o
 .comment       0x0000002b       0x2c build/default/production/_ext/1360937237/app.o
 .comment       0x0000002b       0x2c c:/program files/microchip/xc32/v4.35/bin/bin/../../lib/gcc/pic32c/8.3.1/../../../../pic32c/lib/thumb/v6-m/nofp\libpic32c.a(data_init.o)
 .comment       0x0000002b       0x2c c:/program files/microchip/xc32/v4.35/bin/bin/../../lib/gcc/pic32c/8.3.1/../../../../pic32c/lib/thumb/v6-m/nofp\libc-musl.a(__libc_start_main.o)
 .comment       0x0000002b       0x2c c:/program files/microchip/xc32/v4.35/bin/bin/../../lib/gcc/pic32c/8.3.1/../../../../pic32c/lib/thumb/v6-m/nofp\libc-musl.a(libc.o)
 .comment       0x0000002b       0x2c c:/program files/microchip/xc32/v4.35/bin/bin/../../lib/gcc/pic32c/8.3.1/../../../../pic32c/lib/thumb/v6-m/nofp\libc-musl.a(rand.o)
 .comment       0x0000002b       0x2c c:/program files/microchip/xc32/v4.35/bin/bin/../../lib/gcc/pic32c/8.3.1/../../../../pic32c/lib/thumb/v6-m/nofp\libc-musl.a(memcmp.o)
 .comment       0x0000002b       0x2c c:/program files/microchip/xc32/v4.35/bin/bin/../../lib/gcc/pic32c/8.3.1/../../../../pic32c/lib/thumb/v6-m/nofp\libc-musl.a(memcpy.o)
 .comment       0x0000002b       0x2c c:/program files/microchip/xc32/v4.35/bin/bin/../../lib/gcc/pic32c/8.3.1/../../../../pic32c/lib/thumb/v6-m/nofp\libc-musl.a(memset.o)
 .comment       0x0000002b       0x2c c:/program files/microchip/xc32/v4.35/bin/bin/../../lib/gcc/pic32c/8.3.1/../../../../pic32c/lib/thumb/v6-m/nofp\libc-musl.a(__environ.o)
 .comment       0x0000002b       0x2c c:/program files/microchip/xc32/v4.35/bin/bin/../../lib/gcc/pic32c/8.3.1/thumb/v6-m/nofp\libgcc.a(_muldi3.o)
 .comment       0x0000002b       0x2c c:/program files/microchip/xc32/v4.35/bin/bin/../../lib/gcc/pic32c/8.3.1/thumb/v6-m/nofp\libgcc.a(_udivmoddi4.o)
 .comment       0x0000002b       0x2c c:/program files/microchip/xc32/v4.35/bin/bin/../../lib/gcc/pic32c/8.3.1/../../../../pic32c/lib/thumb/v6-m/nofp\libpic32c.a(pic32_data_init_clear.o)
 .comment       0x0000002b       0x2c c:/program files/microchip/xc32/v4.35/bin/bin/../../lib/gcc/pic32c/8.3.1/../../../../pic32c/lib/thumb/v6-m/nofp\libpic32c.a(pic32_data_init_copy.o)

.debug_info     0x00000000    0x3db7f
 .debug_info    0x00000000      0xedd build/default/production/_ext/745501718/pal.o
 .debug_info    0x00000edd      0x9cb build/default/production/_ext/559172130/phy_irq_handler.o
 .debug_info    0x000018a8      0xbe9 build/default/production/_ext/559172130/phy_trx_reg_access.o
 .debug_info    0x00002491     0x1579 build/default/production/_ext/559172130/phy_tx.o
 .debug_info    0x00003a0a      0xcae build/default/production/_ext/559172130/phy_pwr_mgmt.o
 .debug_info    0x000046b8     0x17b5 build/default/production/_ext/559172130/phy.o
 .debug_info    0x00005e6d     0x1635 build/default/production/_ext/559172130/tfa.o
 .debug_info    0x000074a2     0x1742 build/default/production/_ext/559172130/phy_pib.o
 .debug_info    0x00008be4     0x17d1 build/default/production/_ext/559172130/phy_helper.o
 .debug_info    0x0000a3b5      0xca5 build/default/production/_ext/559172130/phy_rx.o
 .debug_info    0x0000b05a      0xa06 build/default/production/_ext/559172130/phy_rx_enable.o
 .debug_info    0x0000ba60      0xd0e build/default/production/_ext/559172130/phy_ed.o
 .debug_info    0x0000c76e     0x1ac3 build/default/production/_ext/559172130/phy_init.o
 .debug_info    0x0000e231      0x51f build/default/production/_ext/957911548/phy_task.o
 .debug_info    0x0000e750      0x6d6 build/default/production/_ext/1374435801/bmm.o
 .debug_info    0x0000ee26      0x82e build/default/production/_ext/874725666/qmm.o
 .debug_info    0x0000f654     0x3151 build/default/production/_ext/1181623987/miwi_app.o
 .debug_info    0x000127a5     0x153d build/default/production/_ext/1181623987/miwi_init.o
 .debug_info    0x00013ce2      0xfa4 build/default/production/_ext/1181623987/miwi_mesh_app.o
 .debug_info    0x00014c86     0x124c build/default/production/_ext/1181623987/mimac_task.o
 .debug_info    0x00015ed2     0x353a build/default/production/_ext/1181623987/miwi_mesh_frame.o
 .debug_info    0x0001940c     0x31f9 build/default/production/_ext/1181623987/miwi_mesh.o
 .debug_info    0x0001c605     0x1433 build/default/production/_ext/1181623987/commands.o
 .debug_info    0x0001da38      0xb3e build/default/production/_ext/1181623987/miwi_mesh_commissioning.o
 .debug_info    0x0001e576     0x25a6 build/default/production/_ext/1181623987/mimac.o
 .debug_info    0x00020b1c     0x2319 build/default/production/_ext/1181623987/miwi_mesh_routing.o
 .debug_info    0x00022e35     0x3f74 build/default/production/_ext/1181623987/miwi_mesh_join.o
 .debug_info    0x00026da9      0xbbc build/default/production/_ext/1529399856/osal_freertos.o
 .debug_info    0x00027965      0x8f5 build/default/production/_ext/1529399856/osal_freertos_extend.o
 .debug_info    0x0002825a      0xaa9 build/default/production/_ext/1984496892/plib_clock.o
 .debug_info    0x00028d03      0x6a5 build/default/production/_ext/60167341/plib_eic.o
 .debug_info    0x000293a8      0x308 build/default/production/_ext/1986646378/plib_evsys.o
 .debug_info    0x000296b0      0xab6 build/default/production/_ext/1865468468/plib_nvic.o
 .debug_info    0x0002a166      0xb3e build/default/production/_ext/1593096446/plib_nvmctrl.o
 .debug_info    0x0002aca4      0x605 build/default/production/_ext/829342769/plib_pm.o
 .debug_info    0x0002b2a9      0xcbe build/default/production/_ext/1865521619/plib_port.o
 .debug_info    0x0002bf67     0x14aa build/default/production/_ext/17022449/plib_sercom4_spi_master.o
 .debug_info    0x0002d411      0xc89 build/default/production/_ext/829342655/plib_tc0.o
 .debug_info    0x0002e09a      0x99f build/default/production/_ext/1881668453/sys_int.o
 .debug_info    0x0002ea39     0x2735 build/default/production/_ext/101884895/sys_time.o
 .debug_info    0x0003116e      0x61b build/default/production/_ext/1171490990/tasks.o
 .debug_info    0x00031789      0x825 build/default/production/_ext/1171490990/interrupts.o
 .debug_info    0x00031fae      0x486 build/default/production/_ext/1171490990/freertos_hooks.o
 .debug_info    0x00032434     0x1382 build/default/production/_ext/1171490990/initialization.o
 .debug_info    0x000337b6      0x48d build/default/production/_ext/1171490990/startup_xc32.o
 .debug_info    0x00033c43      0x32c build/default/production/_ext/1171490990/exceptions.o
 .debug_info    0x00033f6f      0x6df build/default/production/_ext/1624415188/port.o
 .debug_info    0x0003464e      0xa34 build/default/production/_ext/1665200909/heap_4.o
 .debug_info    0x00035082      0x622 build/default/production/_ext/404212886/list.o
 .debug_info    0x000356a4     0x2cb9 build/default/production/_ext/404212886/FreeRTOS_tasks.o
 .debug_info    0x0003835d     0x247e build/default/production/_ext/404212886/queue.o
 .debug_info    0x0003a7db      0x321 build/default/production/_ext/1360937237/main.o
 .debug_info    0x0003aafc      0x59e build/default/production/_ext/1360937237/app.o
 .debug_info    0x0003b09a      0x2b9 c:/program files/microchip/xc32/v4.35/bin/bin/../../lib/gcc/pic32c/8.3.1/../../../../pic32c/lib/thumb/v6-m/nofp\libpic32c.a(data_init.o)
 .debug_info    0x0003b353      0x616 c:/program files/microchip/xc32/v4.35/bin/bin/../../lib/gcc/pic32c/8.3.1/../../../../pic32c/lib/thumb/v6-m/nofp\libc-musl.a(__libc_start_main.o)
 .debug_info    0x0003b969      0x528 c:/program files/microchip/xc32/v4.35/bin/bin/../../lib/gcc/pic32c/8.3.1/../../../../pic32c/lib/thumb/v6-m/nofp\libc-musl.a(libc.o)
 .debug_info    0x0003be91      0x31f c:/program files/microchip/xc32/v4.35/bin/bin/../../lib/gcc/pic32c/8.3.1/../../../../pic32c/lib/thumb/v6-m/nofp\libc-musl.a(rand.o)
 .debug_info    0x0003c1b0      0x2cf c:/program files/microchip/xc32/v4.35/bin/bin/../../lib/gcc/pic32c/8.3.1/../../../../pic32c/lib/thumb/v6-m/nofp\libc-musl.a(memcmp.o)
 .debug_info    0x0003c47f      0x2e8 c:/program files/microchip/xc32/v4.35/bin/bin/../../lib/gcc/pic32c/8.3.1/../../../../pic32c/lib/thumb/v6-m/nofp\libc-musl.a(memcpy.o)
 .debug_info    0x0003c767      0x2b2 c:/program files/microchip/xc32/v4.35/bin/bin/../../lib/gcc/pic32c/8.3.1/../../../../pic32c/lib/thumb/v6-m/nofp\libc-musl.a(memset.o)
 .debug_info    0x0003ca19      0x2a2 c:/program files/microchip/xc32/v4.35/bin/bin/../../lib/gcc/pic32c/8.3.1/../../../../pic32c/lib/thumb/v6-m/nofp\libc-musl.a(__environ.o)
 .debug_info    0x0003ccbb       0x26 c:/program files/microchip/xc32/v4.35/bin/bin/../../lib/gcc/pic32c/8.3.1/thumb/v6-m/nofp\libgcc.a(_udivsi3.o)
 .debug_info    0x0003cce1       0x26 c:/program files/microchip/xc32/v4.35/bin/bin/../../lib/gcc/pic32c/8.3.1/thumb/v6-m/nofp\libgcc.a(_divsi3.o)
 .debug_info    0x0003cd07       0x26 c:/program files/microchip/xc32/v4.35/bin/bin/../../lib/gcc/pic32c/8.3.1/thumb/v6-m/nofp\libgcc.a(_dvmd_tls.o)
 .debug_info    0x0003cd2d       0x26 c:/program files/microchip/xc32/v4.35/bin/bin/../../lib/gcc/pic32c/8.3.1/thumb/v6-m/nofp\libgcc.a(_aeabi_uldivmod.o)
 .debug_info    0x0003cd53      0x492 c:/program files/microchip/xc32/v4.35/bin/bin/../../lib/gcc/pic32c/8.3.1/thumb/v6-m/nofp\libgcc.a(_muldi3.o)
 .debug_info    0x0003d1e5      0x3df c:/program files/microchip/xc32/v4.35/bin/bin/../../lib/gcc/pic32c/8.3.1/thumb/v6-m/nofp\libgcc.a(_udivmoddi4.o)
 .debug_info    0x0003d5c4       0x26 c:/program files/microchip/xc32/v4.35/bin/bin/../../lib/gcc/pic32c/8.3.1/thumb/v6-m/nofp\libgcc.a(_lshrdi3.o)
 .debug_info    0x0003d5ea       0x26 c:/program files/microchip/xc32/v4.35/bin/bin/../../lib/gcc/pic32c/8.3.1/thumb/v6-m/nofp\libgcc.a(_ashldi3.o)
 .debug_info    0x0003d610       0x26 c:/program files/microchip/xc32/v4.35/bin/bin/../../lib/gcc/pic32c/8.3.1/thumb/v6-m/nofp\libgcc.a(_clzdi2.o)
 .debug_info    0x0003d636       0x26 c:/program files/microchip/xc32/v4.35/bin/bin/../../lib/gcc/pic32c/8.3.1/thumb/v6-m/nofp\libgcc.a(_clzsi2.o)
 .debug_info    0x0003d65c      0x292 c:/program files/microchip/xc32/v4.35/bin/bin/../../lib/gcc/pic32c/8.3.1/../../../../pic32c/lib/thumb/v6-m/nofp\libpic32c.a(pic32_data_init_clear.o)
 .debug_info    0x0003d8ee      0x291 c:/program files/microchip/xc32/v4.35/bin/bin/../../lib/gcc/pic32c/8.3.1/../../../../pic32c/lib/thumb/v6-m/nofp\libpic32c.a(pic32_data_init_copy.o)

.debug_abbrev   0x00000000     0x84fc
 .debug_abbrev  0x00000000      0x3a5 build/default/production/_ext/745501718/pal.o
 .debug_abbrev  0x000003a5      0x16b build/default/production/_ext/559172130/phy_irq_handler.o
 .debug_abbrev  0x00000510      0x175 build/default/production/_ext/559172130/phy_trx_reg_access.o
 .debug_abbrev  0x00000685      0x2a4 build/default/production/_ext/559172130/phy_tx.o
 .debug_abbrev  0x00000929      0x1c0 build/default/production/_ext/559172130/phy_pwr_mgmt.o
 .debug_abbrev  0x00000ae9      0x31d build/default/production/_ext/559172130/phy.o
 .debug_abbrev  0x00000e06      0x363 build/default/production/_ext/559172130/tfa.o
 .debug_abbrev  0x00001169      0x329 build/default/production/_ext/559172130/phy_pib.o
 .debug_abbrev  0x00001492      0x29a build/default/production/_ext/559172130/phy_helper.o
 .debug_abbrev  0x0000172c      0x240 build/default/production/_ext/559172130/phy_rx.o
 .debug_abbrev  0x0000196c      0x162 build/default/production/_ext/559172130/phy_rx_enable.o
 .debug_abbrev  0x00001ace      0x1b6 build/default/production/_ext/559172130/phy_ed.o
 .debug_abbrev  0x00001c84      0x396 build/default/production/_ext/559172130/phy_init.o
 .debug_abbrev  0x0000201a       0xe0 build/default/production/_ext/957911548/phy_task.o
 .debug_abbrev  0x000020fa      0x190 build/default/production/_ext/1374435801/bmm.o
 .debug_abbrev  0x0000228a      0x2b4 build/default/production/_ext/874725666/qmm.o
 .debug_abbrev  0x0000253e      0x595 build/default/production/_ext/1181623987/miwi_app.o
 .debug_abbrev  0x00002ad3      0x254 build/default/production/_ext/1181623987/miwi_init.o
 .debug_abbrev  0x00002d27      0x162 build/default/production/_ext/1181623987/miwi_mesh_app.o
 .debug_abbrev  0x00002e89      0x2a7 build/default/production/_ext/1181623987/mimac_task.o
 .debug_abbrev  0x00003130      0x498 build/default/production/_ext/1181623987/miwi_mesh_frame.o
 .debug_abbrev  0x000035c8      0x4e0 build/default/production/_ext/1181623987/miwi_mesh.o
 .debug_abbrev  0x00003aa8      0x3db build/default/production/_ext/1181623987/commands.o
 .debug_abbrev  0x00003e83      0x232 build/default/production/_ext/1181623987/miwi_mesh_commissioning.o
 .debug_abbrev  0x000040b5      0x496 build/default/production/_ext/1181623987/mimac.o
 .debug_abbrev  0x0000454b      0x48f build/default/production/_ext/1181623987/miwi_mesh_routing.o
 .debug_abbrev  0x000049da      0x5c7 build/default/production/_ext/1181623987/miwi_mesh_join.o
 .debug_abbrev  0x00004fa1      0x1f9 build/default/production/_ext/1529399856/osal_freertos.o
 .debug_abbrev  0x0000519a      0x189 build/default/production/_ext/1529399856/osal_freertos_extend.o
 .debug_abbrev  0x00005323      0x151 build/default/production/_ext/1984496892/plib_clock.o
 .debug_abbrev  0x00005474      0x1af build/default/production/_ext/60167341/plib_eic.o
 .debug_abbrev  0x00005623       0x3b build/default/production/_ext/1986646378/plib_evsys.o
 .debug_abbrev  0x0000565e      0x1e1 build/default/production/_ext/1865468468/plib_nvic.o
 .debug_abbrev  0x0000583f      0x1b8 build/default/production/_ext/1593096446/plib_nvmctrl.o
 .debug_abbrev  0x000059f7       0xfb build/default/production/_ext/829342769/plib_pm.o
 .debug_abbrev  0x00005af2      0x1d6 build/default/production/_ext/1865521619/plib_port.o
 .debug_abbrev  0x00005cc8      0x2b2 build/default/production/_ext/17022449/plib_sercom4_spi_master.o
 .debug_abbrev  0x00005f7a      0x1e9 build/default/production/_ext/829342655/plib_tc0.o
 .debug_abbrev  0x00006163      0x246 build/default/production/_ext/1881668453/sys_int.o
 .debug_abbrev  0x000063a9      0x516 build/default/production/_ext/101884895/sys_time.o
 .debug_abbrev  0x000068bf      0x124 build/default/production/_ext/1171490990/tasks.o
 .debug_abbrev  0x000069e3       0xb5 build/default/production/_ext/1171490990/interrupts.o
 .debug_abbrev  0x00006a98       0xf7 build/default/production/_ext/1171490990/freertos_hooks.o
 .debug_abbrev  0x00006b8f      0x229 build/default/production/_ext/1171490990/initialization.o
 .debug_abbrev  0x00006db8      0x110 build/default/production/_ext/1171490990/startup_xc32.o
 .debug_abbrev  0x00006ec8       0x3e build/default/production/_ext/1171490990/exceptions.o
 .debug_abbrev  0x00006f06      0x1cf build/default/production/_ext/1624415188/port.o
 .debug_abbrev  0x000070d5      0x261 build/default/production/_ext/1665200909/heap_4.o
 .debug_abbrev  0x00007336      0x15e build/default/production/_ext/404212886/list.o
 .debug_abbrev  0x00007494      0x405 build/default/production/_ext/404212886/FreeRTOS_tasks.o
 .debug_abbrev  0x00007899      0x336 build/default/production/_ext/404212886/queue.o
 .debug_abbrev  0x00007bcf       0x77 build/default/production/_ext/1360937237/main.o
 .debug_abbrev  0x00007c46      0x179 build/default/production/_ext/1360937237/app.o
 .debug_abbrev  0x00007dbf       0x44 c:/program files/microchip/xc32/v4.35/bin/bin/../../lib/gcc/pic32c/8.3.1/../../../../pic32c/lib/thumb/v6-m/nofp\libpic32c.a(data_init.o)
 .debug_abbrev  0x00007e03      0x117 c:/program files/microchip/xc32/v4.35/bin/bin/../../lib/gcc/pic32c/8.3.1/../../../../pic32c/lib/thumb/v6-m/nofp\libc-musl.a(__libc_start_main.o)
 .debug_abbrev  0x00007f1a       0xb8 c:/program files/microchip/xc32/v4.35/bin/bin/../../lib/gcc/pic32c/8.3.1/../../../../pic32c/lib/thumb/v6-m/nofp\libc-musl.a(libc.o)
 .debug_abbrev  0x00007fd2       0x8b c:/program files/microchip/xc32/v4.35/bin/bin/../../lib/gcc/pic32c/8.3.1/../../../../pic32c/lib/thumb/v6-m/nofp\libc-musl.a(rand.o)
 .debug_abbrev  0x0000805d       0x9c c:/program files/microchip/xc32/v4.35/bin/bin/../../lib/gcc/pic32c/8.3.1/../../../../pic32c/lib/thumb/v6-m/nofp\libc-musl.a(memcmp.o)
 .debug_abbrev  0x000080f9       0x9c c:/program files/microchip/xc32/v4.35/bin/bin/../../lib/gcc/pic32c/8.3.1/../../../../pic32c/lib/thumb/v6-m/nofp\libc-musl.a(memcpy.o)
 .debug_abbrev  0x00008195       0x97 c:/program files/microchip/xc32/v4.35/bin/bin/../../lib/gcc/pic32c/8.3.1/../../../../pic32c/lib/thumb/v6-m/nofp\libc-musl.a(memset.o)
 .debug_abbrev  0x0000822c       0x57 c:/program files/microchip/xc32/v4.35/bin/bin/../../lib/gcc/pic32c/8.3.1/../../../../pic32c/lib/thumb/v6-m/nofp\libc-musl.a(__environ.o)
 .debug_abbrev  0x00008283       0x14 c:/program files/microchip/xc32/v4.35/bin/bin/../../lib/gcc/pic32c/8.3.1/thumb/v6-m/nofp\libgcc.a(_udivsi3.o)
 .debug_abbrev  0x00008297       0x14 c:/program files/microchip/xc32/v4.35/bin/bin/../../lib/gcc/pic32c/8.3.1/thumb/v6-m/nofp\libgcc.a(_divsi3.o)
 .debug_abbrev  0x000082ab       0x14 c:/program files/microchip/xc32/v4.35/bin/bin/../../lib/gcc/pic32c/8.3.1/thumb/v6-m/nofp\libgcc.a(_dvmd_tls.o)
 .debug_abbrev  0x000082bf       0x14 c:/program files/microchip/xc32/v4.35/bin/bin/../../lib/gcc/pic32c/8.3.1/thumb/v6-m/nofp\libgcc.a(_aeabi_uldivmod.o)
 .debug_abbrev  0x000082d3       0xef c:/program files/microchip/xc32/v4.35/bin/bin/../../lib/gcc/pic32c/8.3.1/thumb/v6-m/nofp\libgcc.a(_muldi3.o)
 .debug_abbrev  0x000083c2       0x8e c:/program files/microchip/xc32/v4.35/bin/bin/../../lib/gcc/pic32c/8.3.1/thumb/v6-m/nofp\libgcc.a(_udivmoddi4.o)
 .debug_abbrev  0x00008450       0x14 c:/program files/microchip/xc32/v4.35/bin/bin/../../lib/gcc/pic32c/8.3.1/thumb/v6-m/nofp\libgcc.a(_lshrdi3.o)
 .debug_abbrev  0x00008464       0x14 c:/program files/microchip/xc32/v4.35/bin/bin/../../lib/gcc/pic32c/8.3.1/thumb/v6-m/nofp\libgcc.a(_ashldi3.o)
 .debug_abbrev  0x00008478       0x14 c:/program files/microchip/xc32/v4.35/bin/bin/../../lib/gcc/pic32c/8.3.1/thumb/v6-m/nofp\libgcc.a(_clzdi2.o)
 .debug_abbrev  0x0000848c       0x14 c:/program files/microchip/xc32/v4.35/bin/bin/../../lib/gcc/pic32c/8.3.1/thumb/v6-m/nofp\libgcc.a(_clzsi2.o)
 .debug_abbrev  0x000084a0       0x2e c:/program files/microchip/xc32/v4.35/bin/bin/../../lib/gcc/pic32c/8.3.1/../../../../pic32c/lib/thumb/v6-m/nofp\libpic32c.a(pic32_data_init_clear.o)
 .debug_abbrev  0x000084ce       0x2e c:/program files/microchip/xc32/v4.35/bin/bin/../../lib/gcc/pic32c/8.3.1/../../../../pic32c/lib/thumb/v6-m/nofp\libpic32c.a(pic32_data_init_copy.o)

.debug_loc      0x00000000    0x15f39
 .debug_loc     0x00000000      0x7d2 build/default/production/_ext/745501718/pal.o
 .debug_loc     0x000007d2       0xdb build/default/production/_ext/559172130/phy_irq_handler.o
 .debug_loc     0x000008ad      0x4ad build/default/production/_ext/559172130/phy_trx_reg_access.o
 .debug_loc     0x00000d5a      0x2fa build/default/production/_ext/559172130/phy_tx.o
 .debug_loc     0x00001054       0xc9 build/default/production/_ext/559172130/phy_pwr_mgmt.o
 .debug_loc     0x0000111d      0x3b9 build/default/production/_ext/559172130/phy.o
 .debug_loc     0x000014d6      0x3b5 build/default/production/_ext/559172130/tfa.o
 .debug_loc     0x0000188b      0xa58 build/default/production/_ext/559172130/phy_pib.o
 .debug_loc     0x000022e3      0xeb6 build/default/production/_ext/559172130/phy_helper.o
 .debug_loc     0x00003199      0x29a build/default/production/_ext/559172130/phy_rx.o
 .debug_loc     0x00003433       0x9c build/default/production/_ext/559172130/phy_rx_enable.o
 .debug_loc     0x000034cf       0xc4 build/default/production/_ext/559172130/phy_ed.o
 .debug_loc     0x00003593      0x2db build/default/production/_ext/559172130/phy_init.o
 .debug_loc     0x0000386e      0x13e build/default/production/_ext/957911548/phy_task.o
 .debug_loc     0x000039ac      0x1b5 build/default/production/_ext/1374435801/bmm.o
 .debug_loc     0x00003b61      0x541 build/default/production/_ext/874725666/qmm.o
 .debug_loc     0x000040a2      0xbba build/default/production/_ext/1181623987/miwi_app.o
 .debug_loc     0x00004c5c       0x71 build/default/production/_ext/1181623987/miwi_init.o
 .debug_loc     0x00004ccd      0x183 build/default/production/_ext/1181623987/mimac_task.o
 .debug_loc     0x00004e50     0x1a13 build/default/production/_ext/1181623987/miwi_mesh_frame.o
 .debug_loc     0x00006863     0x1382 build/default/production/_ext/1181623987/miwi_mesh.o
 .debug_loc     0x00007be5      0x4bb build/default/production/_ext/1181623987/commands.o
 .debug_loc     0x000080a0      0x616 build/default/production/_ext/1181623987/miwi_mesh_commissioning.o
 .debug_loc     0x000086b6     0x1130 build/default/production/_ext/1181623987/mimac.o
 .debug_loc     0x000097e6      0xe5e build/default/production/_ext/1181623987/miwi_mesh_routing.o
 .debug_loc     0x0000a644     0x25ef build/default/production/_ext/1181623987/miwi_mesh_join.o
 .debug_loc     0x0000cc33      0x70a build/default/production/_ext/1529399856/osal_freertos.o
 .debug_loc     0x0000d33d      0x4dc build/default/production/_ext/1529399856/osal_freertos_extend.o
 .debug_loc     0x0000d819       0x55 build/default/production/_ext/1984496892/plib_clock.o
 .debug_loc     0x0000d86e      0x110 build/default/production/_ext/60167341/plib_eic.o
 .debug_loc     0x0000d97e       0xf4 build/default/production/_ext/1865468468/plib_nvic.o
 .debug_loc     0x0000da72      0x665 build/default/production/_ext/1593096446/plib_nvmctrl.o
 .debug_loc     0x0000e0d7       0x63 build/default/production/_ext/829342769/plib_pm.o
 .debug_loc     0x0000e13a      0x246 build/default/production/_ext/1865521619/plib_port.o
 .debug_loc     0x0000e380      0x68a build/default/production/_ext/17022449/plib_sercom4_spi_master.o
 .debug_loc     0x0000ea0a       0x74 build/default/production/_ext/829342655/plib_tc0.o
 .debug_loc     0x0000ea7e      0x17d build/default/production/_ext/1881668453/sys_int.o
 .debug_loc     0x0000ebfb     0x2371 build/default/production/_ext/101884895/sys_time.o
 .debug_loc     0x00010f6c      0x140 build/default/production/_ext/1171490990/tasks.o
 .debug_loc     0x000110ac       0x76 build/default/production/_ext/1171490990/freertos_hooks.o
 .debug_loc     0x00011122       0x45 build/default/production/_ext/1171490990/initialization.o
 .debug_loc     0x00011167       0x20 build/default/production/_ext/1171490990/startup_xc32.o
 .debug_loc     0x00011187      0x14d build/default/production/_ext/1624415188/port.o
 .debug_loc     0x000112d4      0x588 build/default/production/_ext/1665200909/heap_4.o
 .debug_loc     0x0001185c       0xa6 build/default/production/_ext/404212886/list.o
 .debug_loc     0x00011902     0x1fef build/default/production/_ext/404212886/FreeRTOS_tasks.o
 .debug_loc     0x000138f1     0x1d29 build/default/production/_ext/404212886/queue.o
 .debug_loc     0x0001561a       0x20 build/default/production/_ext/1360937237/main.o
 .debug_loc     0x0001563a       0x9f build/default/production/_ext/1360937237/app.o
 .debug_loc     0x000156d9       0x14 c:/program files/microchip/xc32/v4.35/bin/bin/../../lib/gcc/pic32c/8.3.1/../../../../pic32c/lib/thumb/v6-m/nofp\libpic32c.a(data_init.o)
 .debug_loc     0x000156ed       0x5e c:/program files/microchip/xc32/v4.35/bin/bin/../../lib/gcc/pic32c/8.3.1/../../../../pic32c/lib/thumb/v6-m/nofp\libc-musl.a(__libc_start_main.o)
 .debug_loc     0x0001574b       0x24 c:/program files/microchip/xc32/v4.35/bin/bin/../../lib/gcc/pic32c/8.3.1/../../../../pic32c/lib/thumb/v6-m/nofp\libc-musl.a(rand.o)
 .debug_loc     0x0001576f      0x15e c:/program files/microchip/xc32/v4.35/bin/bin/../../lib/gcc/pic32c/8.3.1/../../../../pic32c/lib/thumb/v6-m/nofp\libc-musl.a(memcmp.o)
 .debug_loc     0x000158cd      0x12d c:/program files/microchip/xc32/v4.35/bin/bin/../../lib/gcc/pic32c/8.3.1/../../../../pic32c/lib/thumb/v6-m/nofp\libc-musl.a(memcpy.o)
 .debug_loc     0x000159fa       0xcd c:/program files/microchip/xc32/v4.35/bin/bin/../../lib/gcc/pic32c/8.3.1/../../../../pic32c/lib/thumb/v6-m/nofp\libc-musl.a(memset.o)
 .debug_loc     0x00015ac7      0x177 c:/program files/microchip/xc32/v4.35/bin/bin/../../lib/gcc/pic32c/8.3.1/thumb/v6-m/nofp\libgcc.a(_muldi3.o)
 .debug_loc     0x00015c3e      0x2e7 c:/program files/microchip/xc32/v4.35/bin/bin/../../lib/gcc/pic32c/8.3.1/thumb/v6-m/nofp\libgcc.a(_udivmoddi4.o)
 .debug_loc     0x00015f25       0x14 c:/program files/microchip/xc32/v4.35/bin/bin/../../lib/gcc/pic32c/8.3.1/../../../../pic32c/lib/thumb/v6-m/nofp\libpic32c.a(pic32_data_init_copy.o)

.debug_aranges  0x00000000     0x1620
 .debug_aranges
                0x00000000       0x70 build/default/production/_ext/745501718/pal.o
 .debug_aranges
                0x00000070       0x30 build/default/production/_ext/559172130/phy_irq_handler.o
 .debug_aranges
                0x000000a0       0x58 build/default/production/_ext/559172130/phy_trx_reg_access.o
 .debug_aranges
                0x000000f8       0x48 build/default/production/_ext/559172130/phy_tx.o
 .debug_aranges
                0x00000140       0x30 build/default/production/_ext/559172130/phy_pwr_mgmt.o
 .debug_aranges
                0x00000170       0x68 build/default/production/_ext/559172130/phy.o
 .debug_aranges
                0x000001d8       0x58 build/default/production/_ext/559172130/tfa.o
 .debug_aranges
                0x00000230       0x58 build/default/production/_ext/559172130/phy_pib.o
 .debug_aranges
                0x00000288       0x80 build/default/production/_ext/559172130/phy_helper.o
 .debug_aranges
                0x00000308       0x28 build/default/production/_ext/559172130/phy_rx.o
 .debug_aranges
                0x00000330       0x20 build/default/production/_ext/559172130/phy_rx_enable.o
 .debug_aranges
                0x00000350       0x30 build/default/production/_ext/559172130/phy_ed.o
 .debug_aranges
                0x00000380       0x40 build/default/production/_ext/559172130/phy_init.o
 .debug_aranges
                0x000003c0       0x38 build/default/production/_ext/957911548/phy_task.o
 .debug_aranges
                0x000003f8       0x38 build/default/production/_ext/1374435801/bmm.o
 .debug_aranges
                0x00000430       0x40 build/default/production/_ext/874725666/qmm.o
 .debug_aranges
                0x00000470       0xc0 build/default/production/_ext/1181623987/miwi_app.o
 .debug_aranges
                0x00000530       0x30 build/default/production/_ext/1181623987/miwi_init.o
 .debug_aranges
                0x00000560       0x18 build/default/production/_ext/1181623987/miwi_mesh_app.o
 .debug_aranges
                0x00000578       0x30 build/default/production/_ext/1181623987/mimac_task.o
 .debug_aranges
                0x000005a8       0xa8 build/default/production/_ext/1181623987/miwi_mesh_frame.o
 .debug_aranges
                0x00000650       0x98 build/default/production/_ext/1181623987/miwi_mesh.o
 .debug_aranges
                0x000006e8       0x50 build/default/production/_ext/1181623987/commands.o
 .debug_aranges
                0x00000738       0x28 build/default/production/_ext/1181623987/miwi_mesh_commissioning.o
 .debug_aranges
                0x00000760       0x88 build/default/production/_ext/1181623987/mimac.o
 .debug_aranges
                0x000007e8       0x88 build/default/production/_ext/1181623987/miwi_mesh_routing.o
 .debug_aranges
                0x00000870      0x100 build/default/production/_ext/1181623987/miwi_mesh_join.o
 .debug_aranges
                0x00000970       0x90 build/default/production/_ext/1529399856/osal_freertos.o
 .debug_aranges
                0x00000a00       0x58 build/default/production/_ext/1529399856/osal_freertos_extend.o
 .debug_aranges
                0x00000a58       0x20 build/default/production/_ext/1984496892/plib_clock.o
 .debug_aranges
                0x00000a78       0x40 build/default/production/_ext/60167341/plib_eic.o
 .debug_aranges
                0x00000ab8       0x20 build/default/production/_ext/1986646378/plib_evsys.o
 .debug_aranges
                0x00000ad8       0x38 build/default/production/_ext/1865468468/plib_nvic.o
 .debug_aranges
                0x00000b10       0xa0 build/default/production/_ext/1593096446/plib_nvmctrl.o
 .debug_aranges
                0x00000bb0       0x58 build/default/production/_ext/829342769/plib_pm.o
 .debug_aranges
                0x00000c08       0x70 build/default/production/_ext/1865521619/plib_port.o
 .debug_aranges
                0x00000c78       0x60 build/default/production/_ext/17022449/plib_sercom4_spi_master.o
 .debug_aranges
                0x00000cd8       0x78 build/default/production/_ext/829342655/plib_tc0.o
 .debug_aranges
                0x00000d50       0x40 build/default/production/_ext/1881668453/sys_int.o
 .debug_aranges
                0x00000d90      0x128 build/default/production/_ext/101884895/sys_time.o
 .debug_aranges
                0x00000eb8       0x40 build/default/production/_ext/1171490990/tasks.o
 .debug_aranges
                0x00000ef8       0x20 build/default/production/_ext/1171490990/interrupts.o
 .debug_aranges
                0x00000f18       0x40 build/default/production/_ext/1171490990/freertos_hooks.o
 .debug_aranges
                0x00000f58       0x20 build/default/production/_ext/1171490990/initialization.o
 .debug_aranges
                0x00000f78       0x28 build/default/production/_ext/1171490990/startup_xc32.o
 .debug_aranges
                0x00000fa0       0x28 build/default/production/_ext/1171490990/exceptions.o
 .debug_aranges
                0x00000fc8       0x88 build/default/production/_ext/1624415188/port.o
 .debug_aranges
                0x00001050       0x50 build/default/production/_ext/1665200909/heap_4.o
 .debug_aranges
                0x000010a0       0x40 build/default/production/_ext/404212886/list.o
 .debug_aranges
                0x000010e0      0x178 build/default/production/_ext/404212886/FreeRTOS_tasks.o
 .debug_aranges
                0x00001258       0xf8 build/default/production/_ext/404212886/queue.o
 .debug_aranges
                0x00001350       0x20 build/default/production/_ext/1360937237/main.o
 .debug_aranges
                0x00001370       0x28 build/default/production/_ext/1360937237/app.o
 .debug_aranges
                0x00001398       0x28 c:/program files/microchip/xc32/v4.35/bin/bin/../../lib/gcc/pic32c/8.3.1/../../../../pic32c/lib/thumb/v6-m/nofp\libpic32c.a(data_init.o)
 .debug_aranges
                0x000013c0       0x28 c:/program files/microchip/xc32/v4.35/bin/bin/../../lib/gcc/pic32c/8.3.1/../../../../pic32c/lib/thumb/v6-m/nofp\libc-musl.a(__libc_start_main.o)
 .debug_aranges
                0x000013e8       0x18 c:/program files/microchip/xc32/v4.35/bin/bin/../../lib/gcc/pic32c/8.3.1/../../../../pic32c/lib/thumb/v6-m/nofp\libc-musl.a(libc.o)
 .debug_aranges
                0x00001400       0x28 c:/program files/microchip/xc32/v4.35/bin/bin/../../lib/gcc/pic32c/8.3.1/../../../../pic32c/lib/thumb/v6-m/nofp\libc-musl.a(rand.o)
 .debug_aranges
                0x00001428       0x20 c:/program files/microchip/xc32/v4.35/bin/bin/../../lib/gcc/pic32c/8.3.1/../../../../pic32c/lib/thumb/v6-m/nofp\libc-musl.a(memcmp.o)
 .debug_aranges
                0x00001448       0x20 c:/program files/microchip/xc32/v4.35/bin/bin/../../lib/gcc/pic32c/8.3.1/../../../../pic32c/lib/thumb/v6-m/nofp\libc-musl.a(memcpy.o)
 .debug_aranges
                0x00001468       0x20 c:/program files/microchip/xc32/v4.35/bin/bin/../../lib/gcc/pic32c/8.3.1/../../../../pic32c/lib/thumb/v6-m/nofp\libc-musl.a(memset.o)
 .debug_aranges
                0x00001488       0x18 c:/program files/microchip/xc32/v4.35/bin/bin/../../lib/gcc/pic32c/8.3.1/../../../../pic32c/lib/thumb/v6-m/nofp\libc-musl.a(__environ.o)
 .debug_aranges
                0x000014a0       0x20 c:/program files/microchip/xc32/v4.35/bin/bin/../../lib/gcc/pic32c/8.3.1/thumb/v6-m/nofp\libgcc.a(_udivsi3.o)
 .debug_aranges
                0x000014c0       0x20 c:/program files/microchip/xc32/v4.35/bin/bin/../../lib/gcc/pic32c/8.3.1/thumb/v6-m/nofp\libgcc.a(_divsi3.o)
 .debug_aranges
                0x000014e0       0x20 c:/program files/microchip/xc32/v4.35/bin/bin/../../lib/gcc/pic32c/8.3.1/thumb/v6-m/nofp\libgcc.a(_dvmd_tls.o)
 .debug_aranges
                0x00001500       0x20 c:/program files/microchip/xc32/v4.35/bin/bin/../../lib/gcc/pic32c/8.3.1/thumb/v6-m/nofp\libgcc.a(_aeabi_uldivmod.o)
 .debug_aranges
                0x00001520       0x20 c:/program files/microchip/xc32/v4.35/bin/bin/../../lib/gcc/pic32c/8.3.1/thumb/v6-m/nofp\libgcc.a(_muldi3.o)
 .debug_aranges
                0x00001540       0x20 c:/program files/microchip/xc32/v4.35/bin/bin/../../lib/gcc/pic32c/8.3.1/thumb/v6-m/nofp\libgcc.a(_udivmoddi4.o)
 .debug_aranges
                0x00001560       0x20 c:/program files/microchip/xc32/v4.35/bin/bin/../../lib/gcc/pic32c/8.3.1/thumb/v6-m/nofp\libgcc.a(_lshrdi3.o)
 .debug_aranges
                0x00001580       0x20 c:/program files/microchip/xc32/v4.35/bin/bin/../../lib/gcc/pic32c/8.3.1/thumb/v6-m/nofp\libgcc.a(_ashldi3.o)
 .debug_aranges
                0x000015a0       0x20 c:/program files/microchip/xc32/v4.35/bin/bin/../../lib/gcc/pic32c/8.3.1/thumb/v6-m/nofp\libgcc.a(_clzdi2.o)
 .debug_aranges
                0x000015c0       0x20 c:/program files/microchip/xc32/v4.35/bin/bin/../../lib/gcc/pic32c/8.3.1/thumb/v6-m/nofp\libgcc.a(_clzsi2.o)
 .debug_aranges
                0x000015e0       0x20 c:/program files/microchip/xc32/v4.35/bin/bin/../../lib/gcc/pic32c/8.3.1/../../../../pic32c/lib/thumb/v6-m/nofp\libpic32c.a(pic32_data_init_clear.o)
 .debug_aranges
                0x00001600       0x20 c:/program files/microchip/xc32/v4.35/bin/bin/../../lib/gcc/pic32c/8.3.1/../../../../pic32c/lib/thumb/v6-m/nofp\libpic32c.a(pic32_data_init_copy.o)

.debug_ranges   0x00000000     0x1888
 .debug_ranges  0x00000000       0x60 build/default/production/_ext/745501718/pal.o
 .debug_ranges  0x00000060       0x20 build/default/production/_ext/559172130/phy_irq_handler.o
 .debug_ranges  0x00000080       0x48 build/default/production/_ext/559172130/phy_trx_reg_access.o
 .debug_ranges  0x000000c8       0x38 build/default/production/_ext/559172130/phy_tx.o
 .debug_ranges  0x00000100       0x20 build/default/production/_ext/559172130/phy_pwr_mgmt.o
 .debug_ranges  0x00000120       0x70 build/default/production/_ext/559172130/phy.o
 .debug_ranges  0x00000190       0x60 build/default/production/_ext/559172130/tfa.o
 .debug_ranges  0x000001f0       0xc0 build/default/production/_ext/559172130/phy_pib.o
 .debug_ranges  0x000002b0       0x70 build/default/production/_ext/559172130/phy_helper.o
 .debug_ranges  0x00000320       0x30 build/default/production/_ext/559172130/phy_rx.o
 .debug_ranges  0x00000350       0x10 build/default/production/_ext/559172130/phy_rx_enable.o
 .debug_ranges  0x00000360       0x20 build/default/production/_ext/559172130/phy_ed.o
 .debug_ranges  0x00000380       0x90 build/default/production/_ext/559172130/phy_init.o
 .debug_ranges  0x00000410       0x28 build/default/production/_ext/957911548/phy_task.o
 .debug_ranges  0x00000438       0x28 build/default/production/_ext/1374435801/bmm.o
 .debug_ranges  0x00000460       0x68 build/default/production/_ext/874725666/qmm.o
 .debug_ranges  0x000004c8       0xf8 build/default/production/_ext/1181623987/miwi_app.o
 .debug_ranges  0x000005c0       0x20 build/default/production/_ext/1181623987/miwi_init.o
 .debug_ranges  0x000005e0       0x20 build/default/production/_ext/1181623987/mimac_task.o
 .debug_ranges  0x00000600      0x138 build/default/production/_ext/1181623987/miwi_mesh_frame.o
 .debug_ranges  0x00000738      0x138 build/default/production/_ext/1181623987/miwi_mesh.o
 .debug_ranges  0x00000870       0x58 build/default/production/_ext/1181623987/commands.o
 .debug_ranges  0x000008c8       0x78 build/default/production/_ext/1181623987/miwi_mesh_commissioning.o
 .debug_ranges  0x00000940       0xb0 build/default/production/_ext/1181623987/mimac.o
 .debug_ranges  0x000009f0       0xf0 build/default/production/_ext/1181623987/miwi_mesh_routing.o
 .debug_ranges  0x00000ae0      0x1b0 build/default/production/_ext/1181623987/miwi_mesh_join.o
 .debug_ranges  0x00000c90       0x80 build/default/production/_ext/1529399856/osal_freertos.o
 .debug_ranges  0x00000d10       0x48 build/default/production/_ext/1529399856/osal_freertos_extend.o
 .debug_ranges  0x00000d58       0x10 build/default/production/_ext/1984496892/plib_clock.o
 .debug_ranges  0x00000d68       0x30 build/default/production/_ext/60167341/plib_eic.o
 .debug_ranges  0x00000d98       0x10 build/default/production/_ext/1986646378/plib_evsys.o
 .debug_ranges  0x00000da8       0x28 build/default/production/_ext/1865468468/plib_nvic.o
 .debug_ranges  0x00000dd0       0x90 build/default/production/_ext/1593096446/plib_nvmctrl.o
 .debug_ranges  0x00000e60       0x48 build/default/production/_ext/829342769/plib_pm.o
 .debug_ranges  0x00000ea8       0x60 build/default/production/_ext/1865521619/plib_port.o
 .debug_ranges  0x00000f08       0x68 build/default/production/_ext/17022449/plib_sercom4_spi_master.o
 .debug_ranges  0x00000f70       0x68 build/default/production/_ext/829342655/plib_tc0.o
 .debug_ranges  0x00000fd8       0x48 build/default/production/_ext/1881668453/sys_int.o
 .debug_ranges  0x00001020      0x180 build/default/production/_ext/101884895/sys_time.o
 .debug_ranges  0x000011a0       0x30 build/default/production/_ext/1171490990/tasks.o
 .debug_ranges  0x000011d0       0x10 build/default/production/_ext/1171490990/interrupts.o
 .debug_ranges  0x000011e0       0x30 build/default/production/_ext/1171490990/freertos_hooks.o
 .debug_ranges  0x00001210       0x10 build/default/production/_ext/1171490990/initialization.o
 .debug_ranges  0x00001220       0x18 build/default/production/_ext/1171490990/startup_xc32.o
 .debug_ranges  0x00001238       0x18 build/default/production/_ext/1171490990/exceptions.o
 .debug_ranges  0x00001250       0x78 build/default/production/_ext/1624415188/port.o
 .debug_ranges  0x000012c8       0x40 build/default/production/_ext/1665200909/heap_4.o
 .debug_ranges  0x00001308       0x30 build/default/production/_ext/404212886/list.o
 .debug_ranges  0x00001338      0x270 build/default/production/_ext/404212886/FreeRTOS_tasks.o
 .debug_ranges  0x000015a8      0x1e0 build/default/production/_ext/404212886/queue.o
 .debug_ranges  0x00001788       0x10 build/default/production/_ext/1360937237/main.o
 .debug_ranges  0x00001798       0x18 build/default/production/_ext/1360937237/app.o
 .debug_ranges  0x000017b0       0x18 c:/program files/microchip/xc32/v4.35/bin/bin/../../lib/gcc/pic32c/8.3.1/../../../../pic32c/lib/thumb/v6-m/nofp\libpic32c.a(data_init.o)
 .debug_ranges  0x000017c8       0x30 c:/program files/microchip/xc32/v4.35/bin/bin/../../lib/gcc/pic32c/8.3.1/../../../../pic32c/lib/thumb/v6-m/nofp\libc-musl.a(__libc_start_main.o)
 .debug_ranges  0x000017f8       0x18 c:/program files/microchip/xc32/v4.35/bin/bin/../../lib/gcc/pic32c/8.3.1/../../../../pic32c/lib/thumb/v6-m/nofp\libc-musl.a(rand.o)
 .debug_ranges  0x00001810       0x10 c:/program files/microchip/xc32/v4.35/bin/bin/../../lib/gcc/pic32c/8.3.1/../../../../pic32c/lib/thumb/v6-m/nofp\libc-musl.a(memcmp.o)
 .debug_ranges  0x00001820       0x10 c:/program files/microchip/xc32/v4.35/bin/bin/../../lib/gcc/pic32c/8.3.1/../../../../pic32c/lib/thumb/v6-m/nofp\libc-musl.a(memcpy.o)
 .debug_ranges  0x00001830       0x10 c:/program files/microchip/xc32/v4.35/bin/bin/../../lib/gcc/pic32c/8.3.1/../../../../pic32c/lib/thumb/v6-m/nofp\libc-musl.a(memset.o)
 .debug_ranges  0x00001840       0x28 c:/program files/microchip/xc32/v4.35/bin/bin/../../lib/gcc/pic32c/8.3.1/thumb/v6-m/nofp\libgcc.a(_muldi3.o)
 .debug_ranges  0x00001868       0x10 c:/program files/microchip/xc32/v4.35/bin/bin/../../lib/gcc/pic32c/8.3.1/../../../../pic32c/lib/thumb/v6-m/nofp\libpic32c.a(pic32_data_init_clear.o)
 .debug_ranges  0x00001878       0x10 c:/program files/microchip/xc32/v4.35/bin/bin/../../lib/gcc/pic32c/8.3.1/../../../../pic32c/lib/thumb/v6-m/nofp\libpic32c.a(pic32_data_init_copy.o)

.debug_line     0x00000000    0x13bc5
 .debug_line    0x00000000      0x516 build/default/production/_ext/745501718/pal.o
 .debug_line    0x00000516      0x2cf build/default/production/_ext/559172130/phy_irq_handler.o
 .debug_line    0x000007e5      0x434 build/default/production/_ext/559172130/phy_trx_reg_access.o
 .debug_line    0x00000c19      0x534 build/default/production/_ext/559172130/phy_tx.o
 .debug_line    0x0000114d      0x26c build/default/production/_ext/559172130/phy_pwr_mgmt.o
 .debug_line    0x000013b9      0x6ca build/default/production/_ext/559172130/phy.o
 .debug_line    0x00001a83      0x4f7 build/default/production/_ext/559172130/tfa.o
 .debug_line    0x00001f7a      0xa4b build/default/production/_ext/559172130/phy_pib.o
 .debug_line    0x000029c5      0x7d0 build/default/production/_ext/559172130/phy_helper.o
 .debug_line    0x00003195      0x381 build/default/production/_ext/559172130/phy_rx.o
 .debug_line    0x00003516      0x23a build/default/production/_ext/559172130/phy_rx_enable.o
 .debug_line    0x00003750      0x2d2 build/default/production/_ext/559172130/phy_ed.o
 .debug_line    0x00003a22      0x718 build/default/production/_ext/559172130/phy_init.o
 .debug_line    0x0000413a      0x23a build/default/production/_ext/957911548/phy_task.o
 .debug_line    0x00004374      0x27f build/default/production/_ext/1374435801/bmm.o
 .debug_line    0x000045f3      0x3a1 build/default/production/_ext/874725666/qmm.o
 .debug_line    0x00004994      0xa97 build/default/production/_ext/1181623987/miwi_app.o
 .debug_line    0x0000542b      0x2a3 build/default/production/_ext/1181623987/miwi_init.o
 .debug_line    0x000056ce       0xdd build/default/production/_ext/1181623987/miwi_mesh_app.o
 .debug_line    0x000057ab      0x32f build/default/production/_ext/1181623987/mimac_task.o
 .debug_line    0x00005ada     0x126c build/default/production/_ext/1181623987/miwi_mesh_frame.o
 .debug_line    0x00006d46      0xdd2 build/default/production/_ext/1181623987/miwi_mesh.o
 .debug_line    0x00007b18      0x487 build/default/production/_ext/1181623987/commands.o
 .debug_line    0x00007f9f      0x2b6 build/default/production/_ext/1181623987/miwi_mesh_commissioning.o
 .debug_line    0x00008255      0xc5e build/default/production/_ext/1181623987/mimac.o
 .debug_line    0x00008eb3      0xa37 build/default/production/_ext/1181623987/miwi_mesh_routing.o
 .debug_line    0x000098ea     0x17e9 build/default/production/_ext/1181623987/miwi_mesh_join.o
 .debug_line    0x0000b0d3      0x43c build/default/production/_ext/1529399856/osal_freertos.o
 .debug_line    0x0000b50f      0x2c9 build/default/production/_ext/1529399856/osal_freertos_extend.o
 .debug_line    0x0000b7d8      0x235 build/default/production/_ext/1984496892/plib_clock.o
 .debug_line    0x0000ba0d      0x2ae build/default/production/_ext/60167341/plib_eic.o
 .debug_line    0x0000bcbb       0x66 build/default/production/_ext/1986646378/plib_evsys.o
 .debug_line    0x0000bd21      0x326 build/default/production/_ext/1865468468/plib_nvic.o
 .debug_line    0x0000c047      0x44e build/default/production/_ext/1593096446/plib_nvmctrl.o
 .debug_line    0x0000c495      0x291 build/default/production/_ext/829342769/plib_pm.o
 .debug_line    0x0000c726      0x342 build/default/production/_ext/1865521619/plib_port.o
 .debug_line    0x0000ca68      0x77a build/default/production/_ext/17022449/plib_sercom4_spi_master.o
 .debug_line    0x0000d1e2      0x375 build/default/production/_ext/829342655/plib_tc0.o
 .debug_line    0x0000d557      0x2c5 build/default/production/_ext/1881668453/sys_int.o
 .debug_line    0x0000d81c     0x1200 build/default/production/_ext/101884895/sys_time.o
 .debug_line    0x0000ea1c      0x21a build/default/production/_ext/1171490990/tasks.o
 .debug_line    0x0000ec36       0xba build/default/production/_ext/1171490990/interrupts.o
 .debug_line    0x0000ecf0      0x15d build/default/production/_ext/1171490990/freertos_hooks.o
 .debug_line    0x0000ee4d      0x5e6 build/default/production/_ext/1171490990/initialization.o
 .debug_line    0x0000f433      0x157 build/default/production/_ext/1171490990/startup_xc32.o
 .debug_line    0x0000f58a       0x6e build/default/production/_ext/1171490990/exceptions.o
 .debug_line    0x0000f5f8      0x328 build/default/production/_ext/1624415188/port.o
 .debug_line    0x0000f920      0x594 build/default/production/_ext/1665200909/heap_4.o
 .debug_line    0x0000feb4      0x2c5 build/default/production/_ext/404212886/list.o
 .debug_line    0x00010179     0x168d build/default/production/_ext/404212886/FreeRTOS_tasks.o
 .debug_line    0x00011806     0x1074 build/default/production/_ext/404212886/queue.o
 .debug_line    0x0001287a       0x6d build/default/production/_ext/1360937237/main.o
 .debug_line    0x000128e7      0x1b2 build/default/production/_ext/1360937237/app.o
 .debug_line    0x00012a99       0xe8 c:/program files/microchip/xc32/v4.35/bin/bin/../../lib/gcc/pic32c/8.3.1/../../../../pic32c/lib/thumb/v6-m/nofp\libpic32c.a(data_init.o)
 .debug_line    0x00012b81      0x1c2 c:/program files/microchip/xc32/v4.35/bin/bin/../../lib/gcc/pic32c/8.3.1/../../../../pic32c/lib/thumb/v6-m/nofp\libc-musl.a(__libc_start_main.o)
 .debug_line    0x00012d43       0xb8 c:/program files/microchip/xc32/v4.35/bin/bin/../../lib/gcc/pic32c/8.3.1/../../../../pic32c/lib/thumb/v6-m/nofp\libc-musl.a(libc.o)
 .debug_line    0x00012dfb       0xfd c:/program files/microchip/xc32/v4.35/bin/bin/../../lib/gcc/pic32c/8.3.1/../../../../pic32c/lib/thumb/v6-m/nofp\libc-musl.a(rand.o)
 .debug_line    0x00012ef8       0xe0 c:/program files/microchip/xc32/v4.35/bin/bin/../../lib/gcc/pic32c/8.3.1/../../../../pic32c/lib/thumb/v6-m/nofp\libc-musl.a(memcmp.o)
 .debug_line    0x00012fd8       0xf1 c:/program files/microchip/xc32/v4.35/bin/bin/../../lib/gcc/pic32c/8.3.1/../../../../pic32c/lib/thumb/v6-m/nofp\libc-musl.a(memcpy.o)
 .debug_line    0x000130c9       0xe6 c:/program files/microchip/xc32/v4.35/bin/bin/../../lib/gcc/pic32c/8.3.1/../../../../pic32c/lib/thumb/v6-m/nofp\libc-musl.a(memset.o)
 .debug_line    0x000131af      0x101 c:/program files/microchip/xc32/v4.35/bin/bin/../../lib/gcc/pic32c/8.3.1/../../../../pic32c/lib/thumb/v6-m/nofp\libc-musl.a(__environ.o)
 .debug_line    0x000132b0       0xab c:/program files/microchip/xc32/v4.35/bin/bin/../../lib/gcc/pic32c/8.3.1/thumb/v6-m/nofp\libgcc.a(_udivsi3.o)
 .debug_line    0x0001335b       0xb9 c:/program files/microchip/xc32/v4.35/bin/bin/../../lib/gcc/pic32c/8.3.1/thumb/v6-m/nofp\libgcc.a(_divsi3.o)
 .debug_line    0x00013414       0x94 c:/program files/microchip/xc32/v4.35/bin/bin/../../lib/gcc/pic32c/8.3.1/thumb/v6-m/nofp\libgcc.a(_dvmd_tls.o)
 .debug_line    0x000134a8       0x9f c:/program files/microchip/xc32/v4.35/bin/bin/../../lib/gcc/pic32c/8.3.1/thumb/v6-m/nofp\libgcc.a(_aeabi_uldivmod.o)
 .debug_line    0x00013547       0xea c:/program files/microchip/xc32/v4.35/bin/bin/../../lib/gcc/pic32c/8.3.1/thumb/v6-m/nofp\libgcc.a(_muldi3.o)
 .debug_line    0x00013631      0x18b c:/program files/microchip/xc32/v4.35/bin/bin/../../lib/gcc/pic32c/8.3.1/thumb/v6-m/nofp\libgcc.a(_udivmoddi4.o)
 .debug_line    0x000137bc       0x9f c:/program files/microchip/xc32/v4.35/bin/bin/../../lib/gcc/pic32c/8.3.1/thumb/v6-m/nofp\libgcc.a(_lshrdi3.o)
 .debug_line    0x0001385b       0x9f c:/program files/microchip/xc32/v4.35/bin/bin/../../lib/gcc/pic32c/8.3.1/thumb/v6-m/nofp\libgcc.a(_ashldi3.o)
 .debug_line    0x000138fa       0x9e c:/program files/microchip/xc32/v4.35/bin/bin/../../lib/gcc/pic32c/8.3.1/thumb/v6-m/nofp\libgcc.a(_clzdi2.o)
 .debug_line    0x00013998       0xa8 c:/program files/microchip/xc32/v4.35/bin/bin/../../lib/gcc/pic32c/8.3.1/thumb/v6-m/nofp\libgcc.a(_clzsi2.o)
 .debug_line    0x00013a40       0xb6 c:/program files/microchip/xc32/v4.35/bin/bin/../../lib/gcc/pic32c/8.3.1/../../../../pic32c/lib/thumb/v6-m/nofp\libpic32c.a(pic32_data_init_clear.o)
 .debug_line    0x00013af6       0xcf c:/program files/microchip/xc32/v4.35/bin/bin/../../lib/gcc/pic32c/8.3.1/../../../../pic32c/lib/thumb/v6-m/nofp\libpic32c.a(pic32_data_init_copy.o)

.debug_str      0x00000000     0x2e69
 .debug_str     0x00000000       0xf6 build/default/production/_ext/745501718/pal.o
 .debug_str     0x000000f6       0x6a build/default/production/_ext/559172130/phy_irq_handler.o
 .debug_str     0x00000160       0x6b build/default/production/_ext/559172130/phy_trx_reg_access.o
 .debug_str     0x000001cb       0xb8 build/default/production/_ext/559172130/phy_tx.o
 .debug_str     0x00000283       0x26 build/default/production/_ext/559172130/phy_pwr_mgmt.o
 .debug_str     0x000002a9       0xd5 build/default/production/_ext/559172130/phy.o
 .debug_str     0x0000037e       0x94 build/default/production/_ext/559172130/tfa.o
 .debug_str     0x00000412       0x65 build/default/production/_ext/559172130/phy_pib.o
 .debug_str     0x00000477       0x72 build/default/production/_ext/559172130/phy_helper.o
 .debug_str     0x000004e9       0x8e build/default/production/_ext/559172130/phy_rx.o
 .debug_str     0x00000577       0x2e build/default/production/_ext/559172130/phy_rx_enable.o
 .debug_str     0x000005a5       0x83 build/default/production/_ext/559172130/phy_ed.o
 .debug_str     0x00000628      0x195 build/default/production/_ext/559172130/phy_init.o
 .debug_str     0x000007bd       0x5a build/default/production/_ext/957911548/phy_task.o
 .debug_str     0x00000817       0x31 build/default/production/_ext/1374435801/bmm.o
 .debug_str     0x00000848       0x20 build/default/production/_ext/874725666/qmm.o
 .debug_str     0x00000868      0x26b build/default/production/_ext/1181623987/miwi_app.o
 .debug_str     0x00000ad3       0x6d build/default/production/_ext/1181623987/miwi_init.o
 .debug_str     0x00000b40       0x3f build/default/production/_ext/1181623987/miwi_mesh_app.o
 .debug_str     0x00000b7f       0x97 build/default/production/_ext/1181623987/mimac_task.o
 .debug_str     0x00000c16      0x229 build/default/production/_ext/1181623987/miwi_mesh_frame.o
 .debug_str     0x00000e3f      0x33a build/default/production/_ext/1181623987/miwi_mesh.o
 .debug_str     0x00001179       0x9b build/default/production/_ext/1181623987/commands.o
 .debug_str     0x00001214        0x0 build/default/production/_ext/1181623987/miwi_mesh_commissioning.o
 .debug_str     0x00001214      0x16f build/default/production/_ext/1181623987/mimac.o
 .debug_str     0x00001383      0x1b6 build/default/production/_ext/1181623987/miwi_mesh_routing.o
 .debug_str     0x00001539      0x2e1 build/default/production/_ext/1181623987/miwi_mesh_join.o
 .debug_str     0x0000181a      0x13b build/default/production/_ext/1529399856/osal_freertos.o
 .debug_str     0x00001955       0xe0 build/default/production/_ext/1529399856/osal_freertos_extend.o
 .debug_str     0x00001a35       0x1e build/default/production/_ext/1984496892/plib_clock.o
 .debug_str     0x00001a53       0x11 build/default/production/_ext/60167341/plib_eic.o
 .debug_str     0x00001a64        0x0 build/default/production/_ext/1986646378/plib_evsys.o
 .debug_str     0x00001a64        0xa build/default/production/_ext/1865468468/plib_nvic.o
 .debug_str     0x00001a6e       0x16 build/default/production/_ext/1593096446/plib_nvmctrl.o
 .debug_str     0x00001a84        0x0 build/default/production/_ext/829342769/plib_pm.o
 .debug_str     0x00001a84        0xb build/default/production/_ext/1865521619/plib_port.o
 .debug_str     0x00001a8f      0x135 build/default/production/_ext/17022449/plib_sercom4_spi_master.o
 .debug_str     0x00001bc4       0xc3 build/default/production/_ext/829342655/plib_tc0.o
 .debug_str     0x00001c87       0x32 build/default/production/_ext/1881668453/sys_int.o
 .debug_str     0x00001cb9      0x16c build/default/production/_ext/101884895/sys_time.o
 .debug_str     0x00001e25       0x57 build/default/production/_ext/1171490990/tasks.o
 .debug_str     0x00001e7c        0x0 build/default/production/_ext/1171490990/interrupts.o
 .debug_str     0x00001e7c       0x25 build/default/production/_ext/1171490990/freertos_hooks.o
 .debug_str     0x00001ea1      0x11e build/default/production/_ext/1171490990/initialization.o
 .debug_str     0x00001fbf       0x2f build/default/production/_ext/1171490990/startup_xc32.o
 .debug_str     0x00001fee        0x0 build/default/production/_ext/1171490990/exceptions.o
 .debug_str     0x00001fee       0x26 build/default/production/_ext/1624415188/port.o
 .debug_str     0x00002014       0xb8 build/default/production/_ext/1665200909/heap_4.o
 .debug_str     0x000020cc       0x2b build/default/production/_ext/404212886/list.o
 .debug_str     0x000020f7      0x2a8 build/default/production/_ext/404212886/FreeRTOS_tasks.o
 .debug_str     0x0000239f      0x309 build/default/production/_ext/404212886/queue.o
 .debug_str     0x000026a8       0x19 build/default/production/_ext/1360937237/main.o
 .debug_str     0x000026c1       0x68 build/default/production/_ext/1360937237/app.o
 .debug_str     0x00002729        0x0 c:/program files/microchip/xc32/v4.35/bin/bin/../../lib/gcc/pic32c/8.3.1/../../../../pic32c/lib/thumb/v6-m/nofp\libpic32c.a(data_init.o)
 .debug_str     0x00002729        0x0 c:/program files/microchip/xc32/v4.35/bin/bin/../../lib/gcc/pic32c/8.3.1/../../../../pic32c/lib/thumb/v6-m/nofp\libc-musl.a(__libc_start_main.o)
 .debug_str     0x00002729        0x0 c:/program files/microchip/xc32/v4.35/bin/bin/../../lib/gcc/pic32c/8.3.1/../../../../pic32c/lib/thumb/v6-m/nofp\libc-musl.a(libc.o)
 .debug_str     0x00002729        0x0 c:/program files/microchip/xc32/v4.35/bin/bin/../../lib/gcc/pic32c/8.3.1/../../../../pic32c/lib/thumb/v6-m/nofp\libc-musl.a(rand.o)
 .debug_str     0x00002729        0x0 c:/program files/microchip/xc32/v4.35/bin/bin/../../lib/gcc/pic32c/8.3.1/../../../../pic32c/lib/thumb/v6-m/nofp\libc-musl.a(memcmp.o)
 .debug_str     0x00002729        0x0 c:/program files/microchip/xc32/v4.35/bin/bin/../../lib/gcc/pic32c/8.3.1/../../../../pic32c/lib/thumb/v6-m/nofp\libc-musl.a(memcpy.o)
 .debug_str     0x00002729        0x0 c:/program files/microchip/xc32/v4.35/bin/bin/../../lib/gcc/pic32c/8.3.1/../../../../pic32c/lib/thumb/v6-m/nofp\libc-musl.a(memset.o)
 .debug_str     0x00002729        0x0 c:/program files/microchip/xc32/v4.35/bin/bin/../../lib/gcc/pic32c/8.3.1/../../../../pic32c/lib/thumb/v6-m/nofp\libc-musl.a(__environ.o)
 .debug_str     0x00002729       0xe8 c:/program files/microchip/xc32/v4.35/bin/bin/../../lib/gcc/pic32c/8.3.1/thumb/v6-m/nofp\libgcc.a(_udivsi3.o)
 .debug_str     0x00002811       0xe8 c:/program files/microchip/xc32/v4.35/bin/bin/../../lib/gcc/pic32c/8.3.1/thumb/v6-m/nofp\libgcc.a(_divsi3.o)
 .debug_str     0x000028f9       0xe8 c:/program files/microchip/xc32/v4.35/bin/bin/../../lib/gcc/pic32c/8.3.1/thumb/v6-m/nofp\libgcc.a(_dvmd_tls.o)
 .debug_str     0x000029e1       0xe8 c:/program files/microchip/xc32/v4.35/bin/bin/../../lib/gcc/pic32c/8.3.1/thumb/v6-m/nofp\libgcc.a(_aeabi_uldivmod.o)
 .debug_str     0x00002ac9        0x0 c:/program files/microchip/xc32/v4.35/bin/bin/../../lib/gcc/pic32c/8.3.1/thumb/v6-m/nofp\libgcc.a(_muldi3.o)
 .debug_str     0x00002ac9        0x0 c:/program files/microchip/xc32/v4.35/bin/bin/../../lib/gcc/pic32c/8.3.1/thumb/v6-m/nofp\libgcc.a(_udivmoddi4.o)
 .debug_str     0x00002ac9       0xe8 c:/program files/microchip/xc32/v4.35/bin/bin/../../lib/gcc/pic32c/8.3.1/thumb/v6-m/nofp\libgcc.a(_lshrdi3.o)
 .debug_str     0x00002bb1       0xe8 c:/program files/microchip/xc32/v4.35/bin/bin/../../lib/gcc/pic32c/8.3.1/thumb/v6-m/nofp\libgcc.a(_ashldi3.o)
 .debug_str     0x00002c99       0xe8 c:/program files/microchip/xc32/v4.35/bin/bin/../../lib/gcc/pic32c/8.3.1/thumb/v6-m/nofp\libgcc.a(_clzdi2.o)
 .debug_str     0x00002d81       0xe8 c:/program files/microchip/xc32/v4.35/bin/bin/../../lib/gcc/pic32c/8.3.1/thumb/v6-m/nofp\libgcc.a(_clzsi2.o)
 .debug_str     0x00002e69        0x0 c:/program files/microchip/xc32/v4.35/bin/bin/../../lib/gcc/pic32c/8.3.1/../../../../pic32c/lib/thumb/v6-m/nofp\libpic32c.a(pic32_data_init_clear.o)
 .debug_str     0x00002e69        0x0 c:/program files/microchip/xc32/v4.35/bin/bin/../../lib/gcc/pic32c/8.3.1/../../../../pic32c/lib/thumb/v6-m/nofp\libpic32c.a(pic32_data_init_copy.o)

.debug_frame    0x00000000     0x31dc
 .debug_frame   0x00000000      0x12c build/default/production/_ext/745501718/pal.o
 .debug_frame   0x0000012c       0x58 build/default/production/_ext/559172130/phy_irq_handler.o
 .debug_frame   0x00000184       0xf4 build/default/production/_ext/559172130/phy_trx_reg_access.o
 .debug_frame   0x00000278       0xb0 build/default/production/_ext/559172130/phy_tx.o
 .debug_frame   0x00000328       0x58 build/default/production/_ext/559172130/phy_pwr_mgmt.o
 .debug_frame   0x00000380       0xf0 build/default/production/_ext/559172130/phy.o
 .debug_frame   0x00000470       0xd0 build/default/production/_ext/559172130/tfa.o
 .debug_frame   0x00000540       0xcc build/default/production/_ext/559172130/phy_pib.o
 .debug_frame   0x0000060c      0x150 build/default/production/_ext/559172130/phy_helper.o
 .debug_frame   0x0000075c       0x4c build/default/production/_ext/559172130/phy_rx.o
 .debug_frame   0x000007a8       0x28 build/default/production/_ext/559172130/phy_rx_enable.o
 .debug_frame   0x000007d0       0x5c build/default/production/_ext/559172130/phy_ed.o
 .debug_frame   0x0000082c       0xa0 build/default/production/_ext/559172130/phy_init.o
 .debug_frame   0x000008cc       0x70 build/default/production/_ext/957911548/phy_task.o
 .debug_frame   0x0000093c       0x70 build/default/production/_ext/1374435801/bmm.o
 .debug_frame   0x000009ac       0x84 build/default/production/_ext/874725666/qmm.o
 .debug_frame   0x00000a30      0x224 build/default/production/_ext/1181623987/miwi_app.o
 .debug_frame   0x00000c54       0x50 build/default/production/_ext/1181623987/miwi_init.o
 .debug_frame   0x00000ca4       0x60 build/default/production/_ext/1181623987/mimac_task.o
 .debug_frame   0x00000d04      0x224 build/default/production/_ext/1181623987/miwi_mesh_frame.o
 .debug_frame   0x00000f28      0x1e0 build/default/production/_ext/1181623987/miwi_mesh.o
 .debug_frame   0x00001108       0xac build/default/production/_ext/1181623987/commands.o
 .debug_frame   0x000011b4       0x50 build/default/production/_ext/1181623987/miwi_mesh_commissioning.o
 .debug_frame   0x00001204      0x168 build/default/production/_ext/1181623987/mimac.o
 .debug_frame   0x0000136c      0x184 build/default/production/_ext/1181623987/miwi_mesh_routing.o
 .debug_frame   0x000014f0      0x35c build/default/production/_ext/1181623987/miwi_mesh_join.o
 .debug_frame   0x0000184c      0x174 build/default/production/_ext/1529399856/osal_freertos.o
 .debug_frame   0x000019c0       0xd0 build/default/production/_ext/1529399856/osal_freertos_extend.o
 .debug_frame   0x00001a90       0x20 build/default/production/_ext/1984496892/plib_clock.o
 .debug_frame   0x00001ab0       0x84 build/default/production/_ext/60167341/plib_eic.o
 .debug_frame   0x00001b34       0x20 build/default/production/_ext/1986646378/plib_evsys.o
 .debug_frame   0x00001b54       0x50 build/default/production/_ext/1865468468/plib_nvic.o
 .debug_frame   0x00001ba4      0x148 build/default/production/_ext/1593096446/plib_nvmctrl.o
 .debug_frame   0x00001cec       0x90 build/default/production/_ext/829342769/plib_pm.o
 .debug_frame   0x00001d7c       0xd8 build/default/production/_ext/1865521619/plib_port.o
 .debug_frame   0x00001e54       0xd4 build/default/production/_ext/17022449/plib_sercom4_spi_master.o
 .debug_frame   0x00001f28       0xd8 build/default/production/_ext/829342655/plib_tc0.o
 .debug_frame   0x00002000       0x84 build/default/production/_ext/1881668453/sys_int.o
 .debug_frame   0x00002084      0x3a0 build/default/production/_ext/101884895/sys_time.o
 .debug_frame   0x00002424       0x8c build/default/production/_ext/1171490990/tasks.o
 .debug_frame   0x000024b0       0x20 build/default/production/_ext/1171490990/interrupts.o
 .debug_frame   0x000024d0       0x68 build/default/production/_ext/1171490990/freertos_hooks.o
 .debug_frame   0x00002538       0x2c build/default/production/_ext/1171490990/initialization.o
 .debug_frame   0x00002564       0x38 build/default/production/_ext/1171490990/startup_xc32.o
 .debug_frame   0x0000259c       0x30 build/default/production/_ext/1171490990/exceptions.o
 .debug_frame   0x000025cc      0x10c build/default/production/_ext/1624415188/port.o
 .debug_frame   0x000026d8       0xb0 build/default/production/_ext/1665200909/heap_4.o
 .debug_frame   0x00002788       0x6c build/default/production/_ext/404212886/list.o
 .debug_frame   0x000027f4      0x474 build/default/production/_ext/404212886/FreeRTOS_tasks.o
 .debug_frame   0x00002c68      0x308 build/default/production/_ext/404212886/queue.o
 .debug_frame   0x00002f70       0x28 build/default/production/_ext/1360937237/main.o
 .debug_frame   0x00002f98       0x44 build/default/production/_ext/1360937237/app.o
 .debug_frame   0x00002fdc       0x38 c:/program files/microchip/xc32/v4.35/bin/bin/../../lib/gcc/pic32c/8.3.1/../../../../pic32c/lib/thumb/v6-m/nofp\libpic32c.a(data_init.o)
 .debug_frame   0x00003014       0x38 c:/program files/microchip/xc32/v4.35/bin/bin/../../lib/gcc/pic32c/8.3.1/../../../../pic32c/lib/thumb/v6-m/nofp\libc-musl.a(__libc_start_main.o)
 .debug_frame   0x0000304c       0x30 c:/program files/microchip/xc32/v4.35/bin/bin/../../lib/gcc/pic32c/8.3.1/../../../../pic32c/lib/thumb/v6-m/nofp\libc-musl.a(rand.o)
 .debug_frame   0x0000307c       0x2c c:/program files/microchip/xc32/v4.35/bin/bin/../../lib/gcc/pic32c/8.3.1/../../../../pic32c/lib/thumb/v6-m/nofp\libc-musl.a(memcmp.o)
 .debug_frame   0x000030a8       0x28 c:/program files/microchip/xc32/v4.35/bin/bin/../../lib/gcc/pic32c/8.3.1/../../../../pic32c/lib/thumb/v6-m/nofp\libc-musl.a(memcpy.o)
 .debug_frame   0x000030d0       0x20 c:/program files/microchip/xc32/v4.35/bin/bin/../../lib/gcc/pic32c/8.3.1/../../../../pic32c/lib/thumb/v6-m/nofp\libc-musl.a(memset.o)
 .debug_frame   0x000030f0       0x20 c:/program files/microchip/xc32/v4.35/bin/bin/../../lib/gcc/pic32c/8.3.1/thumb/v6-m/nofp\libgcc.a(_udivsi3.o)
 .debug_frame   0x00003110       0x20 c:/program files/microchip/xc32/v4.35/bin/bin/../../lib/gcc/pic32c/8.3.1/thumb/v6-m/nofp\libgcc.a(_divsi3.o)
 .debug_frame   0x00003130       0x34 c:/program files/microchip/xc32/v4.35/bin/bin/../../lib/gcc/pic32c/8.3.1/thumb/v6-m/nofp\libgcc.a(_muldi3.o)
 .debug_frame   0x00003164       0x30 c:/program files/microchip/xc32/v4.35/bin/bin/../../lib/gcc/pic32c/8.3.1/thumb/v6-m/nofp\libgcc.a(_udivmoddi4.o)
 .debug_frame   0x00003194       0x20 c:/program files/microchip/xc32/v4.35/bin/bin/../../lib/gcc/pic32c/8.3.1/../../../../pic32c/lib/thumb/v6-m/nofp\libpic32c.a(pic32_data_init_clear.o)
 .debug_frame   0x000031b4       0x28 c:/program files/microchip/xc32/v4.35/bin/bin/../../lib/gcc/pic32c/8.3.1/../../../../pic32c/lib/thumb/v6-m/nofp\libpic32c.a(pic32_data_init_copy.o)

.note.GNU-stack
                0x00000000        0x0
 .note.GNU-stack
                0x00000000        0x0 c:/program files/microchip/xc32/v4.35/bin/bin/../../lib/gcc/pic32c/8.3.1/../../../../pic32c/lib/thumb/v6-m/nofp\libc-musl.a(__libc_start_main.o)
 .note.GNU-stack
                0x00000000        0x0 c:/program files/microchip/xc32/v4.35/bin/bin/../../lib/gcc/pic32c/8.3.1/../../../../pic32c/lib/thumb/v6-m/nofp\libc-musl.a(libc.o)
 .note.GNU-stack
                0x00000000        0x0 c:/program files/microchip/xc32/v4.35/bin/bin/../../lib/gcc/pic32c/8.3.1/../../../../pic32c/lib/thumb/v6-m/nofp\libc-musl.a(rand.o)
 .note.GNU-stack
                0x00000000        0x0 c:/program files/microchip/xc32/v4.35/bin/bin/../../lib/gcc/pic32c/8.3.1/../../../../pic32c/lib/thumb/v6-m/nofp\libc-musl.a(memcmp.o)
 .note.GNU-stack
                0x00000000        0x0 c:/program files/microchip/xc32/v4.35/bin/bin/../../lib/gcc/pic32c/8.3.1/../../../../pic32c/lib/thumb/v6-m/nofp\libc-musl.a(memcpy.o)
 .note.GNU-stack
                0x00000000        0x0 c:/program files/microchip/xc32/v4.35/bin/bin/../../lib/gcc/pic32c/8.3.1/../../../../pic32c/lib/thumb/v6-m/nofp\libc-musl.a(memset.o)
 .note.GNU-stack
                0x00000000        0x0 c:/program files/microchip/xc32/v4.35/bin/bin/../../lib/gcc/pic32c/8.3.1/../../../../pic32c/lib/thumb/v6-m/nofp\libc-musl.a(__environ.o)

.stack          0x200040b8      0x100
 .stack         0x200040b8      0x100 stack

.bss.ucHeap%1   0x20000000     0x2f40
 .bss.ucHeap    0x20000000     0x2f40 build/default/production/_ext/1665200909/heap_4.o

.bss.buf_pool%2
                0x20002f40      0x5fc
 .bss.buf_pool  0x20002f40      0x5fc build/default/production/_ext/1374435801/bmm.o

.bss.timerHandles%3
                0x2000353c       0xc0
 .bss.timerHandles
                0x2000353c       0xc0 build/default/production/_ext/1181623987/miwi_mesh_join.o
                0x2000353c                timerHandles

.bss.eicCallbackObject%4
                0x200035fc       0xc0
 .bss.eicCallbackObject
                0x200035fc       0xc0 build/default/production/_ext/60167341/plib_eic.o

.bss.timers%5   0x200036bc       0xa0
 .bss.timers    0x200036bc       0xa0 build/default/production/_ext/101884895/sys_time.o

.bss.coordRouteTable%6
                0x2000375c       0x80
 .bss.coordRouteTable
                0x2000375c       0x80 build/default/production/_ext/1181623987/miwi_mesh_app.o
                0x2000375c                coordRouteTable

.bss.buf_header%7
                0x200037dc       0x68
 .bss.buf_header
                0x200037dc       0x68 build/default/production/_ext/1374435801/bmm.o

.bss.searchConfirmMem%8
                0x20003844       0x64
 .bss.searchConfirmMem
                0x20003844       0x64 build/default/production/_ext/1181623987/miwi_mesh_app.o
                0x20003844                searchConfirmMem

.bss.sleepdeviceTable%9
                0x200038a8       0x64
 .bss.sleepdeviceTable
                0x200038a8       0x64 build/default/production/_ext/1181623987/miwi_mesh_app.o
                0x200038a8                sleepdeviceTable

.bss.pxReadyTasksLists%10
                0x2000390c       0x64
 .bss.pxReadyTasksLists
                0x2000390c       0x64 build/default/production/_ext/404212886/FreeRTOS_tasks.o

.bss.palTimers%11
                0x20003970       0x50
 .bss.palTimers
                0x20003970       0x50 build/default/production/_ext/745501718/pal.o

.bss.deviceTable%12
                0x200039c0       0x50
 .bss.deviceTable
                0x200039c0       0x50 build/default/production/_ext/1181623987/miwi_mesh_app.o
                0x200039c0                deviceTable

.bss%13         0x20003a10       0x50
 .bss           0x20003a10       0x50 c:/program files/microchip/xc32/v4.35/bin/bin/../../lib/gcc/pic32c/8.3.1/../../../../pic32c/lib/thumb/v6-m/nofp\libc-musl.a(libc.o)
                0x20003a10                __progname_full
                0x20003a10                program_invocation_name
                0x20003a14                program_invocation_short_name
                0x20003a14                __progname
                0x20003a18                __sysinfo
                0x20003a1c                __hwcap
                0x20003a20                __libc

.bss.osalAPIList%14
                0x20003a60       0x44
 .bss.osalAPIList
                0x20003a60       0x44 build/default/production/_ext/1171490990/initialization.o
                0x20003a60                osalAPIList

.bss.gSystemCounterObj%15
                0x20003aa8       0x40
 .bss.gSystemCounterObj
                0x20003aa8       0x40 build/default/production/_ext/101884895/sys_time.o

.bss.appMsg%16  0x20003ae8       0x3d
 .bss.appMsg    0x20003ae8       0x3d build/default/production/_ext/1181623987/miwi_app.o
                0x20003ae8                appMsg

.bss.reBroadcastTable%17
                0x20003b28       0x3c
 .bss.reBroadcastTable
                0x20003b28       0x3c build/default/production/_ext/1181623987/miwi_mesh_app.o
                0x20003b28                reBroadcastTable

.bss.sercom4SPIObj%18
                0x20003b64       0x2c
 .bss.sercom4SPIObj
                0x20003b64       0x2c build/default/production/_ext/17022449/plib_sercom4_spi_master.o

.bss.duplicateRejectionTable%19
                0x20003b90       0x28
 .bss.duplicateRejectionTable
                0x20003b90       0x28 build/default/production/_ext/1181623987/miwi_mesh_app.o
                0x20003b90                duplicateRejectionTable

.bss.coordHopCount%20
                0x20003bb8       0x20
 .bss.coordHopCount
                0x20003bb8       0x20 build/default/production/_ext/1181623987/miwi_mesh_app.o
                0x20003bb8                coordHopCount

.bss.tal_pib%21
                0x20003bd8       0x1d
 .bss.tal_pib   0x20003bd8       0x1d build/default/production/_ext/559172130/phy.o
                0x20003bd8                tal_pib

.bss%22         0x20003bf8       0x1c
 .bss           0x20003bf8       0x1c c:/program files/microchip/xc32/v4.35/bin/bin/../../lib/gcc/pic32c/8.3.1/thumb/v6-m/nofp/crtbegin.o

.bss.phy_info%23
                0x20003c14       0x18
 .bss.phy_info  0x20003c14       0x18 build/default/production/_ext/559172130/phy.o
                0x20003c14                phy_info

.bss.MACRxPacket%24
                0x20003c2c       0x14
 .bss.MACRxPacket
                0x20003c2c       0x14 build/default/production/_ext/1181623987/mimac.o
                0x20003c2c                MACRxPacket

.bss.xDelayedTaskList1%25
                0x20003c40       0x14
 .bss.xDelayedTaskList1